#
# There is insufficient memory for the Java Runtime Environment to continue.
# Native memory allocation (malloc) failed to allocate 32744 bytes. Error detail: Chunk::new
# Possible reasons:
#   The system is out of physical RAM or swap space
#   This process is running with CompressedOops enabled, and the Java Heap may be blocking the growth of the native heap
# Possible solutions:
#   Reduce memory load on the system
#   Increase physical memory or swap space
#   Check if swap backing store is full
#   Decrease Java heap size (-Xmx/-Xms)
#   Decrease number of Java threads
#   Decrease Java thread stack sizes (-Xss)
#   Set larger code cache with -XX:ReservedCodeCacheSize=
#   JVM is running with Unscaled Compressed Oops mode in which the Java heap is
#     placed in the first 4GB address space. The Java Heap base address is the
#     maximum limit for the native heap growth. Please use -XX:HeapBaseMinAddress
#     to set the Java Heap base and to place the Java Heap above 4GB virtual address.
# This output file may be truncated or incomplete.
#
#  Out of Memory Error (arena.cpp:168), pid=24752, tid=41808
#
# JRE version: OpenJDK Runtime Environment Temurin-21.0.12.1+1 (21.0.12.1+1) (build 21.0.12.1+1-LTS)
# Java VM: OpenJDK 64-Bit Server VM Temurin-21.0.12.1+1 (21.0.12.1+1-LTS, mixed mode, sharing, tiered, compressed oops, compressed class ptrs, g1 gc, windows-amd64)
# No core dump will be written. Minidumps are not enabled by default on client versions of Windows
#

---------------  S U M M A R Y ------------

Command Line: --add-opens=java.base/java.lang=ALL-UNNAMED --add-opens=java.base/java.lang.invoke=ALL-UNNAMED --add-opens=java.base/java.util=ALL-UNNAMED --add-opens=java.prefs/java.util.prefs=ALL-UNNAMED --add-exports=jdk.compiler/com.sun.tools.javac.api=ALL-UNNAMED --add-exports=jdk.compiler/com.sun.tools.javac.util=ALL-UNNAMED --add-opens=java.base/java.util=ALL-UNNAMED --add-opens=java.prefs/java.util.prefs=ALL-UNNAMED --add-opens=java.base/java.nio.charset=ALL-UNNAMED --add-opens=java.base/java.net=ALL-UNNAMED --add-opens=java.base/java.util.concurrent.atomic=ALL-UNNAMED --add-opens=java.xml/javax.xml.namespace=ALL-UNNAMED -Xmx1536m -Dfile.encoding=UTF-8 -Duser.country=US -Duser.language=en -Duser.variant -javaagent:C:\Users\Khaing\.gradle\wrapper\dists\gradle-8.14.3-all\10utluxaxniiv4wxiphsi49nj\gradle-8.14.3\lib\agents\gradle-instrumentation-agent-8.14.3.jar org.gradle.launcher.daemon.bootstrap.GradleDaemon 8.14.3

Host: Intel(R) Core(TM) i5-8265U CPU @ 1.60GHz, 8 cores, 23G,  Windows 11 , 64 bit Build 26100 (10.0.26100.9444)
Time: Mon Sep 21 12:11:03 2026 Myanmar Standard Time elapsed time: 2438.905956 seconds (0d 0h 40m 38s)

---------------  T H R E A D  ---------------

Current thread (0x0000028d0f0ab870):  JavaThread "C2 CompilerThread0" daemon [_thread_in_native, id=41808, stack(0x000000b1c3a00000,0x000000b1c3b00000) (1024K)]


Current CompileTask:
C2:2438906 13814   !   4       org.gradle.launcher.daemon.server.health.gc.GarbageCollectionCheck::run (213 bytes)

Stack: [0x000000b1c3a00000,0x000000b1c3b00000]
Native frames: (J=compiled Java code, j=interpreted, Vv=VM code, C=native code)
V  [jvm.dll+0x6d83e9]
V  [jvm.dll+0x8b5736]
V  [jvm.dll+0x8b7cee]
V  [jvm.dll+0x8b83d3]
V  [jvm.dll+0x284596]
V  [jvm.dll+0xc685d]
V  [jvm.dll+0xc6da1]
V  [jvm.dll+0xa88d6]
V  [jvm.dll+0x660271]
V  [jvm.dll+0x66076f]
V  [jvm.dll+0x660397]
V  [jvm.dll+0x665e7f]
V  [jvm.dll+0x666dc6]
V  [jvm.dll+0x66510b]
V  [jvm.dll+0x24c57b]
V  [jvm.dll+0x24bce0]
V  [jvm.dll+0x1cb4ae]
V  [jvm.dll+0x25baad]
V  [jvm.dll+0x25a03a]
V  [jvm.dll+0x3f8aae]
V  [jvm.dll+0x8600cd]
V  [jvm.dll+0x6d6c1d]
C  [ucrtbase.dll+0x2cd30]
C  [KERNEL32.DLL+0x2cd87]
C  [ntdll.dll+0xacaec]


---------------  P R O C E S S  ---------------

Threads class SMR info:
_java_thread_list=0x0000028d18b3d1a0, length=42, elements={
0x0000028cb71aea40, 0x0000028d0f0a16a0, 0x0000028d0f0a2f20, 0x0000028d0f0a5a90,
0x0000028d0f0a8900, 0x0000028d0f0a9360, 0x0000028d0f0aaae0, 0x0000028d0f0ab870,
0x0000028d0f0b75b0, 0x0000028d0f341130, 0x0000028d0f37c440, 0x0000028d14aa5e70,
0x0000028d14279700, 0x0000028d14811140, 0x0000028d1462e060, 0x0000028d14ca5470,
0x0000028d14ca4750, 0x0000028d14ca40c0, 0x0000028d14ca4de0, 0x0000028d16c5ddc0,
0x0000028d16c5d0a0, 0x0000028d16c5c380, 0x0000028d16c5e450, 0x0000028d16c5b660,
0x0000028d16c5f170, 0x0000028d16c5bcf0, 0x0000028d16c60bb0, 0x0000028d16c5f800,
0x0000028d16c60520, 0x0000028d165f0f70, 0x0000028d165f1600, 0x0000028d165f4a80,
0x0000028d1904d070, 0x0000028d1904fe60, 0x0000028d1904f140, 0x0000028d1904eab0,
0x0000028d190504f0, 0x0000028d1904e420, 0x0000028d1904d700, 0x0000028d19051210,
0x0000028d1904dd90, 0x0000028d19054000
}

Java Threads: ( => current thread )
  0x0000028cb71aea40 JavaThread "main"                              [_thread_blocked, id=31420, stack(0x000000b1c2c00000,0x000000b1c2d00000) (1024K)]
  0x0000028d0f0a16a0 JavaThread "Reference Handler"          daemon [_thread_blocked, id=9492, stack(0x000000b1c3400000,0x000000b1c3500000) (1024K)]
  0x0000028d0f0a2f20 JavaThread "Finalizer"                  daemon [_thread_blocked, id=27932, stack(0x000000b1c3500000,0x000000b1c3600000) (1024K)]
  0x0000028d0f0a5a90 JavaThread "Signal Dispatcher"          daemon [_thread_blocked, id=36028, stack(0x000000b1c3600000,0x000000b1c3700000) (1024K)]
  0x0000028d0f0a8900 JavaThread "Attach Listener"            daemon [_thread_blocked, id=28524, stack(0x000000b1c3700000,0x000000b1c3800000) (1024K)]
  0x0000028d0f0a9360 JavaThread "Service Thread"             daemon [_thread_blocked, id=30908, stack(0x000000b1c3800000,0x000000b1c3900000) (1024K)]
  0x0000028d0f0aaae0 JavaThread "Monitor Deflation Thread"   daemon [_thread_blocked, id=22660, stack(0x000000b1c3900000,0x000000b1c3a00000) (1024K)]
=>0x0000028d0f0ab870 JavaThread "C2 CompilerThread0"         daemon [_thread_in_native, id=41808, stack(0x000000b1c3a00000,0x000000b1c3b00000) (1024K)]
  0x0000028d0f0b75b0 JavaThread "C1 CompilerThread0"         daemon [_thread_blocked, id=12996, stack(0x000000b1c3b00000,0x000000b1c3c00000) (1024K)]
  0x0000028d0f341130 JavaThread "Common-Cleaner"             daemon [_thread_blocked, id=47260, stack(0x000000b1c3c00000,0x000000b1c3d00000) (1024K)]
  0x0000028d0f37c440 JavaThread "Notification Thread"        daemon [_thread_blocked, id=30292, stack(0x000000b1c3d00000,0x000000b1c3e00000) (1024K)]
  0x0000028d14aa5e70 JavaThread "Daemon health stats"               [_thread_blocked, id=29072, stack(0x000000b1c2a00000,0x000000b1c2b00000) (1024K)]
  0x0000028d14279700 JavaThread "Incoming local TCP Connector on port 50686"        [_thread_in_native, id=21520, stack(0x000000b1c2b00000,0x000000b1c2c00000) (1024K)]
  0x0000028d14811140 JavaThread "Daemon periodic checks"            [_thread_blocked, id=37932, stack(0x000000b1c4600000,0x000000b1c4700000) (1024K)]
  0x0000028d1462e060 JavaThread "Daemon"                            [_thread_blocked, id=38012, stack(0x000000b1c4700000,0x000000b1c4800000) (1024K)]
  0x0000028d14ca5470 JavaThread "Daemon worker"                     [_thread_blocked, id=26960, stack(0x000000b1c4a00000,0x000000b1c4b00000) (1024K)]
  0x0000028d14ca4750 JavaThread "Cache worker for journal cache (C:\Users\Khaing\.gradle\caches\journal-1)"        [_thread_blocked, id=10072, stack(0x000000b1c4e00000,0x000000b1c4f00000) (1024K)]
  0x0000028d14ca40c0 JavaThread "File lock request listener"        [_thread_in_native, id=28492, stack(0x000000b1c4f00000,0x000000b1c5000000) (1024K)]
  0x0000028d14ca4de0 JavaThread "Cache worker for file hash cache (C:\Users\Khaing\.gradle\caches\8.14.3\fileHashes)"        [_thread_blocked, id=47980, stack(0x000000b1c5100000,0x000000b1c5200000) (1024K)]
  0x0000028d16c5ddc0 JavaThread "File watcher server"        daemon [_thread_in_native, id=7592, stack(0x000000b1c5300000,0x000000b1c5400000) (1024K)]
  0x0000028d16c5d0a0 JavaThread "File watcher consumer"      daemon [_thread_blocked, id=33968, stack(0x000000b1c5400000,0x000000b1c5500000) (1024K)]
  0x0000028d16c5c380 JavaThread "jar transforms"                    [_thread_blocked, id=25404, stack(0x000000b1c2900000,0x000000b1c2a00000) (1024K)]
  0x0000028d16c5e450 JavaThread "jar transforms Thread 2"           [_thread_blocked, id=28400, stack(0x000000b1c4500000,0x000000b1c4600000) (1024K)]
  0x0000028d16c5b660 JavaThread "Cache worker for file content cache (C:\Users\Khaing\.gradle\caches\8.14.3\fileContent)"        [_thread_blocked, id=45484, stack(0x000000b1c5700000,0x000000b1c5800000) (1024K)]
  0x0000028d16c5f170 JavaThread "jar transforms Thread 3"           [_thread_blocked, id=40160, stack(0x000000b1c5800000,0x000000b1c5900000) (1024K)]
  0x0000028d16c5bcf0 JavaThread "jar transforms Thread 4"           [_thread_blocked, id=34132, stack(0x000000b1c5b00000,0x000000b1c5c00000) (1024K)]
  0x0000028d16c60bb0 JavaThread "jar transforms Thread 5"           [_thread_blocked, id=35928, stack(0x000000b1c5c00000,0x000000b1c5d00000) (1024K)]
  0x0000028d16c5f800 JavaThread "jar transforms Thread 6"           [_thread_blocked, id=46676, stack(0x000000b1c5d00000,0x000000b1c5e00000) (1024K)]
  0x0000028d16c60520 JavaThread "jar transforms Thread 7"           [_thread_blocked, id=28812, stack(0x000000b1c6000000,0x000000b1c6100000) (1024K)]
  0x0000028d165f0f70 JavaThread "jar transforms Thread 8"           [_thread_blocked, id=30372, stack(0x000000b1c7500000,0x000000b1c7600000) (1024K)]
  0x0000028d165f1600 JavaThread "Memory manager"                    [_thread_blocked, id=39416, stack(0x000000b1c7600000,0x000000b1c7700000) (1024K)]
  0x0000028d165f4a80 JavaThread "File lock release action executor Thread 4"        [_thread_blocked, id=41720, stack(0x000000b1c5000000,0x000000b1c5100000) (1024K)]
  0x0000028d1904d070 JavaThread "Handler for socket connection from /127.0.0.1:50686 to /127.0.0.1:49400"        [_thread_in_native, id=40300, stack(0x000000b1c4800000,0x000000b1c4900000) (1024K)]
  0x0000028d1904fe60 JavaThread "Cancel handler"                    [_thread_blocked, id=5864, stack(0x000000b1c4900000,0x000000b1c4a00000) (1024K)]
  0x0000028d1904f140 JavaThread "Asynchronous log dispatcher for DefaultDaemonConnection: socket connection from /127.0.0.1:50686 to /127.0.0.1:49400"        [_thread_blocked, id=33488, stack(0x000000b1c4c00000,0x000000b1c4d00000) (1024K)]
  0x0000028d1904eab0 JavaThread "Stdin handler"                     [_thread_blocked, id=47760, stack(0x000000b1c4d00000,0x000000b1c4e00000) (1024K)]
  0x0000028d190504f0 JavaThread "Daemon client event forwarder"        [_thread_blocked, id=48952, stack(0x000000b1c5500000,0x000000b1c5600000) (1024K)]
  0x0000028d1904e420 JavaThread "Cache worker for file hash cache (C:\Users\Khaing\Projects\MyLittleKayv\android\.gradle\8.14.3\fileHashes)"        [_thread_blocked, id=29328, stack(0x000000b1c5600000,0x000000b1c5700000) (1024K)]
  0x0000028d1904d700 JavaThread "Cache worker for Build Output Cleanup Cache (C:\Users\Khaing\Projects\MyLittleKayv\android\.gradle\buildOutputCleanup)"        [_thread_blocked, id=35452, stack(0x000000b1c5900000,0x000000b1c5a00000) (1024K)]
  0x0000028d19051210 JavaThread "Cache worker for checksums cache (C:\Users\Khaing\Projects\MyLittleKayv\android\.gradle\8.14.3\checksums)"        [_thread_blocked, id=30724, stack(0x000000b1c5a00000,0x000000b1c5b00000) (1024K)]
  0x0000028d1904dd90 JavaThread "Cache worker for cache directory md-supplier (C:\Users\Khaing\.gradle\caches\8.14.3\md-supplier)"        [_thread_blocked, id=46436, stack(0x000000b1c5e00000,0x000000b1c5f00000) (1024K)]
  0x0000028d19054000 JavaThread "Cache worker for cache directory md-rule (C:\Users\Khaing\.gradle\caches\8.14.3\md-rule)"        [_thread_blocked, id=28992, stack(0x000000b1c5f00000,0x000000b1c6000000) (1024K)]
Total: 42

Other Threads:
  0x0000028ccdf57850 VMThread "VM Thread"                           [id=40496, stack(0x000000b1c3300000,0x000000b1c3400000) (1024K)]
  0x0000028ccdf49c00 WatcherThread "VM Periodic Task Thread"        [id=41220, stack(0x000000b1c3200000,0x000000b1c3300000) (1024K)]
  0x0000028cb71f6f30 WorkerThread "GC Thread#0"                     [id=2680, stack(0x000000b1c2d00000,0x000000b1c2e00000) (1024K)]
  0x0000028d0f4573d0 WorkerThread "GC Thread#1"                     [id=28300, stack(0x000000b1c3e00000,0x000000b1c3f00000) (1024K)]
  0x0000028d0f457780 WorkerThread "GC Thread#2"                     [id=43620, stack(0x000000b1c3f00000,0x000000b1c4000000) (1024K)]
  0x0000028d0f457b30 WorkerThread "GC Thread#3"                     [id=39476, stack(0x000000b1c4000000,0x000000b1c4100000) (1024K)]
  0x0000028d0f507120 WorkerThread "GC Thread#4"                     [id=23476, stack(0x000000b1c4100000,0x000000b1c4200000) (1024K)]
  0x0000028d0f5074d0 WorkerThread "GC Thread#5"                     [id=31620, stack(0x000000b1c4200000,0x000000b1c4300000) (1024K)]
  0x0000028d0f507880 WorkerThread "GC Thread#6"                     [id=36592, stack(0x000000b1c4300000,0x000000b1c4400000) (1024K)]
  0x0000028d0f428c30 WorkerThread "GC Thread#7"                     [id=28976, stack(0x000000b1c4400000,0x000000b1c4500000) (1024K)]
  0x0000028cb7204e40 ConcurrentGCThread "G1 Main Marker"            [id=11820, stack(0x000000b1c2e00000,0x000000b1c2f00000) (1024K)]
  0x0000028cb7205860 WorkerThread "G1 Conc#0"                       [id=23076, stack(0x000000b1c2f00000,0x000000b1c3000000) (1024K)]
  0x0000028d15877b10 WorkerThread "G1 Conc#1"                       [id=30704, stack(0x000000b1c5200000,0x000000b1c5300000) (1024K)]
  0x0000028ccde9a790 ConcurrentGCThread "G1 Refine#0"               [id=47396, stack(0x000000b1c3000000,0x000000b1c3100000) (1024K)]
  0x0000028ccde9b120 ConcurrentGCThread "G1 Service"                [id=10024, stack(0x000000b1c3100000,0x000000b1c3200000) (1024K)]
Total: 15

Threads with active compile tasks:
C2 CompilerThread0  2438994 13814   !   4       org.gradle.launcher.daemon.server.health.gc.GarbageCollectionCheck::run (213 bytes)
Total: 1

VM state: not at safepoint (normal execution)

VM Mutex/Monitor currently owned by a thread: None

Heap address: 0x00000000a0000000, size: 1536 MB, Compressed Oops mode: 32-bit

CDS archive(s) mapped at: [0x0000028cce000000-0x0000028cceba0000-0x0000028cceba0000), size 12189696, SharedBaseAddress: 0x0000028cce000000, ArchiveRelocationMode: 1.
Compressed class space mapped at: 0x0000028ccf000000-0x0000028d0f000000, reserved size: 1073741824
Narrow klass base: 0x0000028cce000000, Narrow klass shift: 0, Narrow klass range: 0x100000000

GC Precious Log:
 CardTable entry size: 512
 Card Set container configuration: InlinePtr #cards 5 size 8 Array Of Cards #cards 12 size 40 Howl #buckets 4 coarsen threshold 1843 Howl Bitmap #cards 512 size 80 coarsen threshold 460 Card regions per heap region 1 cards per card region 2048
 CPUs: 8 total, 8 available
 Memory: 24467M
 Large Page Support: Disabled
 NUMA Support: Disabled
 Compressed Oops: Enabled (32-bit)
 Heap Region Size: 1M
 Heap Min Capacity: 8M
 Heap Initial Capacity: 384M
 Heap Max Capacity: 1536M
 Pre-touch: Disabled
 Parallel Workers: 8
 Concurrent Workers: 2
 Concurrent Refinement Workers: 8
 Periodic GC: Disabled

Heap:
 garbage-first heap   total 189440K, used 152070K [0x00000000a0000000, 0x0000000100000000)
  region size 1024K, 44 young (45056K), 5 survivors (5120K)
 Metaspace       used 79692K, committed 82816K, reserved 1179648K
  class space    used 11210K, committed 12480K, reserved 1048576K

Heap Regions: E=young(eden), S=young(survivor), O=old, HS=humongous(starts), HC=humongous(continues), CS=collection set, F=free, TAMS=top-at-mark-start, PB=parsable bottom
|   0|0x00000000a0000000, 0x00000000a0100000, 0x00000000a0100000|100%|HS|  |TAMS 0x00000000a0000000| PB 0x00000000a0000000| Complete 
|   1|0x00000000a0100000, 0x00000000a0200000, 0x00000000a0200000|100%|HC|  |TAMS 0x00000000a0100000| PB 0x00000000a0100000| Complete 
|   2|0x00000000a0200000, 0x00000000a0300000, 0x00000000a0300000|100%|HC|  |TAMS 0x00000000a0200000| PB 0x00000000a0200000| Complete 
|   3|0x00000000a0300000, 0x00000000a0400000, 0x00000000a0400000|100%| O|  |TAMS 0x00000000a0300000| PB 0x00000000a0300000| Untracked 
|   4|0x00000000a0400000, 0x00000000a0500000, 0x00000000a0500000|100%| O|  |TAMS 0x00000000a0400000| PB 0x00000000a0400000| Untracked 
|   5|0x00000000a0500000, 0x00000000a0600000, 0x00000000a0600000|100%| O|  |TAMS 0x00000000a0500000| PB 0x00000000a0500000| Untracked 
|   6|0x00000000a0600000, 0x00000000a0700000, 0x00000000a0700000|100%|HS|  |TAMS 0x00000000a0600000| PB 0x00000000a0600000| Complete 
|   7|0x00000000a0700000, 0x00000000a0800000, 0x00000000a0800000|100%| O|  |TAMS 0x00000000a0700000| PB 0x00000000a0700000| Untracked 
|   8|0x00000000a0800000, 0x00000000a0900000, 0x00000000a0900000|100%| O|  |TAMS 0x00000000a0800000| PB 0x00000000a0800000| Untracked 
|   9|0x00000000a0900000, 0x00000000a0a00000, 0x00000000a0a00000|100%| O|  |TAMS 0x00000000a0900000| PB 0x00000000a0900000| Untracked 
|  10|0x00000000a0a00000, 0x00000000a0b00000, 0x00000000a0b00000|100%| O|  |TAMS 0x00000000a0a00000| PB 0x00000000a0a00000| Untracked 
|  11|0x00000000a0b00000, 0x00000000a0c00000, 0x00000000a0c00000|100%| O|  |TAMS 0x00000000a0b00000| PB 0x00000000a0b00000| Untracked 
|  12|0x00000000a0c00000, 0x00000000a0d00000, 0x00000000a0d00000|100%| O|  |TAMS 0x00000000a0c00000| PB 0x00000000a0c00000| Untracked 
|  13|0x00000000a0d00000, 0x00000000a0e00000, 0x00000000a0e00000|100%| O|  |TAMS 0x00000000a0d00000| PB 0x00000000a0d00000| Untracked 
|  14|0x00000000a0e00000, 0x00000000a0f00000, 0x00000000a0f00000|100%| O|  |TAMS 0x00000000a0e00000| PB 0x00000000a0e00000| Untracked 
|  15|0x00000000a0f00000, 0x00000000a1000000, 0x00000000a1000000|100%| O|  |TAMS 0x00000000a0f00000| PB 0x00000000a0f00000| Untracked 
|  16|0x00000000a1000000, 0x00000000a1100000, 0x00000000a1100000|100%| O|  |TAMS 0x00000000a1000000| PB 0x00000000a1000000| Untracked 
|  17|0x00000000a1100000, 0x00000000a1200000, 0x00000000a1200000|100%| O|  |TAMS 0x00000000a1100000| PB 0x00000000a1100000| Untracked 
|  18|0x00000000a1200000, 0x00000000a1300000, 0x00000000a1300000|100%| O|  |TAMS 0x00000000a1200000| PB 0x00000000a1200000| Untracked 
|  19|0x00000000a1300000, 0x00000000a1400000, 0x00000000a1400000|100%| O|  |TAMS 0x00000000a1300000| PB 0x00000000a1300000| Untracked 
|  20|0x00000000a1400000, 0x00000000a1500000, 0x00000000a1500000|100%| O|  |TAMS 0x00000000a1400000| PB 0x00000000a1400000| Untracked 
|  21|0x00000000a1500000, 0x00000000a1600000, 0x00000000a1600000|100%| O|  |TAMS 0x00000000a1500000| PB 0x00000000a1500000| Untracked 
|  22|0x00000000a1600000, 0x00000000a1700000, 0x00000000a1700000|100%| O|  |TAMS 0x00000000a1600000| PB 0x00000000a1600000| Untracked 
|  23|0x00000000a1700000, 0x00000000a1800000, 0x00000000a1800000|100%| O|  |TAMS 0x00000000a1700000| PB 0x00000000a1700000| Untracked 
|  24|0x00000000a1800000, 0x00000000a1900000, 0x00000000a1900000|100%| O|  |TAMS 0x00000000a1800000| PB 0x00000000a1800000| Untracked 
|  25|0x00000000a1900000, 0x00000000a1a00000, 0x00000000a1a00000|100%| O|  |TAMS 0x00000000a1900000| PB 0x00000000a1900000| Untracked 
|  26|0x00000000a1a00000, 0x00000000a1b00000, 0x00000000a1b00000|100%| O|  |TAMS 0x00000000a1a00000| PB 0x00000000a1a00000| Untracked 
|  27|0x00000000a1b00000, 0x00000000a1c00000, 0x00000000a1c00000|100%| O|  |TAMS 0x00000000a1b00000| PB 0x00000000a1b00000| Untracked 
|  28|0x00000000a1c00000, 0x00000000a1d00000, 0x00000000a1d00000|100%| O|  |TAMS 0x00000000a1c00000| PB 0x00000000a1c00000| Untracked 
|  29|0x00000000a1d00000, 0x00000000a1e00000, 0x00000000a1e00000|100%| O|  |TAMS 0x00000000a1d00000| PB 0x00000000a1d00000| Untracked 
|  30|0x00000000a1e00000, 0x00000000a1f00000, 0x00000000a1f00000|100%| O|  |TAMS 0x00000000a1e00000| PB 0x00000000a1e00000| Untracked 
|  31|0x00000000a1f00000, 0x00000000a2000000, 0x00000000a2000000|100%| O|  |TAMS 0x00000000a1f00000| PB 0x00000000a1f00000| Untracked 
|  32|0x00000000a2000000, 0x00000000a2100000, 0x00000000a2100000|100%| O|  |TAMS 0x00000000a2000000| PB 0x00000000a2000000| Untracked 
|  33|0x00000000a2100000, 0x00000000a2200000, 0x00000000a2200000|100%| O|  |TAMS 0x00000000a2100000| PB 0x00000000a2100000| Untracked 
|  34|0x00000000a2200000, 0x00000000a2300000, 0x00000000a2300000|100%| O|  |TAMS 0x00000000a2200000| PB 0x00000000a2200000| Untracked 
|  35|0x00000000a2300000, 0x00000000a2400000, 0x00000000a2400000|100%| O|  |TAMS 0x00000000a2300000| PB 0x00000000a2300000| Untracked 
|  36|0x00000000a2400000, 0x00000000a2500000, 0x00000000a2500000|100%| O|  |TAMS 0x00000000a2400000| PB 0x00000000a2400000| Untracked 
|  37|0x00000000a2500000, 0x00000000a2600000, 0x00000000a2600000|100%| O|  |TAMS 0x00000000a2500000| PB 0x00000000a2500000| Untracked 
|  38|0x00000000a2600000, 0x00000000a2700000, 0x00000000a2700000|100%| O|  |TAMS 0x00000000a2600000| PB 0x00000000a2600000| Untracked 
|  39|0x00000000a2700000, 0x00000000a2800000, 0x00000000a2800000|100%| O|  |TAMS 0x00000000a2700000| PB 0x00000000a2700000| Untracked 
|  40|0x00000000a2800000, 0x00000000a2900000, 0x00000000a2900000|100%| O|  |TAMS 0x00000000a2800000| PB 0x00000000a2800000| Untracked 
|  41|0x00000000a2900000, 0x00000000a2a00000, 0x00000000a2a00000|100%| O|  |TAMS 0x00000000a2900000| PB 0x00000000a2900000| Untracked 
|  42|0x00000000a2a00000, 0x00000000a2b00000, 0x00000000a2b00000|100%| O|  |TAMS 0x00000000a2a00000| PB 0x00000000a2a00000| Untracked 
|  43|0x00000000a2b00000, 0x00000000a2c00000, 0x00000000a2c00000|100%| O|  |TAMS 0x00000000a2b00000| PB 0x00000000a2b00000| Untracked 
|  44|0x00000000a2c00000, 0x00000000a2d00000, 0x00000000a2d00000|100%| O|  |TAMS 0x00000000a2c00000| PB 0x00000000a2c00000| Untracked 
|  45|0x00000000a2d00000, 0x00000000a2e00000, 0x00000000a2e00000|100%| O|  |TAMS 0x00000000a2d00000| PB 0x00000000a2d00000| Untracked 
|  46|0x00000000a2e00000, 0x00000000a2f00000, 0x00000000a2f00000|100%| O|  |TAMS 0x00000000a2e00000| PB 0x00000000a2e00000| Untracked 
|  47|0x00000000a2f00000, 0x00000000a3000000, 0x00000000a3000000|100%|HS|  |TAMS 0x00000000a2f00000| PB 0x00000000a2f00000| Complete 
|  48|0x00000000a3000000, 0x00000000a3100000, 0x00000000a3100000|100%|HS|  |TAMS 0x00000000a3000000| PB 0x00000000a3000000| Complete 
|  49|0x00000000a3100000, 0x00000000a3200000, 0x00000000a3200000|100%|HS|  |TAMS 0x00000000a3100000| PB 0x00000000a3100000| Complete 
|  50|0x00000000a3200000, 0x00000000a3300000, 0x00000000a3300000|100%|HS|  |TAMS 0x00000000a3200000| PB 0x00000000a3200000| Complete 
|  51|0x00000000a3300000, 0x00000000a3400000, 0x00000000a3400000|100%| O|  |TAMS 0x00000000a3300000| PB 0x00000000a3300000| Untracked 
|  52|0x00000000a3400000, 0x00000000a3500000, 0x00000000a3500000|100%| O|  |TAMS 0x00000000a3400000| PB 0x00000000a3400000| Untracked 
|  53|0x00000000a3500000, 0x00000000a3600000, 0x00000000a3600000|100%|HS|  |TAMS 0x00000000a3500000| PB 0x00000000a3500000| Complete 
|  54|0x00000000a3600000, 0x00000000a3700000, 0x00000000a3700000|100%| O|  |TAMS 0x00000000a3600000| PB 0x00000000a3600000| Untracked 
|  55|0x00000000a3700000, 0x00000000a3800000, 0x00000000a3800000|100%| O|  |TAMS 0x00000000a3700000| PB 0x00000000a3700000| Untracked 
|  56|0x00000000a3800000, 0x00000000a3900000, 0x00000000a3900000|100%|HS|  |TAMS 0x00000000a3800000| PB 0x00000000a3800000| Complete 
|  57|0x00000000a3900000, 0x00000000a3a00000, 0x00000000a3a00000|100%| O|  |TAMS 0x00000000a3900000| PB 0x00000000a3900000| Untracked 
|  58|0x00000000a3a00000, 0x00000000a3b00000, 0x00000000a3b00000|100%| O|  |TAMS 0x00000000a3a00000| PB 0x00000000a3a00000| Untracked 
|  59|0x00000000a3b00000, 0x00000000a3c00000, 0x00000000a3c00000|100%| O|  |TAMS 0x00000000a3b00000| PB 0x00000000a3b00000| Untracked 
|  60|0x00000000a3c00000, 0x00000000a3d00000, 0x00000000a3d00000|100%| O|  |TAMS 0x00000000a3c00000| PB 0x00000000a3c00000| Untracked 
|  61|0x00000000a3d00000, 0x00000000a3d00000, 0x00000000a3e00000|  0%| F|  |TAMS 0x00000000a3d00000| PB 0x00000000a3d00000| Untracked 
|  62|0x00000000a3e00000, 0x00000000a3f00000, 0x00000000a3f00000|100%| O|  |TAMS 0x00000000a3e00000| PB 0x00000000a3e00000| Untracked 
|  63|0x00000000a3f00000, 0x00000000a4000000, 0x00000000a4000000|100%| O|  |TAMS 0x00000000a3f00000| PB 0x00000000a3f00000| Untracked 
|  64|0x00000000a4000000, 0x00000000a4100000, 0x00000000a4100000|100%| O|  |TAMS 0x00000000a4000000| PB 0x00000000a4000000| Untracked 
|  65|0x00000000a4100000, 0x00000000a4200000, 0x00000000a4200000|100%| O|  |TAMS 0x00000000a4100000| PB 0x00000000a4100000| Untracked 
|  66|0x00000000a4200000, 0x00000000a4300000, 0x00000000a4300000|100%|HS|  |TAMS 0x00000000a4200000| PB 0x00000000a4200000| Complete 
|  67|0x00000000a4300000, 0x00000000a4400000, 0x00000000a4400000|100%| O|  |TAMS 0x00000000a4300000| PB 0x00000000a4300000| Untracked 
|  68|0x00000000a4400000, 0x00000000a4500000, 0x00000000a4500000|100%| O|  |TAMS 0x00000000a4400000| PB 0x00000000a4400000| Untracked 
|  69|0x00000000a4500000, 0x00000000a4600000, 0x00000000a4600000|100%| O|  |TAMS 0x00000000a4500000| PB 0x00000000a4500000| Untracked 
|  70|0x00000000a4600000, 0x00000000a4700000, 0x00000000a4700000|100%| O|  |TAMS 0x00000000a4600000| PB 0x00000000a4600000| Untracked 
|  71|0x00000000a4700000, 0x00000000a4800000, 0x00000000a4800000|100%| O|  |TAMS 0x00000000a4700000| PB 0x00000000a4700000| Untracked 
|  72|0x00000000a4800000, 0x00000000a4900000, 0x00000000a4900000|100%| O|  |TAMS 0x00000000a4800000| PB 0x00000000a4800000| Untracked 
|  73|0x00000000a4900000, 0x00000000a4a00000, 0x00000000a4a00000|100%| O|  |TAMS 0x00000000a4900000| PB 0x00000000a4900000| Untracked 
|  74|0x00000000a4a00000, 0x00000000a4b00000, 0x00000000a4b00000|100%| O|  |TAMS 0x00000000a4a00000| PB 0x00000000a4a00000| Untracked 
|  75|0x00000000a4b00000, 0x00000000a4c00000, 0x00000000a4c00000|100%| O|  |TAMS 0x00000000a4b00000| PB 0x00000000a4b00000| Untracked 
|  76|0x00000000a4c00000, 0x00000000a4d00000, 0x00000000a4d00000|100%| O|  |TAMS 0x00000000a4c00000| PB 0x00000000a4c00000| Untracked 
|  77|0x00000000a4d00000, 0x00000000a4e00000, 0x00000000a4e00000|100%| O|  |TAMS 0x00000000a4d00000| PB 0x00000000a4d00000| Untracked 
|  78|0x00000000a4e00000, 0x00000000a4f00000, 0x00000000a4f00000|100%| O|  |TAMS 0x00000000a4e00000| PB 0x00000000a4e00000| Untracked 
|  79|0x00000000a4f00000, 0x00000000a5000000, 0x00000000a5000000|100%| O|  |TAMS 0x00000000a4f00000| PB 0x00000000a4f00000| Untracked 
|  80|0x00000000a5000000, 0x00000000a5100000, 0x00000000a5100000|100%| O|  |TAMS 0x00000000a5000000| PB 0x00000000a5000000| Untracked 
|  81|0x00000000a5100000, 0x00000000a5200000, 0x00000000a5200000|100%| O|  |TAMS 0x00000000a5100000| PB 0x00000000a5100000| Untracked 
|  82|0x00000000a5200000, 0x00000000a5300000, 0x00000000a5300000|100%|HS|  |TAMS 0x00000000a5200000| PB 0x00000000a5200000| Complete 
|  83|0x00000000a5300000, 0x00000000a5400000, 0x00000000a5400000|100%| O|  |TAMS 0x00000000a5300000| PB 0x00000000a5300000| Untracked 
|  84|0x00000000a5400000, 0x00000000a5500000, 0x00000000a5500000|100%|HS|  |TAMS 0x00000000a5400000| PB 0x00000000a5400000| Complete 
|  85|0x00000000a5500000, 0x00000000a5600000, 0x00000000a5600000|100%| O|  |TAMS 0x00000000a5500000| PB 0x00000000a5500000| Untracked 
|  86|0x00000000a5600000, 0x00000000a5700000, 0x00000000a5700000|100%| O|  |TAMS 0x00000000a5600000| PB 0x00000000a5600000| Untracked 
|  87|0x00000000a5700000, 0x00000000a5800000, 0x00000000a5800000|100%| O|  |TAMS 0x00000000a5700000| PB 0x00000000a5700000| Untracked 
|  88|0x00000000a5800000, 0x00000000a5900000, 0x00000000a5900000|100%| O|  |TAMS 0x00000000a5800000| PB 0x00000000a5800000| Untracked 
|  89|0x00000000a5900000, 0x00000000a5a00000, 0x00000000a5a00000|100%| O|  |TAMS 0x00000000a5900000| PB 0x00000000a5900000| Untracked 
|  90|0x00000000a5a00000, 0x00000000a5b00000, 0x00000000a5b00000|100%| O|  |TAMS 0x00000000a5a00000| PB 0x00000000a5a00000| Untracked 
|  91|0x00000000a5b00000, 0x00000000a5b00000, 0x00000000a5c00000|  0%| F|  |TAMS 0x00000000a5b00000| PB 0x00000000a5b00000| Untracked 
|  92|0x00000000a5c00000, 0x00000000a5d00000, 0x00000000a5d00000|100%|HS|  |TAMS 0x00000000a5c00000| PB 0x00000000a5c00000| Complete 
|  93|0x00000000a5d00000, 0x00000000a5e00000, 0x00000000a5e00000|100%|HS|  |TAMS 0x00000000a5d00000| PB 0x00000000a5d00000| Complete 
|  94|0x00000000a5e00000, 0x00000000a5f00000, 0x00000000a5f00000|100%| O|  |TAMS 0x00000000a5e00000| PB 0x00000000a5e00000| Untracked 
|  95|0x00000000a5f00000, 0x00000000a6000000, 0x00000000a6000000|100%| O|  |TAMS 0x00000000a5f00000| PB 0x00000000a5f00000| Untracked 
|  96|0x00000000a6000000, 0x00000000a6100000, 0x00000000a6100000|100%| O|  |TAMS 0x00000000a6000000| PB 0x00000000a6000000| Untracked 
|  97|0x00000000a6100000, 0x00000000a6200000, 0x00000000a6200000|100%| O|  |TAMS 0x00000000a6100000| PB 0x00000000a6100000| Untracked 
|  98|0x00000000a6200000, 0x00000000a6300000, 0x00000000a6300000|100%| O|  |TAMS 0x00000000a6200000| PB 0x00000000a6200000| Untracked 
|  99|0x00000000a6300000, 0x00000000a6400000, 0x00000000a6400000|100%| O|  |TAMS 0x00000000a6300000| PB 0x00000000a6300000| Untracked 
| 100|0x00000000a6400000, 0x00000000a6400000, 0x00000000a6500000|  0%| F|  |TAMS 0x00000000a6400000| PB 0x00000000a6400000| Untracked 
| 101|0x00000000a6500000, 0x00000000a6600000, 0x00000000a6600000|100%| O|  |TAMS 0x00000000a6500000| PB 0x00000000a6500000| Untracked 
| 102|0x00000000a6600000, 0x00000000a6700000, 0x00000000a6700000|100%| O|  |TAMS 0x00000000a6600000| PB 0x00000000a6600000| Untracked 
| 103|0x00000000a6700000, 0x00000000a6770600, 0x00000000a6800000| 43%| O|  |TAMS 0x00000000a6700000| PB 0x00000000a6700000| Untracked 
| 104|0x00000000a6800000, 0x00000000a6800000, 0x00000000a6900000|  0%| F|  |TAMS 0x00000000a6800000| PB 0x00000000a6800000| Untracked 
| 105|0x00000000a6900000, 0x00000000a6900000, 0x00000000a6a00000|  0%| F|  |TAMS 0x00000000a6900000| PB 0x00000000a6900000| Untracked 
| 106|0x00000000a6a00000, 0x00000000a6a00000, 0x00000000a6b00000|  0%| F|  |TAMS 0x00000000a6a00000| PB 0x00000000a6a00000| Untracked 
| 107|0x00000000a6b00000, 0x00000000a6c00000, 0x00000000a6c00000|100%| O|  |TAMS 0x00000000a6b00000| PB 0x00000000a6b00000| Untracked 
| 108|0x00000000a6c00000, 0x00000000a6d00000, 0x00000000a6d00000|100%| O|  |TAMS 0x00000000a6c00000| PB 0x00000000a6c00000| Untracked 
| 109|0x00000000a6d00000, 0x00000000a6d00000, 0x00000000a6e00000|  0%| F|  |TAMS 0x00000000a6d00000| PB 0x00000000a6d00000| Untracked 
| 110|0x00000000a6e00000, 0x00000000a6e11390, 0x00000000a6f00000|  6%| S|CS|TAMS 0x00000000a6e00000| PB 0x00000000a6e00000| Complete 
| 111|0x00000000a6f00000, 0x00000000a7000000, 0x00000000a7000000|100%| S|CS|TAMS 0x00000000a6f00000| PB 0x00000000a6f00000| Complete 
| 112|0x00000000a7000000, 0x00000000a7100000, 0x00000000a7100000|100%| S|CS|TAMS 0x00000000a7000000| PB 0x00000000a7000000| Complete 
| 113|0x00000000a7100000, 0x00000000a7200000, 0x00000000a7200000|100%| S|CS|TAMS 0x00000000a7100000| PB 0x00000000a7100000| Complete 
| 114|0x00000000a7200000, 0x00000000a7300000, 0x00000000a7300000|100%| S|CS|TAMS 0x00000000a7200000| PB 0x00000000a7200000| Complete 
| 115|0x00000000a7300000, 0x00000000a7300000, 0x00000000a7400000|  0%| F|  |TAMS 0x00000000a7300000| PB 0x00000000a7300000| Untracked 
| 116|0x00000000a7400000, 0x00000000a7400000, 0x00000000a7500000|  0%| F|  |TAMS 0x00000000a7400000| PB 0x00000000a7400000| Untracked 
| 117|0x00000000a7500000, 0x00000000a7500000, 0x00000000a7600000|  0%| F|  |TAMS 0x00000000a7500000| PB 0x00000000a7500000| Untracked 
| 118|0x00000000a7600000, 0x00000000a7600000, 0x00000000a7700000|  0%| F|  |TAMS 0x00000000a7600000| PB 0x00000000a7600000| Untracked 
| 119|0x00000000a7700000, 0x00000000a7700000, 0x00000000a7800000|  0%| F|  |TAMS 0x00000000a7700000| PB 0x00000000a7700000| Untracked 
| 120|0x00000000a7800000, 0x00000000a7800000, 0x00000000a7900000|  0%| F|  |TAMS 0x00000000a7800000| PB 0x00000000a7800000| Untracked 
| 121|0x00000000a7900000, 0x00000000a7900000, 0x00000000a7a00000|  0%| F|  |TAMS 0x00000000a7900000| PB 0x00000000a7900000| Untracked 
| 122|0x00000000a7a00000, 0x00000000a7a00000, 0x00000000a7b00000|  0%| F|  |TAMS 0x00000000a7a00000| PB 0x00000000a7a00000| Untracked 
| 123|0x00000000a7b00000, 0x00000000a7b00000, 0x00000000a7c00000|  0%| F|  |TAMS 0x00000000a7b00000| PB 0x00000000a7b00000| Untracked 
| 124|0x00000000a7c00000, 0x00000000a7c00000, 0x00000000a7d00000|  0%| F|  |TAMS 0x00000000a7c00000| PB 0x00000000a7c00000| Untracked 
| 125|0x00000000a7d00000, 0x00000000a7d00000, 0x00000000a7e00000|  0%| F|  |TAMS 0x00000000a7d00000| PB 0x00000000a7d00000| Untracked 
| 126|0x00000000a7e00000, 0x00000000a7e00000, 0x00000000a7f00000|  0%| F|  |TAMS 0x00000000a7e00000| PB 0x00000000a7e00000| Untracked 
| 127|0x00000000a7f00000, 0x00000000a7f00000, 0x00000000a8000000|  0%| F|  |TAMS 0x00000000a7f00000| PB 0x00000000a7f00000| Untracked 
| 128|0x00000000a8000000, 0x00000000a8000000, 0x00000000a8100000|  0%| F|  |TAMS 0x00000000a8000000| PB 0x00000000a8000000| Untracked 
| 129|0x00000000a8100000, 0x00000000a8100000, 0x00000000a8200000|  0%| F|  |TAMS 0x00000000a8100000| PB 0x00000000a8100000| Untracked 
| 130|0x00000000a8200000, 0x00000000a8200000, 0x00000000a8300000|  0%| F|  |TAMS 0x00000000a8200000| PB 0x00000000a8200000| Untracked 
| 131|0x00000000a8300000, 0x00000000a8300000, 0x00000000a8400000|  0%| F|  |TAMS 0x00000000a8300000| PB 0x00000000a8300000| Untracked 
| 132|0x00000000a8400000, 0x00000000a8400000, 0x00000000a8500000|  0%| F|  |TAMS 0x00000000a8400000| PB 0x00000000a8400000| Untracked 
| 133|0x00000000a8500000, 0x00000000a8500000, 0x00000000a8600000|  0%| F|  |TAMS 0x00000000a8500000| PB 0x00000000a8500000| Untracked 
| 134|0x00000000a8600000, 0x00000000a8600000, 0x00000000a8700000|  0%| F|  |TAMS 0x00000000a8600000| PB 0x00000000a8600000| Untracked 
| 135|0x00000000a8700000, 0x00000000a8700000, 0x00000000a8800000|  0%| F|  |TAMS 0x00000000a8700000| PB 0x00000000a8700000| Untracked 
| 136|0x00000000a8800000, 0x00000000a8800000, 0x00000000a8900000|  0%| F|  |TAMS 0x00000000a8800000| PB 0x00000000a8800000| Untracked 
| 137|0x00000000a8900000, 0x00000000a8900000, 0x00000000a8a00000|  0%| F|  |TAMS 0x00000000a8900000| PB 0x00000000a8900000| Untracked 
| 138|0x00000000a8a00000, 0x00000000a8a00000, 0x00000000a8b00000|  0%| F|  |TAMS 0x00000000a8a00000| PB 0x00000000a8a00000| Untracked 
| 139|0x00000000a8b00000, 0x00000000a8b00000, 0x00000000a8c00000|  0%| F|  |TAMS 0x00000000a8b00000| PB 0x00000000a8b00000| Untracked 
| 140|0x00000000a8c00000, 0x00000000a8c00000, 0x00000000a8d00000|  0%| F|  |TAMS 0x00000000a8c00000| PB 0x00000000a8c00000| Untracked 
| 141|0x00000000a8d00000, 0x00000000a8d80000, 0x00000000a8e00000| 50%| E|  |TAMS 0x00000000a8d00000| PB 0x00000000a8d00000| Complete 
| 142|0x00000000a8e00000, 0x00000000a8f00000, 0x00000000a8f00000|100%| E|CS|TAMS 0x00000000a8e00000| PB 0x00000000a8e00000| Complete 
| 143|0x00000000a8f00000, 0x00000000a9000000, 0x00000000a9000000|100%| E|CS|TAMS 0x00000000a8f00000| PB 0x00000000a8f00000| Complete 
| 144|0x00000000a9000000, 0x00000000a9100000, 0x00000000a9100000|100%| E|CS|TAMS 0x00000000a9000000| PB 0x00000000a9000000| Complete 
| 145|0x00000000a9100000, 0x00000000a9200000, 0x00000000a9200000|100%| E|CS|TAMS 0x00000000a9100000| PB 0x00000000a9100000| Complete 
| 146|0x00000000a9200000, 0x00000000a9300000, 0x00000000a9300000|100%| E|CS|TAMS 0x00000000a9200000| PB 0x00000000a9200000| Complete 
| 147|0x00000000a9300000, 0x00000000a9400000, 0x00000000a9400000|100%| E|CS|TAMS 0x00000000a9300000| PB 0x00000000a9300000| Complete 
| 148|0x00000000a9400000, 0x00000000a9500000, 0x00000000a9500000|100%| E|CS|TAMS 0x00000000a9400000| PB 0x00000000a9400000| Complete 
| 149|0x00000000a9500000, 0x00000000a9600000, 0x00000000a9600000|100%| E|CS|TAMS 0x00000000a9500000| PB 0x00000000a9500000| Complete 
| 150|0x00000000a9600000, 0x00000000a9700000, 0x00000000a9700000|100%| E|CS|TAMS 0x00000000a9600000| PB 0x00000000a9600000| Complete 
| 151|0x00000000a9700000, 0x00000000a9800000, 0x00000000a9800000|100%| E|CS|TAMS 0x00000000a9700000| PB 0x00000000a9700000| Complete 
| 152|0x00000000a9800000, 0x00000000a9900000, 0x00000000a9900000|100%| E|CS|TAMS 0x00000000a9800000| PB 0x00000000a9800000| Complete 
| 153|0x00000000a9900000, 0x00000000a9a00000, 0x00000000a9a00000|100%| E|CS|TAMS 0x00000000a9900000| PB 0x00000000a9900000| Complete 
| 154|0x00000000a9a00000, 0x00000000a9b00000, 0x00000000a9b00000|100%| E|CS|TAMS 0x00000000a9a00000| PB 0x00000000a9a00000| Complete 
| 155|0x00000000a9b00000, 0x00000000a9c00000, 0x00000000a9c00000|100%| E|CS|TAMS 0x00000000a9b00000| PB 0x00000000a9b00000| Complete 
| 156|0x00000000a9c00000, 0x00000000a9d00000, 0x00000000a9d00000|100%| E|CS|TAMS 0x00000000a9c00000| PB 0x00000000a9c00000| Complete 
| 157|0x00000000a9d00000, 0x00000000a9e00000, 0x00000000a9e00000|100%| E|CS|TAMS 0x00000000a9d00000| PB 0x00000000a9d00000| Complete 
| 158|0x00000000a9e00000, 0x00000000a9f00000, 0x00000000a9f00000|100%| E|CS|TAMS 0x00000000a9e00000| PB 0x00000000a9e00000| Complete 
| 159|0x00000000a9f00000, 0x00000000aa000000, 0x00000000aa000000|100%| E|CS|TAMS 0x00000000a9f00000| PB 0x00000000a9f00000| Complete 
| 160|0x00000000aa000000, 0x00000000aa100000, 0x00000000aa100000|100%| E|CS|TAMS 0x00000000aa000000| PB 0x00000000aa000000| Complete 
| 161|0x00000000aa100000, 0x00000000aa200000, 0x00000000aa200000|100%| E|CS|TAMS 0x00000000aa100000| PB 0x00000000aa100000| Complete 
| 162|0x00000000aa200000, 0x00000000aa300000, 0x00000000aa300000|100%| E|CS|TAMS 0x00000000aa200000| PB 0x00000000aa200000| Complete 
| 163|0x00000000aa300000, 0x00000000aa400000, 0x00000000aa400000|100%| E|CS|TAMS 0x00000000aa300000| PB 0x00000000aa300000| Complete 
| 164|0x00000000aa400000, 0x00000000aa500000, 0x00000000aa500000|100%| E|CS|TAMS 0x00000000aa400000| PB 0x00000000aa400000| Complete 
| 165|0x00000000aa500000, 0x00000000aa600000, 0x00000000aa600000|100%| E|CS|TAMS 0x00000000aa500000| PB 0x00000000aa500000| Complete 
| 279|0x00000000b1700000, 0x00000000b1800000, 0x00000000b1800000|100%| E|CS|TAMS 0x00000000b1700000| PB 0x00000000b1700000| Complete 
| 280|0x00000000b1800000, 0x00000000b1900000, 0x00000000b1900000|100%| E|CS|TAMS 0x00000000b1800000| PB 0x00000000b1800000| Complete 
| 281|0x00000000b1900000, 0x00000000b1a00000, 0x00000000b1a00000|100%| E|CS|TAMS 0x00000000b1900000| PB 0x00000000b1900000| Complete 
| 282|0x00000000b1a00000, 0x00000000b1b00000, 0x00000000b1b00000|100%| E|CS|TAMS 0x00000000b1a00000| PB 0x00000000b1a00000| Complete 
| 283|0x00000000b1b00000, 0x00000000b1c00000, 0x00000000b1c00000|100%| E|CS|TAMS 0x00000000b1b00000| PB 0x00000000b1b00000| Complete 
| 284|0x00000000b1c00000, 0x00000000b1d00000, 0x00000000b1d00000|100%| E|CS|TAMS 0x00000000b1c00000| PB 0x00000000b1c00000| Complete 
| 285|0x00000000b1d00000, 0x00000000b1e00000, 0x00000000b1e00000|100%| E|CS|TAMS 0x00000000b1d00000| PB 0x00000000b1d00000| Complete 
| 286|0x00000000b1e00000, 0x00000000b1f00000, 0x00000000b1f00000|100%| E|CS|TAMS 0x00000000b1e00000| PB 0x00000000b1e00000| Complete 
| 287|0x00000000b1f00000, 0x00000000b2000000, 0x00000000b2000000|100%| E|CS|TAMS 0x00000000b1f00000| PB 0x00000000b1f00000| Complete 
| 288|0x00000000b2000000, 0x00000000b2100000, 0x00000000b2100000|100%| E|CS|TAMS 0x00000000b2000000| PB 0x00000000b2000000| Complete 
| 289|0x00000000b2100000, 0x00000000b2200000, 0x00000000b2200000|100%| E|CS|TAMS 0x00000000b2100000| PB 0x00000000b2100000| Complete 
| 290|0x00000000b2200000, 0x00000000b2300000, 0x00000000b2300000|100%| E|CS|TAMS 0x00000000b2200000| PB 0x00000000b2200000| Complete 
| 383|0x00000000b7f00000, 0x00000000b8000000, 0x00000000b8000000|100%| E|CS|TAMS 0x00000000b7f00000| PB 0x00000000b7f00000| Complete 
|1530|0x00000000ffa00000, 0x00000000ffb00000, 0x00000000ffb00000|100%| O|  |TAMS 0x00000000ffa00000| PB 0x00000000ffa00000| Untracked 
|1531|0x00000000ffb00000, 0x00000000ffc00000, 0x00000000ffc00000|100%| O|  |TAMS 0x00000000ffb00000| PB 0x00000000ffb00000| Untracked 
|1532|0x00000000ffc00000, 0x00000000ffd00000, 0x00000000ffd00000|100%| E|CS|TAMS 0x00000000ffc00000| PB 0x00000000ffc00000| Complete 
|1533|0x00000000ffd00000, 0x00000000ffe00000, 0x00000000ffe00000|100%| O|  |TAMS 0x00000000ffd00000| PB 0x00000000ffd00000| Untracked 
|1534|0x00000000ffe00000, 0x00000000fff00000, 0x00000000fff00000|100%| O|  |TAMS 0x00000000ffe00000| PB 0x00000000ffe00000| Untracked 
|1535|0x00000000fff00000, 0x0000000100000000, 0x0000000100000000|100%| E|CS|TAMS 0x00000000fff00000| PB 0x00000000fff00000| Complete 

Card table byte_map: [0x0000028cc99e0000,0x0000028cc9ce0000] _byte_map_base: 0x0000028cc94e0000

Marking Bits: (CMBitMap*) 0x0000028cb71f7550
 Bits: [0x0000028cc9ce0000, 0x0000028ccb4e0000)

Polling page: 0x0000028cb4ff0000

Metaspace:

Usage:
  Non-class:     66.88 MB used.
      Class:     10.95 MB used.
       Both:     77.82 MB used.

Virtual space:
  Non-class space:      128.00 MB reserved,      68.69 MB ( 54%) committed,  2 nodes.
      Class space:        1.00 GB reserved,      12.19 MB (  1%) committed,  1 nodes.
             Both:        1.12 GB reserved,      80.88 MB (  7%) committed. 

Chunk freelists:
   Non-Class:  11.93 MB
       Class:  4.34 MB
        Both:  16.27 MB

MaxMetaspaceSize: unlimited
CompressedClassSpaceSize: 1.00 GB
Initial GC threshold: 21.00 MB
Current GC threshold: 134.81 MB
CDS: on
 - commit_granule_bytes: 65536.
 - commit_granule_words: 8192.
 - virtual_space_node_default_size: 8388608.
 - enlarge_chunks_in_place: 1.
 - use_allocation_guard: 0.


Internal statistics:

num_allocs_failed_limit: 6.
num_arena_births: 4234.
num_arena_deaths: 1644.
num_vsnodes_births: 3.
num_vsnodes_deaths: 0.
num_space_committed: 1294.
num_space_uncommitted: 0.
num_chunks_returned_to_freelist: 1855.
num_chunks_taken_from_freelist: 8491.
num_chunk_merges: 640.
num_chunk_splits: 5255.
num_chunks_enlarged: 3219.
num_inconsistent_stats: 0.

CodeHeap 'non-profiled nmethods': size=120000Kb used=8073Kb max_used=8073Kb free=111926Kb
 bounds [0x0000028cc1e80000, 0x0000028cc2670000, 0x0000028cc93b0000]
CodeHeap 'profiled nmethods': size=120000Kb used=18754Kb max_used=18839Kb free=101245Kb
 bounds [0x0000028cba3b0000, 0x0000028cbb620000, 0x0000028cc18e0000]
CodeHeap 'non-nmethods': size=5760Kb used=2689Kb max_used=2766Kb free=3070Kb
 bounds [0x0000028cc18e0000, 0x0000028cc1bb0000, 0x0000028cc1e80000]
CodeCache: size=245760Kb, used=29516Kb, max_used=29678Kb, free=216241Kb
 total_blobs=10981, nmethods=10028, adapters=857, full_count=0
Compilation: enabled, stopped_count=0, restarted_count=0

Compilation events (20 events):
Event: 2398.572 Thread 0x0000028d0f0ab870 nmethod 13804 0x0000028cc265c390 code [0x0000028cc265c600, 0x0000028cc265d408]
Event: 2407.673 Thread 0x0000028d0f0b75b0 13805       3       java.lang.System::getProperty (26 bytes)
Event: 2407.674 Thread 0x0000028d0f0b75b0 nmethod 13805 0x0000028cbaa29910 code [0x0000028cbaa29b40, 0x0000028cbaa2a248]
Event: 2408.893 Thread 0x0000028d0f0ab870 13806       4       java.net.Inet6Address$Inet6AddressHolder::isLinkLocalAddress (38 bytes)
Event: 2408.894 Thread 0x0000028d0f0ab870 nmethod 13806 0x0000028cc265dd10 code [0x0000028cc265dea0, 0x0000028cc265df88]
Event: 2434.445 Thread 0x0000028d0f0b75b0 13807       3       org.gradle.internal.component.external.model.AbstractLazyModuleComponentResolveMetadata::populateHierarchy (64 bytes)
Event: 2434.448 Thread 0x0000028d0f0b75b0 nmethod 13807 0x0000028cba450c10 code [0x0000028cba450e40, 0x0000028cba451658]
Event: 2437.030 Thread 0x0000028d0f0b75b0 13808       3       org.gradle.internal.component.external.model.JavaEcosystemVariantDerivationStrategy::derive (162 bytes)
Event: 2437.034 Thread 0x0000028d0f0b75b0 nmethod 13808 0x0000028cbaf8bc10 code [0x0000028cbaf8bfa0, 0x0000028cbaf8d680]
Event: 2437.034 Thread 0x0000028d0f0b75b0 13809       3       org.gradle.internal.component.external.model.maven.DefaultMavenModuleResolveMetadata::createConfiguration (50 bytes)
Event: 2437.035 Thread 0x0000028d0f0b75b0 nmethod 13809 0x0000028cbaf50e10 code [0x0000028cbaf51060, 0x0000028cbaf519e8]
Event: 2437.035 Thread 0x0000028d0f0b75b0 13810       3       org.gradle.internal.component.external.model.JavaEcosystemVariantDerivationStrategy::buildShadowPlatformCapability (47 bytes)
Event: 2437.038 Thread 0x0000028d0f0b75b0 nmethod 13810 0x0000028cbaf8a790 code [0x0000028cbaf8aa20, 0x0000028cbaf8b708]
Event: 2437.038 Thread 0x0000028d0f0b75b0 13811       3       org.gradle.internal.component.external.model.ShadowedImmutableCapability::<init> (57 bytes)
Event: 2437.039 Thread 0x0000028d0f0b75b0 nmethod 13811 0x0000028cbaf6f110 code [0x0000028cbaf6f320, 0x0000028cbaf6fb48]
Event: 2438.536 Thread 0x0000028d0f0ab870 13812       4       java.lang.management.DefaultPlatformMBeanProvider$6::nameToMBeanMap (85 bytes)
Event: 2438.654 Thread 0x0000028d0f0ab870 nmethod 13812 0x0000028cc265e090 code [0x0000028cc265e3e0, 0x0000028cc265ffc0]
Event: 2438.654 Thread 0x0000028d0f0ab870 13813       4       sun.management.ManagementFactoryHelper::getMemoryPoolMXBeans (51 bytes)
Event: 2438.670 Thread 0x0000028d0f0ab870 nmethod 13813 0x0000028cc2661890 code [0x0000028cc2661a60, 0x0000028cc26621d8]
Event: 2438.670 Thread 0x0000028d0f0ab870 13814   !   4       org.gradle.launcher.daemon.server.health.gc.GarbageCollectionCheck::run (213 bytes)

GC Heap History (20 events):
Event: 1418.822 GC heap before
{Heap before GC invocations=53 (full 0):
 garbage-first heap   total 153600K, used 142623K [0x00000000a0000000, 0x0000000100000000)
  region size 1024K, 53 young (54272K), 3 survivors (3072K)
 Metaspace       used 78818K, committed 81088K, reserved 1179648K
  class space    used 11175K, committed 12288K, reserved 1048576K
}
Event: 1418.837 GC heap after
{Heap after GC invocations=54 (full 0):
 garbage-first heap   total 153600K, used 92133K [0x00000000a0000000, 0x0000000100000000)
  region size 1024K, 4 young (4096K), 4 survivors (4096K)
 Metaspace       used 78818K, committed 81088K, reserved 1179648K
  class space    used 11175K, committed 12288K, reserved 1048576K
}
Event: 1502.211 GC heap before
{Heap before GC invocations=54 (full 0):
 garbage-first heap   total 153600K, used 143333K [0x00000000a0000000, 0x0000000100000000)
  region size 1024K, 55 young (56320K), 4 survivors (4096K)
 Metaspace       used 78874K, committed 81152K, reserved 1179648K
  class space    used 11175K, committed 12288K, reserved 1048576K
}
Event: 1502.226 GC heap after
{Heap after GC invocations=55 (full 0):
 garbage-first heap   total 153600K, used 92959K [0x00000000a0000000, 0x0000000100000000)
  region size 1024K, 3 young (3072K), 3 survivors (3072K)
 Metaspace       used 78874K, committed 81152K, reserved 1179648K
  class space    used 11175K, committed 12288K, reserved 1048576K
}
Event: 1639.719 GC heap before
{Heap before GC invocations=56 (full 0):
 garbage-first heap   total 157696K, used 142111K [0x00000000a0000000, 0x0000000100000000)
  region size 1024K, 52 young (53248K), 3 survivors (3072K)
 Metaspace       used 78889K, committed 81152K, reserved 1179648K
  class space    used 11174K, committed 12288K, reserved 1048576K
}
Event: 1639.727 GC heap after
{Heap after GC invocations=57 (full 0):
 garbage-first heap   total 157696K, used 96618K [0x00000000a0000000, 0x0000000100000000)
  region size 1024K, 6 young (6144K), 6 survivors (6144K)
 Metaspace       used 78889K, committed 81152K, reserved 1179648K
  class space    used 11174K, committed 12288K, reserved 1048576K
}
Event: 1641.373 GC heap before
{Heap before GC invocations=57 (full 0):
 garbage-first heap   total 157696K, used 146794K [0x00000000a0000000, 0x0000000100000000)
  region size 1024K, 56 young (57344K), 6 survivors (6144K)
 Metaspace       used 78897K, committed 81152K, reserved 1179648K
  class space    used 11174K, committed 12288K, reserved 1048576K
}
Event: 1641.389 GC heap after
{Heap after GC invocations=58 (full 0):
 garbage-first heap   total 157696K, used 97340K [0x00000000a0000000, 0x0000000100000000)
  region size 1024K, 4 young (4096K), 4 survivors (4096K)
 Metaspace       used 78897K, committed 81152K, reserved 1179648K
  class space    used 11174K, committed 12288K, reserved 1048576K
}
Event: 1657.697 GC heap before
{Heap before GC invocations=58 (full 0):
 garbage-first heap   total 157696K, used 146492K [0x00000000a0000000, 0x0000000100000000)
  region size 1024K, 53 young (54272K), 4 survivors (4096K)
 Metaspace       used 78900K, committed 81152K, reserved 1179648K
  class space    used 11174K, committed 12288K, reserved 1048576K
}
Event: 1657.702 GC heap after
{Heap after GC invocations=59 (full 0):
 garbage-first heap   total 157696K, used 96404K [0x00000000a0000000, 0x0000000100000000)
  region size 1024K, 3 young (3072K), 3 survivors (3072K)
 Metaspace       used 78900K, committed 81152K, reserved 1179648K
  class space    used 11174K, committed 12288K, reserved 1048576K
}
Event: 1957.755 GC heap before
{Heap before GC invocations=60 (full 0):
 garbage-first heap   total 162816K, used 151700K [0x00000000a0000000, 0x0000000100000000)
  region size 1024K, 53 young (54272K), 3 survivors (3072K)
 Metaspace       used 78450K, committed 81152K, reserved 1179648K
  class space    used 11030K, committed 12288K, reserved 1048576K
}
Event: 1957.797 GC heap after
{Heap after GC invocations=61 (full 0):
 garbage-first heap   total 162816K, used 105635K [0x00000000a0000000, 0x0000000100000000)
  region size 1024K, 7 young (7168K), 7 survivors (7168K)
 Metaspace       used 78450K, committed 81152K, reserved 1179648K
  class space    used 11030K, committed 12288K, reserved 1048576K
}
Event: 2041.295 GC heap before
{Heap before GC invocations=61 (full 0):
 garbage-first heap   total 162816K, used 150691K [0x00000000a0000000, 0x0000000100000000)
  region size 1024K, 51 young (52224K), 7 survivors (7168K)
 Metaspace       used 79602K, committed 81664K, reserved 1179648K
  class space    used 11227K, committed 12288K, reserved 1048576K
}
Event: 2041.328 GC heap after
{Heap after GC invocations=62 (full 0):
 garbage-first heap   total 166912K, used 109972K [0x00000000a0000000, 0x0000000100000000)
  region size 1024K, 6 young (6144K), 6 survivors (6144K)
 Metaspace       used 79602K, committed 81664K, reserved 1179648K
  class space    used 11227K, committed 12288K, reserved 1048576K
}
Event: 2120.285 GC heap before
{Heap before GC invocations=62 (full 0):
 garbage-first heap   total 166912K, used 151956K [0x00000000a0000000, 0x0000000100000000)
  region size 1024K, 47 young (48128K), 6 survivors (6144K)
 Metaspace       used 80732K, committed 82816K, reserved 1179648K
  class space    used 11460K, committed 12480K, reserved 1048576K
}
Event: 2120.296 GC heap after
{Heap after GC invocations=63 (full 0):
 garbage-first heap   total 166912K, used 112493K [0x00000000a0000000, 0x0000000100000000)
  region size 1024K, 3 young (3072K), 3 survivors (3072K)
 Metaspace       used 80732K, committed 82816K, reserved 1179648K
  class space    used 11460K, committed 12480K, reserved 1048576K
}
Event: 2222.574 GC heap before
{Heap before GC invocations=64 (full 0):
 garbage-first heap   total 189440K, used 152429K [0x00000000a0000000, 0x0000000100000000)
  region size 1024K, 43 young (44032K), 3 survivors (3072K)
 Metaspace       used 79650K, committed 82816K, reserved 1179648K
  class space    used 11210K, committed 12480K, reserved 1048576K
}
Event: 2222.583 GC heap after
{Heap after GC invocations=65 (full 0):
 garbage-first heap   total 189440K, used 112870K [0x00000000a0000000, 0x0000000100000000)
  region size 1024K, 3 young (3072K), 3 survivors (3072K)
 Metaspace       used 79650K, committed 82816K, reserved 1179648K
  class space    used 11210K, committed 12480K, reserved 1048576K
}
Event: 2363.538 GC heap before
{Heap before GC invocations=65 (full 0):
 garbage-first heap   total 189440K, used 177382K [0x00000000a0000000, 0x0000000100000000)
  region size 1024K, 66 young (67584K), 3 survivors (3072K)
 Metaspace       used 79683K, committed 82816K, reserved 1179648K
  class space    used 11210K, committed 12480K, reserved 1048576K
}
Event: 2363.563 GC heap after
{Heap after GC invocations=66 (full 0):
 garbage-first heap   total 189440K, used 113158K [0x00000000a0000000, 0x0000000100000000)
  region size 1024K, 5 young (5120K), 5 survivors (5120K)
 Metaspace       used 79683K, committed 82816K, reserved 1179648K
  class space    used 11210K, committed 12480K, reserved 1048576K
}

Dll operation events (20 events):
Event: 1.412 Attempting to load shared library C:\Users\Khaing\.vscode\extensions\redhat.java-1.56.0-win32-x64\jre\21.0.12.1-win32-x86_64\bin\nio.dll
Event: 1.435 Loaded shared library C:\Users\Khaing\.vscode\extensions\redhat.java-1.56.0-win32-x64\jre\21.0.12.1-win32-x86_64\bin\nio.dll
Event: 1.595 Attempting to load shared library C:\Users\Khaing\.vscode\extensions\redhat.java-1.56.0-win32-x64\jre\21.0.12.1-win32-x86_64\bin\zip.dll
Event: 1.595 Loaded shared library C:\Users\Khaing\.vscode\extensions\redhat.java-1.56.0-win32-x64\jre\21.0.12.1-win32-x86_64\bin\zip.dll
Event: 55.375 Attempting to load shared library C:\Users\Khaing\.vscode\extensions\redhat.java-1.56.0-win32-x64\jre\21.0.12.1-win32-x86_64\bin\jimage.dll
Event: 55.375 Loaded shared library C:\Users\Khaing\.vscode\extensions\redhat.java-1.56.0-win32-x64\jre\21.0.12.1-win32-x86_64\bin\jimage.dll
Event: 70.388 Attempting to load shared library C:\Users\Khaing\.vscode\extensions\redhat.java-1.56.0-win32-x64\jre\21.0.12.1-win32-x86_64\bin\verify.dll
Event: 70.421 Loaded shared library C:\Users\Khaing\.vscode\extensions\redhat.java-1.56.0-win32-x64\jre\21.0.12.1-win32-x86_64\bin\verify.dll
Event: 71.295 Attempting to load shared library C:\Users\Khaing\.gradle\native\1def1411415f61bf3af743bc5b6707747c0891f09f0c88961ee8f79bc544acac\windows-amd64\native-platform.dll
Event: 71.307 Loaded shared library C:\Users\Khaing\.gradle\native\1def1411415f61bf3af743bc5b6707747c0891f09f0c88961ee8f79bc544acac\windows-amd64\native-platform.dll
Event: 72.066 Attempting to load shared library C:\Users\Khaing\.gradle\native\0.2.7\x86_64-windows-gnu\gradle-fileevents.dll
Event: 72.094 Loaded shared library C:\Users\Khaing\.gradle\native\0.2.7\x86_64-windows-gnu\gradle-fileevents.dll
Event: 135.360 Attempting to load shared library C:\Users\Khaing\.vscode\extensions\redhat.java-1.56.0-win32-x64\jre\21.0.12.1-win32-x86_64\bin\management.dll
Event: 135.377 Loaded shared library C:\Users\Khaing\.vscode\extensions\redhat.java-1.56.0-win32-x64\jre\21.0.12.1-win32-x86_64\bin\management.dll
Event: 135.401 Attempting to load shared library C:\Users\Khaing\.vscode\extensions\redhat.java-1.56.0-win32-x64\jre\21.0.12.1-win32-x86_64\bin\management_ext.dll
Event: 135.426 Loaded shared library C:\Users\Khaing\.vscode\extensions\redhat.java-1.56.0-win32-x64\jre\21.0.12.1-win32-x86_64\bin\management_ext.dll
Event: 136.761 Attempting to load shared library C:\Users\Khaing\.vscode\extensions\redhat.java-1.56.0-win32-x64\jre\21.0.12.1-win32-x86_64\bin\extnet.dll
Event: 136.768 Loaded shared library C:\Users\Khaing\.vscode\extensions\redhat.java-1.56.0-win32-x64\jre\21.0.12.1-win32-x86_64\bin\extnet.dll
Event: 137.745 Attempting to load shared library C:\Users\Khaing\.vscode\extensions\redhat.java-1.56.0-win32-x64\jre\21.0.12.1-win32-x86_64\bin\sunmscapi.dll
Event: 137.790 Loaded shared library C:\Users\Khaing\.vscode\extensions\redhat.java-1.56.0-win32-x64\jre\21.0.12.1-win32-x86_64\bin\sunmscapi.dll

Deoptimization events (20 events):
Event: 2088.372 Thread 0x0000028d14ca5470 Uncommon trap: trap_request=0xffffffde fr.pc=0x0000028cc22c0db4 relative=0x00000000000009b4
Event: 2088.372 Thread 0x0000028d14ca5470 Uncommon trap: reason=class_check action=maybe_recompile pc=0x0000028cc22c0db4 method=com.google.common.collect.Sets$1$1.computeNext()Ljava/lang/Object; @ 16 c2
Event: 2088.372 Thread 0x0000028d14ca5470 DEOPT PACKING pc=0x0000028cc22c0db4 sp=0x000000b1c4af7eb0
Event: 2088.372 Thread 0x0000028d14ca5470 DEOPT UNPACKING pc=0x0000028cc1934422 sp=0x000000b1c4af7dc0 mode 2
Event: 2088.373 Thread 0x0000028d14ca5470 Uncommon trap: trap_request=0xffffffc6 fr.pc=0x0000028cc2303f2c relative=0x00000000000003cc
Event: 2088.373 Thread 0x0000028d14ca5470 Uncommon trap: reason=bimorphic_or_optimized_type_check action=maybe_recompile pc=0x0000028cc2303f2c method=com.google.common.collect.NaturalOrdering.compare(Ljava/lang/Comparable;Ljava/lang/Comparable;)I @ 12 c2
Event: 2088.373 Thread 0x0000028d14ca5470 DEOPT PACKING pc=0x0000028cc2303f2c sp=0x000000b1c4af77e0
Event: 2088.373 Thread 0x0000028d14ca5470 DEOPT UNPACKING pc=0x0000028cc1934422 sp=0x000000b1c4af7708 mode 2
Event: 2174.113 Thread 0x0000028d14ca5470 Uncommon trap: trap_request=0xffffff45 fr.pc=0x0000028cc24a317c relative=0x000000000000037c
Event: 2174.113 Thread 0x0000028d14ca5470 Uncommon trap: reason=unstable_if action=reinterpret pc=0x0000028cc24a317c method=java.util.IdentityHashMap.nextKeyIndex(II)I @ 4 c2
Event: 2174.113 Thread 0x0000028d14ca5470 DEOPT PACKING pc=0x0000028cc24a317c sp=0x000000b1c4af7e80
Event: 2174.113 Thread 0x0000028d14ca5470 DEOPT UNPACKING pc=0x0000028cc1934422 sp=0x000000b1c4af7d28 mode 2
Event: 2261.653 Thread 0x0000028d165f4a80 DEOPT PACKING pc=0x0000028cbac5b68b sp=0x000000b1c50feac0
Event: 2261.653 Thread 0x0000028d165f4a80 DEOPT UNPACKING pc=0x0000028cc1934bc2 sp=0x000000b1c50fe058 mode 0
Event: 2323.772 Thread 0x0000028d14ca5470 Uncommon trap: trap_request=0xffffffc6 fr.pc=0x0000028cc2303f2c relative=0x00000000000003cc
Event: 2323.772 Thread 0x0000028d14ca5470 Uncommon trap: reason=bimorphic_or_optimized_type_check action=maybe_recompile pc=0x0000028cc2303f2c method=com.google.common.collect.NaturalOrdering.compare(Ljava/lang/Comparable;Ljava/lang/Comparable;)I @ 12 c2
Event: 2323.773 Thread 0x0000028d14ca5470 DEOPT PACKING pc=0x0000028cc2303f2c sp=0x000000b1c4af7870
Event: 2323.773 Thread 0x0000028d14ca5470 DEOPT UNPACKING pc=0x0000028cc1934422 sp=0x000000b1c4af7798 mode 2
Event: 2428.079 Thread 0x0000028d165f4a80 DEOPT PACKING pc=0x0000028cbac5b68b sp=0x000000b1c50feac0
Event: 2428.079 Thread 0x0000028d165f4a80 DEOPT UNPACKING pc=0x0000028cc1934bc2 sp=0x000000b1c50fe058 mode 0

Classes loaded (20 events):
Event: 2036.817 Loading class java/util/ArrayListCustomizer
Event: 2036.817 Loading class java/util/ArrayListCustomizer done
Event: 2036.819 Loading class java/util/ArrayListCustomizer
Event: 2036.819 Loading class java/util/ArrayListCustomizer done
Event: 2043.681 Loading class java/util/concurrent/ConcurrentLinkedQueue$Itr
Event: 2043.681 Loading class java/util/concurrent/ConcurrentLinkedQueue$Itr done
Event: 2054.490 Loading class java/util/HashMap$EntrySpliterator
Event: 2054.490 Loading class java/util/HashMap$EntrySpliterator done
Event: 2054.697 Loading class java/nio/file/StandardCopyOption
Event: 2054.697 Loading class java/nio/file/StandardCopyOption done
Event: 2054.697 Loading class sun/nio/fs/WindowsFileCopy
Event: 2054.701 Loading class sun/nio/fs/WindowsFileCopy done
Event: 2056.526 Loading class java/time/Instant$1
Event: 2056.526 Loading class java/time/Instant$1 done
Event: 2058.143 Loading class java/util/concurrent/CompletableFuture$AsyncRun
Event: 2058.144 Loading class java/util/concurrent/CompletableFuture$AsyncRun done
Event: 2081.347 Loading class java/util/concurrent/CompletableFuture$Signaller
Event: 2081.347 Loading class java/util/concurrent/CompletableFuture$Signaller done
Event: 2082.592 Loading class jdk/internal/math/FormattedFPDecimal
Event: 2082.593 Loading class jdk/internal/math/FormattedFPDecimal done

Classes unloaded (20 events):
Event: 2120.562 Thread 0x0000028ccdf57850 Unloading class 0x0000028ccf2cec00 'java/lang/invoke/LambdaForm$MH+0x0000028ccf2cec00'
Event: 2120.562 Thread 0x0000028ccdf57850 Unloading class 0x0000028ccf2ce800 'java/lang/invoke/LambdaForm$MH+0x0000028ccf2ce800'
Event: 2120.562 Thread 0x0000028ccdf57850 Unloading class 0x0000028ccf2c6000 'java/lang/invoke/LambdaForm$MH+0x0000028ccf2c6000'
Event: 2120.562 Thread 0x0000028ccdf57850 Unloading class 0x0000028ccf27d800 'java/lang/invoke/LambdaForm$MH+0x0000028ccf27d800'
Event: 2120.563 Thread 0x0000028ccdf57850 Unloading class 0x0000028ccf27d400 'java/lang/invoke/LambdaForm$BMH+0x0000028ccf27d400'
Event: 2120.563 Thread 0x0000028ccdf57850 Unloading class 0x0000028ccf264400 'java/lang/invoke/LambdaForm$MH+0x0000028ccf264400'
Event: 2120.563 Thread 0x0000028ccdf57850 Unloading class 0x0000028ccf254c00 'java/lang/invoke/LambdaForm$MH+0x0000028ccf254c00'
Event: 2120.563 Thread 0x0000028ccdf57850 Unloading class 0x0000028ccf214800 'java/lang/invoke/LambdaForm$MH+0x0000028ccf214800'
Event: 2120.563 Thread 0x0000028ccdf57850 Unloading class 0x0000028ccf1fc400 'java/lang/invoke/LambdaForm$MH+0x0000028ccf1fc400'
Event: 2120.563 Thread 0x0000028ccdf57850 Unloading class 0x0000028ccf1c9800 'java/lang/invoke/LambdaForm$MH+0x0000028ccf1c9800'
Event: 2120.563 Thread 0x0000028ccdf57850 Unloading class 0x0000028ccf1c9400 'java/lang/invoke/LambdaForm$MH+0x0000028ccf1c9400'
Event: 2120.563 Thread 0x0000028ccdf57850 Unloading class 0x0000028ccf1a1400 'java/lang/invoke/LambdaForm$MH+0x0000028ccf1a1400'
Event: 2120.563 Thread 0x0000028ccdf57850 Unloading class 0x0000028ccf1a0c00 'java/lang/invoke/LambdaForm$MH+0x0000028ccf1a0c00'
Event: 2120.563 Thread 0x0000028ccdf57850 Unloading class 0x0000028ccf1a0800 'java/lang/invoke/LambdaForm$MH+0x0000028ccf1a0800'
Event: 2120.563 Thread 0x0000028ccdf57850 Unloading class 0x0000028ccf16d400 'java/lang/invoke/LambdaForm$MH+0x0000028ccf16d400'
Event: 2120.563 Thread 0x0000028ccdf57850 Unloading class 0x0000028ccf16cc00 'java/lang/invoke/LambdaForm$MH+0x0000028ccf16cc00'
Event: 2120.563 Thread 0x0000028ccdf57850 Unloading class 0x0000028ccf153000 'java/lang/invoke/LambdaForm$MH+0x0000028ccf153000'
Event: 2120.563 Thread 0x0000028ccdf57850 Unloading class 0x0000028ccf0f8400 'java/lang/invoke/LambdaForm$MH+0x0000028ccf0f8400'
Event: 2120.563 Thread 0x0000028ccdf57850 Unloading class 0x0000028ccf0e6c00 'java/lang/invoke/LambdaForm$MH+0x0000028ccf0e6c00'
Event: 2120.563 Thread 0x0000028ccdf57850 Unloading class 0x0000028ccf0e4800 'java/lang/invoke/LambdaForm$MH+0x0000028ccf0e4800'

Classes redefined (0 events):
No events

Internal exceptions (20 events):
Event: 2042.644 Thread 0x0000028d19485a70 Exception <a 'java/lang/ClassNotFoundException'{0x00000000b2169ff0}: org/gradle/api/internal/plugins/DefaultPluginContainerCustomizer> (0x00000000b2169ff0) 
thrown [s\src\hotspot\share\classfile\systemDictionary.cpp, line 313]
Event: 2043.526 Thread 0x0000028d19485a70 Implicit null exception at 0x0000028cc23c00eb to 0x0000028cc23c0238
Event: 2054.480 Thread 0x0000028d14ca5470 Exception <a 'java/lang/NoSuchMethodError'{0x00000000b1d3fa30}: 'void java.lang.invoke.DirectMethodHandle$Holder.invokeInterface(java.lang.Object, java.lang.Object, java.lang.Object, int)'> (0x00000000b1d3fa30) 
thrown [s\src\hotspot\share\interpreter\linkResolver.cpp, line 773]
Event: 2054.480 Thread 0x0000028d14ca5470 Exception <a 'java/lang/IncompatibleClassChangeError'{0x00000000b1d43570}: Found class java.lang.Object, but interface was expected> (0x00000000b1d43570) 
thrown [s\src\hotspot\share\interpreter\linkResolver.cpp, line 840]
Event: 2054.481 Thread 0x0000028d14ca5470 Exception <a 'java/lang/NoSuchMethodError'{0x00000000b1d47968}: 'void java.lang.invoke.DelegatingMethodHandle$Holder.reinvoke_L(java.lang.Object, java.lang.Object, java.lang.Object, int)'> (0x00000000b1d47968) 
thrown [s\src\hotspot\share\interpreter\linkResolver.cpp, line 773]
Event: 2054.489 Thread 0x0000028d14ca5470 Exception <a 'sun/nio/fs/WindowsException'{0x00000000b1d60e90}> (0x00000000b1d60e90) 
thrown [s\src\hotspot\share\prims\jni.cpp, line 520]
Event: 2055.011 Thread 0x0000028d14ca5470 Implicit null exception at 0x0000028cc25b1918 to 0x0000028cc25b1c3b
Event: 2055.012 Thread 0x0000028d14ca5470 Implicit null exception at 0x0000028cc249adac to 0x0000028cc249b012
Event: 2055.230 Thread 0x0000028d14ca5470 Implicit null exception at 0x0000028cc207b79a to 0x0000028cc207b9f8
Event: 2055.804 Thread 0x0000028d14ca5470 Exception <a 'java/lang/IncompatibleClassChangeError'{0x00000000b1a9ab20}: Found class java.lang.Object, but interface was expected> (0x00000000b1a9ab20) 
thrown [s\src\hotspot\share\interpreter\linkResolver.cpp, line 840]
Event: 2056.242 Thread 0x0000028d14ca5470 Implicit null exception at 0x0000028cc24b45c0 to 0x0000028cc24b4620
Event: 2056.243 Thread 0x0000028d14ca5470 Exception <a 'java/lang/IncompatibleClassChangeError'{0x00000000b1acfbd8}: Found class java.lang.Object, but interface was expected> (0x00000000b1acfbd8) 
thrown [s\src\hotspot\share\interpreter\linkResolver.cpp, line 840]
Event: 2056.530 Thread 0x0000028d14ca5470 Implicit null exception at 0x0000028cc2568394 to 0x0000028cc257077c
Event: 2056.530 Thread 0x0000028d14ca5470 Implicit null exception at 0x0000028cc21d2940 to 0x0000028cc21d29a0
Event: 2082.889 Thread 0x0000028d14ca5470 Implicit null exception at 0x0000028cc257b434 to 0x0000028cc2583728
Event: 2084.113 Thread 0x0000028d14ca5470 Exception <a 'java/lang/NoSuchMethodError'{0x00000000a85705f0}: 'java.lang.Object java.lang.invoke.DelegatingMethodHandle$Holder.reinvoke_L(java.lang.Object, java.lang.Object, java.lang.Object, java.lang.Object, java.lang.Object, java.lang.Object, java.lang.Object, java.lang.Object, java.lang.Object, java.lang.Object, java.lang.Object, java.lang.Object, java.lang.Object, java.lang.Object, java.lang.Object, java.lang.Object, java.lang.Object, java.lang.Object, java.lang.Object, java.lang.Object, java.lang.O
Event: 2084.697 Thread 0x0000028d14ca5470 Exception <a 'sun/nio/fs/WindowsException'{0x00000000a824e8f0}> (0x00000000a824e8f0) 
thrown [s\src\hotspot\share\prims\jni.cpp, line 520]
Event: 2084.705 Thread 0x0000028d14ca5470 Exception <a 'sun/nio/fs/WindowsException'{0x00000000a824fdd0}> (0x00000000a824fdd0) 
thrown [s\src\hotspot\share\prims\jni.cpp, line 520]
Event: 2084.716 Thread 0x0000028d14ca5470 Exception <a 'sun/nio/fs/WindowsException'{0x00000000a82512a0}> (0x00000000a82512a0) 
thrown [s\src\hotspot\share\prims\jni.cpp, line 520]
Event: 2084.725 Thread 0x0000028d14ca5470 Exception <a 'sun/nio/fs/WindowsException'{0x00000000a8252760}> (0x00000000a8252760) 
thrown [s\src\hotspot\share\prims\jni.cpp, line 520]

ZGC Phase Switch (0 events):
No events

VM Operations (20 events):
Event: 2284.966 Executing safepoint VM operation: Cleanup
Event: 2284.966 Executing safepoint VM operation: Cleanup done
Event: 2324.182 Executing safepoint VM operation: Cleanup
Event: 2324.182 Executing safepoint VM operation: Cleanup done
Event: 2328.206 Executing safepoint VM operation: Cleanup
Event: 2328.206 Executing safepoint VM operation: Cleanup done
Event: 2329.213 Executing safepoint VM operation: Cleanup
Event: 2329.213 Executing safepoint VM operation: Cleanup done
Event: 2352.334 Executing safepoint VM operation: Cleanup
Event: 2352.334 Executing safepoint VM operation: Cleanup done
Event: 2363.538 Executing safepoint VM operation: G1CollectForAllocation (G1 Evacuation Pause)
Event: 2363.563 Executing safepoint VM operation: G1CollectForAllocation (G1 Evacuation Pause) done
Event: 2380.689 Executing safepoint VM operation: Cleanup
Event: 2380.689 Executing safepoint VM operation: Cleanup done
Event: 2388.721 Executing safepoint VM operation: Cleanup
Event: 2388.721 Executing safepoint VM operation: Cleanup done
Event: 2399.797 Executing safepoint VM operation: Cleanup
Event: 2399.797 Executing safepoint VM operation: Cleanup done
Event: 2409.845 Executing safepoint VM operation: Cleanup
Event: 2409.845 Executing safepoint VM operation: Cleanup done

Memory protections (0 events):
No events

Nmethod flushes (20 events):
Event: 2120.615 Thread 0x0000028ccdf57850 flushing  nmethod 0x0000028cba519790
Event: 2120.615 Thread 0x0000028ccdf57850 flushing  nmethod 0x0000028cba55c610
Event: 2120.615 Thread 0x0000028ccdf57850 flushing  nmethod 0x0000028cba869a90
Event: 2120.615 Thread 0x0000028ccdf57850 flushing  nmethod 0x0000028cba8c5090
Event: 2120.615 Thread 0x0000028ccdf57850 flushing  nmethod 0x0000028cbaa1c410
Event: 2120.615 Thread 0x0000028ccdf57850 flushing  nmethod 0x0000028cbaa1fd90
Event: 2120.615 Thread 0x0000028ccdf57850 flushing  nmethod 0x0000028cbaa20690
Event: 2120.615 Thread 0x0000028ccdf57850 flushing  nmethod 0x0000028cbafcc410
Event: 2120.615 Thread 0x0000028ccdf57850 flushing  nmethod 0x0000028cbb0c2710
Event: 2120.615 Thread 0x0000028ccdf57850 flushing  nmethod 0x0000028cba490710
Event: 2120.615 Thread 0x0000028ccdf57850 flushing  nmethod 0x0000028cbab37290
Event: 2120.615 Thread 0x0000028ccdf57850 flushing  nmethod 0x0000028cbae1c310
Event: 2120.615 Thread 0x0000028ccdf57850 flushing  nmethod 0x0000028cbaf50e10
Event: 2120.615 Thread 0x0000028ccdf57850 flushing  nmethod 0x0000028cbaf87210
Event: 2120.615 Thread 0x0000028ccdf57850 flushing  nmethod 0x0000028cbafe5890
Event: 2120.615 Thread 0x0000028ccdf57850 flushing  nmethod 0x0000028cbb035610
Event: 2120.615 Thread 0x0000028ccdf57850 flushing  nmethod 0x0000028cc251f210
Event: 2120.615 Thread 0x0000028ccdf57850 flushing  nmethod 0x0000028cba43fc10
Event: 2120.615 Thread 0x0000028ccdf57850 flushing  nmethod 0x0000028cba4f8610
Event: 2120.615 Thread 0x0000028ccdf57850 flushing  nmethod 0x0000028cbb243810

Events (20 events):
Event: 2056.720 Thread 0x0000028d14ca6820 Thread exited: 0x0000028d14ca6820
Event: 2056.727 Thread 0x0000028d14ca6190 Thread exited: 0x0000028d14ca6190
Event: 2056.744 Thread 0x0000028d14ca7540 Thread exited: 0x0000028d14ca7540
Event: 2058.146 Thread 0x0000028d1462e060 Thread added: 0x0000028d1904f7d0
Event: 2058.147 Thread 0x0000028d14e5ec90 Thread exited: 0x0000028d14e5ec90
Event: 2058.156 Thread 0x0000028d1462e6d0 Thread exited: 0x0000028d1462e6d0
Event: 2080.715 Thread 0x0000028d1462e060 Thread added: 0x0000028d1904d070
Event: 2081.345 Thread 0x0000028d1462e060 Thread added: 0x0000028d1904fe60
Event: 2081.763 Thread 0x0000028d0f0ab870 Thread added: 0x0000028d17c884c0
Event: 2082.178 Thread 0x0000028d17c884c0 Thread exited: 0x0000028d17c884c0
Event: 2082.590 Thread 0x0000028d14ca5470 Thread added: 0x0000028d1904f140
Event: 2082.598 Thread 0x0000028d14ca5470 Thread added: 0x0000028d1904eab0
Event: 2082.601 Thread 0x0000028d14ca5470 Thread added: 0x0000028d190504f0
Event: 2083.482 Thread 0x0000028d14ca5470 Thread added: 0x0000028d1904e420
Event: 2083.911 Thread 0x0000028d14ca5470 Thread added: 0x0000028d1904d700
Event: 2084.762 Thread 0x0000028d14ca5470 Thread added: 0x0000028d19051210
Event: 2084.997 Thread 0x0000028d14ca5470 Thread added: 0x0000028d1904dd90
Event: 2085.085 Thread 0x0000028d14ca5470 Thread added: 0x0000028d19054000
Event: 2103.843 Thread 0x0000028d19485a70 Thread exited: 0x0000028d19485a70
Event: 2141.801 Thread 0x0000028d1904f7d0 Thread exited: 0x0000028d1904f7d0


Dynamic libraries:
0x00007ff73f560000 - 0x00007ff73f56e000 	C:\Users\Khaing\.vscode\extensions\redhat.java-1.56.0-win32-x64\jre\21.0.12.1-win32-x86_64\bin\java.exe
0x00007ffc138e0000 - 0x00007ffc13b47000 	C:\WINDOWS\SYSTEM32\ntdll.dll
0x00007ffc13060000 - 0x00007ffc1312b000 	C:\WINDOWS\System32\KERNEL32.DLL
0x00007ffc10ca0000 - 0x00007ffc110a2000 	C:\WINDOWS\System32\KERNELBASE.dll
0x00007ffc111e0000 - 0x00007ffc1132c000 	C:\WINDOWS\System32\ucrtbase.dll
0x00007ffbfe620000 - 0x00007ffbfe63e000 	C:\Users\Khaing\.vscode\extensions\redhat.java-1.56.0-win32-x64\jre\21.0.12.1-win32-x86_64\bin\VCRUNTIME140.dll
0x00007ffc07af0000 - 0x00007ffc07b08000 	C:\Users\Khaing\.vscode\extensions\redhat.java-1.56.0-win32-x64\jre\21.0.12.1-win32-x86_64\bin\jli.dll
0x00007ffc12230000 - 0x00007ffc123ff000 	C:\WINDOWS\System32\USER32.dll
0x00007ffc10bc0000 - 0x00007ffc10be7000 	C:\WINDOWS\System32\win32u.dll
0x00007ffc13030000 - 0x00007ffc1305b000 	C:\WINDOWS\System32\GDI32.dll
0x00007ffc110b0000 - 0x00007ffc111d9000 	C:\WINDOWS\System32\gdi32full.dll
0x00007ffc10bf0000 - 0x00007ffc10c93000 	C:\WINDOWS\System32\msvcp_win.dll
0x00007ffbf8a40000 - 0x00007ffbf8cd0000 	C:\WINDOWS\WinSxS\amd64_microsoft.windows.common-controls_6595b64144ccf1df_6.0.26100.9278_none_3e0d1ba8e3303201\COMCTL32.dll
0x00007ffc13430000 - 0x00007ffc134d9000 	C:\WINDOWS\System32\msvcrt.dll
0x00007ffc12dd0000 - 0x00007ffc12e01000 	C:\WINDOWS\System32\IMM32.DLL
0x00007ffc0b3e0000 - 0x00007ffc0b3ec000 	C:\Users\Khaing\.vscode\extensions\redhat.java-1.56.0-win32-x64\jre\21.0.12.1-win32-x86_64\bin\vcruntime140_1.dll
0x00007ffbfe590000 - 0x00007ffbfe61d000 	C:\Users\Khaing\.vscode\extensions\redhat.java-1.56.0-win32-x64\jre\21.0.12.1-win32-x86_64\bin\msvcp140.dll
0x00007ffb90bd0000 - 0x00007ffb91972000 	C:\Users\Khaing\.vscode\extensions\redhat.java-1.56.0-win32-x64\jre\21.0.12.1-win32-x86_64\bin\server\jvm.dll
0x00007ffc134e0000 - 0x00007ffc1359c000 	C:\WINDOWS\System32\ADVAPI32.dll
0x00007ffc11950000 - 0x00007ffc119f9000 	C:\WINDOWS\System32\sechost.dll
0x00007ffc11630000 - 0x00007ffc11748000 	C:\WINDOWS\System32\RPCRT4.dll
0x00007ffc11a00000 - 0x00007ffc11a80000 	C:\WINDOWS\System32\WS2_32.dll
0x00007ffc10990000 - 0x00007ffc109ee000 	C:\WINDOWS\SYSTEM32\POWRPROF.dll
0x00007ffbfe9c0000 - 0x00007ffbfe9f6000 	C:\WINDOWS\SYSTEM32\WINMM.dll
0x00007ffc075a0000 - 0x00007ffc075ab000 	C:\WINDOWS\SYSTEM32\VERSION.dll
0x00007ffc10970000 - 0x00007ffc10985000 	C:\WINDOWS\SYSTEM32\UMPDC.dll
0x00007ffc0f6c0000 - 0x00007ffc0f6db000 	C:\WINDOWS\SYSTEM32\kernel.appcore.dll
0x00007ffc07fc0000 - 0x00007ffc07fca000 	C:\Users\Khaing\.vscode\extensions\redhat.java-1.56.0-win32-x64\jre\21.0.12.1-win32-x86_64\bin\jimage.dll
0x00007ffc0df00000 - 0x00007ffc0e14c000 	C:\WINDOWS\SYSTEM32\DBGHELP.DLL
0x00007ffc125b0000 - 0x00007ffc12935000 	C:\WINDOWS\System32\combase.dll
0x00007ffc13160000 - 0x00007ffc13239000 	C:\WINDOWS\System32\OLEAUT32.dll
0x00007ffbfed90000 - 0x00007ffbfedcb000 	C:\WINDOWS\SYSTEM32\dbgcore.DLL
0x00007ffc113f0000 - 0x00007ffc1149c000 	C:\WINDOWS\System32\bcryptPrimitives.dll
0x00007ffc04680000 - 0x00007ffc0468f000 	C:\Users\Khaing\.vscode\extensions\redhat.java-1.56.0-win32-x64\jre\21.0.12.1-win32-x86_64\bin\instrument.dll
0x00007ffbfe540000 - 0x00007ffbfe560000 	C:\Users\Khaing\.vscode\extensions\redhat.java-1.56.0-win32-x64\jre\21.0.12.1-win32-x86_64\bin\java.dll
0x00007ffc11a90000 - 0x00007ffc12228000 	C:\WINDOWS\System32\SHELL32.dll
0x00007ffc0e260000 - 0x00007ffc0eb0e000 	C:\WINDOWS\SYSTEM32\windows.storage.dll
0x00007ffc135b0000 - 0x00007ffc136ab000 	C:\WINDOWS\System32\SHCORE.dll
0x00007ffc13830000 - 0x00007ffc13896000 	C:\WINDOWS\System32\shlwapi.dll
0x00007ffc10a50000 - 0x00007ffc10a79000 	C:\WINDOWS\SYSTEM32\profapi.dll
0x00007ffbfe350000 - 0x00007ffbfe368000 	C:\Users\Khaing\.vscode\extensions\redhat.java-1.56.0-win32-x64\jre\21.0.12.1-win32-x86_64\bin\zip.dll
0x00007ffc01a10000 - 0x00007ffc01a20000 	C:\Users\Khaing\.vscode\extensions\redhat.java-1.56.0-win32-x64\jre\21.0.12.1-win32-x86_64\bin\net.dll
0x00007ffc0f6e0000 - 0x00007ffc0f80a000 	C:\WINDOWS\SYSTEM32\WINHTTP.dll
0x00007ffc0fd60000 - 0x00007ffc0fdcc000 	C:\WINDOWS\system32\mswsock.dll
0x00007ffbfe330000 - 0x00007ffbfe346000 	C:\Users\Khaing\.vscode\extensions\redhat.java-1.56.0-win32-x64\jre\21.0.12.1-win32-x86_64\bin\nio.dll
0x00007ffbfe4f0000 - 0x00007ffbfe500000 	C:\Users\Khaing\.vscode\extensions\redhat.java-1.56.0-win32-x64\jre\21.0.12.1-win32-x86_64\bin\verify.dll
0x00007ffbe2300000 - 0x00007ffbe2327000 	C:\Users\Khaing\.gradle\native\1def1411415f61bf3af743bc5b6707747c0891f09f0c88961ee8f79bc544acac\windows-amd64\native-platform.dll
0x00007ffbea480000 - 0x00007ffbea4f8000 	C:\Users\Khaing\.gradle\native\0.2.7\x86_64-windows-gnu\gradle-fileevents.dll
0x00007ffc04720000 - 0x00007ffc0472a000 	C:\Users\Khaing\.vscode\extensions\redhat.java-1.56.0-win32-x64\jre\21.0.12.1-win32-x86_64\bin\management.dll
0x00007ffc046a0000 - 0x00007ffc046ac000 	C:\Users\Khaing\.vscode\extensions\redhat.java-1.56.0-win32-x64\jre\21.0.12.1-win32-x86_64\bin\management_ext.dll
0x00007ffc13810000 - 0x00007ffc13818000 	C:\WINDOWS\System32\PSAPI.DLL
0x00007ffc0ee70000 - 0x00007ffc0eea3000 	C:\WINDOWS\SYSTEM32\IPHLPAPI.DLL
0x00007ffc135a0000 - 0x00007ffc135aa000 	C:\WINDOWS\System32\NSI.dll
0x00007ffc0b420000 - 0x00007ffc0b429000 	C:\Users\Khaing\.vscode\extensions\redhat.java-1.56.0-win32-x64\jre\21.0.12.1-win32-x86_64\bin\extnet.dll
0x00007ffc10150000 - 0x00007ffc1016b000 	C:\WINDOWS\SYSTEM32\CRYPTSP.dll
0x00007ffc0f620000 - 0x00007ffc0f659000 	C:\WINDOWS\system32\rsaenh.dll
0x00007ffc0fe00000 - 0x00007ffc0fe34000 	C:\WINDOWS\SYSTEM32\USERENV.dll
0x00007ffc10a20000 - 0x00007ffc10a4a000 	C:\WINDOWS\SYSTEM32\bcrypt.dll
0x00007ffc0ffb0000 - 0x00007ffc0ffbc000 	C:\WINDOWS\SYSTEM32\CRYPTBASE.dll
0x00007ffc012c0000 - 0x00007ffc012ce000 	C:\Users\Khaing\.vscode\extensions\redhat.java-1.56.0-win32-x64\jre\21.0.12.1-win32-x86_64\bin\sunmscapi.dll
0x00007ffc114a0000 - 0x00007ffc1161e000 	C:\WINDOWS\System32\CRYPT32.dll
0x00007ffc102f0000 - 0x00007ffc10320000 	C:\WINDOWS\SYSTEM32\ncrypt.dll
0x00007ffc102a0000 - 0x00007ffc102df000 	C:\WINDOWS\SYSTEM32\NTASN1.dll
0x00007ffbec0f0000 - 0x00007ffbec0f8000 	C:\WINDOWS\system32\wshunix.dll

JVMTI agents:
C:\Users\Khaing\.gradle\wrapper\dists\gradle-8.14.3-all\10utluxaxniiv4wxiphsi49nj\gradle-8.14.3\lib\agents\gradle-instrumentation-agent-8.14.3.jar path:C:\Users\Khaing\.vscode\extensions\redhat.java-1.56.0-win32-x64\jre\21.0.12.1-win32-x86_64\bin\instrument.dll, loaded, initialized, instrumentlib options:none

dbghelp: loaded successfully - version: 4.0.5 - missing functions: none
symbol engine: initialized successfully - sym options: 0x614 - pdb path: .;C:\Users\Khaing\.vscode\extensions\redhat.java-1.56.0-win32-x64\jre\21.0.12.1-win32-x86_64\bin;C:\WINDOWS\SYSTEM32;C:\WINDOWS\WinSxS\amd64_microsoft.windows.common-controls_6595b64144ccf1df_6.0.26100.9278_none_3e0d1ba8e3303201;C:\Users\Khaing\.vscode\extensions\redhat.java-1.56.0-win32-x64\jre\21.0.12.1-win32-x86_64\bin\server;C:\Users\Khaing\.gradle\native\1def1411415f61bf3af743bc5b6707747c0891f09f0c88961ee8f79bc544acac\windows-amd64;C:\Users\Khaing\.gradle\native\0.2.7\x86_64-windows-gnu

VM Arguments:
jvm_args: --add-opens=java.base/java.lang=ALL-UNNAMED --add-opens=java.base/java.lang.invoke=ALL-UNNAMED --add-opens=java.base/java.util=ALL-UNNAMED --add-opens=java.prefs/java.util.prefs=ALL-UNNAMED --add-exports=jdk.compiler/com.sun.tools.javac.api=ALL-UNNAMED --add-exports=jdk.compiler/com.sun.tools.javac.util=ALL-UNNAMED --add-opens=java.base/java.util=ALL-UNNAMED --add-opens=java.prefs/java.util.prefs=ALL-UNNAMED --add-opens=java.base/java.nio.charset=ALL-UNNAMED --add-opens=java.base/java.net=ALL-UNNAMED --add-opens=java.base/java.util.concurrent.atomic=ALL-UNNAMED --add-opens=java.xml/javax.xml.namespace=ALL-UNNAMED -Xmx1536m -Dfile.encoding=UTF-8 -Duser.country=US -Duser.language=en -Duser.variant -javaagent:C:\Users\Khaing\.gradle\wrapper\dists\gradle-8.14.3-all\10utluxaxniiv4wxiphsi49nj\gradle-8.14.3\lib\agents\gradle-instrumentation-agent-8.14.3.jar 
java_command: org.gradle.launcher.daemon.bootstrap.GradleDaemon 8.14.3
java_class_path (initial): C:\Users\Khaing\.gradle\wrapper\dists\gradle-8.14.3-all\10utluxaxniiv4wxiphsi49nj\gradle-8.14.3\lib\gradle-daemon-main-8.14.3.jar
Launcher Type: SUN_STANDARD

[Global flags]
     intx CICompilerCount                          = 4                                         {product} {ergonomic}
     uint ConcGCThreads                            = 2                                         {product} {ergonomic}
     uint G1ConcRefinementThreads                  = 8                                         {product} {ergonomic}
   size_t G1HeapRegionSize                         = 1048576                                   {product} {ergonomic}
    uintx GCDrainStackTargetSize                   = 64                                        {product} {ergonomic}
   size_t InitialHeapSize                          = 402653184                                 {product} {ergonomic}
   size_t MarkStackSize                            = 4194304                                   {product} {ergonomic}
   size_t MaxHeapSize                              = 1610612736                                {product} {command line}
   size_t MaxNewSize                               = 965738496                                 {product} {ergonomic}
   size_t MinHeapDeltaBytes                        = 1048576                                   {product} {ergonomic}
   size_t MinHeapSize                              = 8388608                                   {product} {ergonomic}
    uintx NonNMethodCodeHeapSize                   = 5839372                                {pd product} {ergonomic}
    uintx NonProfiledCodeHeapSize                  = 122909434                              {pd product} {ergonomic}
    uintx ProfiledCodeHeapSize                     = 122909434                              {pd product} {ergonomic}
    uintx ReservedCodeCacheSize                    = 251658240                              {pd product} {ergonomic}
     bool SegmentedCodeCache                       = true                                      {product} {ergonomic}
   size_t SoftMaxHeapSize                          = 1610612736                             {manageable} {ergonomic}
     bool UseCompressedOops                        = true                           {product lp64_product} {ergonomic}
     bool UseG1GC                                  = true                                      {product} {ergonomic}
     bool UseLargePagesIndividualAllocation        = false                                  {pd product} {ergonomic}

Logging:
Log output configuration:
 #0: stdout all=warning uptime,level,tags foldmultilines=false
 #1: stderr all=off uptime,level,tags foldmultilines=false

Release file:
JAVA_VERSION="21.0.12.1" 
MODULES="java.base java.compiler java.datatransfer java.xml java.prefs java.desktop java.instrument java.logging java.management java.security.sasl java.naming java.rmi java.management.rmi java.net.http java.scripting java.security.jgss java.transaction.xa java.sql java.sql.rowset java.xml.crypto java.se java.smartcardio jdk.accessibility jdk.internal.jvmstat jdk.attach jdk.charsets jdk.internal.opt jdk.zipfs jdk.compiler jdk.crypto.ec jdk.crypto.cryptoki jdk.crypto.mscapi jdk.dynalink jdk.internal.ed jdk.editpad jdk.hotspot.agent jdk.httpserver jdk.internal.le jdk.internal.vm.ci jdk.internal.vm.compiler jdk.internal.vm.compiler.management jdk.jartool jdk.javadoc jdk.jcmd jdk.management jdk.management.agent jdk.jconsole jdk.jdeps jdk.jdwp.agent jdk.jdi jdk.jfr jdk.jshell jdk.jsobject jdk.jstatd jdk.localedata jdk.management.jfr jdk.naming.dns jdk.naming.rmi jdk.net jdk.nio.mapmode jdk.random jdk.sctp jdk.security.auth jdk.security.jgss jdk.unsupported jdk.unsupported.desktop jdk.xml.dom" 

Environment Variables:
JAVA_HOME=C:\Program Files\Java\jdk-21.0.10
PATH=C:\Python314\Scripts\;C:\Python314\;C:\Program Files\Common Files\Oracle\Java\javapath;C:\WINDOWS\system32;C:\WINDOWS;C:\WINDOWS\System32\Wbem;C:\WINDOWS\System32\WindowsPowerShell\v1.0\;C:\WINDOWS\System32\OpenSSH\;C:\Program Files\nodejs\;C:\ProgramData\chocolatey\bin;C:\Users\Khaing\Downloads\maven-mvnd-1.0.3-windows-amd64\maven-mvnd-1.0.3-windows-amd64\bin;C:\Program Files\Git\cmd;C:\Users\Khaing\Downloads\gradle-9.3.0-all\gradle-9.3.0\bin;;C:\ProgramData\chocolatey\lib\maven\apache-maven-3.9.15\bin;C:\Program Files\Cloudflare\Cloudflare WARP\;C:\Program Files\GitHub CLI\;C:\WINDOWS\system32;C:\WINDOWS;C:\WINDOWS\System32\Wbem;C:\WINDOWS\System32\WindowsPowerShell\v1.0\;C:\WINDOWS\System32\OpenSSH\;C:\Program Files\Docker\Docker\resources\bin;C:\Users\Khaing\AppData\Local\Microsoft\WindowsApps;C:\Users\Khaing\AppData\Roaming\npm;C:\Users\Khaing\AppData\Local\Programs\Microsoft VS Code\bin;C:\Android\Sdk\platform-tools;C:\Android\Sdk\cmdline-tools\latest\bin;C:\Users\Khaing\AppData\Local\Pandoc\;%USERPROFILE%\AppData\Local\Microsoft\WindowsApps;
USERNAME=Khaing
OS=Windows_NT
PROCESSOR_IDENTIFIER=Intel64 Family 6 Model 142 Stepping 12, GenuineIntel
TMP=C:\Users\Khaing\AppData\Local\Temp
TEMP=C:\Users\Khaing\AppData\Local\Temp




Periodic native trim disabled

---------------  S Y S T E M  ---------------

OS:
 Windows 11 , 64 bit Build 26100 (10.0.26100.9444)
OS uptime: 0 days 3:55 hours
Hyper-V role detected

CPU: total 8 (initial active 8) (4 cores per cpu, 2 threads per core) family 6 model 142 stepping 12 microcode 0xde, cx8, cmov, fxsr, ht, mmx, 3dnowpref, sse, sse2, sse3, ssse3, sse4.1, sse4.2, popcnt, lzcnt, tsc, tscinvbit, avx, avx2, aes, erms, clmul, bmi1, bmi2, adx, fma, vzeroupper, clflush, clflushopt, hv, rdtscp, f16c
Processor Information for the first 8 processors :
  Max Mhz: 1800, Current Mhz: 1600, Mhz Limit: 1584

Memory: 4k page, system-wide physical 24467M (264M free)
TotalPageFile size 51716M (AvailPageFile size 6M)
current process WorkingSet (physical memory assigned to process): 162M, peak: 351M
current process commit charge ("private bytes"): 462M, peak: 548M

vm_info: OpenJDK 64-Bit Server VM (21.0.12.1+1-LTS) for windows-amd64 JRE (21.0.12.1+1-LTS), built on 2026-08-18T00:00:00Z by "admin" with MS VC++ 17.12 (VS2022)

END.
