#
# There is insufficient memory for the Java Runtime Environment to continue.
# Native memory allocation (malloc) failed to allocate 2223952 bytes. Error detail: Chunk::new
# Possible reasons:
#   The system is out of physical RAM or swap space
#   This process is running with CompressedOops enabled, and the Java Heap may be blocking the growth of the native heap
# Possible solutions:
#   Reduce memory load on the system
#   Increase physical memory or swap space
#   Check if swap backing store is full
#   Decrease Java heap size (-Xmx/-Xms)
#   Decrease number of Java threads
#   Decrease Java thread stack sizes (-Xss)
#   Set larger code cache with -XX:ReservedCodeCacheSize=
#   JVM is running with Unscaled Compressed Oops mode in which the Java heap is
#     placed in the first 4GB address space. The Java Heap base address is the
#     maximum limit for the native heap growth. Please use -XX:HeapBaseMinAddress
#     to set the Java Heap base and to place the Java Heap above 4GB virtual address.
# This output file may be truncated or incomplete.
#
#  Out of Memory Error (arena.cpp:168), pid=8360, tid=42268
#
# JRE version: OpenJDK Runtime Environment Temurin-21.0.12.1+1 (21.0.12.1+1) (build 21.0.12.1+1-LTS)
# Java VM: OpenJDK 64-Bit Server VM Temurin-21.0.12.1+1 (21.0.12.1+1-LTS, mixed mode, sharing, tiered, compressed oops, compressed class ptrs, g1 gc, windows-amd64)
# No core dump will be written. Minidumps are not enabled by default on client versions of Windows
#

---------------  S U M M A R Y ------------

Command Line: --add-opens=java.base/java.lang=ALL-UNNAMED --add-opens=java.base/java.lang.invoke=ALL-UNNAMED --add-opens=java.base/java.util=ALL-UNNAMED --add-opens=java.prefs/java.util.prefs=ALL-UNNAMED --add-exports=jdk.compiler/com.sun.tools.javac.api=ALL-UNNAMED --add-exports=jdk.compiler/com.sun.tools.javac.util=ALL-UNNAMED --add-opens=java.base/java.util=ALL-UNNAMED --add-opens=java.prefs/java.util.prefs=ALL-UNNAMED --add-opens=java.base/java.nio.charset=ALL-UNNAMED --add-opens=java.base/java.net=ALL-UNNAMED --add-opens=java.base/java.util.concurrent.atomic=ALL-UNNAMED --add-opens=java.xml/javax.xml.namespace=ALL-UNNAMED -Xmx1536m -Dfile.encoding=UTF-8 -Duser.country=US -Duser.language=en -Duser.variant -javaagent:C:\Users\Khaing\.gradle\wrapper\dists\gradle-8.14.3-all\10utluxaxniiv4wxiphsi49nj\gradle-8.14.3\lib\agents\gradle-instrumentation-agent-8.14.3.jar org.gradle.launcher.daemon.bootstrap.GradleDaemon 8.14.3

Host: Intel(R) Core(TM) i5-8265U CPU @ 1.60GHz, 8 cores, 23G,  Windows 11 , 64 bit Build 26100 (10.0.26100.9444)
Time: Mon Sep 21 12:10:25 2026 Myanmar Standard Time elapsed time: 258.496113 seconds (0d 0h 4m 18s)

---------------  T H R E A D  ---------------

Current thread (0x000001e7cf334540):  JavaThread "C2 CompilerThread0" daemon [_thread_in_native, id=42268, stack(0x000000ac9a400000,0x000000ac9a500000) (1024K)]


Current CompileTask:
C2:258496 6335       4       org.gradle.internal.time.ExponentialBackoff::retryUntil (65 bytes)

Stack: [0x000000ac9a400000,0x000000ac9a500000]
Native frames: (J=compiled Java code, j=interpreted, Vv=VM code, C=native code)
V  [jvm.dll+0x6d83e9]
V  [jvm.dll+0x8b5736]
V  [jvm.dll+0x8b7cee]
V  [jvm.dll+0x8b83d3]
V  [jvm.dll+0x284596]
V  [jvm.dll+0xc685d]
V  [jvm.dll+0xc6da1]
V  [jvm.dll+0x3bf18b]
V  [jvm.dll+0x38b6d2]
V  [jvm.dll+0x38ab1a]
V  [jvm.dll+0x24c700]
V  [jvm.dll+0x24bce0]
V  [jvm.dll+0x1cb4ae]
V  [jvm.dll+0x25baad]
V  [jvm.dll+0x25a03a]
V  [jvm.dll+0x3f8aae]
V  [jvm.dll+0x8600cd]
V  [jvm.dll+0x6d6c1d]
C  [ucrtbase.dll+0x2cd30]
C  [KERNEL32.DLL+0x2cd87]
C  [ntdll.dll+0xacaec]


---------------  P R O C E S S  ---------------

Threads class SMR info:
_java_thread_list=0x000001e81854a2d0, length=40, elements={
0x000001e7b84ce7d0, 0x000001e7cf325480, 0x000001e7cf325fe0, 0x000001e7cf32b690,
0x000001e7cf32cc20, 0x000001e7cf32d900, 0x000001e7cf32e360, 0x000001e7cf334540,
0x000001e7cf35f7b0, 0x000001e7cf579ba0, 0x000001e7cf5b81c0, 0x000001e7cfc16b20,
0x000001e7cfbdd410, 0x000001e8158454d0, 0x000001e8155fab00, 0x000001e81595a2e0,
0x000001e8157fa7d0, 0x000001e8157fb4f0, 0x000001e8157f8700, 0x000001e8157f8d90,
0x000001e8157f9420, 0x000001e8157f8070, 0x000001e8157fae60, 0x000001e8157fa140,
0x000001e8157f9ab0, 0x000001e816f982c0, 0x000001e816f97c30, 0x000001e816f95b60,
0x000001e816f94e40, 0x000001e816f96880, 0x000001e816f98950, 0x000001e816f954d0,
0x000001e816f98fe0, 0x000001e816f99670, 0x000001e816f961f0, 0x000001e816f9a390,
0x000001e816f9aa20, 0x000001e816f9b0b0, 0x000001e816f9bdd0, 0x000001e816f9b740
}

Java Threads: ( => current thread )
  0x000001e7b84ce7d0 JavaThread "main"                              [_thread_blocked, id=37056, stack(0x000000ac99600000,0x000000ac99700000) (1024K)]
  0x000001e7cf325480 JavaThread "Reference Handler"          daemon [_thread_blocked, id=37244, stack(0x000000ac99e00000,0x000000ac99f00000) (1024K)]
  0x000001e7cf325fe0 JavaThread "Finalizer"                  daemon [_thread_blocked, id=3136, stack(0x000000ac99f00000,0x000000ac9a000000) (1024K)]
  0x000001e7cf32b690 JavaThread "Signal Dispatcher"          daemon [_thread_blocked, id=14896, stack(0x000000ac9a000000,0x000000ac9a100000) (1024K)]
  0x000001e7cf32cc20 JavaThread "Attach Listener"            daemon [_thread_blocked, id=7288, stack(0x000000ac9a100000,0x000000ac9a200000) (1024K)]
  0x000001e7cf32d900 JavaThread "Service Thread"             daemon [_thread_blocked, id=45556, stack(0x000000ac9a200000,0x000000ac9a300000) (1024K)]
  0x000001e7cf32e360 JavaThread "Monitor Deflation Thread"   daemon [_thread_blocked, id=24676, stack(0x000000ac9a300000,0x000000ac9a400000) (1024K)]
=>0x000001e7cf334540 JavaThread "C2 CompilerThread0"         daemon [_thread_in_native, id=42268, stack(0x000000ac9a400000,0x000000ac9a500000) (1024K)]
  0x000001e7cf35f7b0 JavaThread "C1 CompilerThread0"         daemon [_thread_blocked, id=43664, stack(0x000000ac9a500000,0x000000ac9a600000) (1024K)]
  0x000001e7cf579ba0 JavaThread "Common-Cleaner"             daemon [_thread_blocked, id=34636, stack(0x000000ac9a600000,0x000000ac9a700000) (1024K)]
  0x000001e7cf5b81c0 JavaThread "Notification Thread"        daemon [_thread_blocked, id=21800, stack(0x000000ac9a700000,0x000000ac9a800000) (1024K)]
  0x000001e7cfc16b20 JavaThread "Daemon health stats"               [_thread_blocked, id=22588, stack(0x000000ac99400000,0x000000ac99500000) (1024K)]
  0x000001e7cfbdd410 JavaThread "Incoming local TCP Connector on port 51098"        [_thread_in_native, id=37384, stack(0x000000ac9af00000,0x000000ac9b000000) (1024K)]
  0x000001e8158454d0 JavaThread "Daemon periodic checks"            [_thread_blocked, id=27480, stack(0x000000ac9b000000,0x000000ac9b100000) (1024K)]
  0x000001e8155fab00 JavaThread "Daemon"                            [_thread_blocked, id=35484, stack(0x000000ac9b100000,0x000000ac9b200000) (1024K)]
  0x000001e81595a2e0 JavaThread "Handler for socket connection from /127.0.0.1:51098 to /127.0.0.1:63636"        [_thread_in_native, id=9272, stack(0x000000ac9b200000,0x000000ac9b300000) (1024K)]
  0x000001e8157fa7d0 JavaThread "Cancel handler"                    [_thread_blocked, id=22328, stack(0x000000ac9b300000,0x000000ac9b400000) (1024K)]
  0x000001e8157fb4f0 JavaThread "Daemon worker"                     [_thread_blocked, id=30064, stack(0x000000ac9b400000,0x000000ac9b500000) (1024K)]
  0x000001e8157f8700 JavaThread "Asynchronous log dispatcher for DefaultDaemonConnection: socket connection from /127.0.0.1:51098 to /127.0.0.1:63636"        [_thread_blocked, id=33188, stack(0x000000ac9b500000,0x000000ac9b600000) (1024K)]
  0x000001e8157f8d90 JavaThread "Stdin handler"                     [_thread_blocked, id=36004, stack(0x000000ac9b600000,0x000000ac9b700000) (1024K)]
  0x000001e8157f9420 JavaThread "Daemon client event forwarder"        [_thread_blocked, id=10984, stack(0x000000ac9b700000,0x000000ac9b800000) (1024K)]
  0x000001e8157f8070 JavaThread "Cache worker for journal cache (C:\Users\Khaing\.gradle\caches\journal-1)"        [_thread_blocked, id=31908, stack(0x000000ac9b800000,0x000000ac9b900000) (1024K)]
  0x000001e8157fae60 JavaThread "File lock request listener"        [_thread_in_native, id=35880, stack(0x000000ac9b900000,0x000000ac9ba00000) (1024K)]
  0x000001e8157fa140 JavaThread "Cache worker for file hash cache (C:\Users\Khaing\.gradle\caches\8.14.3\fileHashes)"        [_thread_blocked, id=40144, stack(0x000000ac9ba00000,0x000000ac9bb00000) (1024K)]
  0x000001e8157f9ab0 JavaThread "File lock release action executor"        [_thread_blocked, id=22508, stack(0x000000ac9bb00000,0x000000ac9bc00000) (1024K)]
  0x000001e816f982c0 JavaThread "Cache worker for file hash cache (C:\Users\Khaing\Projects\MyLittleKayv\android\.gradle\8.14.3\fileHashes)"        [_thread_blocked, id=34992, stack(0x000000ac9bd00000,0x000000ac9be00000) (1024K)]
  0x000001e816f97c30 JavaThread "Cache worker for Build Output Cleanup Cache (C:\Users\Khaing\Projects\MyLittleKayv\android\.gradle\buildOutputCleanup)"        [_thread_blocked, id=28248, stack(0x000000ac9be00000,0x000000ac9bf00000) (1024K)]
  0x000001e816f95b60 JavaThread "File watcher server"        daemon [_thread_in_native, id=26660, stack(0x000000ac9bf00000,0x000000ac9c000000) (1024K)]
  0x000001e816f94e40 JavaThread "File watcher consumer"      daemon [_thread_blocked, id=6952, stack(0x000000ac9c000000,0x000000ac9c100000) (1024K)]
  0x000001e816f96880 JavaThread "jar transforms"                    [_thread_blocked, id=17660, stack(0x000000ac9c100000,0x000000ac9c200000) (1024K)]
  0x000001e816f98950 JavaThread "jar transforms Thread 2"           [_thread_blocked, id=2684, stack(0x000000ac9c200000,0x000000ac9c300000) (1024K)]
  0x000001e816f954d0 JavaThread "Cache worker for checksums cache (C:\Users\Khaing\Projects\MyLittleKayv\android\.gradle\8.14.3\checksums)"        [_thread_blocked, id=26588, stack(0x000000ac9c300000,0x000000ac9c400000) (1024K)]
  0x000001e816f98fe0 JavaThread "Cache worker for file content cache (C:\Users\Khaing\.gradle\caches\8.14.3\fileContent)"        [_thread_blocked, id=20268, stack(0x000000ac9c400000,0x000000ac9c500000) (1024K)]
  0x000001e816f99670 JavaThread "jar transforms Thread 3"           [_thread_blocked, id=10344, stack(0x000000ac9c500000,0x000000ac9c600000) (1024K)]
  0x000001e816f961f0 JavaThread "jar transforms Thread 4"           [_thread_blocked, id=40540, stack(0x000000ac9c600000,0x000000ac9c700000) (1024K)]
  0x000001e816f9a390 JavaThread "jar transforms Thread 5"           [_thread_blocked, id=46460, stack(0x000000ac9c700000,0x000000ac9c800000) (1024K)]
  0x000001e816f9aa20 JavaThread "jar transforms Thread 6"           [_thread_blocked, id=36532, stack(0x000000ac9c800000,0x000000ac9c900000) (1024K)]
  0x000001e816f9b0b0 JavaThread "Cache worker for cache directory md-supplier (C:\Users\Khaing\.gradle\caches\8.14.3\md-supplier)"        [_thread_blocked, id=36132, stack(0x000000ac9c900000,0x000000ac9ca00000) (1024K)]
  0x000001e816f9bdd0 JavaThread "Cache worker for cache directory md-rule (C:\Users\Khaing\.gradle\caches\8.14.3\md-rule)"        [_thread_blocked, id=37824, stack(0x000000ac9ca00000,0x000000ac9cb00000) (1024K)]
  0x000001e816f9b740 JavaThread "jar transforms Thread 7"           [_thread_blocked, id=15672, stack(0x000000ac9cb00000,0x000000ac9cc00000) (1024K)]
Total: 40

Other Threads:
  0x000001e7cf27e740 VMThread "VM Thread"                           [id=48752, stack(0x000000ac99d00000,0x000000ac99e00000) (1024K)]
  0x000001e7cf26ef20 WatcherThread "VM Periodic Task Thread"        [id=23708, stack(0x000000ac99c00000,0x000000ac99d00000) (1024K)]
  0x000001e7b8516d50 WorkerThread "GC Thread#0"                     [id=8556, stack(0x000000ac99700000,0x000000ac99800000) (1024K)]
  0x000001e7cf4946a0 WorkerThread "GC Thread#1"                     [id=44908, stack(0x000000ac9a800000,0x000000ac9a900000) (1024K)]
  0x000001e7cf494a50 WorkerThread "GC Thread#2"                     [id=45584, stack(0x000000ac9a900000,0x000000ac9aa00000) (1024K)]
  0x000001e7cf623be0 WorkerThread "GC Thread#3"                     [id=44212, stack(0x000000ac9aa00000,0x000000ac9ab00000) (1024K)]
  0x000001e7cf6243a0 WorkerThread "GC Thread#4"                     [id=41424, stack(0x000000ac9ab00000,0x000000ac9ac00000) (1024K)]
  0x000001e7cf624750 WorkerThread "GC Thread#5"                     [id=36856, stack(0x000000ac9ac00000,0x000000ac9ad00000) (1024K)]
  0x000001e7cf624b00 WorkerThread "GC Thread#6"                     [id=4208, stack(0x000000ac9ad00000,0x000000ac9ae00000) (1024K)]
  0x000001e7cf67da60 WorkerThread "GC Thread#7"                     [id=43448, stack(0x000000ac9ae00000,0x000000ac9af00000) (1024K)]
  0x000001e7b8523cd0 ConcurrentGCThread "G1 Main Marker"            [id=34144, stack(0x000000ac99800000,0x000000ac99900000) (1024K)]
  0x000001e7b85246f0 WorkerThread "G1 Conc#0"                       [id=19540, stack(0x000000ac99900000,0x000000ac99a00000) (1024K)]
  0x000001e81586dad0 WorkerThread "G1 Conc#1"                       [id=36380, stack(0x000000ac9bc00000,0x000000ac9bd00000) (1024K)]
  0x000001e7cf1c6780 ConcurrentGCThread "G1 Refine#0"               [id=35144, stack(0x000000ac99a00000,0x000000ac99b00000) (1024K)]
  0x000001e7cf1c6e20 ConcurrentGCThread "G1 Service"                [id=30052, stack(0x000000ac99b00000,0x000000ac99c00000) (1024K)]
Total: 15

Threads with active compile tasks:
C2 CompilerThread0  258560 6335       4       org.gradle.internal.time.ExponentialBackoff::retryUntil (65 bytes)
Total: 1

VM state: not at safepoint (normal execution)

VM Mutex/Monitor currently owned by a thread: None

Heap address: 0x00000000a0000000, size: 1536 MB, Compressed Oops mode: 32-bit

CDS archive(s) mapped at: [0x000001e7d0000000-0x000001e7d0ba0000-0x000001e7d0ba0000), size 12189696, SharedBaseAddress: 0x000001e7d0000000, ArchiveRelocationMode: 1.
Compressed class space mapped at: 0x000001e7d1000000-0x000001e811000000, reserved size: 1073741824
Narrow klass base: 0x000001e7d0000000, Narrow klass shift: 0, Narrow klass range: 0x100000000

GC Precious Log:
 CardTable entry size: 512
 Card Set container configuration: InlinePtr #cards 5 size 8 Array Of Cards #cards 12 size 40 Howl #buckets 4 coarsen threshold 1843 Howl Bitmap #cards 512 size 80 coarsen threshold 460 Card regions per heap region 1 cards per card region 2048
 CPUs: 8 total, 8 available
 Memory: 24467M
 Large Page Support: Disabled
 NUMA Support: Disabled
 Compressed Oops: Enabled (32-bit)
 Heap Region Size: 1M
 Heap Min Capacity: 8M
 Heap Initial Capacity: 384M
 Heap Max Capacity: 1536M
 Pre-touch: Disabled
 Parallel Workers: 8
 Concurrent Workers: 2
 Concurrent Refinement Workers: 8
 Periodic GC: Disabled

Heap:
 garbage-first heap   total 81920K, used 60366K [0x00000000a0000000, 0x0000000100000000)
  region size 1024K, 21 young (21504K), 2 survivors (2048K)
 Metaspace       used 48898K, committed 50560K, reserved 1114112K
  class space    used 7070K, committed 7872K, reserved 1048576K

Heap Regions: E=young(eden), S=young(survivor), O=old, HS=humongous(starts), HC=humongous(continues), CS=collection set, F=free, TAMS=top-at-mark-start, PB=parsable bottom
|   0|0x00000000a0000000, 0x00000000a0100000, 0x00000000a0100000|100%|HS|  |TAMS 0x00000000a0000000| PB 0x00000000a0000000| Complete 
|   1|0x00000000a0100000, 0x00000000a0200000, 0x00000000a0200000|100%|HC|  |TAMS 0x00000000a0100000| PB 0x00000000a0100000| Complete 
|   2|0x00000000a0200000, 0x00000000a0300000, 0x00000000a0300000|100%|HC|  |TAMS 0x00000000a0200000| PB 0x00000000a0200000| Complete 
|   3|0x00000000a0300000, 0x00000000a0400000, 0x00000000a0400000|100%| O|  |TAMS 0x00000000a0300000| PB 0x00000000a0300000| Untracked 
|   4|0x00000000a0400000, 0x00000000a0500000, 0x00000000a0500000|100%| O|  |TAMS 0x00000000a0400000| PB 0x00000000a0400000| Untracked 
|   5|0x00000000a0500000, 0x00000000a0600000, 0x00000000a0600000|100%| O|  |TAMS 0x00000000a0500000| PB 0x00000000a0500000| Untracked 
|   6|0x00000000a0600000, 0x00000000a0700000, 0x00000000a0700000|100%|HS|  |TAMS 0x00000000a0600000| PB 0x00000000a0600000| Complete 
|   7|0x00000000a0700000, 0x00000000a0800000, 0x00000000a0800000|100%| O|  |TAMS 0x00000000a0700000| PB 0x00000000a0700000| Untracked 
|   8|0x00000000a0800000, 0x00000000a0900000, 0x00000000a0900000|100%| O|  |TAMS 0x00000000a0800000| PB 0x00000000a0800000| Untracked 
|   9|0x00000000a0900000, 0x00000000a0a00000, 0x00000000a0a00000|100%| O|  |TAMS 0x00000000a0900000| PB 0x00000000a0900000| Untracked 
|  10|0x00000000a0a00000, 0x00000000a0b00000, 0x00000000a0b00000|100%| O|  |TAMS 0x00000000a0a00000| PB 0x00000000a0a00000| Untracked 
|  11|0x00000000a0b00000, 0x00000000a0c00000, 0x00000000a0c00000|100%| O|  |TAMS 0x00000000a0b00000| PB 0x00000000a0b00000| Untracked 
|  12|0x00000000a0c00000, 0x00000000a0d00000, 0x00000000a0d00000|100%| O|  |TAMS 0x00000000a0c00000| PB 0x00000000a0c00000| Untracked 
|  13|0x00000000a0d00000, 0x00000000a0e00000, 0x00000000a0e00000|100%| O|  |TAMS 0x00000000a0d00000| PB 0x00000000a0d00000| Untracked 
|  14|0x00000000a0e00000, 0x00000000a0f00000, 0x00000000a0f00000|100%| O|  |TAMS 0x00000000a0e00000| PB 0x00000000a0e00000| Untracked 
|  15|0x00000000a0f00000, 0x00000000a1000000, 0x00000000a1000000|100%| O|  |TAMS 0x00000000a0f00000| PB 0x00000000a0f00000| Untracked 
|  16|0x00000000a1000000, 0x00000000a1100000, 0x00000000a1100000|100%| O|  |TAMS 0x00000000a1000000| PB 0x00000000a1000000| Untracked 
|  17|0x00000000a1100000, 0x00000000a1200000, 0x00000000a1200000|100%| O|  |TAMS 0x00000000a1100000| PB 0x00000000a1100000| Untracked 
|  18|0x00000000a1200000, 0x00000000a1300000, 0x00000000a1300000|100%| O|  |TAMS 0x00000000a1200000| PB 0x00000000a1200000| Untracked 
|  19|0x00000000a1300000, 0x00000000a1400000, 0x00000000a1400000|100%| O|  |TAMS 0x00000000a1300000| PB 0x00000000a1300000| Untracked 
|  20|0x00000000a1400000, 0x00000000a1500000, 0x00000000a1500000|100%| O|  |TAMS 0x00000000a1400000| PB 0x00000000a1400000| Untracked 
|  21|0x00000000a1500000, 0x00000000a1600000, 0x00000000a1600000|100%| O|  |TAMS 0x00000000a1500000| PB 0x00000000a1500000| Untracked 
|  22|0x00000000a1600000, 0x00000000a1700000, 0x00000000a1700000|100%| O|  |TAMS 0x00000000a1600000| PB 0x00000000a1600000| Untracked 
|  23|0x00000000a1700000, 0x00000000a1800000, 0x00000000a1800000|100%| O|  |TAMS 0x00000000a1700000| PB 0x00000000a1700000| Untracked 
|  24|0x00000000a1800000, 0x00000000a1900000, 0x00000000a1900000|100%| O|  |TAMS 0x00000000a1800000| PB 0x00000000a1800000| Untracked 
|  25|0x00000000a1900000, 0x00000000a1a00000, 0x00000000a1a00000|100%| O|  |TAMS 0x00000000a1900000| PB 0x00000000a1900000| Untracked 
|  26|0x00000000a1a00000, 0x00000000a1b00000, 0x00000000a1b00000|100%| O|Cm|TAMS 0x00000000a1a00000| PB 0x00000000a1a00000| Complete 
|  27|0x00000000a1b00000, 0x00000000a1c00000, 0x00000000a1c00000|100%| O|  |TAMS 0x00000000a1b00000| PB 0x00000000a1b00000| Untracked 
|  28|0x00000000a1c00000, 0x00000000a1d00000, 0x00000000a1d00000|100%| O|  |TAMS 0x00000000a1c00000| PB 0x00000000a1c00000| Untracked 
|  29|0x00000000a1d00000, 0x00000000a1e00000, 0x00000000a1e00000|100%| O|  |TAMS 0x00000000a1d00000| PB 0x00000000a1d00000| Untracked 
|  30|0x00000000a1e00000, 0x00000000a1f00000, 0x00000000a1f00000|100%| O|  |TAMS 0x00000000a1e00000| PB 0x00000000a1e00000| Untracked 
|  31|0x00000000a1f00000, 0x00000000a2000000, 0x00000000a2000000|100%| O|  |TAMS 0x00000000a1f00000| PB 0x00000000a1f00000| Untracked 
|  32|0x00000000a2000000, 0x00000000a2100000, 0x00000000a2100000|100%| O|  |TAMS 0x00000000a2000000| PB 0x00000000a2000000| Untracked 
|  33|0x00000000a2100000, 0x00000000a2200000, 0x00000000a2200000|100%| O|  |TAMS 0x00000000a2100000| PB 0x00000000a2100000| Untracked 
|  34|0x00000000a2200000, 0x00000000a2300000, 0x00000000a2300000|100%| O|  |TAMS 0x00000000a2200000| PB 0x00000000a2200000| Untracked 
|  35|0x00000000a2300000, 0x00000000a2400000, 0x00000000a2400000|100%| O|  |TAMS 0x00000000a2300000| PB 0x00000000a2300000| Untracked 
|  36|0x00000000a2400000, 0x00000000a2500000, 0x00000000a2500000|100%| O|  |TAMS 0x00000000a2400000| PB 0x00000000a2400000| Untracked 
|  37|0x00000000a2500000, 0x00000000a2600000, 0x00000000a2600000|100%| O|  |TAMS 0x00000000a2500000| PB 0x00000000a2500000| Untracked 
|  38|0x00000000a2600000, 0x00000000a26f3ab0, 0x00000000a2700000| 95%| O|  |TAMS 0x00000000a2600000| PB 0x00000000a2600000| Untracked 
|  39|0x00000000a2700000, 0x00000000a2700000, 0x00000000a2800000|  0%| F|  |TAMS 0x00000000a2700000| PB 0x00000000a2700000| Untracked 
|  40|0x00000000a2800000, 0x00000000a2800000, 0x00000000a2900000|  0%| F|  |TAMS 0x00000000a2800000| PB 0x00000000a2800000| Untracked 
|  41|0x00000000a2900000, 0x00000000a2900000, 0x00000000a2a00000|  0%| F|  |TAMS 0x00000000a2900000| PB 0x00000000a2900000| Untracked 
|  42|0x00000000a2a00000, 0x00000000a2a00000, 0x00000000a2b00000|  0%| F|  |TAMS 0x00000000a2a00000| PB 0x00000000a2a00000| Untracked 
|  43|0x00000000a2b00000, 0x00000000a2c00000, 0x00000000a2c00000|100%| S|CS|TAMS 0x00000000a2b00000| PB 0x00000000a2b00000| Complete 
|  44|0x00000000a2c00000, 0x00000000a2d00000, 0x00000000a2d00000|100%| S|CS|TAMS 0x00000000a2c00000| PB 0x00000000a2c00000| Complete 
|  45|0x00000000a2d00000, 0x00000000a2d00000, 0x00000000a2e00000|  0%| F|  |TAMS 0x00000000a2d00000| PB 0x00000000a2d00000| Untracked 
|  46|0x00000000a2e00000, 0x00000000a2e00000, 0x00000000a2f00000|  0%| F|  |TAMS 0x00000000a2e00000| PB 0x00000000a2e00000| Untracked 
|  47|0x00000000a2f00000, 0x00000000a2f00000, 0x00000000a3000000|  0%| F|  |TAMS 0x00000000a2f00000| PB 0x00000000a2f00000| Untracked 
|  48|0x00000000a3000000, 0x00000000a3000000, 0x00000000a3100000|  0%| F|  |TAMS 0x00000000a3000000| PB 0x00000000a3000000| Untracked 
|  49|0x00000000a3100000, 0x00000000a3100000, 0x00000000a3200000|  0%| F|  |TAMS 0x00000000a3100000| PB 0x00000000a3100000| Untracked 
|  50|0x00000000a3200000, 0x00000000a3200000, 0x00000000a3300000|  0%| F|  |TAMS 0x00000000a3200000| PB 0x00000000a3200000| Untracked 
|  51|0x00000000a3300000, 0x00000000a3300000, 0x00000000a3400000|  0%| F|  |TAMS 0x00000000a3300000| PB 0x00000000a3300000| Untracked 
|  52|0x00000000a3400000, 0x00000000a3400000, 0x00000000a3500000|  0%| F|  |TAMS 0x00000000a3400000| PB 0x00000000a3400000| Untracked 
|  53|0x00000000a3500000, 0x00000000a3500000, 0x00000000a3600000|  0%| F|  |TAMS 0x00000000a3500000| PB 0x00000000a3500000| Untracked 
|  54|0x00000000a3600000, 0x00000000a3600000, 0x00000000a3700000|  0%| F|  |TAMS 0x00000000a3600000| PB 0x00000000a3600000| Untracked 
|  55|0x00000000a3700000, 0x00000000a3700000, 0x00000000a3800000|  0%| F|  |TAMS 0x00000000a3700000| PB 0x00000000a3700000| Untracked 
|  56|0x00000000a3800000, 0x00000000a3800000, 0x00000000a3900000|  0%| F|  |TAMS 0x00000000a3800000| PB 0x00000000a3800000| Untracked 
|  57|0x00000000a3900000, 0x00000000a3900000, 0x00000000a3a00000|  0%| F|  |TAMS 0x00000000a3900000| PB 0x00000000a3900000| Untracked 
|  58|0x00000000a3a00000, 0x00000000a3a00000, 0x00000000a3b00000|  0%| F|  |TAMS 0x00000000a3a00000| PB 0x00000000a3a00000| Untracked 
|  59|0x00000000a3b00000, 0x00000000a3b00000, 0x00000000a3c00000|  0%| F|  |TAMS 0x00000000a3b00000| PB 0x00000000a3b00000| Untracked 
|  60|0x00000000a3c00000, 0x00000000a3c00000, 0x00000000a3d00000|  0%| F|  |TAMS 0x00000000a3c00000| PB 0x00000000a3c00000| Untracked 
|  61|0x00000000a3d00000, 0x00000000a3d86890, 0x00000000a3e00000| 52%| E|  |TAMS 0x00000000a3d00000| PB 0x00000000a3d00000| Complete 
|  62|0x00000000a3e00000, 0x00000000a3f00000, 0x00000000a3f00000|100%| E|CS|TAMS 0x00000000a3e00000| PB 0x00000000a3e00000| Complete 
|  63|0x00000000a3f00000, 0x00000000a4000000, 0x00000000a4000000|100%| E|CS|TAMS 0x00000000a3f00000| PB 0x00000000a3f00000| Complete 
|  64|0x00000000a4000000, 0x00000000a4100000, 0x00000000a4100000|100%| E|CS|TAMS 0x00000000a4000000| PB 0x00000000a4000000| Complete 
|  65|0x00000000a4100000, 0x00000000a4200000, 0x00000000a4200000|100%| E|CS|TAMS 0x00000000a4100000| PB 0x00000000a4100000| Complete 
|  66|0x00000000a4200000, 0x00000000a4300000, 0x00000000a4300000|100%| E|CS|TAMS 0x00000000a4200000| PB 0x00000000a4200000| Complete 
| 277|0x00000000b1500000, 0x00000000b1600000, 0x00000000b1600000|100%| E|CS|TAMS 0x00000000b1500000| PB 0x00000000b1500000| Complete 
| 278|0x00000000b1600000, 0x00000000b1700000, 0x00000000b1700000|100%| E|CS|TAMS 0x00000000b1600000| PB 0x00000000b1600000| Complete 
| 279|0x00000000b1700000, 0x00000000b1800000, 0x00000000b1800000|100%| E|CS|TAMS 0x00000000b1700000| PB 0x00000000b1700000| Complete 
| 280|0x00000000b1800000, 0x00000000b1900000, 0x00000000b1900000|100%| E|CS|TAMS 0x00000000b1800000| PB 0x00000000b1800000| Complete 
| 281|0x00000000b1900000, 0x00000000b1a00000, 0x00000000b1a00000|100%| E|CS|TAMS 0x00000000b1900000| PB 0x00000000b1900000| Complete 
| 282|0x00000000b1a00000, 0x00000000b1b00000, 0x00000000b1b00000|100%| E|CS|TAMS 0x00000000b1a00000| PB 0x00000000b1a00000| Complete 
| 283|0x00000000b1b00000, 0x00000000b1c00000, 0x00000000b1c00000|100%| E|CS|TAMS 0x00000000b1b00000| PB 0x00000000b1b00000| Complete 
| 284|0x00000000b1c00000, 0x00000000b1d00000, 0x00000000b1d00000|100%| E|CS|TAMS 0x00000000b1c00000| PB 0x00000000b1c00000| Complete 
| 285|0x00000000b1d00000, 0x00000000b1e00000, 0x00000000b1e00000|100%| E|CS|TAMS 0x00000000b1d00000| PB 0x00000000b1d00000| Complete 
| 286|0x00000000b1e00000, 0x00000000b1f00000, 0x00000000b1f00000|100%| E|CS|TAMS 0x00000000b1e00000| PB 0x00000000b1e00000| Complete 
| 287|0x00000000b1f00000, 0x00000000b2000000, 0x00000000b2000000|100%| E|CS|TAMS 0x00000000b1f00000| PB 0x00000000b1f00000| Complete 
| 288|0x00000000b2000000, 0x00000000b2100000, 0x00000000b2100000|100%| E|CS|TAMS 0x00000000b2000000| PB 0x00000000b2000000| Complete 
| 383|0x00000000b7f00000, 0x00000000b8000000, 0x00000000b8000000|100%| E|CS|TAMS 0x00000000b7f00000| PB 0x00000000b7f00000| Complete 

Card table byte_map: [0x000001e7cad00000,0x000001e7cb000000] _byte_map_base: 0x000001e7ca800000

Marking Bits: (CMBitMap*) 0x000001e7b8517370
 Bits: [0x000001e7cb000000, 0x000001e7cc800000)

Polling page: 0x000001e7b60e0000

Metaspace:

Usage:
  Non-class:     40.85 MB used.
      Class:      6.90 MB used.
       Both:     47.75 MB used.

Virtual space:
  Non-class space:       64.00 MB reserved,      41.69 MB ( 65%) committed,  1 nodes.
      Class space:        1.00 GB reserved,       7.69 MB ( <1%) committed,  1 nodes.
             Both:        1.06 GB reserved,      49.38 MB (  5%) committed. 

Chunk freelists:
   Non-Class:  6.12 MB
       Class:  8.34 MB
        Both:  14.47 MB

MaxMetaspaceSize: unlimited
CompressedClassSpaceSize: 1.00 GB
Initial GC threshold: 21.00 MB
Current GC threshold: 82.31 MB
CDS: on
 - commit_granule_bytes: 65536.
 - commit_granule_words: 8192.
 - virtual_space_node_default_size: 8388608.
 - enlarge_chunks_in_place: 1.
 - use_allocation_guard: 0.


Internal statistics:

num_allocs_failed_limit: 6.
num_arena_births: 3038.
num_arena_deaths: 0.
num_vsnodes_births: 2.
num_vsnodes_deaths: 0.
num_space_committed: 790.
num_space_uncommitted: 0.
num_chunks_returned_to_freelist: 6.
num_chunks_taken_from_freelist: 5371.
num_chunk_merges: 6.
num_chunk_splits: 3480.
num_chunks_enlarged: 2136.
num_inconsistent_stats: 0.

CodeHeap 'non-profiled nmethods': size=120000Kb used=3378Kb max_used=3779Kb free=116622Kb
 bounds [0x000001e7c31a0000, 0x000001e7c3560000, 0x000001e7ca6d0000]
CodeHeap 'profiled nmethods': size=120000Kb used=10557Kb max_used=11002Kb free=109442Kb
 bounds [0x000001e7bb6d0000, 0x000001e7bc190000, 0x000001e7c2c00000]
CodeHeap 'non-nmethods': size=5760Kb used=2593Kb max_used=2650Kb free=3167Kb
 bounds [0x000001e7c2c00000, 0x000001e7c2eb0000, 0x000001e7c31a0000]
CodeCache: size=245760Kb, used=16528Kb, max_used=17431Kb, free=229231Kb
 total_blobs=6439, nmethods=5576, adapters=767, full_count=0
Compilation: enabled, stopped_count=0, restarted_count=0

Compilation events (20 events):
Event: 251.542 Thread 0x000001e7cf334540 nmethod 6325 0x000001e7c3330a90 code [0x000001e7c3330c20, 0x000001e7c3330e10]
Event: 251.676 Thread 0x000001e7cf35f7b0 6326       3       java.util.concurrent.ThreadPoolExecutor$Worker::unlock (7 bytes)
Event: 251.676 Thread 0x000001e7cf35f7b0 nmethod 6326 0x000001e7bba42110 code [0x000001e7bba422e0, 0x000001e7bba42550]
Event: 251.912 Thread 0x000001e7cf334540 6327       4       java.io.DataInputStream::readByte (6 bytes)
Event: 251.913 Thread 0x000001e7cf334540 nmethod 6327 0x000001e7c323ed90 code [0x000001e7c323ef20, 0x000001e7c323eff0]
Event: 251.959 Thread 0x000001e7cf334540 6328   !   4       java.io.RandomAccessFile::length (24 bytes)
Event: 251.962 Thread 0x000001e7cf334540 nmethod 6328 0x000001e7c33ae990 code [0x000001e7c33aeb40, 0x000001e7c33aec88]
Event: 251.971 Thread 0x000001e7cf334540 6329       4       org.gradle.internal.serialize.AbstractDecoder::readBinary (16 bytes)
Event: 251.999 Thread 0x000001e7cf334540 nmethod 6329 0x000001e7c3318890 code [0x000001e7c3318ae0, 0x000001e7c3319458]
Event: 251.999 Thread 0x000001e7cf334540 6330       4       org.gradle.internal.serialize.InputStreamBackedDecoder::readBytes (11 bytes)
Event: 252.002 Thread 0x000001e7cf334540 nmethod 6330 0x000001e7c3318190 code [0x000001e7c3318320, 0x000001e7c3318510]
Event: 252.887 Thread 0x000001e7cf334540 6331  s    4       java.io.ByteArrayInputStream::read (73 bytes)
Event: 252.891 Thread 0x000001e7cf334540 nmethod 6331 0x000001e7c33ae190 code [0x000001e7c33ae340, 0x000001e7c33ae7c8]
Event: 253.277 Thread 0x000001e7cf334540 6332       4       java.io.BufferedInputStream::fill (204 bytes)
Event: 253.285 Thread 0x000001e7cf334540 nmethod 6332 0x000001e7c33ad610 code [0x000001e7c33ad800, 0x000001e7c33adcf0]
Event: 256.751 Thread 0x000001e7cf334540 6333       4       java.util.Optional::isPresent (13 bytes)
Event: 256.752 Thread 0x000001e7cf334540 nmethod 6333 0x000001e7c332f510 code [0x000001e7c332f6a0, 0x000001e7c332f730]
Event: 257.947 Thread 0x000001e7cf334540 6334       4       sun.nio.ch.FileDispatcherImpl::release (8 bytes)
Event: 257.948 Thread 0x000001e7cf334540 nmethod 6334 0x000001e7c332f210 code [0x000001e7c332f3a0, 0x000001e7c332f458]
Event: 257.965 Thread 0x000001e7cf334540 6335       4       org.gradle.internal.time.ExponentialBackoff::retryUntil (65 bytes)

GC Heap History (20 events):
Event: 106.154 GC heap before
{Heap before GC invocations=2 (full 0):
 garbage-first heap   total 393216K, used 66195K [0x00000000a0000000, 0x0000000100000000)
  region size 1024K, 57 young (58368K), 5 survivors (5120K)
 Metaspace       used 5872K, committed 6080K, reserved 1114112K
  class space    used 782K, committed 896K, reserved 1048576K
}
Event: 106.162 GC heap after
{Heap after GC invocations=3 (full 0):
 garbage-first heap   total 393216K, used 18128K [0x00000000a0000000, 0x0000000100000000)
  region size 1024K, 6 young (6144K), 6 survivors (6144K)
 Metaspace       used 5872K, committed 6080K, reserved 1114112K
  class space    used 782K, committed 896K, reserved 1048576K
}
Event: 121.902 GC heap before
{Heap before GC invocations=3 (full 0):
 garbage-first heap   total 393216K, used 108240K [0x00000000a0000000, 0x0000000100000000)
  region size 1024K, 95 young (97280K), 6 survivors (6144K)
 Metaspace       used 20865K, committed 21504K, reserved 1114112K
  class space    used 3067K, committed 3328K, reserved 1048576K
}
Event: 121.913 GC heap after
{Heap after GC invocations=4 (full 0):
 garbage-first heap   total 393216K, used 24428K [0x00000000a0000000, 0x0000000100000000)
  region size 1024K, 12 young (12288K), 12 survivors (12288K)
 Metaspace       used 20865K, committed 21504K, reserved 1114112K
  class space    used 3067K, committed 3328K, reserved 1048576K
}
Event: 125.698 GC heap before
{Heap before GC invocations=5 (full 0):
 garbage-first heap   total 81920K, used 60268K [0x00000000a0000000, 0x0000000100000000)
  region size 1024K, 48 young (49152K), 12 survivors (12288K)
 Metaspace       used 25555K, committed 26432K, reserved 1114112K
  class space    used 3844K, committed 4288K, reserved 1048576K
}
Event: 125.711 GC heap after
{Heap after GC invocations=6 (full 0):
 garbage-first heap   total 81920K, used 26651K [0x00000000a0000000, 0x0000000100000000)
  region size 1024K, 3 young (3072K), 3 survivors (3072K)
 Metaspace       used 25555K, committed 26432K, reserved 1114112K
  class space    used 3844K, committed 4288K, reserved 1048576K
}
Event: 130.439 GC heap before
{Heap before GC invocations=6 (full 0):
 garbage-first heap   total 81920K, used 64539K [0x00000000a0000000, 0x0000000100000000)
  region size 1024K, 41 young (41984K), 3 survivors (3072K)
 Metaspace       used 32717K, committed 33664K, reserved 1114112K
  class space    used 4720K, committed 5184K, reserved 1048576K
}
Event: 130.446 GC heap after
{Heap after GC invocations=7 (full 0):
 garbage-first heap   total 81920K, used 30535K [0x00000000a0000000, 0x0000000100000000)
  region size 1024K, 6 young (6144K), 6 survivors (6144K)
 Metaspace       used 32717K, committed 33664K, reserved 1114112K
  class space    used 4720K, committed 5184K, reserved 1048576K
}
Event: 133.111 GC heap before
{Heap before GC invocations=7 (full 0):
 garbage-first heap   total 81920K, used 68423K [0x00000000a0000000, 0x0000000100000000)
  region size 1024K, 39 young (39936K), 6 survivors (6144K)
 Metaspace       used 35037K, committed 36096K, reserved 1114112K
  class space    used 4974K, committed 5504K, reserved 1048576K
}
Event: 133.118 GC heap after
{Heap after GC invocations=8 (full 0):
 garbage-first heap   total 81920K, used 33106K [0x00000000a0000000, 0x0000000100000000)
  region size 1024K, 4 young (4096K), 4 survivors (4096K)
 Metaspace       used 35037K, committed 36096K, reserved 1114112K
  class space    used 4974K, committed 5504K, reserved 1048576K
}
Event: 137.120 GC heap before
{Heap before GC invocations=9 (full 0):
 garbage-first heap   total 81920K, used 67922K [0x00000000a0000000, 0x0000000100000000)
  region size 1024K, 38 young (38912K), 4 survivors (4096K)
 Metaspace       used 38734K, committed 40000K, reserved 1114112K
  class space    used 5584K, committed 6208K, reserved 1048576K
}
Event: 137.126 GC heap after
{Heap after GC invocations=10 (full 0):
 garbage-first heap   total 81920K, used 35613K [0x00000000a0000000, 0x0000000100000000)
  region size 1024K, 3 young (3072K), 3 survivors (3072K)
 Metaspace       used 38734K, committed 40000K, reserved 1114112K
  class space    used 5584K, committed 6208K, reserved 1048576K
}
Event: 140.394 GC heap before
{Heap before GC invocations=10 (full 0):
 garbage-first heap   total 81920K, used 69405K [0x00000000a0000000, 0x0000000100000000)
  region size 1024K, 36 young (36864K), 3 survivors (3072K)
 Metaspace       used 42556K, committed 44032K, reserved 1114112K
  class space    used 6203K, committed 6912K, reserved 1048576K
}
Event: 140.401 GC heap after
{Heap after GC invocations=11 (full 0):
 garbage-first heap   total 81920K, used 37740K [0x00000000a0000000, 0x0000000100000000)
  region size 1024K, 5 young (5120K), 5 survivors (5120K)
 Metaspace       used 42556K, committed 44032K, reserved 1114112K
  class space    used 6203K, committed 6912K, reserved 1048576K
}
Event: 142.730 GC heap before
{Heap before GC invocations=11 (full 0):
 garbage-first heap   total 81920K, used 72556K [0x00000000a0000000, 0x0000000100000000)
  region size 1024K, 38 young (38912K), 5 survivors (5120K)
 Metaspace       used 45844K, committed 47488K, reserved 1114112K
  class space    used 6631K, committed 7424K, reserved 1048576K
}
Event: 142.737 GC heap after
{Heap after GC invocations=12 (full 0):
 garbage-first heap   total 81920K, used 40300K [0x00000000a0000000, 0x0000000100000000)
  region size 1024K, 5 young (5120K), 5 survivors (5120K)
 Metaspace       used 45844K, committed 47488K, reserved 1114112K
  class space    used 6631K, committed 7424K, reserved 1048576K
}
Event: 159.694 GC heap before
{Heap before GC invocations=12 (full 0):
 garbage-first heap   total 81920K, used 72044K [0x00000000a0000000, 0x0000000100000000)
  region size 1024K, 36 young (36864K), 5 survivors (5120K)
 Metaspace       used 48780K, committed 50432K, reserved 1114112K
  class space    used 7068K, committed 7872K, reserved 1048576K
}
Event: 159.700 GC heap after
{Heap after GC invocations=13 (full 0):
 garbage-first heap   total 81920K, used 41300K [0x00000000a0000000, 0x0000000100000000)
  region size 1024K, 4 young (4096K), 4 survivors (4096K)
 Metaspace       used 48780K, committed 50432K, reserved 1114112K
  class space    used 7068K, committed 7872K, reserved 1048576K
}
Event: 221.626 GC heap before
{Heap before GC invocations=13 (full 0):
 garbage-first heap   total 81920K, used 73044K [0x00000000a0000000, 0x0000000100000000)
  region size 1024K, 35 young (35840K), 4 survivors (4096K)
 Metaspace       used 48888K, committed 50560K, reserved 1114112K
  class space    used 7069K, committed 7872K, reserved 1048576K
}
Event: 221.631 GC heap after
{Heap after GC invocations=14 (full 0):
 garbage-first heap   total 81920K, used 41934K [0x00000000a0000000, 0x0000000100000000)
  region size 1024K, 2 young (2048K), 2 survivors (2048K)
 Metaspace       used 48888K, committed 50560K, reserved 1114112K
  class space    used 7069K, committed 7872K, reserved 1048576K
}

Dll operation events (20 events):
Event: 2.349 Attempting to load shared library C:\Users\Khaing\.vscode\extensions\redhat.java-1.56.0-win32-x64\jre\21.0.12.1-win32-x86_64\bin\nio.dll
Event: 2.396 Loaded shared library C:\Users\Khaing\.vscode\extensions\redhat.java-1.56.0-win32-x64\jre\21.0.12.1-win32-x86_64\bin\nio.dll
Event: 2.499 Attempting to load shared library C:\Users\Khaing\.vscode\extensions\redhat.java-1.56.0-win32-x64\jre\21.0.12.1-win32-x86_64\bin\zip.dll
Event: 2.499 Loaded shared library C:\Users\Khaing\.vscode\extensions\redhat.java-1.56.0-win32-x64\jre\21.0.12.1-win32-x86_64\bin\zip.dll
Event: 32.197 Attempting to load shared library C:\Users\Khaing\.vscode\extensions\redhat.java-1.56.0-win32-x64\jre\21.0.12.1-win32-x86_64\bin\jimage.dll
Event: 32.197 Loaded shared library C:\Users\Khaing\.vscode\extensions\redhat.java-1.56.0-win32-x64\jre\21.0.12.1-win32-x86_64\bin\jimage.dll
Event: 40.915 Attempting to load shared library C:\Users\Khaing\.vscode\extensions\redhat.java-1.56.0-win32-x64\jre\21.0.12.1-win32-x86_64\bin\verify.dll
Event: 40.921 Loaded shared library C:\Users\Khaing\.vscode\extensions\redhat.java-1.56.0-win32-x64\jre\21.0.12.1-win32-x86_64\bin\verify.dll
Event: 41.660 Attempting to load shared library C:\Users\Khaing\.gradle\native\1def1411415f61bf3af743bc5b6707747c0891f09f0c88961ee8f79bc544acac\windows-amd64\native-platform.dll
Event: 41.669 Loaded shared library C:\Users\Khaing\.gradle\native\1def1411415f61bf3af743bc5b6707747c0891f09f0c88961ee8f79bc544acac\windows-amd64\native-platform.dll
Event: 42.188 Attempting to load shared library C:\Users\Khaing\.gradle\native\0.2.7\x86_64-windows-gnu\gradle-fileevents.dll
Event: 42.204 Loaded shared library C:\Users\Khaing\.gradle\native\0.2.7\x86_64-windows-gnu\gradle-fileevents.dll
Event: 106.294 Attempting to load shared library C:\Users\Khaing\.vscode\extensions\redhat.java-1.56.0-win32-x64\jre\21.0.12.1-win32-x86_64\bin\management.dll
Event: 106.353 Loaded shared library C:\Users\Khaing\.vscode\extensions\redhat.java-1.56.0-win32-x64\jre\21.0.12.1-win32-x86_64\bin\management.dll
Event: 106.444 Attempting to load shared library C:\Users\Khaing\.vscode\extensions\redhat.java-1.56.0-win32-x64\jre\21.0.12.1-win32-x86_64\bin\management_ext.dll
Event: 106.469 Loaded shared library C:\Users\Khaing\.vscode\extensions\redhat.java-1.56.0-win32-x64\jre\21.0.12.1-win32-x86_64\bin\management_ext.dll
Event: 109.600 Attempting to load shared library C:\Users\Khaing\.vscode\extensions\redhat.java-1.56.0-win32-x64\jre\21.0.12.1-win32-x86_64\bin\extnet.dll
Event: 109.667 Loaded shared library C:\Users\Khaing\.vscode\extensions\redhat.java-1.56.0-win32-x64\jre\21.0.12.1-win32-x86_64\bin\extnet.dll
Event: 112.048 Attempting to load shared library C:\Users\Khaing\.vscode\extensions\redhat.java-1.56.0-win32-x64\jre\21.0.12.1-win32-x86_64\bin\sunmscapi.dll
Event: 112.135 Loaded shared library C:\Users\Khaing\.vscode\extensions\redhat.java-1.56.0-win32-x64\jre\21.0.12.1-win32-x86_64\bin\sunmscapi.dll

Deoptimization events (20 events):
Event: 147.118 Thread 0x000001e8157fb4f0 DEOPT PACKING pc=0x000001e7c329c03c sp=0x000000ac9b4f79c0
Event: 147.118 Thread 0x000001e8157fb4f0 DEOPT UNPACKING pc=0x000001e7c2c54422 sp=0x000000ac9b4f7960 mode 2
Event: 158.187 Thread 0x000001e8157fb4f0 Uncommon trap: trap_request=0xffffffc6 fr.pc=0x000001e7c341b634 relative=0x0000000000001554
Event: 158.187 Thread 0x000001e8157fb4f0 Uncommon trap: reason=bimorphic_or_optimized_type_check action=maybe_recompile pc=0x000001e7c341b634 method=java.util.concurrent.ConcurrentHashMap.computeIfAbsent(Ljava/lang/Object;Ljava/util/function/Function;)Ljava/lang/Object; @ 241 c2
Event: 158.187 Thread 0x000001e8157fb4f0 DEOPT PACKING pc=0x000001e7c341b634 sp=0x000000ac9b4f7c90
Event: 158.187 Thread 0x000001e8157fb4f0 DEOPT UNPACKING pc=0x000001e7c2c54422 sp=0x000000ac9b4f7c28 mode 2
Event: 158.187 Thread 0x000001e8157fb4f0 Uncommon trap: trap_request=0xffffffc6 fr.pc=0x000001e7c341b634 relative=0x0000000000001554
Event: 158.187 Thread 0x000001e8157fb4f0 Uncommon trap: reason=bimorphic_or_optimized_type_check action=maybe_recompile pc=0x000001e7c341b634 method=java.util.concurrent.ConcurrentHashMap.computeIfAbsent(Ljava/lang/Object;Ljava/util/function/Function;)Ljava/lang/Object; @ 241 c2
Event: 158.187 Thread 0x000001e8157fb4f0 DEOPT PACKING pc=0x000001e7c341b634 sp=0x000000ac9b4f7c90
Event: 158.187 Thread 0x000001e8157fb4f0 DEOPT UNPACKING pc=0x000001e7c2c54422 sp=0x000000ac9b4f7c28 mode 2
Event: 158.187 Thread 0x000001e8157fb4f0 Uncommon trap: trap_request=0xffffffc6 fr.pc=0x000001e7c341b634 relative=0x0000000000001554
Event: 158.187 Thread 0x000001e8157fb4f0 Uncommon trap: reason=bimorphic_or_optimized_type_check action=maybe_recompile pc=0x000001e7c341b634 method=java.util.concurrent.ConcurrentHashMap.computeIfAbsent(Ljava/lang/Object;Ljava/util/function/Function;)Ljava/lang/Object; @ 241 c2
Event: 158.187 Thread 0x000001e8157fb4f0 DEOPT PACKING pc=0x000001e7c341b634 sp=0x000000ac9b4f7c80
Event: 158.187 Thread 0x000001e8157fb4f0 DEOPT UNPACKING pc=0x000001e7c2c54422 sp=0x000000ac9b4f7c18 mode 2
Event: 158.188 Thread 0x000001e8157fb4f0 Uncommon trap: trap_request=0xffffffc6 fr.pc=0x000001e7c341b634 relative=0x0000000000001554
Event: 158.188 Thread 0x000001e8157fb4f0 Uncommon trap: reason=bimorphic_or_optimized_type_check action=maybe_recompile pc=0x000001e7c341b634 method=java.util.concurrent.ConcurrentHashMap.computeIfAbsent(Ljava/lang/Object;Ljava/util/function/Function;)Ljava/lang/Object; @ 241 c2
Event: 158.188 Thread 0x000001e8157fb4f0 DEOPT PACKING pc=0x000001e7c341b634 sp=0x000000ac9b4f7c70
Event: 158.188 Thread 0x000001e8157fb4f0 DEOPT UNPACKING pc=0x000001e7c2c54422 sp=0x000000ac9b4f7c08 mode 2
Event: 204.477 Thread 0x000001e8157fb4f0 DEOPT PACKING pc=0x000001e7bb8761b9 sp=0x000000ac9b4f7630
Event: 204.477 Thread 0x000001e8157fb4f0 DEOPT UNPACKING pc=0x000001e7c2c54bc2 sp=0x000000ac9b4f6b30 mode 0

Classes loaded (20 events):
Event: 140.081 Loading class java/util/PrimitiveIterator$OfInt
Event: 140.081 Loading class java/util/PrimitiveIterator
Event: 140.081 Loading class java/util/PrimitiveIterator done
Event: 140.081 Loading class java/util/PrimitiveIterator$OfInt done
Event: 140.093 Loading class java/util/concurrent/RecursiveAction
Event: 140.093 Loading class java/util/concurrent/RecursiveAction done
Event: 141.763 Loading class java/util/AbstractCollectionBeanInfo
Event: 141.763 Loading class java/util/AbstractCollectionBeanInfo done
Event: 141.764 Loading class java/util/AbstractCollectionBeanInfo
Event: 141.764 Loading class java/util/AbstractCollectionBeanInfo done
Event: 141.764 Loading class java/util/AbstractCollectionCustomizer
Event: 141.764 Loading class java/util/AbstractCollectionCustomizer done
Event: 141.764 Loading class java/util/AbstractCollectionCustomizer
Event: 141.764 Loading class java/util/AbstractCollectionCustomizer done
Event: 141.775 Loading class sun/reflect/generics/reflectiveObjects/GenericArrayTypeImpl
Event: 141.776 Loading class sun/reflect/generics/reflectiveObjects/GenericArrayTypeImpl done
Event: 144.001 Loading class java/io/DeleteOnExitHook
Event: 144.001 Loading class java/io/DeleteOnExitHook done
Event: 144.001 Loading class java/io/DeleteOnExitHook$1
Event: 144.001 Loading class java/io/DeleteOnExitHook$1 done

Classes unloaded (0 events):
No events

Classes redefined (0 events):
No events

Internal exceptions (20 events):
Event: 142.612 Thread 0x000001e8157fb4f0 Exception <a 'java/lang/NoSuchMethodError'{0x00000000a316e820}: 'java.lang.Object java.lang.invoke.DirectMethodHandle$Holder.newInvokeSpecial(java.lang.Object, long)'> (0x00000000a316e820) 
thrown [s\src\hotspot\share\interpreter\linkResolver.cpp, line 773]
Event: 142.634 Thread 0x000001e8157fb4f0 Exception <a 'java/lang/NoSuchMethodError'{0x00000000a31d4b78}: 'java.lang.Object java.lang.invoke.DirectMethodHandle$Holder.newInvokeSpecial(java.lang.Object, java.lang.Object, java.lang.Object, java.lang.Object, java.lang.Object, long, java.lang.Object)'> (0x00000000a31d4b78) 
thrown [s\src\hotspot\share\interpreter\linkResolver.cpp, line 773]
Event: 142.635 Thread 0x000001e8157fb4f0 Exception <a 'java/lang/NoSuchMethodError'{0x00000000a31dd4c0}: 'java.lang.Object java.lang.invoke.Invokers$Holder.linkToTargetMethod(java.lang.Object, java.lang.Object, java.lang.Object, java.lang.Object, long, java.lang.Object, java.lang.Object)'> (0x00000000a31dd4c0) 
thrown [s\src\hotspot\share\interpreter\linkResolver.cpp, line 773]
Event: 142.649 Thread 0x000001e8157fb4f0 Exception <a 'java/lang/NoSuchMethodError'{0x00000000a3023290}: 'java.lang.Object java.lang.invoke.DirectMethodHandle$Holder.newInvokeSpecial(java.lang.Object, java.lang.Object, java.lang.Object, long, java.lang.Object)'> (0x00000000a3023290) 
thrown [s\src\hotspot\share\interpreter\linkResolver.cpp, line 773]
Event: 142.650 Thread 0x000001e8157fb4f0 Exception <a 'java/lang/NoSuchMethodError'{0x00000000a3028370}: 'java.lang.Object java.lang.invoke.DirectMethodHandle$Holder.invokeSpecial(java.lang.Object, java.lang.Object, java.lang.Object, java.lang.Object, long, java.lang.Object)'> (0x00000000a3028370) 
thrown [s\src\hotspot\share\interpreter\linkResolver.cpp, line 773]
Event: 142.651 Thread 0x000001e8157fb4f0 Exception <a 'java/lang/NoSuchMethodError'{0x00000000a302cb20}: 'java.lang.Object java.lang.invoke.Invokers$Holder.linkToTargetMethod(java.lang.Object, java.lang.Object, long, java.lang.Object, java.lang.Object)'> (0x00000000a302cb20) 
thrown [s\src\hotspot\share\interpreter\linkResolver.cpp, line 773]
Event: 142.801 Thread 0x000001e8157fb4f0 Exception <a 'java/lang/NoSuchMethodError'{0x00000000b7f777d0}: 'java.lang.Object java.lang.invoke.DirectMethodHandle$Holder.newInvokeSpecial(java.lang.Object, java.lang.Object, java.lang.Object, java.lang.Object, java.lang.Object, java.lang.Object, java.lang.Object, java.lang.Object, java.lang.Object, java.lang.Object, java.lang.Object, java.lang.Object, java.lang.Object, java.lang.Object, java.lang.Object, java.lang.Object, java.lang.Object, java.lang.Object, java.lang.Object, java.lang.Object, java.lang
Event: 142.803 Thread 0x000001e8157fb4f0 Exception <a 'java/lang/NoSuchMethodError'{0x00000000b7f7f610}: 'java.lang.Object java.lang.invoke.DirectMethodHandle$Holder.invokeSpecial(java.lang.Object, java.lang.Object, java.lang.Object, java.lang.Object, java.lang.Object, java.lang.Object, java.lang.Object, java.lang.Object, java.lang.Object, java.lang.Object, java.lang.Object, java.lang.Object, java.lang.Object, java.lang.Object, java.lang.Object, java.lang.Object, java.lang.Object, java.lang.Object, java.lang.Object, java.lang.Object, java.lang.Ob
Event: 142.808 Thread 0x000001e8157fb4f0 Exception <a 'java/lang/NoSuchMethodError'{0x00000000b7f87088}: 'java.lang.Object java.lang.invoke.DelegatingMethodHandle$Holder.reinvoke_L(java.lang.Object, java.lang.Object, java.lang.Object, java.lang.Object, java.lang.Object, java.lang.Object, java.lang.Object, java.lang.Object, java.lang.Object, java.lang.Object, java.lang.Object, java.lang.Object, java.lang.Object, java.lang.Object, java.lang.Object, java.lang.Object, java.lang.Object, java.lang.Object, java.lang.Object, java.lang.Object, java.lang.O
Event: 143.044 Thread 0x000001e8157fb4f0 Exception <a 'java/lang/ClassNotFoundException'{0x00000000b1eac230}: org/gradle/api/internal/artifacts/dsl/dependencies/DefaultDependencyHandler_DecoratedBeanInfo> (0x00000000b1eac230) 
thrown [s\src\hotspot\share\classfile\systemDictionary.cpp, line 313]
Event: 143.045 Thread 0x000001e8157fb4f0 Exception <a 'java/lang/ClassNotFoundException'{0x00000000b1ec02b0}: org/gradle/api/internal/artifacts/dsl/dependencies/DefaultDependencyHandlerBeanInfo> (0x00000000b1ec02b0) 
thrown [s\src\hotspot\share\classfile\systemDictionary.cpp, line 313]
Event: 143.080 Thread 0x000001e8157fb4f0 Exception <a 'java/lang/ClassNotFoundException'{0x00000000b1ed42f0}: org/gradle/api/internal/artifacts/dsl/dependencies/DefaultDependencyHandlerCustomizer> (0x00000000b1ed42f0) 
thrown [s\src\hotspot\share\classfile\systemDictionary.cpp, line 313]
Event: 143.087 Thread 0x000001e8157fb4f0 Exception <a 'java/lang/ClassNotFoundException'{0x00000000b1d2b9f8}: org/gradle/api/internal/artifacts/dsl/dependencies/DefaultDependencyHandler_DecoratedCustomizer> (0x00000000b1d2b9f8) 
thrown [s\src\hotspot\share\classfile\systemDictionary.cpp, line 313]
Event: 143.334 Thread 0x000001e8157fb4f0 Exception <a 'java/lang/NoSuchMethodError'{0x00000000b1b46010}: 'java.lang.Object java.lang.invoke.DirectMethodHandle$Holder.newInvokeSpecial(java.lang.Object, int, java.lang.Object)'> (0x00000000b1b46010) 
thrown [s\src\hotspot\share\interpreter\linkResolver.cpp, line 773]
Event: 143.697 Thread 0x000001e8157fb4f0 Exception <a 'java/lang/NoSuchMethodError'{0x00000000b16a3aa8}: 'java.lang.Object java.lang.invoke.DirectMethodHandle$Holder.newInvokeSpecial(java.lang.Object, java.lang.Object, java.lang.Object, int)'> (0x00000000b16a3aa8) 
thrown [s\src\hotspot\share\interpreter\linkResolver.cpp, line 773]
Event: 143.697 Thread 0x000001e8157fb4f0 Exception <a 'java/lang/NoSuchMethodError'{0x00000000b16a8080}: 'java.lang.Object java.lang.invoke.Invokers$Holder.linkToTargetMethod(java.lang.Object, java.lang.Object, int, java.lang.Object)'> (0x00000000b16a8080) 
thrown [s\src\hotspot\share\interpreter\linkResolver.cpp, line 773]
Event: 143.830 Thread 0x000001e8157fb4f0 Exception <a 'java/lang/NoSuchMethodError'{0x00000000a417c4e8}: 'java.lang.Object java.lang.invoke.DirectMethodHandle$Holder.invokeSpecial(java.lang.Object, java.lang.Object, long, java.lang.Object, java.lang.Object)'> (0x00000000a417c4e8) 
thrown [s\src\hotspot\share\interpreter\linkResolver.cpp, line 773]
Event: 143.883 Thread 0x000001e8157fb4f0 Exception <a 'java/lang/NoSuchMethodError'{0x00000000a40538a0}: 'java.lang.Object java.lang.invoke.DirectMethodHandle$Holder.newInvokeSpecial(java.lang.Object, java.lang.Object, java.lang.Object, int, java.lang.Object)'> (0x00000000a40538a0) 
thrown [s\src\hotspot\share\interpreter\linkResolver.cpp, line 773]
Event: 143.884 Thread 0x000001e8157fb4f0 Exception <a 'java/lang/NoSuchMethodError'{0x00000000a4057fd8}: 'java.lang.Object java.lang.invoke.Invokers$Holder.linkToTargetMethod(java.lang.Object, java.lang.Object, int, java.lang.Object, java.lang.Object)'> (0x00000000a4057fd8) 
thrown [s\src\hotspot\share\interpreter\linkResolver.cpp, line 773]
Event: 145.834 Thread 0x000001e8157fb4f0 Exception <a 'java/lang/NoSuchMethodError'{0x00000000a3bbd740}: 'int java.lang.invoke.DirectMethodHandle$Holder.invokeSpecialIFC(java.lang.Object, java.lang.Object, java.lang.Object)'> (0x00000000a3bbd740) 
thrown [s\src\hotspot\share\interpreter\linkResolver.cpp, line 773]

ZGC Phase Switch (0 events):
No events

VM Operations (20 events):
Event: 229.786 Executing safepoint VM operation: Cleanup
Event: 229.786 Executing safepoint VM operation: Cleanup done
Event: 230.789 Executing safepoint VM operation: Cleanup
Event: 230.789 Executing safepoint VM operation: Cleanup done
Event: 231.790 Executing safepoint VM operation: Cleanup
Event: 231.790 Executing safepoint VM operation: Cleanup done
Event: 232.794 Executing safepoint VM operation: Cleanup
Event: 232.794 Executing safepoint VM operation: Cleanup done
Event: 238.839 Executing safepoint VM operation: Cleanup
Event: 238.839 Executing safepoint VM operation: Cleanup done
Event: 242.866 Executing safepoint VM operation: Cleanup
Event: 242.866 Executing safepoint VM operation: Cleanup done
Event: 245.881 Executing safepoint VM operation: Cleanup
Event: 245.881 Executing safepoint VM operation: Cleanup done
Event: 246.892 Executing safepoint VM operation: Cleanup
Event: 246.892 Executing safepoint VM operation: Cleanup done
Event: 248.904 Executing safepoint VM operation: Cleanup
Event: 248.904 Executing safepoint VM operation: Cleanup done
Event: 251.916 Executing safepoint VM operation: Cleanup
Event: 251.916 Executing safepoint VM operation: Cleanup done

Memory protections (0 events):
No events

Nmethod flushes (20 events):
Event: 221.697 Thread 0x000001e7cf27e740 flushing  nmethod 0x000001e7bb93fa90
Event: 221.697 Thread 0x000001e7cf27e740 flushing  nmethod 0x000001e7bb942b10
Event: 221.697 Thread 0x000001e7cf27e740 flushing  nmethod 0x000001e7bba42110
Event: 221.697 Thread 0x000001e7cf27e740 flushing  nmethod 0x000001e7bba42d10
Event: 221.697 Thread 0x000001e7cf27e740 flushing  nmethod 0x000001e7bba80a10
Event: 221.697 Thread 0x000001e7cf27e740 flushing  nmethod 0x000001e7bbac6390
Event: 221.697 Thread 0x000001e7cf27e740 flushing  nmethod 0x000001e7bbc55b10
Event: 221.697 Thread 0x000001e7cf27e740 flushing  nmethod 0x000001e7bbd4d990
Event: 221.697 Thread 0x000001e7cf27e740 flushing  nmethod 0x000001e7bbe1f490
Event: 221.697 Thread 0x000001e7cf27e740 flushing  nmethod 0x000001e7bbe53890
Event: 221.697 Thread 0x000001e7cf27e740 flushing  nmethod 0x000001e7bbe54390
Event: 221.697 Thread 0x000001e7cf27e740 flushing  nmethod 0x000001e7bbe54810
Event: 221.697 Thread 0x000001e7cf27e740 flushing  nmethod 0x000001e7bbeb3910
Event: 221.697 Thread 0x000001e7cf27e740 flushing  nmethod 0x000001e7bbeb3d90
Event: 221.697 Thread 0x000001e7cf27e740 flushing  nmethod 0x000001e7bbeb4510
Event: 221.697 Thread 0x000001e7cf27e740 flushing  nmethod 0x000001e7bbebaa10
Event: 221.697 Thread 0x000001e7cf27e740 flushing  nmethod 0x000001e7bbebaf10
Event: 221.697 Thread 0x000001e7cf27e740 flushing  nmethod 0x000001e7bbefb610
Event: 221.697 Thread 0x000001e7cf27e740 flushing  nmethod 0x000001e7bbf01610
Event: 221.697 Thread 0x000001e7cf27e740 flushing  nmethod 0x000001e7bbf02610

Events (20 events):
Event: 112.931 Thread 0x000001e8157fb4f0 Thread added: 0x000001e8157f9420
Event: 116.423 Thread 0x000001e8157fb4f0 Thread added: 0x000001e8157f8070
Event: 116.501 Thread 0x000001e8157fb4f0 Thread added: 0x000001e8157fae60
Event: 116.785 Thread 0x000001e8157fb4f0 Thread added: 0x000001e8157fa140
Event: 117.416 Thread 0x000001e8157fae60 Thread added: 0x000001e8157f9ab0
Event: 122.685 Thread 0x000001e8157fb4f0 Thread added: 0x000001e816f982c0
Event: 122.808 Thread 0x000001e8157fb4f0 Thread added: 0x000001e816f97c30
Event: 124.436 Thread 0x000001e8157fb4f0 Thread added: 0x000001e816f95b60
Event: 124.459 Thread 0x000001e8157fb4f0 Thread added: 0x000001e816f94e40
Event: 126.352 Thread 0x000001e8157fb4f0 Thread added: 0x000001e816f96880
Event: 126.722 Thread 0x000001e8157fb4f0 Thread added: 0x000001e816f98950
Event: 131.574 Thread 0x000001e8157fb4f0 Thread added: 0x000001e816f954d0
Event: 131.706 Thread 0x000001e8157fb4f0 Thread added: 0x000001e816f98fe0
Event: 133.933 Thread 0x000001e8157fb4f0 Thread added: 0x000001e816f99670
Event: 134.386 Thread 0x000001e8157fb4f0 Thread added: 0x000001e816f961f0
Event: 135.266 Thread 0x000001e8157fb4f0 Thread added: 0x000001e816f9a390
Event: 135.368 Thread 0x000001e8157fb4f0 Thread added: 0x000001e816f9aa20
Event: 136.717 Thread 0x000001e8157fb4f0 Thread added: 0x000001e816f9b0b0
Event: 136.959 Thread 0x000001e8157fb4f0 Thread added: 0x000001e816f9bdd0
Event: 141.384 Thread 0x000001e8157fb4f0 Thread added: 0x000001e816f9b740


Dynamic libraries:
0x00007ff73f560000 - 0x00007ff73f56e000 	C:\Users\Khaing\.vscode\extensions\redhat.java-1.56.0-win32-x64\jre\21.0.12.1-win32-x86_64\bin\java.exe
0x00007ffc138e0000 - 0x00007ffc13b47000 	C:\WINDOWS\SYSTEM32\ntdll.dll
0x00007ffc13060000 - 0x00007ffc1312b000 	C:\WINDOWS\System32\KERNEL32.DLL
0x00007ffc10ca0000 - 0x00007ffc110a2000 	C:\WINDOWS\System32\KERNELBASE.dll
0x00007ffc111e0000 - 0x00007ffc1132c000 	C:\WINDOWS\System32\ucrtbase.dll
0x00007ffc07af0000 - 0x00007ffc07b08000 	C:\Users\Khaing\.vscode\extensions\redhat.java-1.56.0-win32-x64\jre\21.0.12.1-win32-x86_64\bin\jli.dll
0x00007ffbfe620000 - 0x00007ffbfe63e000 	C:\Users\Khaing\.vscode\extensions\redhat.java-1.56.0-win32-x64\jre\21.0.12.1-win32-x86_64\bin\VCRUNTIME140.dll
0x00007ffc12230000 - 0x00007ffc123ff000 	C:\WINDOWS\System32\USER32.dll
0x00007ffc10bc0000 - 0x00007ffc10be7000 	C:\WINDOWS\System32\win32u.dll
0x00007ffc13030000 - 0x00007ffc1305b000 	C:\WINDOWS\System32\GDI32.dll
0x00007ffc110b0000 - 0x00007ffc111d9000 	C:\WINDOWS\System32\gdi32full.dll
0x00007ffc10bf0000 - 0x00007ffc10c93000 	C:\WINDOWS\System32\msvcp_win.dll
0x00007ffbf8a40000 - 0x00007ffbf8cd0000 	C:\WINDOWS\WinSxS\amd64_microsoft.windows.common-controls_6595b64144ccf1df_6.0.26100.9278_none_3e0d1ba8e3303201\COMCTL32.dll
0x00007ffc13430000 - 0x00007ffc134d9000 	C:\WINDOWS\System32\msvcrt.dll
0x00007ffc12dd0000 - 0x00007ffc12e01000 	C:\WINDOWS\System32\IMM32.DLL
0x00007ffc0b3e0000 - 0x00007ffc0b3ec000 	C:\Users\Khaing\.vscode\extensions\redhat.java-1.56.0-win32-x64\jre\21.0.12.1-win32-x86_64\bin\vcruntime140_1.dll
0x00007ffbfe590000 - 0x00007ffbfe61d000 	C:\Users\Khaing\.vscode\extensions\redhat.java-1.56.0-win32-x64\jre\21.0.12.1-win32-x86_64\bin\msvcp140.dll
0x00007ffb90bd0000 - 0x00007ffb91972000 	C:\Users\Khaing\.vscode\extensions\redhat.java-1.56.0-win32-x64\jre\21.0.12.1-win32-x86_64\bin\server\jvm.dll
0x00007ffc134e0000 - 0x00007ffc1359c000 	C:\WINDOWS\System32\ADVAPI32.dll
0x00007ffc11950000 - 0x00007ffc119f9000 	C:\WINDOWS\System32\sechost.dll
0x00007ffc11630000 - 0x00007ffc11748000 	C:\WINDOWS\System32\RPCRT4.dll
0x00007ffc11a00000 - 0x00007ffc11a80000 	C:\WINDOWS\System32\WS2_32.dll
0x00007ffc10990000 - 0x00007ffc109ee000 	C:\WINDOWS\SYSTEM32\POWRPROF.dll
0x00007ffbfe9c0000 - 0x00007ffbfe9f6000 	C:\WINDOWS\SYSTEM32\WINMM.dll
0x00007ffc075a0000 - 0x00007ffc075ab000 	C:\WINDOWS\SYSTEM32\VERSION.dll
0x00007ffc10970000 - 0x00007ffc10985000 	C:\WINDOWS\SYSTEM32\UMPDC.dll
0x00007ffc0f6c0000 - 0x00007ffc0f6db000 	C:\WINDOWS\SYSTEM32\kernel.appcore.dll
0x00007ffc07fc0000 - 0x00007ffc07fca000 	C:\Users\Khaing\.vscode\extensions\redhat.java-1.56.0-win32-x64\jre\21.0.12.1-win32-x86_64\bin\jimage.dll
0x00007ffc0df00000 - 0x00007ffc0e14c000 	C:\WINDOWS\SYSTEM32\DBGHELP.DLL
0x00007ffc125b0000 - 0x00007ffc12935000 	C:\WINDOWS\System32\combase.dll
0x00007ffc13160000 - 0x00007ffc13239000 	C:\WINDOWS\System32\OLEAUT32.dll
0x00007ffbfed90000 - 0x00007ffbfedcb000 	C:\WINDOWS\SYSTEM32\dbgcore.DLL
0x00007ffc113f0000 - 0x00007ffc1149c000 	C:\WINDOWS\System32\bcryptPrimitives.dll
0x00007ffc04680000 - 0x00007ffc0468f000 	C:\Users\Khaing\.vscode\extensions\redhat.java-1.56.0-win32-x64\jre\21.0.12.1-win32-x86_64\bin\instrument.dll
0x00007ffbfe540000 - 0x00007ffbfe560000 	C:\Users\Khaing\.vscode\extensions\redhat.java-1.56.0-win32-x64\jre\21.0.12.1-win32-x86_64\bin\java.dll
0x00007ffc11a90000 - 0x00007ffc12228000 	C:\WINDOWS\System32\SHELL32.dll
0x00007ffc0e260000 - 0x00007ffc0eb0e000 	C:\WINDOWS\SYSTEM32\windows.storage.dll
0x00007ffc135b0000 - 0x00007ffc136ab000 	C:\WINDOWS\System32\SHCORE.dll
0x00007ffc13830000 - 0x00007ffc13896000 	C:\WINDOWS\System32\shlwapi.dll
0x00007ffc10a50000 - 0x00007ffc10a79000 	C:\WINDOWS\SYSTEM32\profapi.dll
0x00007ffbfe350000 - 0x00007ffbfe368000 	C:\Users\Khaing\.vscode\extensions\redhat.java-1.56.0-win32-x64\jre\21.0.12.1-win32-x86_64\bin\zip.dll
0x00007ffc01a10000 - 0x00007ffc01a20000 	C:\Users\Khaing\.vscode\extensions\redhat.java-1.56.0-win32-x64\jre\21.0.12.1-win32-x86_64\bin\net.dll
0x00007ffc0f6e0000 - 0x00007ffc0f80a000 	C:\WINDOWS\SYSTEM32\WINHTTP.dll
0x00007ffc0fd60000 - 0x00007ffc0fdcc000 	C:\WINDOWS\system32\mswsock.dll
0x00007ffbfe330000 - 0x00007ffbfe346000 	C:\Users\Khaing\.vscode\extensions\redhat.java-1.56.0-win32-x64\jre\21.0.12.1-win32-x86_64\bin\nio.dll
0x00007ffbfe4f0000 - 0x00007ffbfe500000 	C:\Users\Khaing\.vscode\extensions\redhat.java-1.56.0-win32-x64\jre\21.0.12.1-win32-x86_64\bin\verify.dll
0x00007ffbe2300000 - 0x00007ffbe2327000 	C:\Users\Khaing\.gradle\native\1def1411415f61bf3af743bc5b6707747c0891f09f0c88961ee8f79bc544acac\windows-amd64\native-platform.dll
0x00007ffbea480000 - 0x00007ffbea4f8000 	C:\Users\Khaing\.gradle\native\0.2.7\x86_64-windows-gnu\gradle-fileevents.dll
0x00007ffc04720000 - 0x00007ffc0472a000 	C:\Users\Khaing\.vscode\extensions\redhat.java-1.56.0-win32-x64\jre\21.0.12.1-win32-x86_64\bin\management.dll
0x00007ffc046a0000 - 0x00007ffc046ac000 	C:\Users\Khaing\.vscode\extensions\redhat.java-1.56.0-win32-x64\jre\21.0.12.1-win32-x86_64\bin\management_ext.dll
0x00007ffc13810000 - 0x00007ffc13818000 	C:\WINDOWS\System32\PSAPI.DLL
0x00007ffc0ee70000 - 0x00007ffc0eea3000 	C:\WINDOWS\SYSTEM32\IPHLPAPI.DLL
0x00007ffc135a0000 - 0x00007ffc135aa000 	C:\WINDOWS\System32\NSI.dll
0x00007ffc0b420000 - 0x00007ffc0b429000 	C:\Users\Khaing\.vscode\extensions\redhat.java-1.56.0-win32-x64\jre\21.0.12.1-win32-x86_64\bin\extnet.dll
0x00007ffc10150000 - 0x00007ffc1016b000 	C:\WINDOWS\SYSTEM32\CRYPTSP.dll
0x00007ffc0f620000 - 0x00007ffc0f659000 	C:\WINDOWS\system32\rsaenh.dll
0x00007ffc0fe00000 - 0x00007ffc0fe34000 	C:\WINDOWS\SYSTEM32\USERENV.dll
0x00007ffc10a20000 - 0x00007ffc10a4a000 	C:\WINDOWS\SYSTEM32\bcrypt.dll
0x00007ffc0ffb0000 - 0x00007ffc0ffbc000 	C:\WINDOWS\SYSTEM32\CRYPTBASE.dll
0x00007ffc012c0000 - 0x00007ffc012ce000 	C:\Users\Khaing\.vscode\extensions\redhat.java-1.56.0-win32-x64\jre\21.0.12.1-win32-x86_64\bin\sunmscapi.dll
0x00007ffc114a0000 - 0x00007ffc1161e000 	C:\WINDOWS\System32\CRYPT32.dll
0x00007ffc102f0000 - 0x00007ffc10320000 	C:\WINDOWS\SYSTEM32\ncrypt.dll
0x00007ffc102a0000 - 0x00007ffc102df000 	C:\WINDOWS\SYSTEM32\NTASN1.dll
0x00007ffbec0f0000 - 0x00007ffbec0f8000 	C:\WINDOWS\system32\wshunix.dll

JVMTI agents:
C:\Users\Khaing\.gradle\wrapper\dists\gradle-8.14.3-all\10utluxaxniiv4wxiphsi49nj\gradle-8.14.3\lib\agents\gradle-instrumentation-agent-8.14.3.jar path:C:\Users\Khaing\.vscode\extensions\redhat.java-1.56.0-win32-x64\jre\21.0.12.1-win32-x86_64\bin\instrument.dll, loaded, initialized, instrumentlib options:none

dbghelp: loaded successfully - version: 4.0.5 - missing functions: none
symbol engine: initialized successfully - sym options: 0x614 - pdb path: .;C:\Users\Khaing\.vscode\extensions\redhat.java-1.56.0-win32-x64\jre\21.0.12.1-win32-x86_64\bin;C:\WINDOWS\SYSTEM32;C:\WINDOWS\WinSxS\amd64_microsoft.windows.common-controls_6595b64144ccf1df_6.0.26100.9278_none_3e0d1ba8e3303201;C:\Users\Khaing\.vscode\extensions\redhat.java-1.56.0-win32-x64\jre\21.0.12.1-win32-x86_64\bin\server;C:\Users\Khaing\.gradle\native\1def1411415f61bf3af743bc5b6707747c0891f09f0c88961ee8f79bc544acac\windows-amd64;C:\Users\Khaing\.gradle\native\0.2.7\x86_64-windows-gnu

VM Arguments:
jvm_args: --add-opens=java.base/java.lang=ALL-UNNAMED --add-opens=java.base/java.lang.invoke=ALL-UNNAMED --add-opens=java.base/java.util=ALL-UNNAMED --add-opens=java.prefs/java.util.prefs=ALL-UNNAMED --add-exports=jdk.compiler/com.sun.tools.javac.api=ALL-UNNAMED --add-exports=jdk.compiler/com.sun.tools.javac.util=ALL-UNNAMED --add-opens=java.base/java.util=ALL-UNNAMED --add-opens=java.prefs/java.util.prefs=ALL-UNNAMED --add-opens=java.base/java.nio.charset=ALL-UNNAMED --add-opens=java.base/java.net=ALL-UNNAMED --add-opens=java.base/java.util.concurrent.atomic=ALL-UNNAMED --add-opens=java.xml/javax.xml.namespace=ALL-UNNAMED -Xmx1536m -Dfile.encoding=UTF-8 -Duser.country=US -Duser.language=en -Duser.variant -javaagent:C:\Users\Khaing\.gradle\wrapper\dists\gradle-8.14.3-all\10utluxaxniiv4wxiphsi49nj\gradle-8.14.3\lib\agents\gradle-instrumentation-agent-8.14.3.jar 
java_command: org.gradle.launcher.daemon.bootstrap.GradleDaemon 8.14.3
java_class_path (initial): C:\Users\Khaing\.gradle\wrapper\dists\gradle-8.14.3-all\10utluxaxniiv4wxiphsi49nj\gradle-8.14.3\lib\gradle-daemon-main-8.14.3.jar
Launcher Type: SUN_STANDARD

[Global flags]
     intx CICompilerCount                          = 4                                         {product} {ergonomic}
     uint ConcGCThreads                            = 2                                         {product} {ergonomic}
     uint G1ConcRefinementThreads                  = 8                                         {product} {ergonomic}
   size_t G1HeapRegionSize                         = 1048576                                   {product} {ergonomic}
    uintx GCDrainStackTargetSize                   = 64                                        {product} {ergonomic}
   size_t InitialHeapSize                          = 402653184                                 {product} {ergonomic}
   size_t MarkStackSize                            = 4194304                                   {product} {ergonomic}
   size_t MaxHeapSize                              = 1610612736                                {product} {command line}
   size_t MaxNewSize                               = 965738496                                 {product} {ergonomic}
   size_t MinHeapDeltaBytes                        = 1048576                                   {product} {ergonomic}
   size_t MinHeapSize                              = 8388608                                   {product} {ergonomic}
    uintx NonNMethodCodeHeapSize                   = 5839372                                {pd product} {ergonomic}
    uintx NonProfiledCodeHeapSize                  = 122909434                              {pd product} {ergonomic}
    uintx ProfiledCodeHeapSize                     = 122909434                              {pd product} {ergonomic}
    uintx ReservedCodeCacheSize                    = 251658240                              {pd product} {ergonomic}
     bool SegmentedCodeCache                       = true                                      {product} {ergonomic}
   size_t SoftMaxHeapSize                          = 1610612736                             {manageable} {ergonomic}
     bool UseCompressedOops                        = true                           {product lp64_product} {ergonomic}
     bool UseG1GC                                  = true                                      {product} {ergonomic}
     bool UseLargePagesIndividualAllocation        = false                                  {pd product} {ergonomic}

Logging:
Log output configuration:
 #0: stdout all=warning uptime,level,tags foldmultilines=false
 #1: stderr all=off uptime,level,tags foldmultilines=false

Release file:
JAVA_VERSION="21.0.12.1" 
MODULES="java.base java.compiler java.datatransfer java.xml java.prefs java.desktop java.instrument java.logging java.management java.security.sasl java.naming java.rmi java.management.rmi java.net.http java.scripting java.security.jgss java.transaction.xa java.sql java.sql.rowset java.xml.crypto java.se java.smartcardio jdk.accessibility jdk.internal.jvmstat jdk.attach jdk.charsets jdk.internal.opt jdk.zipfs jdk.compiler jdk.crypto.ec jdk.crypto.cryptoki jdk.crypto.mscapi jdk.dynalink jdk.internal.ed jdk.editpad jdk.hotspot.agent jdk.httpserver jdk.internal.le jdk.internal.vm.ci jdk.internal.vm.compiler jdk.internal.vm.compiler.management jdk.jartool jdk.javadoc jdk.jcmd jdk.management jdk.management.agent jdk.jconsole jdk.jdeps jdk.jdwp.agent jdk.jdi jdk.jfr jdk.jshell jdk.jsobject jdk.jstatd jdk.localedata jdk.management.jfr jdk.naming.dns jdk.naming.rmi jdk.net jdk.nio.mapmode jdk.random jdk.sctp jdk.security.auth jdk.security.jgss jdk.unsupported jdk.unsupported.desktop jdk.xml.dom" 

Environment Variables:
JAVA_HOME=C:\Program Files\Java\jdk-21.0.10
PATH=C:\Python314\Scripts\;C:\Python314\;C:\Program Files\Common Files\Oracle\Java\javapath;C:\WINDOWS\system32;C:\WINDOWS;C:\WINDOWS\System32\Wbem;C:\WINDOWS\System32\WindowsPowerShell\v1.0\;C:\WINDOWS\System32\OpenSSH\;C:\Program Files\nodejs\;C:\ProgramData\chocolatey\bin;C:\Users\Khaing\Downloads\maven-mvnd-1.0.3-windows-amd64\maven-mvnd-1.0.3-windows-amd64\bin;C:\Program Files\Git\cmd;C:\Users\Khaing\Downloads\gradle-9.3.0-all\gradle-9.3.0\bin;;C:\ProgramData\chocolatey\lib\maven\apache-maven-3.9.15\bin;C:\Program Files\Cloudflare\Cloudflare WARP\;C:\Program Files\GitHub CLI\;C:\WINDOWS\system32;C:\WINDOWS;C:\WINDOWS\System32\Wbem;C:\WINDOWS\System32\WindowsPowerShell\v1.0\;C:\WINDOWS\System32\OpenSSH\;C:\Program Files\Docker\Docker\resources\bin;C:\Users\Khaing\AppData\Local\Microsoft\WindowsApps;C:\Users\Khaing\AppData\Roaming\npm;C:\Users\Khaing\AppData\Local\Programs\Microsoft VS Code\bin;C:\Android\Sdk\platform-tools;C:\Android\Sdk\cmdline-tools\latest\bin;C:\Users\Khaing\AppData\Local\Pandoc\;%USERPROFILE%\AppData\Local\Microsoft\WindowsApps;
USERNAME=Khaing
OS=Windows_NT
PROCESSOR_IDENTIFIER=Intel64 Family 6 Model 142 Stepping 12, GenuineIntel
TMP=C:\Users\Khaing\AppData\Local\Temp
TEMP=C:\Users\Khaing\AppData\Local\Temp




Periodic native trim disabled

---------------  S Y S T E M  ---------------

OS:
 Windows 11 , 64 bit Build 26100 (10.0.26100.9444)
OS uptime: 0 days 3:55 hours
Hyper-V role detected

CPU: total 8 (initial active 8) (4 cores per cpu, 2 threads per core) family 6 model 142 stepping 12 microcode 0xde, cx8, cmov, fxsr, ht, mmx, 3dnowpref, sse, sse2, sse3, ssse3, sse4.1, sse4.2, popcnt, lzcnt, tsc, tscinvbit, avx, avx2, aes, erms, clmul, bmi1, bmi2, adx, fma, vzeroupper, clflush, clflushopt, hv, rdtscp, f16c
Processor Information for the first 8 processors :
  Max Mhz: 1800, Current Mhz: 1600, Mhz Limit: 1584

Memory: 4k page, system-wide physical 24467M (371M free)
TotalPageFile size 51716M (AvailPageFile size 5M)
current process WorkingSet (physical memory assigned to process): 237M, peak: 254M
current process commit charge ("private bytes"): 293M, peak: 550M

vm_info: OpenJDK 64-Bit Server VM (21.0.12.1+1-LTS) for windows-amd64 JRE (21.0.12.1+1-LTS), built on 2026-08-18T00:00:00Z by "admin" with MS VC++ 17.12 (VS2022)

END.
