#
# There is insufficient memory for the Java Runtime Environment to continue.
# Native memory allocation (malloc) failed to allocate 483312 bytes. Error detail: Chunk::new
# Possible reasons:
#   The system is out of physical RAM or swap space
#   This process is running with CompressedOops enabled, and the Java Heap may be blocking the growth of the native heap
# Possible solutions:
#   Reduce memory load on the system
#   Increase physical memory or swap space
#   Check if swap backing store is full
#   Decrease Java heap size (-Xmx/-Xms)
#   Decrease number of Java threads
#   Decrease Java thread stack sizes (-Xss)
#   Set larger code cache with -XX:ReservedCodeCacheSize=
#   JVM is running with Unscaled Compressed Oops mode in which the Java heap is
#     placed in the first 4GB address space. The Java Heap base address is the
#     maximum limit for the native heap growth. Please use -XX:HeapBaseMinAddress
#     to set the Java Heap base and to place the Java Heap above 4GB virtual address.
# This output file may be truncated or incomplete.
#
#  Out of Memory Error (arena.cpp:168), pid=30660, tid=45692
#
# JRE version: OpenJDK Runtime Environment Temurin-21.0.12.1+1 (21.0.12.1+1) (build 21.0.12.1+1-LTS)
# Java VM: OpenJDK 64-Bit Server VM Temurin-21.0.12.1+1 (21.0.12.1+1-LTS, mixed mode, sharing, tiered, compressed oops, compressed class ptrs, g1 gc, windows-amd64)
# No core dump will be written. Minidumps are not enabled by default on client versions of Windows
#

---------------  S U M M A R Y ------------

Command Line: --add-opens=java.base/java.lang=ALL-UNNAMED --add-opens=java.base/java.lang.invoke=ALL-UNNAMED --add-opens=java.base/java.util=ALL-UNNAMED --add-opens=java.prefs/java.util.prefs=ALL-UNNAMED --add-exports=jdk.compiler/com.sun.tools.javac.api=ALL-UNNAMED --add-exports=jdk.compiler/com.sun.tools.javac.util=ALL-UNNAMED --add-opens=java.base/java.util=ALL-UNNAMED --add-opens=java.prefs/java.util.prefs=ALL-UNNAMED --add-opens=java.base/java.nio.charset=ALL-UNNAMED --add-opens=java.base/java.net=ALL-UNNAMED --add-opens=java.base/java.util.concurrent.atomic=ALL-UNNAMED --add-opens=java.xml/javax.xml.namespace=ALL-UNNAMED -Xmx1536m -Dfile.encoding=UTF-8 -Duser.country=US -Duser.language=en -Duser.variant -javaagent:C:\Users\Khaing\.gradle\wrapper\dists\gradle-8.14.3-all\10utluxaxniiv4wxiphsi49nj\gradle-8.14.3\lib\agents\gradle-instrumentation-agent-8.14.3.jar org.gradle.launcher.daemon.bootstrap.GradleDaemon 8.14.3

Host: Intel(R) Core(TM) i5-8265U CPU @ 1.60GHz, 8 cores, 23G,  Windows 11 , 64 bit Build 26100 (10.0.26100.9444)
Time: Mon Sep 21 10:49:54 2026 Myanmar Standard Time elapsed time: 421.747793 seconds (0d 0h 7m 1s)

---------------  T H R E A D  ---------------

Current thread (0x00000227fb172f60):  JavaThread "C2 CompilerThread0" daemon [_thread_in_native, id=45692, stack(0x0000005fe5c00000,0x0000005fe5d00000) (1024K)]


Current CompileTask:
C2:421748 5482       4       org.gradle.internal.service.DefaultServiceRegistry$ClassInspector::getDetailsForClass (50 bytes)

Stack: [0x0000005fe5c00000,0x0000005fe5d00000]
Native frames: (J=compiled Java code, j=interpreted, Vv=VM code, C=native code)
V  [jvm.dll+0x6d83e9]
V  [jvm.dll+0x8b5736]
V  [jvm.dll+0x8b7cee]
V  [jvm.dll+0x8b83d3]
V  [jvm.dll+0x284596]
V  [jvm.dll+0xc685d]
V  [jvm.dll+0xc6da1]
V  [jvm.dll+0x3bf18b]
V  [jvm.dll+0x38b6d2]
V  [jvm.dll+0x38ab1a]
V  [jvm.dll+0x24c700]
V  [jvm.dll+0x24bce0]
V  [jvm.dll+0x1cb4ae]
V  [jvm.dll+0x25baad]
V  [jvm.dll+0x25a03a]
V  [jvm.dll+0x3f8aae]
V  [jvm.dll+0x8600cd]
V  [jvm.dll+0x6d6c1d]
C  [ucrtbase.dll+0x2cd30]
C  [KERNEL32.DLL+0x2cd87]
C  [ntdll.dll+0xacaec]


---------------  P R O C E S S  ---------------

Threads class SMR info:
_java_thread_list=0x00000227c63556f0, length=39, elements={
0x00000227e430ea40, 0x00000227fb1605c0, 0x00000227fb163d50, 0x00000227fb168510,
0x00000227fb168f70, 0x00000227fb16a780, 0x00000227fb1702a0, 0x00000227fb172f60,
0x00000227fb17ced0, 0x00000227fb339a10, 0x00000227fb44fd00, 0x00000227c60a00f0,
0x00000227c57c9a80, 0x00000227fb333360, 0x00000227c637f520, 0x00000227c63e6b50,
0x00000227c635c4d0, 0x00000227c635b7b0, 0x00000227c635cb60, 0x00000227c635d1f0,
0x00000227c635be40, 0x00000227c635e5a0, 0x00000227c635d880, 0x00000227c635ec30,
0x00000227c675f860, 0x00000227c675c3e0, 0x00000227c675d100, 0x00000227c675e4b0,
0x00000227c675ca70, 0x00000227c6760580, 0x00000227c675eb40, 0x00000227c6760c10,
0x00000227c675d790, 0x00000227c6761fc0, 0x00000227c67612a0, 0x00000227c6761930,
0x00000227c6762650, 0x00000227c675f1d0, 0x00000227c6762ce0
}

Java Threads: ( => current thread )
  0x00000227e430ea40 JavaThread "main"                              [_thread_blocked, id=42784, stack(0x0000005fe4e00000,0x0000005fe4f00000) (1024K)]
  0x00000227fb1605c0 JavaThread "Reference Handler"          daemon [_thread_blocked, id=46020, stack(0x0000005fe5600000,0x0000005fe5700000) (1024K)]
  0x00000227fb163d50 JavaThread "Finalizer"                  daemon [_thread_blocked, id=15920, stack(0x0000005fe5700000,0x0000005fe5800000) (1024K)]
  0x00000227fb168510 JavaThread "Signal Dispatcher"          daemon [_thread_blocked, id=23568, stack(0x0000005fe5800000,0x0000005fe5900000) (1024K)]
  0x00000227fb168f70 JavaThread "Attach Listener"            daemon [_thread_blocked, id=31712, stack(0x0000005fe5900000,0x0000005fe5a00000) (1024K)]
  0x00000227fb16a780 JavaThread "Service Thread"             daemon [_thread_blocked, id=23440, stack(0x0000005fe5a00000,0x0000005fe5b00000) (1024K)]
  0x00000227fb1702a0 JavaThread "Monitor Deflation Thread"   daemon [_thread_blocked, id=15352, stack(0x0000005fe5b00000,0x0000005fe5c00000) (1024K)]
=>0x00000227fb172f60 JavaThread "C2 CompilerThread0"         daemon [_thread_in_native, id=45692, stack(0x0000005fe5c00000,0x0000005fe5d00000) (1024K)]
  0x00000227fb17ced0 JavaThread "C1 CompilerThread0"         daemon [_thread_blocked, id=15076, stack(0x0000005fe5d00000,0x0000005fe5e00000) (1024K)]
  0x00000227fb339a10 JavaThread "Common-Cleaner"             daemon [_thread_blocked, id=28228, stack(0x0000005fe5e00000,0x0000005fe5f00000) (1024K)]
  0x00000227fb44fd00 JavaThread "Notification Thread"        daemon [_thread_blocked, id=29708, stack(0x0000005fe5f00000,0x0000005fe6000000) (1024K)]
  0x00000227c60a00f0 JavaThread "Daemon health stats"               [_thread_blocked, id=47072, stack(0x0000005fe4c00000,0x0000005fe4d00000) (1024K)]
  0x00000227c57c9a80 JavaThread "Incoming local TCP Connector on port 64122"        [_thread_in_native, id=24644, stack(0x0000005fe4d00000,0x0000005fe4e00000) (1024K)]
  0x00000227fb333360 JavaThread "Daemon periodic checks"            [_thread_blocked, id=48000, stack(0x0000005fe6700000,0x0000005fe6800000) (1024K)]
  0x00000227c637f520 JavaThread "Daemon"                            [_thread_blocked, id=45560, stack(0x0000005fe6900000,0x0000005fe6a00000) (1024K)]
  0x00000227c63e6b50 JavaThread "Handler for socket connection from /127.0.0.1:64122 to /127.0.0.1:55371"        [_thread_in_native, id=41920, stack(0x0000005fe6a00000,0x0000005fe6b00000) (1024K)]
  0x00000227c635c4d0 JavaThread "Cancel handler"                    [_thread_blocked, id=11168, stack(0x0000005fe6b00000,0x0000005fe6c00000) (1024K)]
  0x00000227c635b7b0 JavaThread "Daemon worker"                     [_thread_in_vm, id=42120, stack(0x0000005fe6c00000,0x0000005fe6d00000) (1024K)]
  0x00000227c635cb60 JavaThread "Asynchronous log dispatcher for DefaultDaemonConnection: socket connection from /127.0.0.1:64122 to /127.0.0.1:55371"        [_thread_blocked, id=48088, stack(0x0000005fe6d00000,0x0000005fe6e00000) (1024K)]
  0x00000227c635d1f0 JavaThread "Stdin handler"                     [_thread_blocked, id=34804, stack(0x0000005fe6e00000,0x0000005fe6f00000) (1024K)]
  0x00000227c635be40 JavaThread "Daemon client event forwarder"        [_thread_blocked, id=24136, stack(0x0000005fe6f00000,0x0000005fe7000000) (1024K)]
  0x00000227c635e5a0 JavaThread "Cache worker for journal cache (C:\Users\Khaing\.gradle\caches\journal-1)"        [_thread_blocked, id=48400, stack(0x0000005fe7000000,0x0000005fe7100000) (1024K)]
  0x00000227c635d880 JavaThread "File lock request listener"        [_thread_in_native, id=48568, stack(0x0000005fe7100000,0x0000005fe7200000) (1024K)]
  0x00000227c635ec30 JavaThread "Cache worker for file hash cache (C:\Users\Khaing\.gradle\caches\8.14.3\fileHashes)"        [_thread_blocked, id=48792, stack(0x0000005fe7300000,0x0000005fe7400000) (1024K)]
  0x00000227c675f860 JavaThread "Cache worker for file hash cache (C:\Users\Khaing\Projects\MyLittleKayv\android\.gradle\8.14.3\fileHashes)"        [_thread_blocked, id=44824, stack(0x0000005fe7500000,0x0000005fe7600000) (1024K)]
  0x00000227c675c3e0 JavaThread "Cache worker for Build Output Cleanup Cache (C:\Users\Khaing\Projects\MyLittleKayv\android\.gradle\buildOutputCleanup)"        [_thread_blocked, id=48176, stack(0x0000005fe7600000,0x0000005fe7700000) (1024K)]
  0x00000227c675d100 JavaThread "File watcher server"        daemon [_thread_in_native, id=41672, stack(0x0000005fe7700000,0x0000005fe7800000) (1024K)]
  0x00000227c675e4b0 JavaThread "File watcher consumer"      daemon [_thread_blocked, id=47204, stack(0x0000005fe7800000,0x0000005fe7900000) (1024K)]
  0x00000227c675ca70 JavaThread "jar transforms"                    [_thread_blocked, id=48872, stack(0x0000005fe7900000,0x0000005fe7a00000) (1024K)]
  0x00000227c6760580 JavaThread "jar transforms Thread 2"           [_thread_blocked, id=48476, stack(0x0000005fe6800000,0x0000005fe6900000) (1024K)]
  0x00000227c675eb40 JavaThread "File lock release action executor Thread 2"        [_thread_blocked, id=18696, stack(0x0000005fe7200000,0x0000005fe7300000) (1024K)]
  0x00000227c6760c10 JavaThread "Cache worker for checksums cache (C:\Users\Khaing\Projects\MyLittleKayv\android\.gradle\8.14.3\checksums)"        [_thread_blocked, id=3392, stack(0x0000005fe7b00000,0x0000005fe7c00000) (1024K)]
  0x00000227c675d790 JavaThread "Cache worker for file content cache (C:\Users\Khaing\.gradle\caches\8.14.3\fileContent)"        [_thread_blocked, id=47116, stack(0x0000005fe7a00000,0x0000005fe7b00000) (1024K)]
  0x00000227c6761fc0 JavaThread "jar transforms Thread 3"           [_thread_blocked, id=48436, stack(0x0000005fe7c00000,0x0000005fe7d00000) (1024K)]
  0x00000227c67612a0 JavaThread "jar transforms Thread 4"           [_thread_blocked, id=48524, stack(0x0000005fe7d00000,0x0000005fe7e00000) (1024K)]
  0x00000227c6761930 JavaThread "jar transforms Thread 5"           [_thread_blocked, id=39380, stack(0x0000005fe4b00000,0x0000005fe4c00000) (1024K)]
  0x00000227c6762650 JavaThread "jar transforms Thread 6"           [_thread_blocked, id=32256, stack(0x0000005fe7e00000,0x0000005fe7f00000) (1024K)]
  0x00000227c675f1d0 JavaThread "Cache worker for cache directory md-supplier (C:\Users\Khaing\.gradle\caches\8.14.3\md-supplier)"        [_thread_blocked, id=47448, stack(0x0000005fe8000000,0x0000005fe8100000) (1024K)]
  0x00000227c6762ce0 JavaThread "Cache worker for cache directory md-rule (C:\Users\Khaing\.gradle\caches\8.14.3\md-rule)"        [_thread_blocked, id=25688, stack(0x0000005fe7f00000,0x0000005fe8000000) (1024K)]
Total: 39

Other Threads:
  0x00000227fb0ba9d0 VMThread "VM Thread"                           [id=39068, stack(0x0000005fe5500000,0x0000005fe5600000) (1024K)]
  0x00000227fb1419e0 WatcherThread "VM Periodic Task Thread"        [id=24128, stack(0x0000005fe5400000,0x0000005fe5500000) (1024K)]
  0x00000227e4356eb0 WorkerThread "GC Thread#0"                     [id=38272, stack(0x0000005fe4f00000,0x0000005fe5000000) (1024K)]
  0x00000227fb2083d0 WorkerThread "GC Thread#1"                     [id=46092, stack(0x0000005fe6000000,0x0000005fe6100000) (1024K)]
  0x00000227fb208780 WorkerThread "GC Thread#2"                     [id=29352, stack(0x0000005fe6100000,0x0000005fe6200000) (1024K)]
  0x00000227fb494320 WorkerThread "GC Thread#3"                     [id=11140, stack(0x0000005fe6200000,0x0000005fe6300000) (1024K)]
  0x00000227fb4946d0 WorkerThread "GC Thread#4"                     [id=47076, stack(0x0000005fe6300000,0x0000005fe6400000) (1024K)]
  0x00000227fb494a80 WorkerThread "GC Thread#5"                     [id=46848, stack(0x0000005fe6400000,0x0000005fe6500000) (1024K)]
  0x00000227fb3ff110 WorkerThread "GC Thread#6"                     [id=46448, stack(0x0000005fe6500000,0x0000005fe6600000) (1024K)]
  0x00000227fb3ff4c0 WorkerThread "GC Thread#7"                     [id=29476, stack(0x0000005fe6600000,0x0000005fe6700000) (1024K)]
  0x00000227e4364dc0 ConcurrentGCThread "G1 Main Marker"            [id=34276, stack(0x0000005fe5000000,0x0000005fe5100000) (1024K)]
  0x00000227e4366660 WorkerThread "G1 Conc#0"                       [id=3764, stack(0x0000005fe5100000,0x0000005fe5200000) (1024K)]
  0x00000227c674b330 WorkerThread "G1 Conc#1"                       [id=28900, stack(0x0000005fe7400000,0x0000005fe7500000) (1024K)]
  0x00000227faffb720 ConcurrentGCThread "G1 Refine#0"               [id=332, stack(0x0000005fe5200000,0x0000005fe5300000) (1024K)]
  0x00000227faffcf60 ConcurrentGCThread "G1 Service"                [id=22536, stack(0x0000005fe5300000,0x0000005fe5400000) (1024K)]
Total: 15

Threads with active compile tasks:
C2 CompilerThread0  421829 5482       4       org.gradle.internal.service.DefaultServiceRegistry$ClassInspector::getDetailsForClass (50 bytes)
Total: 1

VM state: not at safepoint (normal execution)

VM Mutex/Monitor currently owned by a thread: None

Heap address: 0x00000000a0000000, size: 1536 MB, Compressed Oops mode: 32-bit

CDS archive(s) mapped at: [0x0000022780000000-0x0000022780ba0000-0x0000022780ba0000), size 12189696, SharedBaseAddress: 0x0000022780000000, ArchiveRelocationMode: 1.
Compressed class space mapped at: 0x0000022781000000-0x00000227c1000000, reserved size: 1073741824
Narrow klass base: 0x0000022780000000, Narrow klass shift: 0, Narrow klass range: 0x100000000

GC Precious Log:
 CardTable entry size: 512
 Card Set container configuration: InlinePtr #cards 5 size 8 Array Of Cards #cards 12 size 40 Howl #buckets 4 coarsen threshold 1843 Howl Bitmap #cards 512 size 80 coarsen threshold 460 Card regions per heap region 1 cards per card region 2048
 CPUs: 8 total, 8 available
 Memory: 24467M
 Large Page Support: Disabled
 NUMA Support: Disabled
 Compressed Oops: Enabled (32-bit)
 Heap Region Size: 1M
 Heap Min Capacity: 8M
 Heap Initial Capacity: 384M
 Heap Max Capacity: 1536M
 Pre-touch: Disabled
 Parallel Workers: 8
 Concurrent Workers: 2
 Concurrent Refinement Workers: 8
 Periodic GC: Disabled

Heap:
 garbage-first heap   total 81920K, used 58417K [0x00000000a0000000, 0x0000000100000000)
  region size 1024K, 28 young (28672K), 4 survivors (4096K)
 Metaspace       used 40804K, committed 42240K, reserved 1114112K
  class space    used 5895K, committed 6592K, reserved 1048576K

Heap Regions: E=young(eden), S=young(survivor), O=old, HS=humongous(starts), HC=humongous(continues), CS=collection set, F=free, TAMS=top-at-mark-start, PB=parsable bottom
|   0|0x00000000a0000000, 0x00000000a0100000, 0x00000000a0100000|100%|HS|  |TAMS 0x00000000a0000000| PB 0x00000000a0000000| Complete 
|   1|0x00000000a0100000, 0x00000000a0200000, 0x00000000a0200000|100%|HC|  |TAMS 0x00000000a0100000| PB 0x00000000a0100000| Complete 
|   2|0x00000000a0200000, 0x00000000a0300000, 0x00000000a0300000|100%|HC|  |TAMS 0x00000000a0200000| PB 0x00000000a0200000| Complete 
|   3|0x00000000a0300000, 0x00000000a0400000, 0x00000000a0400000|100%| O|  |TAMS 0x00000000a0300000| PB 0x00000000a0300000| Untracked 
|   4|0x00000000a0400000, 0x00000000a0500000, 0x00000000a0500000|100%| O|  |TAMS 0x00000000a0400000| PB 0x00000000a0400000| Untracked 
|   5|0x00000000a0500000, 0x00000000a0600000, 0x00000000a0600000|100%| O|  |TAMS 0x00000000a0500000| PB 0x00000000a0500000| Untracked 
|   6|0x00000000a0600000, 0x00000000a0700000, 0x00000000a0700000|100%|HS|  |TAMS 0x00000000a0600000| PB 0x00000000a0600000| Complete 
|   7|0x00000000a0700000, 0x00000000a0800000, 0x00000000a0800000|100%| O|  |TAMS 0x00000000a0700000| PB 0x00000000a0700000| Untracked 
|   8|0x00000000a0800000, 0x00000000a0900000, 0x00000000a0900000|100%| O|  |TAMS 0x00000000a0800000| PB 0x00000000a0800000| Untracked 
|   9|0x00000000a0900000, 0x00000000a0a00000, 0x00000000a0a00000|100%| O|  |TAMS 0x00000000a0900000| PB 0x00000000a0900000| Untracked 
|  10|0x00000000a0a00000, 0x00000000a0b00000, 0x00000000a0b00000|100%| O|  |TAMS 0x00000000a0a00000| PB 0x00000000a0a00000| Untracked 
|  11|0x00000000a0b00000, 0x00000000a0c00000, 0x00000000a0c00000|100%| O|  |TAMS 0x00000000a0b00000| PB 0x00000000a0b00000| Untracked 
|  12|0x00000000a0c00000, 0x00000000a0d00000, 0x00000000a0d00000|100%| O|  |TAMS 0x00000000a0c00000| PB 0x00000000a0c00000| Untracked 
|  13|0x00000000a0d00000, 0x00000000a0e00000, 0x00000000a0e00000|100%| O|  |TAMS 0x00000000a0d00000| PB 0x00000000a0d00000| Untracked 
|  14|0x00000000a0e00000, 0x00000000a0f00000, 0x00000000a0f00000|100%| O|  |TAMS 0x00000000a0e00000| PB 0x00000000a0e00000| Untracked 
|  15|0x00000000a0f00000, 0x00000000a1000000, 0x00000000a1000000|100%| O|  |TAMS 0x00000000a0f00000| PB 0x00000000a0f00000| Untracked 
|  16|0x00000000a1000000, 0x00000000a1100000, 0x00000000a1100000|100%| O|  |TAMS 0x00000000a1000000| PB 0x00000000a1000000| Untracked 
|  17|0x00000000a1100000, 0x00000000a1200000, 0x00000000a1200000|100%| O|  |TAMS 0x00000000a1100000| PB 0x00000000a1100000| Untracked 
|  18|0x00000000a1200000, 0x00000000a1300000, 0x00000000a1300000|100%| O|  |TAMS 0x00000000a1200000| PB 0x00000000a1200000| Untracked 
|  19|0x00000000a1300000, 0x00000000a1400000, 0x00000000a1400000|100%| O|  |TAMS 0x00000000a1300000| PB 0x00000000a1300000| Untracked 
|  20|0x00000000a1400000, 0x00000000a1500000, 0x00000000a1500000|100%| O|  |TAMS 0x00000000a1400000| PB 0x00000000a1400000| Untracked 
|  21|0x00000000a1500000, 0x00000000a1600000, 0x00000000a1600000|100%| O|  |TAMS 0x00000000a1500000| PB 0x00000000a1500000| Untracked 
|  22|0x00000000a1600000, 0x00000000a1700000, 0x00000000a1700000|100%| O|  |TAMS 0x00000000a1600000| PB 0x00000000a1600000| Untracked 
|  23|0x00000000a1700000, 0x00000000a1800000, 0x00000000a1800000|100%| O|Cm|TAMS 0x00000000a1700000| PB 0x00000000a1700000| Complete 
|  24|0x00000000a1800000, 0x00000000a1900000, 0x00000000a1900000|100%| O|  |TAMS 0x00000000a1800000| PB 0x00000000a1800000| Untracked 
|  25|0x00000000a1900000, 0x00000000a1a00000, 0x00000000a1a00000|100%| O|  |TAMS 0x00000000a1900000| PB 0x00000000a1900000| Untracked 
|  26|0x00000000a1a00000, 0x00000000a1a00000, 0x00000000a1b00000|  0%| F|  |TAMS 0x00000000a1a00000| PB 0x00000000a1a00000| Untracked 
|  27|0x00000000a1b00000, 0x00000000a1b00000, 0x00000000a1c00000|  0%| F|  |TAMS 0x00000000a1b00000| PB 0x00000000a1b00000| Untracked 
|  28|0x00000000a1c00000, 0x00000000a1c00000, 0x00000000a1d00000|  0%| F|  |TAMS 0x00000000a1c00000| PB 0x00000000a1c00000| Untracked 
|  29|0x00000000a1d00000, 0x00000000a1d00000, 0x00000000a1e00000|  0%| F|  |TAMS 0x00000000a1d00000| PB 0x00000000a1d00000| Untracked 
|  30|0x00000000a1e00000, 0x00000000a1e00000, 0x00000000a1f00000|  0%| F|  |TAMS 0x00000000a1e00000| PB 0x00000000a1e00000| Untracked 
|  31|0x00000000a1f00000, 0x00000000a2000000, 0x00000000a2000000|100%| O|  |TAMS 0x00000000a1f00000| PB 0x00000000a1f00000| Untracked 
|  32|0x00000000a2000000, 0x00000000a2000000, 0x00000000a2100000|  0%| F|  |TAMS 0x00000000a2000000| PB 0x00000000a2000000| Untracked 
|  33|0x00000000a2100000, 0x00000000a2100000, 0x00000000a2200000|  0%| F|  |TAMS 0x00000000a2100000| PB 0x00000000a2100000| Untracked 
|  34|0x00000000a2200000, 0x00000000a2217d90, 0x00000000a2300000|  9%| S|CS|TAMS 0x00000000a2200000| PB 0x00000000a2200000| Complete 
|  35|0x00000000a2300000, 0x00000000a2400000, 0x00000000a2400000|100%| S|CS|TAMS 0x00000000a2300000| PB 0x00000000a2300000| Complete 
|  36|0x00000000a2400000, 0x00000000a2500000, 0x00000000a2500000|100%| S|CS|TAMS 0x00000000a2400000| PB 0x00000000a2400000| Complete 
|  37|0x00000000a2500000, 0x00000000a2600000, 0x00000000a2600000|100%| S|CS|TAMS 0x00000000a2500000| PB 0x00000000a2500000| Complete 
|  38|0x00000000a2600000, 0x00000000a2700000, 0x00000000a2700000|100%| O|  |TAMS 0x00000000a2600000| PB 0x00000000a2600000| Untracked 
|  39|0x00000000a2700000, 0x00000000a2800000, 0x00000000a2800000|100%| O|  |TAMS 0x00000000a2700000| PB 0x00000000a2700000| Untracked 
|  40|0x00000000a2800000, 0x00000000a2900000, 0x00000000a2900000|100%| O|  |TAMS 0x00000000a2800000| PB 0x00000000a2800000| Untracked 
|  41|0x00000000a2900000, 0x00000000a29f4890, 0x00000000a2a00000| 95%| O|  |TAMS 0x00000000a2900000| PB 0x00000000a2900000| Untracked 
|  42|0x00000000a2a00000, 0x00000000a2a00000, 0x00000000a2b00000|  0%| F|  |TAMS 0x00000000a2a00000| PB 0x00000000a2a00000| Untracked 
|  43|0x00000000a2b00000, 0x00000000a2b00000, 0x00000000a2c00000|  0%| F|  |TAMS 0x00000000a2b00000| PB 0x00000000a2b00000| Untracked 
|  44|0x00000000a2c00000, 0x00000000a2c00000, 0x00000000a2d00000|  0%| F|  |TAMS 0x00000000a2c00000| PB 0x00000000a2c00000| Untracked 
|  45|0x00000000a2d00000, 0x00000000a2d00000, 0x00000000a2e00000|  0%| F|  |TAMS 0x00000000a2d00000| PB 0x00000000a2d00000| Untracked 
|  46|0x00000000a2e00000, 0x00000000a2e00000, 0x00000000a2f00000|  0%| F|  |TAMS 0x00000000a2e00000| PB 0x00000000a2e00000| Untracked 
|  47|0x00000000a2f00000, 0x00000000a2f00000, 0x00000000a3000000|  0%| F|  |TAMS 0x00000000a2f00000| PB 0x00000000a2f00000| Untracked 
|  48|0x00000000a3000000, 0x00000000a3000000, 0x00000000a3100000|  0%| F|  |TAMS 0x00000000a3000000| PB 0x00000000a3000000| Untracked 
|  49|0x00000000a3100000, 0x00000000a3100000, 0x00000000a3200000|  0%| F|  |TAMS 0x00000000a3100000| PB 0x00000000a3100000| Untracked 
|  50|0x00000000a3200000, 0x00000000a3200000, 0x00000000a3300000|  0%| F|  |TAMS 0x00000000a3200000| PB 0x00000000a3200000| Untracked 
|  51|0x00000000a3300000, 0x00000000a3300000, 0x00000000a3400000|  0%| F|  |TAMS 0x00000000a3300000| PB 0x00000000a3300000| Untracked 
|  52|0x00000000a3400000, 0x00000000a3400000, 0x00000000a3500000|  0%| F|  |TAMS 0x00000000a3400000| PB 0x00000000a3400000| Untracked 
|  53|0x00000000a3500000, 0x00000000a3500000, 0x00000000a3600000|  0%| F|  |TAMS 0x00000000a3500000| PB 0x00000000a3500000| Untracked 
|  54|0x00000000a3600000, 0x00000000a3600000, 0x00000000a3700000|  0%| F|  |TAMS 0x00000000a3600000| PB 0x00000000a3600000| Untracked 
|  55|0x00000000a3700000, 0x00000000a3780000, 0x00000000a3800000| 50%| E|  |TAMS 0x00000000a3700000| PB 0x00000000a3700000| Complete 
|  56|0x00000000a3800000, 0x00000000a3900000, 0x00000000a3900000|100%| E|CS|TAMS 0x00000000a3800000| PB 0x00000000a3800000| Complete 
|  57|0x00000000a3900000, 0x00000000a3a00000, 0x00000000a3a00000|100%| E|CS|TAMS 0x00000000a3900000| PB 0x00000000a3900000| Complete 
|  58|0x00000000a3a00000, 0x00000000a3b00000, 0x00000000a3b00000|100%| E|CS|TAMS 0x00000000a3a00000| PB 0x00000000a3a00000| Complete 
|  59|0x00000000a3b00000, 0x00000000a3c00000, 0x00000000a3c00000|100%| E|CS|TAMS 0x00000000a3b00000| PB 0x00000000a3b00000| Complete 
|  60|0x00000000a3c00000, 0x00000000a3d00000, 0x00000000a3d00000|100%| E|CS|TAMS 0x00000000a3c00000| PB 0x00000000a3c00000| Complete 
|  61|0x00000000a3d00000, 0x00000000a3e00000, 0x00000000a3e00000|100%| E|CS|TAMS 0x00000000a3d00000| PB 0x00000000a3d00000| Complete 
|  62|0x00000000a3e00000, 0x00000000a3f00000, 0x00000000a3f00000|100%| E|CS|TAMS 0x00000000a3e00000| PB 0x00000000a3e00000| Complete 
|  63|0x00000000a3f00000, 0x00000000a4000000, 0x00000000a4000000|100%| E|CS|TAMS 0x00000000a3f00000| PB 0x00000000a3f00000| Complete 
|  64|0x00000000a4000000, 0x00000000a4100000, 0x00000000a4100000|100%| E|CS|TAMS 0x00000000a4000000| PB 0x00000000a4000000| Complete 
|  65|0x00000000a4100000, 0x00000000a4200000, 0x00000000a4200000|100%| E|CS|TAMS 0x00000000a4100000| PB 0x00000000a4100000| Complete 
|  66|0x00000000a4200000, 0x00000000a4300000, 0x00000000a4300000|100%| E|CS|TAMS 0x00000000a4200000| PB 0x00000000a4200000| Complete 
| 282|0x00000000b1a00000, 0x00000000b1b00000, 0x00000000b1b00000|100%| E|CS|TAMS 0x00000000b1a00000| PB 0x00000000b1a00000| Complete 
| 283|0x00000000b1b00000, 0x00000000b1c00000, 0x00000000b1c00000|100%| E|CS|TAMS 0x00000000b1b00000| PB 0x00000000b1b00000| Complete 
| 284|0x00000000b1c00000, 0x00000000b1d00000, 0x00000000b1d00000|100%| E|CS|TAMS 0x00000000b1c00000| PB 0x00000000b1c00000| Complete 
| 285|0x00000000b1d00000, 0x00000000b1e00000, 0x00000000b1e00000|100%| E|CS|TAMS 0x00000000b1d00000| PB 0x00000000b1d00000| Complete 
| 286|0x00000000b1e00000, 0x00000000b1f00000, 0x00000000b1f00000|100%| E|CS|TAMS 0x00000000b1e00000| PB 0x00000000b1e00000| Complete 
| 287|0x00000000b1f00000, 0x00000000b2000000, 0x00000000b2000000|100%| E|CS|TAMS 0x00000000b1f00000| PB 0x00000000b1f00000| Complete 
| 288|0x00000000b2000000, 0x00000000b2100000, 0x00000000b2100000|100%| E|CS|TAMS 0x00000000b2000000| PB 0x00000000b2000000| Complete 
| 289|0x00000000b2100000, 0x00000000b2200000, 0x00000000b2200000|100%| E|CS|TAMS 0x00000000b2100000| PB 0x00000000b2100000| Complete 
| 290|0x00000000b2200000, 0x00000000b2300000, 0x00000000b2300000|100%| E|CS|TAMS 0x00000000b2200000| PB 0x00000000b2200000| Complete 
| 291|0x00000000b2300000, 0x00000000b2400000, 0x00000000b2400000|100%| E|CS|TAMS 0x00000000b2300000| PB 0x00000000b2300000| Complete 
| 292|0x00000000b2400000, 0x00000000b2500000, 0x00000000b2500000|100%| E|CS|TAMS 0x00000000b2400000| PB 0x00000000b2400000| Complete 
| 293|0x00000000b2500000, 0x00000000b2600000, 0x00000000b2600000|100%| E|CS|TAMS 0x00000000b2500000| PB 0x00000000b2500000| Complete 
| 383|0x00000000b7f00000, 0x00000000b8000000, 0x00000000b8000000|100%| E|CS|TAMS 0x00000000b7f00000| PB 0x00000000b7f00000| Complete 

Card table byte_map: [0x00000227f6b40000,0x00000227f6e40000] _byte_map_base: 0x00000227f6640000

Marking Bits: (CMBitMap*) 0x00000227e43574d0
 Bits: [0x00000227f6e40000, 0x00000227f8640000)

Polling page: 0x00000227e21b0000

Metaspace:

Usage:
  Non-class:     34.11 MB used.
      Class:      5.76 MB used.
       Both:     39.87 MB used.

Virtual space:
  Non-class space:       64.00 MB reserved,      34.88 MB ( 54%) committed,  1 nodes.
      Class space:        1.00 GB reserved,       6.44 MB ( <1%) committed,  1 nodes.
             Both:        1.06 GB reserved,      41.31 MB (  4%) committed. 

Chunk freelists:
   Non-Class:  13.17 MB
       Class:  9.60 MB
        Both:  22.77 MB

MaxMetaspaceSize: unlimited
CompressedClassSpaceSize: 1.00 GB
Initial GC threshold: 21.00 MB
Current GC threshold: 58.69 MB
CDS: on
 - commit_granule_bytes: 65536.
 - commit_granule_words: 8192.
 - virtual_space_node_default_size: 8388608.
 - enlarge_chunks_in_place: 1.
 - use_allocation_guard: 0.


Internal statistics:

num_allocs_failed_limit: 6.
num_arena_births: 2584.
num_arena_deaths: 0.
num_vsnodes_births: 2.
num_vsnodes_deaths: 0.
num_space_committed: 661.
num_space_uncommitted: 0.
num_chunks_returned_to_freelist: 6.
num_chunks_taken_from_freelist: 4463.
num_chunk_merges: 6.
num_chunk_splits: 2917.
num_chunks_enlarged: 1771.
num_inconsistent_stats: 0.

CodeHeap 'non-profiled nmethods': size=120000Kb used=2945Kb max_used=2945Kb free=117055Kb
 bounds [0x00000227eefe0000, 0x00000227ef2d0000, 0x00000227f6510000]
CodeHeap 'profiled nmethods': size=120000Kb used=9585Kb max_used=9636Kb free=110414Kb
 bounds [0x00000227e7510000, 0x00000227e7e80000, 0x00000227eea40000]
CodeHeap 'non-nmethods': size=5760Kb used=2557Kb max_used=2624Kb free=3202Kb
 bounds [0x00000227eea40000, 0x00000227eece0000, 0x00000227eefe0000]
CodeCache: size=245760Kb, used=15087Kb, max_used=15205Kb, free=230671Kb
 total_blobs=5798, nmethods=4969, adapters=733, full_count=0
Compilation: enabled, stopped_count=0, restarted_count=0

Compilation events (20 events):
Event: 421.495 Thread 0x00000227fb17ced0 nmethod 5474 0x00000227e7536490 code [0x00000227e75366e0, 0x00000227e7536de0]
Event: 421.496 Thread 0x00000227fb172f60 5475       4       java.lang.invoke.InvokerBytecodeGenerator::isStaticallyInvocable (165 bytes)
Event: 421.504 Thread 0x00000227fb172f60 nmethod 5475 0x00000227ef2bde90 code [0x00000227ef2be0c0, 0x00000227ef2be4d8]
Event: 421.521 Thread 0x00000227fb172f60 5476       4       java.util.Collections$SingletonList::iterator (8 bytes)
Event: 421.522 Thread 0x00000227fb172f60 nmethod 5476 0x00000227ef2be890 code [0x00000227ef2bea20, 0x00000227ef2beb18]
Event: 421.525 Thread 0x00000227fb172f60 5477       4       java.util.Collections$1::next (25 bytes)
Event: 421.526 Thread 0x00000227fb172f60 nmethod 5477 0x00000227ef2bec10 code [0x00000227ef2beda0, 0x00000227ef2bee50]
Event: 421.529 Thread 0x00000227fb17ced0 5478       3       org.gradle.internal.service.TypeStringFormatter::format (178 bytes)
Event: 421.531 Thread 0x00000227fb17ced0 nmethod 5478 0x00000227e7560890 code [0x00000227e7560ce0, 0x00000227e75625e8]
Event: 421.567 Thread 0x00000227fb172f60 5479       4       java.util.HashSet::contains (9 bytes)
Event: 421.578 Thread 0x00000227fb172f60 nmethod 5479 0x00000227ef2bef10 code [0x00000227ef2bf100, 0x00000227ef2bf708]
Event: 421.654 Thread 0x00000227fb17ced0 5481       3       com.google.common.collect.RegularImmutableMap::get (64 bytes)
Event: 421.655 Thread 0x00000227fb17ced0 nmethod 5481 0x00000227e7535b10 code [0x00000227e7535d20, 0x00000227e75362b0]
Event: 421.655 Thread 0x00000227fb17ced0 5480       3       com.google.common.collect.RegularImmutableMap::get (13 bytes)
Event: 421.655 Thread 0x00000227fb17ced0 nmethod 5480 0x00000227e7535590 code [0x00000227e7535740, 0x00000227e7535888]
Event: 421.670 Thread 0x00000227fb172f60 5482       4       org.gradle.internal.service.DefaultServiceRegistry$ClassInspector::getDetailsForClass (50 bytes)
Event: 421.705 Thread 0x00000227fb17ced0 5483       3       com.google.common.collect.MapMakerInternalMap$WeakKeyDummyValueSegment::self (5 bytes)
Event: 421.706 Thread 0x00000227fb17ced0 nmethod 5483 0x00000227e7560490 code [0x00000227e7560640, 0x00000227e75607a8]
Event: 421.706 Thread 0x00000227fb17ced0 5484       3       com.google.common.collect.MapMakerInternalMap$WeakKeyDummyValueSegment::self (2 bytes)
Event: 421.706 Thread 0x00000227fb17ced0 nmethod 5484 0x00000227e7560110 code [0x00000227e75602a0, 0x00000227e75603b0]

GC Heap History (18 events):
Event: 55.216 GC heap before
{Heap before GC invocations=0 (full 0):
 garbage-first heap   total 393216K, used 23552K [0x00000000a0000000, 0x0000000100000000)
  region size 1024K, 23 young (23552K), 0 survivors (0K)
 Metaspace       used 912K, committed 1024K, reserved 1114112K
  class space    used 73K, committed 128K, reserved 1048576K
}
Event: 55.881 GC heap after
{Heap after GC invocations=1 (full 0):
 garbage-first heap   total 393216K, used 1536K [0x00000000a0000000, 0x0000000100000000)
  region size 1024K, 2 young (2048K), 2 survivors (2048K)
 Metaspace       used 912K, committed 1024K, reserved 1114112K
  class space    used 73K, committed 128K, reserved 1048576K
}
Event: 93.721 GC heap before
{Heap before GC invocations=1 (full 0):
 garbage-first heap   total 393216K, used 40448K [0x00000000a0000000, 0x0000000100000000)
  region size 1024K, 38 young (38912K), 2 survivors (2048K)
 Metaspace       used 4411K, committed 4608K, reserved 1114112K
  class space    used 557K, committed 640K, reserved 1048576K
}
Event: 93.727 GC heap after
{Heap after GC invocations=2 (full 0):
 garbage-first heap   total 393216K, used 10699K [0x00000000a0000000, 0x0000000100000000)
  region size 1024K, 5 young (5120K), 5 survivors (5120K)
 Metaspace       used 4411K, committed 4608K, reserved 1114112K
  class space    used 557K, committed 640K, reserved 1048576K
}
Event: 143.697 GC heap before
{Heap before GC invocations=2 (full 0):
 garbage-first heap   total 393216K, used 71115K [0x00000000a0000000, 0x0000000100000000)
  region size 1024K, 63 young (64512K), 5 survivors (5120K)
 Metaspace       used 7368K, committed 7680K, reserved 1114112K
  class space    used 1000K, committed 1152K, reserved 1048576K
}
Event: 143.708 GC heap after
{Heap after GC invocations=3 (full 0):
 garbage-first heap   total 393216K, used 17969K [0x00000000a0000000, 0x0000000100000000)
  region size 1024K, 6 young (6144K), 6 survivors (6144K)
 Metaspace       used 7368K, committed 7680K, reserved 1114112K
  class space    used 1000K, committed 1152K, reserved 1048576K
}
Event: 168.881 GC heap before
{Heap before GC invocations=3 (full 0):
 garbage-first heap   total 393216K, used 102961K [0x00000000a0000000, 0x0000000100000000)
  region size 1024K, 90 young (92160K), 6 survivors (6144K)
 Metaspace       used 20925K, committed 21504K, reserved 1114112K
  class space    used 3073K, committed 3328K, reserved 1048576K
}
Event: 168.893 GC heap after
{Heap after GC invocations=4 (full 0):
 garbage-first heap   total 393216K, used 23880K [0x00000000a0000000, 0x0000000100000000)
  region size 1024K, 12 young (12288K), 12 survivors (12288K)
 Metaspace       used 20925K, committed 21504K, reserved 1114112K
  class space    used 3073K, committed 3328K, reserved 1048576K
}
Event: 175.914 GC heap before
{Heap before GC invocations=5 (full 0):
 garbage-first heap   total 81920K, used 60744K [0x00000000a0000000, 0x0000000100000000)
  region size 1024K, 48 young (49152K), 12 survivors (12288K)
 Metaspace       used 25529K, committed 26496K, reserved 1114112K
  class space    used 3832K, committed 4288K, reserved 1048576K
}
Event: 175.929 GC heap after
{Heap after GC invocations=6 (full 0):
 garbage-first heap   total 81920K, used 26471K [0x00000000a0000000, 0x0000000100000000)
  region size 1024K, 3 young (3072K), 3 survivors (3072K)
 Metaspace       used 25529K, committed 26496K, reserved 1114112K
  class space    used 3832K, committed 4288K, reserved 1048576K
}
Event: 355.345 GC heap before
{Heap before GC invocations=6 (full 0):
 garbage-first heap   total 81920K, used 64359K [0x00000000a0000000, 0x0000000100000000)
  region size 1024K, 41 young (41984K), 3 survivors (3072K)
 Metaspace       used 29594K, committed 30656K, reserved 1114112K
  class space    used 4360K, committed 4864K, reserved 1048576K
}
Event: 355.356 GC heap after
{Heap after GC invocations=7 (full 0):
 garbage-first heap   total 81920K, used 28347K [0x00000000a0000000, 0x0000000100000000)
  region size 1024K, 4 young (4096K), 4 survivors (4096K)
 Metaspace       used 29594K, committed 30656K, reserved 1114112K
  class space    used 4360K, committed 4864K, reserved 1048576K
}
Event: 358.148 GC heap before
{Heap before GC invocations=7 (full 0):
 garbage-first heap   total 81920K, used 66235K [0x00000000a0000000, 0x0000000100000000)
  region size 1024K, 42 young (43008K), 4 survivors (4096K)
 Metaspace       used 33402K, committed 34496K, reserved 1114112K
  class space    used 4801K, committed 5312K, reserved 1048576K
}
Event: 358.163 GC heap after
{Heap after GC invocations=8 (full 0):
 garbage-first heap   total 81920K, used 32383K [0x00000000a0000000, 0x0000000100000000)
  region size 1024K, 6 young (6144K), 6 survivors (6144K)
 Metaspace       used 33402K, committed 34496K, reserved 1114112K
  class space    used 4801K, committed 5312K, reserved 1048576K
}
Event: 359.101 GC heap before
{Heap before GC invocations=8 (full 0):
 garbage-first heap   total 81920K, used 45695K [0x00000000a0000000, 0x0000000100000000)
  region size 1024K, 15 young (15360K), 6 survivors (6144K)
 Metaspace       used 34928K, committed 35968K, reserved 1114112K
  class space    used 4935K, committed 5440K, reserved 1048576K
}
Event: 359.109 GC heap after
{Heap after GC invocations=9 (full 0):
 garbage-first heap   total 81920K, used 33389K [0x00000000a0000000, 0x0000000100000000)
  region size 1024K, 2 young (2048K), 2 survivors (2048K)
 Metaspace       used 34928K, committed 35968K, reserved 1114112K
  class space    used 4935K, committed 5440K, reserved 1048576K
}
Event: 418.770 GC heap before
{Heap before GC invocations=10 (full 0):
 garbage-first heap   total 81920K, used 70253K [0x00000000a0000000, 0x0000000100000000)
  region size 1024K, 38 young (38912K), 2 survivors (2048K)
 Metaspace       used 38047K, committed 39232K, reserved 1114112K
  class space    used 5425K, committed 6016K, reserved 1048576K
}
Event: 418.774 GC heap after
{Heap after GC invocations=11 (full 0):
 garbage-first heap   total 81920K, used 34865K [0x00000000a0000000, 0x0000000100000000)
  region size 1024K, 4 young (4096K), 4 survivors (4096K)
 Metaspace       used 38047K, committed 39232K, reserved 1114112K
  class space    used 5425K, committed 6016K, reserved 1048576K
}

Dll operation events (20 events):
Event: 1.296 Attempting to load shared library C:\Users\Khaing\.vscode\extensions\redhat.java-1.56.0-win32-x64\jre\21.0.12.1-win32-x86_64\bin\nio.dll
Event: 1.315 Loaded shared library C:\Users\Khaing\.vscode\extensions\redhat.java-1.56.0-win32-x64\jre\21.0.12.1-win32-x86_64\bin\nio.dll
Event: 1.411 Attempting to load shared library C:\Users\Khaing\.vscode\extensions\redhat.java-1.56.0-win32-x64\jre\21.0.12.1-win32-x86_64\bin\zip.dll
Event: 1.411 Loaded shared library C:\Users\Khaing\.vscode\extensions\redhat.java-1.56.0-win32-x64\jre\21.0.12.1-win32-x86_64\bin\zip.dll
Event: 53.183 Attempting to load shared library C:\Users\Khaing\.vscode\extensions\redhat.java-1.56.0-win32-x64\jre\21.0.12.1-win32-x86_64\bin\jimage.dll
Event: 53.183 Loaded shared library C:\Users\Khaing\.vscode\extensions\redhat.java-1.56.0-win32-x64\jre\21.0.12.1-win32-x86_64\bin\jimage.dll
Event: 68.859 Attempting to load shared library C:\Users\Khaing\.vscode\extensions\redhat.java-1.56.0-win32-x64\jre\21.0.12.1-win32-x86_64\bin\verify.dll
Event: 68.877 Loaded shared library C:\Users\Khaing\.vscode\extensions\redhat.java-1.56.0-win32-x64\jre\21.0.12.1-win32-x86_64\bin\verify.dll
Event: 69.781 Attempting to load shared library C:\Users\Khaing\.gradle\native\1def1411415f61bf3af743bc5b6707747c0891f09f0c88961ee8f79bc544acac\windows-amd64\native-platform.dll
Event: 69.832 Loaded shared library C:\Users\Khaing\.gradle\native\1def1411415f61bf3af743bc5b6707747c0891f09f0c88961ee8f79bc544acac\windows-amd64\native-platform.dll
Event: 69.967 Attempting to load shared library C:\Users\Khaing\.gradle\native\0.2.7\x86_64-windows-gnu\gradle-fileevents.dll
Event: 70.001 Loaded shared library C:\Users\Khaing\.gradle\native\0.2.7\x86_64-windows-gnu\gradle-fileevents.dll
Event: 135.927 Attempting to load shared library C:\Users\Khaing\.vscode\extensions\redhat.java-1.56.0-win32-x64\jre\21.0.12.1-win32-x86_64\bin\management.dll
Event: 136.166 Loaded shared library C:\Users\Khaing\.vscode\extensions\redhat.java-1.56.0-win32-x64\jre\21.0.12.1-win32-x86_64\bin\management.dll
Event: 136.947 Attempting to load shared library C:\Users\Khaing\.vscode\extensions\redhat.java-1.56.0-win32-x64\jre\21.0.12.1-win32-x86_64\bin\management_ext.dll
Event: 137.174 Loaded shared library C:\Users\Khaing\.vscode\extensions\redhat.java-1.56.0-win32-x64\jre\21.0.12.1-win32-x86_64\bin\management_ext.dll
Event: 146.296 Attempting to load shared library C:\Users\Khaing\.vscode\extensions\redhat.java-1.56.0-win32-x64\jre\21.0.12.1-win32-x86_64\bin\extnet.dll
Event: 146.542 Loaded shared library C:\Users\Khaing\.vscode\extensions\redhat.java-1.56.0-win32-x64\jre\21.0.12.1-win32-x86_64\bin\extnet.dll
Event: 151.481 Attempting to load shared library C:\Users\Khaing\.vscode\extensions\redhat.java-1.56.0-win32-x64\jre\21.0.12.1-win32-x86_64\bin\sunmscapi.dll
Event: 151.767 Loaded shared library C:\Users\Khaing\.vscode\extensions\redhat.java-1.56.0-win32-x64\jre\21.0.12.1-win32-x86_64\bin\sunmscapi.dll

Deoptimization events (20 events):
Event: 418.756 Thread 0x00000227c635b7b0 DEOPT PACKING pc=0x00000227ef01cbb4 sp=0x0000005fe6cf9410
Event: 418.756 Thread 0x00000227c635b7b0 DEOPT UNPACKING pc=0x00000227eea94422 sp=0x0000005fe6cf93c0 mode 2
Event: 418.757 Thread 0x00000227c635b7b0 Uncommon trap: trap_request=0xffffffbe fr.pc=0x00000227ef01cbb4 relative=0x00000000000010d4
Event: 418.757 Thread 0x00000227c635b7b0 Uncommon trap: reason=profile_predicate action=maybe_recompile pc=0x00000227ef01cbb4 method=java.lang.invoke.InvokerBytecodeGenerator.<init>(Ljava/lang/String;Ljava/lang/String;Ljava/lang/invoke/LambdaForm;Ljava/lang/invoke/MethodType;)V @ 33 c2
Event: 418.757 Thread 0x00000227c635b7b0 DEOPT PACKING pc=0x00000227ef01cbb4 sp=0x0000005fe6cf9310
Event: 418.757 Thread 0x00000227c635b7b0 DEOPT UNPACKING pc=0x00000227eea94422 sp=0x0000005fe6cf92c0 mode 2
Event: 419.594 Thread 0x00000227c635b7b0 DEOPT PACKING pc=0x00000227e7b3e6c6 sp=0x0000005fe6cf9920
Event: 419.594 Thread 0x00000227c635b7b0 DEOPT UNPACKING pc=0x00000227eea94bc2 sp=0x0000005fe6cf8d90 mode 0
Event: 420.387 Thread 0x00000227c635b7b0 Uncommon trap: trap_request=0xffffffde fr.pc=0x00000227ef1741b4 relative=0x00000000000002f4
Event: 420.387 Thread 0x00000227c635b7b0 Uncommon trap: reason=class_check action=maybe_recompile pc=0x00000227ef1741b4 method=java.util.Collections$SetFromMap.remove(Ljava/lang/Object;)Z @ 5 c2
Event: 420.387 Thread 0x00000227c635b7b0 DEOPT PACKING pc=0x00000227ef1741b4 sp=0x0000005fe6cfaf20
Event: 420.387 Thread 0x00000227c635b7b0 DEOPT UNPACKING pc=0x00000227eea94422 sp=0x0000005fe6cfaf08 mode 2
Event: 421.154 Thread 0x00000227c635b7b0 Uncommon trap: trap_request=0xffffffde fr.pc=0x00000227ef2758d4 relative=0x0000000000002b14
Event: 421.154 Thread 0x00000227c635b7b0 Uncommon trap: reason=class_check action=maybe_recompile pc=0x00000227ef2758d4 method=java.util.regex.Pattern$CharProperty.study(Ljava/util/regex/Pattern$TreeInfo;)Z @ 25 c2
Event: 421.154 Thread 0x00000227c635b7b0 DEOPT PACKING pc=0x00000227ef2758d4 sp=0x0000005fe6cf9fd0
Event: 421.154 Thread 0x00000227c635b7b0 DEOPT UNPACKING pc=0x00000227eea94422 sp=0x0000005fe6cf9ec8 mode 2
Event: 421.492 Thread 0x00000227c635b7b0 Uncommon trap: trap_request=0xffffff45 fr.pc=0x00000227ef0deb3c relative=0x0000000000000adc
Event: 421.492 Thread 0x00000227c635b7b0 Uncommon trap: reason=unstable_if action=reinterpret pc=0x00000227ef0deb3c method=org.objectweb.asm.Frame.push(I)V @ 26 c2
Event: 421.492 Thread 0x00000227c635b7b0 DEOPT PACKING pc=0x00000227ef0deb3c sp=0x0000005fe6cfa2b0
Event: 421.492 Thread 0x00000227c635b7b0 DEOPT UNPACKING pc=0x00000227eea94422 sp=0x0000005fe6cfa1b8 mode 2

Classes loaded (20 events):
Event: 379.374 Loading class java/security/cert/CertificateException done
Event: 379.374 Loading class java/security/cert/CertificateParsingException done
Event: 419.569 Loading class java/lang/invoke/BoundMethodHandle$Species_LLLLLLLLLLLLLLLLLLLLLLLLL
Event: 419.569 Loading class java/lang/invoke/BoundMethodHandle$Species_LLLLLLLLLLLLLLLLLLLLLLLLL done
Event: 419.595 Loading class java/lang/invoke/BoundMethodHandle$Species_LLLLLLLLLLLLLLLLLLLLLLLLLL
Event: 419.595 Loading class java/lang/invoke/BoundMethodHandle$Species_LLLLLLLLLLLLLLLLLLLLLLLLLL done
Event: 419.599 Loading class java/lang/invoke/BoundMethodHandle$Species_LLLLLLLLLLLLLLLLLLLLLLLLLLL
Event: 419.599 Loading class java/lang/invoke/BoundMethodHandle$Species_LLLLLLLLLLLLLLLLLLLLLLLLLLL done
Event: 419.612 Loading class java/lang/invoke/BoundMethodHandle$Species_LLLLLLLLLLLLLLLLLLLLLLLLLLLL
Event: 419.612 Loading class java/lang/invoke/BoundMethodHandle$Species_LLLLLLLLLLLLLLLLLLLLLLLLLLLL done
Event: 419.620 Loading class java/lang/invoke/BoundMethodHandle$Species_LLLLLLLLLLLLLLLLLLLLLLLLLLLLL
Event: 419.620 Loading class java/lang/invoke/BoundMethodHandle$Species_LLLLLLLLLLLLLLLLLLLLLLLLLLLLL done
Event: 419.625 Loading class java/lang/invoke/BoundMethodHandle$Species_LLLLLLLLLLLLLLLLLLLLLLLLLLLLLL
Event: 419.628 Loading class java/lang/invoke/BoundMethodHandle$Species_LLLLLLLLLLLLLLLLLLLLLLLLLLLLLL done
Event: 419.695 Loading class java/lang/invoke/BoundMethodHandle$Species_LLLLLLLLLLLLLLLLLLLLLLLLLLLLLLL
Event: 419.695 Loading class java/lang/invoke/BoundMethodHandle$Species_LLLLLLLLLLLLLLLLLLLLLLLLLLLLLLL done
Event: 419.710 Loading class java/lang/invoke/BoundMethodHandle$Species_LLLLLLLLLLLLLLLLLLLLLLLLLLLLLLLL
Event: 419.710 Loading class java/lang/invoke/BoundMethodHandle$Species_LLLLLLLLLLLLLLLLLLLLLLLLLLLLLLLL done
Event: 421.667 Loading class java/io/FileWriter
Event: 421.668 Loading class java/io/FileWriter done

Classes unloaded (0 events):
No events

Classes redefined (0 events):
No events

Internal exceptions (20 events):
Event: 417.494 Thread 0x00000227c635b7b0 Exception <a 'java/lang/ClassNotFoundException'{0x00000000a35b36d0}: capacitor_settings_11tpdrg4zrjciqnqzhdiywgusBeanInfo> (0x00000000a35b36d0) 
thrown [s\src\hotspot\share\classfile\systemDictionary.cpp, line 313]
Event: 417.495 Thread 0x00000227c635b7b0 Exception <a 'java/lang/ClassNotFoundException'{0x00000000a35b9cc0}: capacitor_settings_11tpdrg4zrjciqnqzhdiywgusCustomizer> (0x00000000a35b9cc0) 
thrown [s\src\hotspot\share\classfile\systemDictionary.cpp, line 313]
Event: 418.752 Thread 0x00000227c635b7b0 Exception <a 'java/lang/NoSuchMethodError'{0x00000000a2a8dec8}: 'java.lang.Object java.lang.invoke.DirectMethodHandle$Holder.newInvokeSpecial(java.lang.Object, java.lang.Object, java.lang.Object, java.lang.Object, java.lang.Object, java.lang.Object, java.lang.Object, java.lang.Object, java.lang.Object, java.lang.Object, java.lang.Object)'> (0x00000000a2a8dec8) 
thrown [s\src\hotspot\share\interpreter\linkResolver.cpp, line 773]
Event: 418.866 Thread 0x00000227c635b7b0 Exception <a 'java/lang/NoSuchMethodError'{0x00000000b2404960}: 'java.lang.Object java.lang.invoke.DirectMethodHandle$Holder.newInvokeSpecial(java.lang.Object, java.lang.Object, java.lang.Object, java.lang.Object, java.lang.Object, java.lang.Object, java.lang.Object, java.lang.Object, java.lang.Object, java.lang.Object, java.lang.Object, java.lang.Object)'> (0x00000000b2404960) 
thrown [s\src\hotspot\share\interpreter\linkResolver.cpp, line 773]
Event: 418.867 Thread 0x00000227c635b7b0 Exception <a 'java/lang/NoSuchMethodError'{0x00000000b2409e30}: 'java.lang.Object java.lang.invoke.Invokers$Holder.linkToTargetMethod(java.lang.Object, java.lang.Object, java.lang.Object, java.lang.Object, java.lang.Object, java.lang.Object, java.lang.Object, java.lang.Object, java.lang.Object, java.lang.Object, java.lang.Object, java.lang.Object)'> (0x00000000b2409e30) 
thrown [s\src\hotspot\share\interpreter\linkResolver.cpp, line 773]
Event: 419.061 Thread 0x00000227c635b7b0 Exception <a 'java/lang/NoSuchMethodError'{0x00000000b249f8d0}: 'java.lang.Object java.lang.invoke.DirectMethodHandle$Holder.newInvokeSpecial(java.lang.Object, java.lang.Object, java.lang.Object, java.lang.Object, java.lang.Object, java.lang.Object, java.lang.Object, java.lang.Object, java.lang.Object, java.lang.Object, java.lang.Object, java.lang.Object, java.lang.Object, java.lang.Object, java.lang.Object)'> (0x00000000b249f8d0) 
thrown [s\src\hotspot\share\interpreter\linkResolver.cpp, line 773]
Event: 419.062 Thread 0x00000227c635b7b0 Exception <a 'java/lang/NoSuchMethodError'{0x00000000b24a5cb0}: 'java.lang.Object java.lang.invoke.DirectMethodHandle$Holder.invokeSpecial(java.lang.Object, java.lang.Object, java.lang.Object, java.lang.Object, java.lang.Object, java.lang.Object, java.lang.Object, java.lang.Object, java.lang.Object, java.lang.Object, java.lang.Object, java.lang.Object, java.lang.Object, java.lang.Object, java.lang.Object, java.lang.Object)'> (0x00000000b24a5cb0) 
thrown [s\src\hotspot\share\interpreter\linkResolver.cpp, li
Event: 419.062 Thread 0x00000227c635b7b0 Exception <a 'java/lang/NoSuchMethodError'{0x00000000b24aaf30}: 'java.lang.Object java.lang.invoke.DelegatingMethodHandle$Holder.reinvoke_L(java.lang.Object, java.lang.Object, java.lang.Object, java.lang.Object, java.lang.Object, java.lang.Object, java.lang.Object, java.lang.Object, java.lang.Object, java.lang.Object, java.lang.Object, java.lang.Object, java.lang.Object, java.lang.Object, java.lang.Object)'> (0x00000000b24aaf30) 
thrown [s\src\hotspot\share\interpreter\linkResolver.cpp, line 773]
Event: 419.509 Thread 0x00000227c635b7b0 Exception <a 'java/lang/NoSuchMethodError'{0x00000000b1fc3f38}: 'java.lang.Object java.lang.invoke.DelegatingMethodHandle$Holder.reinvoke_L(java.lang.Object, java.lang.Object, java.lang.Object, java.lang.Object, java.lang.Object, java.lang.Object, java.lang.Object, java.lang.Object, java.lang.Object, java.lang.Object, java.lang.Object, java.lang.Object, java.lang.Object, java.lang.Object, java.lang.Object, java.lang.Object, java.lang.Object, java.lang.Object, java.lang.Object, java.lang.Object, java.lang.O
Event: 419.593 Thread 0x00000227c635b7b0 Exception <a 'java/lang/NoSuchMethodError'{0x00000000b1eadaa8}: 'java.lang.Object java.lang.invoke.DirectMethodHandle$Holder.invokeStatic(java.lang.Object, java.lang.Object, java.lang.Object, java.lang.Object, java.lang.Object, java.lang.Object, java.lang.Object, java.lang.Object, java.lang.Object, java.lang.Object, java.lang.Object, java.lang.Object, java.lang.Object, java.lang.Object, java.lang.Object, java.lang.Object, java.lang.Object, java.lang.Object, java.lang.Object, java.lang.Object, java.lang.Obj
Event: 419.598 Thread 0x00000227c635b7b0 Exception <a 'java/lang/NoSuchMethodError'{0x00000000b1ee40a0}: 'java.lang.Object java.lang.invoke.DirectMethodHandle$Holder.invokeStatic(java.lang.Object, java.lang.Object, java.lang.Object, java.lang.Object, java.lang.Object, java.lang.Object, java.lang.Object, java.lang.Object, java.lang.Object, java.lang.Object, java.lang.Object, java.lang.Object, java.lang.Object, java.lang.Object, java.lang.Object, java.lang.Object, java.lang.Object, java.lang.Object, java.lang.Object, java.lang.Object, java.lang.Obj
Event: 419.610 Thread 0x00000227c635b7b0 Exception <a 'java/lang/NoSuchMethodError'{0x00000000b1d1c500}: 'java.lang.Object java.lang.invoke.DirectMethodHandle$Holder.invokeStatic(java.lang.Object, java.lang.Object, java.lang.Object, java.lang.Object, java.lang.Object, java.lang.Object, java.lang.Object, java.lang.Object, java.lang.Object, java.lang.Object, java.lang.Object, java.lang.Object, java.lang.Object, java.lang.Object, java.lang.Object, java.lang.Object, java.lang.Object, java.lang.Object, java.lang.Object, java.lang.Object, java.lang.Obj
Event: 419.614 Thread 0x00000227c635b7b0 Exception <a 'java/lang/NoSuchMethodError'{0x00000000b1d553c0}: 'java.lang.Object java.lang.invoke.DirectMethodHandle$Holder.invokeStatic(java.lang.Object, java.lang.Object, java.lang.Object, java.lang.Object, java.lang.Object, java.lang.Object, java.lang.Object, java.lang.Object, java.lang.Object, java.lang.Object, java.lang.Object, java.lang.Object, java.lang.Object, java.lang.Object, java.lang.Object, java.lang.Object, java.lang.Object, java.lang.Object, java.lang.Object, java.lang.Object, java.lang.Obj
Event: 419.622 Thread 0x00000227c635b7b0 Exception <a 'java/lang/NoSuchMethodError'{0x00000000b1d90e78}: 'java.lang.Object java.lang.invoke.DirectMethodHandle$Holder.invokeStatic(java.lang.Object, java.lang.Object, java.lang.Object, java.lang.Object, java.lang.Object, java.lang.Object, java.lang.Object, java.lang.Object, java.lang.Object, java.lang.Object, java.lang.Object, java.lang.Object, java.lang.Object, java.lang.Object, java.lang.Object, java.lang.Object, java.lang.Object, java.lang.Object, java.lang.Object, java.lang.Object, java.lang.Obj
Event: 419.691 Thread 0x00000227c635b7b0 Exception <a 'java/lang/NoSuchMethodError'{0x00000000b1dcd938}: 'java.lang.Object java.lang.invoke.DirectMethodHandle$Holder.invokeStatic(java.lang.Object, java.lang.Object, java.lang.Object, java.lang.Object, java.lang.Object, java.lang.Object, java.lang.Object, java.lang.Object, java.lang.Object, java.lang.Object, java.lang.Object, java.lang.Object, java.lang.Object, java.lang.Object, java.lang.Object, java.lang.Object, java.lang.Object, java.lang.Object, java.lang.Object, java.lang.Object, java.lang.Obj
Event: 419.707 Thread 0x00000227c635b7b0 Exception <a 'java/lang/NoSuchMethodError'{0x00000000b1c0b8b8}: 'java.lang.Object java.lang.invoke.DirectMethodHandle$Holder.invokeStatic(java.lang.Object, java.lang.Object, java.lang.Object, java.lang.Object, java.lang.Object, java.lang.Object, java.lang.Object, java.lang.Object, java.lang.Object, java.lang.Object, java.lang.Object, java.lang.Object, java.lang.Object, java.lang.Object, java.lang.Object, java.lang.Object, java.lang.Object, java.lang.Object, java.lang.Object, java.lang.Object, java.lang.Obj
Event: 419.721 Thread 0x00000227c635b7b0 Exception <a 'java/lang/NoSuchMethodError'{0x00000000b1c4b3a0}: 'java.lang.Object java.lang.invoke.DirectMethodHandle$Holder.invokeStatic(java.lang.Object, java.lang.Object, java.lang.Object, java.lang.Object, java.lang.Object, java.lang.Object, java.lang.Object, java.lang.Object, java.lang.Object, java.lang.Object, java.lang.Object, java.lang.Object, java.lang.Object, java.lang.Object, java.lang.Object, java.lang.Object, java.lang.Object, java.lang.Object, java.lang.Object, java.lang.Object, java.lang.Obj
Event: 419.886 Thread 0x00000227c635b7b0 Exception <a 'java/lang/NoSuchMethodError'{0x00000000b1b17938}: 'java.lang.Object java.lang.invoke.DirectMethodHandle$Holder.newInvokeSpecial(java.lang.Object, java.lang.Object, java.lang.Object, java.lang.Object, java.lang.Object, java.lang.Object, java.lang.Object, java.lang.Object, java.lang.Object, java.lang.Object, java.lang.Object, java.lang.Object, java.lang.Object, java.lang.Object, java.lang.Object, java.lang.Object, java.lang.Object, java.lang.Object, java.lang.Object)'> (0x00000000b1b17938) 
thr
Event: 419.887 Thread 0x00000227c635b7b0 Exception <a 'java/lang/NoSuchMethodError'{0x00000000b1b1e2c0}: 'java.lang.Object java.lang.invoke.DirectMethodHandle$Holder.invokeSpecial(java.lang.Object, java.lang.Object, java.lang.Object, java.lang.Object, java.lang.Object, java.lang.Object, java.lang.Object, java.lang.Object, java.lang.Object, java.lang.Object, java.lang.Object, java.lang.Object, java.lang.Object, java.lang.Object, java.lang.Object, java.lang.Object, java.lang.Object, java.lang.Object, java.lang.Object, java.lang.Object)'> (0x0000000
Event: 419.889 Thread 0x00000227c635b7b0 Exception <a 'java/lang/NoSuchMethodError'{0x00000000b1b23860}: 'java.lang.Object java.lang.invoke.DelegatingMethodHandle$Holder.reinvoke_L(java.lang.Object, java.lang.Object, java.lang.Object, java.lang.Object, java.lang.Object, java.lang.Object, java.lang.Object, java.lang.Object, java.lang.Object, java.lang.Object, java.lang.Object, java.lang.Object, java.lang.Object, java.lang.Object, java.lang.Object, java.lang.Object, java.lang.Object, java.lang.Object, java.lang.Object)'> (0x00000000b1b23860) 
throw

ZGC Phase Switch (0 events):
No events

VM Operations (20 events):
Event: 404.241 Executing safepoint VM operation: Cleanup
Event: 404.241 Executing safepoint VM operation: Cleanup done
Event: 407.259 Executing safepoint VM operation: Cleanup
Event: 407.259 Executing safepoint VM operation: Cleanup done
Event: 410.278 Executing safepoint VM operation: Cleanup
Event: 410.278 Executing safepoint VM operation: Cleanup done
Event: 418.339 Executing safepoint VM operation: Cleanup
Event: 418.339 Executing safepoint VM operation: Cleanup done
Event: 418.770 Executing safepoint VM operation: G1CollectForAllocation (G1 Evacuation Pause)
Event: 418.774 Executing safepoint VM operation: G1CollectForAllocation (G1 Evacuation Pause) done
Event: 419.777 Executing safepoint VM operation: Cleanup
Event: 419.792 Executing safepoint VM operation: Cleanup done
Event: 420.803 Executing safepoint VM operation: Cleanup
Event: 420.804 Executing safepoint VM operation: Cleanup done
Event: 421.052 Executing non-safepoint VM operation: HandshakeAllThreads (HandshakeForDeflation)
Event: 421.052 Executing non-safepoint VM operation: HandshakeAllThreads (HandshakeForDeflation) done
Event: 421.052 Executing non-safepoint VM operation: RendezvousGCThreads
Event: 421.052 Executing non-safepoint VM operation: RendezvousGCThreads done
Event: 421.669 Executing non-safepoint VM operation: HandshakeAllThreads (Deoptimize)
Event: 421.669 Executing non-safepoint VM operation: HandshakeAllThreads (Deoptimize) done

Memory protections (0 events):
No events

Nmethod flushes (20 events):
Event: 359.157 Thread 0x00000227fb0ba9d0 flushing  nmethod 0x00000227e7691110
Event: 359.157 Thread 0x00000227fb0ba9d0 flushing  nmethod 0x00000227e7692710
Event: 359.157 Thread 0x00000227fb0ba9d0 flushing  nmethod 0x00000227e769b610
Event: 359.157 Thread 0x00000227fb0ba9d0 flushing  nmethod 0x00000227e769ca10
Event: 359.157 Thread 0x00000227fb0ba9d0 flushing  nmethod 0x00000227e7722e10
Event: 359.157 Thread 0x00000227fb0ba9d0 flushing  nmethod 0x00000227e7761090
Event: 359.157 Thread 0x00000227fb0ba9d0 flushing  nmethod 0x00000227e7761790
Event: 359.157 Thread 0x00000227fb0ba9d0 flushing  nmethod 0x00000227e7764010
Event: 359.157 Thread 0x00000227fb0ba9d0 flushing  nmethod 0x00000227e7764f90
Event: 359.157 Thread 0x00000227fb0ba9d0 flushing  nmethod 0x00000227e7766390
Event: 359.157 Thread 0x00000227fb0ba9d0 flushing  nmethod 0x00000227e77a7190
Event: 359.157 Thread 0x00000227fb0ba9d0 flushing  nmethod 0x00000227e77f3d90
Event: 359.157 Thread 0x00000227fb0ba9d0 flushing  nmethod 0x00000227e77f6910
Event: 359.157 Thread 0x00000227fb0ba9d0 flushing  nmethod 0x00000227e77f7f10
Event: 359.157 Thread 0x00000227fb0ba9d0 flushing  nmethod 0x00000227e77fee90
Event: 359.157 Thread 0x00000227fb0ba9d0 flushing  nmethod 0x00000227e7830910
Event: 359.157 Thread 0x00000227fb0ba9d0 flushing  nmethod 0x00000227e783e010
Event: 359.157 Thread 0x00000227fb0ba9d0 flushing  nmethod 0x00000227e78bee10
Event: 359.157 Thread 0x00000227fb0ba9d0 flushing  nmethod 0x00000227e78bfa10
Event: 359.157 Thread 0x00000227fb0ba9d0 flushing  nmethod 0x00000227e7988e10

Events (20 events):
Event: 178.477 Thread 0x00000227c635b7b0 Thread added: 0x00000227c675ca70
Event: 249.322 Thread 0x00000227c635df10 Thread exited: 0x00000227c635df10
Event: 342.456 Thread 0x00000227c635b7b0 Thread added: 0x00000227c6760580
Event: 342.459 Thread 0x00000227c635d880 Thread added: 0x00000227c675eb40
Event: 354.370 Thread 0x00000227fb17ced0 Thread added: 0x00000227c71b0140
Event: 355.499 Thread 0x00000227c71b0140 Thread exited: 0x00000227c71b0140
Event: 355.631 Thread 0x00000227fb17ced0 Thread added: 0x00000227c71b0140
Event: 355.823 Thread 0x00000227c71b0140 Thread exited: 0x00000227c71b0140
Event: 356.911 Thread 0x00000227fb17ced0 Thread added: 0x00000227c666fec0
Event: 357.509 Thread 0x00000227c635b7b0 Thread added: 0x00000227c6760c10
Event: 357.636 Thread 0x00000227c666fec0 Thread exited: 0x00000227c666fec0
Event: 357.945 Thread 0x00000227c635b7b0 Thread added: 0x00000227c675d790
Event: 366.699 Thread 0x00000227c635b7b0 Thread added: 0x00000227c6761fc0
Event: 371.961 Thread 0x00000227c635b7b0 Thread added: 0x00000227c67612a0
Event: 401.376 Thread 0x00000227c635b7b0 Thread added: 0x00000227c6761930
Event: 416.494 Thread 0x00000227c635b7b0 Thread added: 0x00000227c6762650
Event: 418.800 Thread 0x00000227fb17ced0 Thread added: 0x00000227fb453ba0
Event: 418.914 Thread 0x00000227c635b7b0 Thread added: 0x00000227c675f1d0
Event: 419.061 Thread 0x00000227fb453ba0 Thread exited: 0x00000227fb453ba0
Event: 419.287 Thread 0x00000227c635b7b0 Thread added: 0x00000227c6762ce0


Dynamic libraries:
0x00007ff73f560000 - 0x00007ff73f56e000 	C:\Users\Khaing\.vscode\extensions\redhat.java-1.56.0-win32-x64\jre\21.0.12.1-win32-x86_64\bin\java.exe
0x00007ffc138e0000 - 0x00007ffc13b47000 	C:\WINDOWS\SYSTEM32\ntdll.dll
0x00007ffc13060000 - 0x00007ffc1312b000 	C:\WINDOWS\System32\KERNEL32.DLL
0x00007ffc10ca0000 - 0x00007ffc110a2000 	C:\WINDOWS\System32\KERNELBASE.dll
0x00007ffc111e0000 - 0x00007ffc1132c000 	C:\WINDOWS\System32\ucrtbase.dll
0x00007ffbfe620000 - 0x00007ffbfe63e000 	C:\Users\Khaing\.vscode\extensions\redhat.java-1.56.0-win32-x64\jre\21.0.12.1-win32-x86_64\bin\VCRUNTIME140.dll
0x00007ffc07af0000 - 0x00007ffc07b08000 	C:\Users\Khaing\.vscode\extensions\redhat.java-1.56.0-win32-x64\jre\21.0.12.1-win32-x86_64\bin\jli.dll
0x00007ffc12230000 - 0x00007ffc123ff000 	C:\WINDOWS\System32\USER32.dll
0x00007ffc10bc0000 - 0x00007ffc10be7000 	C:\WINDOWS\System32\win32u.dll
0x00007ffc13030000 - 0x00007ffc1305b000 	C:\WINDOWS\System32\GDI32.dll
0x00007ffc110b0000 - 0x00007ffc111d9000 	C:\WINDOWS\System32\gdi32full.dll
0x00007ffc10bf0000 - 0x00007ffc10c93000 	C:\WINDOWS\System32\msvcp_win.dll
0x00007ffbf8a40000 - 0x00007ffbf8cd0000 	C:\WINDOWS\WinSxS\amd64_microsoft.windows.common-controls_6595b64144ccf1df_6.0.26100.9278_none_3e0d1ba8e3303201\COMCTL32.dll
0x00007ffc13430000 - 0x00007ffc134d9000 	C:\WINDOWS\System32\msvcrt.dll
0x00007ffc12dd0000 - 0x00007ffc12e01000 	C:\WINDOWS\System32\IMM32.DLL
0x00007ffc0b3e0000 - 0x00007ffc0b3ec000 	C:\Users\Khaing\.vscode\extensions\redhat.java-1.56.0-win32-x64\jre\21.0.12.1-win32-x86_64\bin\vcruntime140_1.dll
0x00007ffbfe590000 - 0x00007ffbfe61d000 	C:\Users\Khaing\.vscode\extensions\redhat.java-1.56.0-win32-x64\jre\21.0.12.1-win32-x86_64\bin\msvcp140.dll
0x00007ffb90bd0000 - 0x00007ffb91972000 	C:\Users\Khaing\.vscode\extensions\redhat.java-1.56.0-win32-x64\jre\21.0.12.1-win32-x86_64\bin\server\jvm.dll
0x00007ffc134e0000 - 0x00007ffc1359c000 	C:\WINDOWS\System32\ADVAPI32.dll
0x00007ffc11950000 - 0x00007ffc119f9000 	C:\WINDOWS\System32\sechost.dll
0x00007ffc11630000 - 0x00007ffc11748000 	C:\WINDOWS\System32\RPCRT4.dll
0x00007ffc11a00000 - 0x00007ffc11a80000 	C:\WINDOWS\System32\WS2_32.dll
0x00007ffc10990000 - 0x00007ffc109ee000 	C:\WINDOWS\SYSTEM32\POWRPROF.dll
0x00007ffbfe9c0000 - 0x00007ffbfe9f6000 	C:\WINDOWS\SYSTEM32\WINMM.dll
0x00007ffc075a0000 - 0x00007ffc075ab000 	C:\WINDOWS\SYSTEM32\VERSION.dll
0x00007ffc10970000 - 0x00007ffc10985000 	C:\WINDOWS\SYSTEM32\UMPDC.dll
0x00007ffc0f6c0000 - 0x00007ffc0f6db000 	C:\WINDOWS\SYSTEM32\kernel.appcore.dll
0x00007ffc07fc0000 - 0x00007ffc07fca000 	C:\Users\Khaing\.vscode\extensions\redhat.java-1.56.0-win32-x64\jre\21.0.12.1-win32-x86_64\bin\jimage.dll
0x00007ffc0df00000 - 0x00007ffc0e14c000 	C:\WINDOWS\SYSTEM32\DBGHELP.DLL
0x00007ffc125b0000 - 0x00007ffc12935000 	C:\WINDOWS\System32\combase.dll
0x00007ffc13160000 - 0x00007ffc13239000 	C:\WINDOWS\System32\OLEAUT32.dll
0x00007ffbfed90000 - 0x00007ffbfedcb000 	C:\WINDOWS\SYSTEM32\dbgcore.DLL
0x00007ffc113f0000 - 0x00007ffc1149c000 	C:\WINDOWS\System32\bcryptPrimitives.dll
0x00007ffc04680000 - 0x00007ffc0468f000 	C:\Users\Khaing\.vscode\extensions\redhat.java-1.56.0-win32-x64\jre\21.0.12.1-win32-x86_64\bin\instrument.dll
0x00007ffbfe540000 - 0x00007ffbfe560000 	C:\Users\Khaing\.vscode\extensions\redhat.java-1.56.0-win32-x64\jre\21.0.12.1-win32-x86_64\bin\java.dll
0x00007ffc11a90000 - 0x00007ffc12228000 	C:\WINDOWS\System32\SHELL32.dll
0x00007ffc0e260000 - 0x00007ffc0eb0e000 	C:\WINDOWS\SYSTEM32\windows.storage.dll
0x00007ffc135b0000 - 0x00007ffc136ab000 	C:\WINDOWS\System32\SHCORE.dll
0x00007ffc13830000 - 0x00007ffc13896000 	C:\WINDOWS\System32\shlwapi.dll
0x00007ffc10a50000 - 0x00007ffc10a79000 	C:\WINDOWS\SYSTEM32\profapi.dll
0x00007ffbfe350000 - 0x00007ffbfe368000 	C:\Users\Khaing\.vscode\extensions\redhat.java-1.56.0-win32-x64\jre\21.0.12.1-win32-x86_64\bin\zip.dll
0x00007ffc01a10000 - 0x00007ffc01a20000 	C:\Users\Khaing\.vscode\extensions\redhat.java-1.56.0-win32-x64\jre\21.0.12.1-win32-x86_64\bin\net.dll
0x00007ffc0f6e0000 - 0x00007ffc0f80a000 	C:\WINDOWS\SYSTEM32\WINHTTP.dll
0x00007ffc0fd60000 - 0x00007ffc0fdcc000 	C:\WINDOWS\system32\mswsock.dll
0x00007ffbfe330000 - 0x00007ffbfe346000 	C:\Users\Khaing\.vscode\extensions\redhat.java-1.56.0-win32-x64\jre\21.0.12.1-win32-x86_64\bin\nio.dll
0x00007ffbfe4f0000 - 0x00007ffbfe500000 	C:\Users\Khaing\.vscode\extensions\redhat.java-1.56.0-win32-x64\jre\21.0.12.1-win32-x86_64\bin\verify.dll
0x00007ffbe2300000 - 0x00007ffbe2327000 	C:\Users\Khaing\.gradle\native\1def1411415f61bf3af743bc5b6707747c0891f09f0c88961ee8f79bc544acac\windows-amd64\native-platform.dll
0x00007ffbea480000 - 0x00007ffbea4f8000 	C:\Users\Khaing\.gradle\native\0.2.7\x86_64-windows-gnu\gradle-fileevents.dll
0x00007ffc04720000 - 0x00007ffc0472a000 	C:\Users\Khaing\.vscode\extensions\redhat.java-1.56.0-win32-x64\jre\21.0.12.1-win32-x86_64\bin\management.dll
0x00007ffc046a0000 - 0x00007ffc046ac000 	C:\Users\Khaing\.vscode\extensions\redhat.java-1.56.0-win32-x64\jre\21.0.12.1-win32-x86_64\bin\management_ext.dll
0x00007ffc13810000 - 0x00007ffc13818000 	C:\WINDOWS\System32\PSAPI.DLL
0x00007ffc0ee70000 - 0x00007ffc0eea3000 	C:\WINDOWS\SYSTEM32\IPHLPAPI.DLL
0x00007ffc135a0000 - 0x00007ffc135aa000 	C:\WINDOWS\System32\NSI.dll
0x00007ffc0b420000 - 0x00007ffc0b429000 	C:\Users\Khaing\.vscode\extensions\redhat.java-1.56.0-win32-x64\jre\21.0.12.1-win32-x86_64\bin\extnet.dll
0x00007ffc10150000 - 0x00007ffc1016b000 	C:\WINDOWS\SYSTEM32\CRYPTSP.dll
0x00007ffc0f620000 - 0x00007ffc0f659000 	C:\WINDOWS\system32\rsaenh.dll
0x00007ffc0fe00000 - 0x00007ffc0fe34000 	C:\WINDOWS\SYSTEM32\USERENV.dll
0x00007ffc10a20000 - 0x00007ffc10a4a000 	C:\WINDOWS\SYSTEM32\bcrypt.dll
0x00007ffc0ffb0000 - 0x00007ffc0ffbc000 	C:\WINDOWS\SYSTEM32\CRYPTBASE.dll
0x00007ffc012c0000 - 0x00007ffc012ce000 	C:\Users\Khaing\.vscode\extensions\redhat.java-1.56.0-win32-x64\jre\21.0.12.1-win32-x86_64\bin\sunmscapi.dll
0x00007ffc114a0000 - 0x00007ffc1161e000 	C:\WINDOWS\System32\CRYPT32.dll
0x00007ffc102f0000 - 0x00007ffc10320000 	C:\WINDOWS\SYSTEM32\ncrypt.dll
0x00007ffc102a0000 - 0x00007ffc102df000 	C:\WINDOWS\SYSTEM32\NTASN1.dll
0x00007ffbec0f0000 - 0x00007ffbec0f8000 	C:\WINDOWS\system32\wshunix.dll

JVMTI agents:
C:\Users\Khaing\.gradle\wrapper\dists\gradle-8.14.3-all\10utluxaxniiv4wxiphsi49nj\gradle-8.14.3\lib\agents\gradle-instrumentation-agent-8.14.3.jar path:C:\Users\Khaing\.vscode\extensions\redhat.java-1.56.0-win32-x64\jre\21.0.12.1-win32-x86_64\bin\instrument.dll, loaded, initialized, instrumentlib options:none

dbghelp: loaded successfully - version: 4.0.5 - missing functions: none
symbol engine: initialized successfully - sym options: 0x614 - pdb path: .;C:\Users\Khaing\.vscode\extensions\redhat.java-1.56.0-win32-x64\jre\21.0.12.1-win32-x86_64\bin;C:\WINDOWS\SYSTEM32;C:\WINDOWS\WinSxS\amd64_microsoft.windows.common-controls_6595b64144ccf1df_6.0.26100.9278_none_3e0d1ba8e3303201;C:\Users\Khaing\.vscode\extensions\redhat.java-1.56.0-win32-x64\jre\21.0.12.1-win32-x86_64\bin\server;C:\Users\Khaing\.gradle\native\1def1411415f61bf3af743bc5b6707747c0891f09f0c88961ee8f79bc544acac\windows-amd64;C:\Users\Khaing\.gradle\native\0.2.7\x86_64-windows-gnu

VM Arguments:
jvm_args: --add-opens=java.base/java.lang=ALL-UNNAMED --add-opens=java.base/java.lang.invoke=ALL-UNNAMED --add-opens=java.base/java.util=ALL-UNNAMED --add-opens=java.prefs/java.util.prefs=ALL-UNNAMED --add-exports=jdk.compiler/com.sun.tools.javac.api=ALL-UNNAMED --add-exports=jdk.compiler/com.sun.tools.javac.util=ALL-UNNAMED --add-opens=java.base/java.util=ALL-UNNAMED --add-opens=java.prefs/java.util.prefs=ALL-UNNAMED --add-opens=java.base/java.nio.charset=ALL-UNNAMED --add-opens=java.base/java.net=ALL-UNNAMED --add-opens=java.base/java.util.concurrent.atomic=ALL-UNNAMED --add-opens=java.xml/javax.xml.namespace=ALL-UNNAMED -Xmx1536m -Dfile.encoding=UTF-8 -Duser.country=US -Duser.language=en -Duser.variant -javaagent:C:\Users\Khaing\.gradle\wrapper\dists\gradle-8.14.3-all\10utluxaxniiv4wxiphsi49nj\gradle-8.14.3\lib\agents\gradle-instrumentation-agent-8.14.3.jar 
java_command: org.gradle.launcher.daemon.bootstrap.GradleDaemon 8.14.3
java_class_path (initial): C:\Users\Khaing\.gradle\wrapper\dists\gradle-8.14.3-all\10utluxaxniiv4wxiphsi49nj\gradle-8.14.3\lib\gradle-daemon-main-8.14.3.jar
Launcher Type: SUN_STANDARD

[Global flags]
     intx CICompilerCount                          = 4                                         {product} {ergonomic}
     uint ConcGCThreads                            = 2                                         {product} {ergonomic}
     uint G1ConcRefinementThreads                  = 8                                         {product} {ergonomic}
   size_t G1HeapRegionSize                         = 1048576                                   {product} {ergonomic}
    uintx GCDrainStackTargetSize                   = 64                                        {product} {ergonomic}
   size_t InitialHeapSize                          = 402653184                                 {product} {ergonomic}
   size_t MarkStackSize                            = 4194304                                   {product} {ergonomic}
   size_t MaxHeapSize                              = 1610612736                                {product} {command line}
   size_t MaxNewSize                               = 965738496                                 {product} {ergonomic}
   size_t MinHeapDeltaBytes                        = 1048576                                   {product} {ergonomic}
   size_t MinHeapSize                              = 8388608                                   {product} {ergonomic}
    uintx NonNMethodCodeHeapSize                   = 5839372                                {pd product} {ergonomic}
    uintx NonProfiledCodeHeapSize                  = 122909434                              {pd product} {ergonomic}
    uintx ProfiledCodeHeapSize                     = 122909434                              {pd product} {ergonomic}
    uintx ReservedCodeCacheSize                    = 251658240                              {pd product} {ergonomic}
     bool SegmentedCodeCache                       = true                                      {product} {ergonomic}
   size_t SoftMaxHeapSize                          = 1610612736                             {manageable} {ergonomic}
     bool UseCompressedOops                        = true                           {product lp64_product} {ergonomic}
     bool UseG1GC                                  = true                                      {product} {ergonomic}
     bool UseLargePagesIndividualAllocation        = false                                  {pd product} {ergonomic}

Logging:
Log output configuration:
 #0: stdout all=warning uptime,level,tags foldmultilines=false
 #1: stderr all=off uptime,level,tags foldmultilines=false

Release file:
JAVA_VERSION="21.0.12.1" 
MODULES="java.base java.compiler java.datatransfer java.xml java.prefs java.desktop java.instrument java.logging java.management java.security.sasl java.naming java.rmi java.management.rmi java.net.http java.scripting java.security.jgss java.transaction.xa java.sql java.sql.rowset java.xml.crypto java.se java.smartcardio jdk.accessibility jdk.internal.jvmstat jdk.attach jdk.charsets jdk.internal.opt jdk.zipfs jdk.compiler jdk.crypto.ec jdk.crypto.cryptoki jdk.crypto.mscapi jdk.dynalink jdk.internal.ed jdk.editpad jdk.hotspot.agent jdk.httpserver jdk.internal.le jdk.internal.vm.ci jdk.internal.vm.compiler jdk.internal.vm.compiler.management jdk.jartool jdk.javadoc jdk.jcmd jdk.management jdk.management.agent jdk.jconsole jdk.jdeps jdk.jdwp.agent jdk.jdi jdk.jfr jdk.jshell jdk.jsobject jdk.jstatd jdk.localedata jdk.management.jfr jdk.naming.dns jdk.naming.rmi jdk.net jdk.nio.mapmode jdk.random jdk.sctp jdk.security.auth jdk.security.jgss jdk.unsupported jdk.unsupported.desktop jdk.xml.dom" 

Environment Variables:
JAVA_HOME=C:\Program Files\Java\jdk-21.0.10
PATH=C:\Python314\Scripts\;C:\Python314\;C:\Program Files\Common Files\Oracle\Java\javapath;C:\WINDOWS\system32;C:\WINDOWS;C:\WINDOWS\System32\Wbem;C:\WINDOWS\System32\WindowsPowerShell\v1.0\;C:\WINDOWS\System32\OpenSSH\;C:\Program Files\nodejs\;C:\ProgramData\chocolatey\bin;C:\Users\Khaing\Downloads\maven-mvnd-1.0.3-windows-amd64\maven-mvnd-1.0.3-windows-amd64\bin;C:\Program Files\Git\cmd;C:\Users\Khaing\Downloads\gradle-9.3.0-all\gradle-9.3.0\bin;;C:\ProgramData\chocolatey\lib\maven\apache-maven-3.9.15\bin;C:\Program Files\Cloudflare\Cloudflare WARP\;C:\Program Files\GitHub CLI\;C:\WINDOWS\system32;C:\WINDOWS;C:\WINDOWS\System32\Wbem;C:\WINDOWS\System32\WindowsPowerShell\v1.0\;C:\WINDOWS\System32\OpenSSH\;C:\Program Files\Docker\Docker\resources\bin;C:\Users\Khaing\AppData\Local\Microsoft\WindowsApps;C:\Users\Khaing\AppData\Roaming\npm;C:\Users\Khaing\AppData\Local\Programs\Microsoft VS Code\bin;C:\Android\Sdk\platform-tools;C:\Android\Sdk\cmdline-tools\latest\bin;C:\Users\Khaing\AppData\Local\Pandoc\;%USERPROFILE%\AppData\Local\Microsoft\WindowsApps;
USERNAME=Khaing
OS=Windows_NT
PROCESSOR_IDENTIFIER=Intel64 Family 6 Model 142 Stepping 12, GenuineIntel
TMP=C:\Users\Khaing\AppData\Local\Temp
TEMP=C:\Users\Khaing\AppData\Local\Temp




Periodic native trim disabled

---------------  S Y S T E M  ---------------

OS:
 Windows 11 , 64 bit Build 26100 (10.0.26100.9444)
OS uptime: 0 days 2:34 hours
Hyper-V role detected

CPU: total 8 (initial active 8) (4 cores per cpu, 2 threads per core) family 6 model 142 stepping 12 microcode 0xde, cx8, cmov, fxsr, ht, mmx, 3dnowpref, sse, sse2, sse3, ssse3, sse4.1, sse4.2, popcnt, lzcnt, tsc, tscinvbit, avx, avx2, aes, erms, clmul, bmi1, bmi2, adx, fma, vzeroupper, clflush, clflushopt, hv, rdtscp, f16c
Processor Information for the first 8 processors :
  Max Mhz: 1800, Current Mhz: 1600, Mhz Limit: 1584

Memory: 4k page, system-wide physical 24467M (627M free)
TotalPageFile size 51716M (AvailPageFile size 3M)
current process WorkingSet (physical memory assigned to process): 187M, peak: 214M
current process commit charge ("private bytes"): 259M, peak: 547M

vm_info: OpenJDK 64-Bit Server VM (21.0.12.1+1-LTS) for windows-amd64 JRE (21.0.12.1+1-LTS), built on 2026-08-18T00:00:00Z by "admin" with MS VC++ 17.12 (VS2022)

END.
