#
# There is insufficient memory for the Java Runtime Environment to continue.
# Native memory allocation (malloc) failed to allocate 32744 bytes. Error detail: Chunk::new
# Possible reasons:
#   The system is out of physical RAM or swap space
#   This process is running with CompressedOops enabled, and the Java Heap may be blocking the growth of the native heap
# Possible solutions:
#   Reduce memory load on the system
#   Increase physical memory or swap space
#   Check if swap backing store is full
#   Decrease Java heap size (-Xmx/-Xms)
#   Decrease number of Java threads
#   Decrease Java thread stack sizes (-Xss)
#   Set larger code cache with -XX:ReservedCodeCacheSize=
#   JVM is running with Unscaled Compressed Oops mode in which the Java heap is
#     placed in the first 4GB address space. The Java Heap base address is the
#     maximum limit for the native heap growth. Please use -XX:HeapBaseMinAddress
#     to set the Java Heap base and to place the Java Heap above 4GB virtual address.
# This output file may be truncated or incomplete.
#
#  Out of Memory Error (arena.cpp:168), pid=43216, tid=44540
#
# JRE version: OpenJDK Runtime Environment Temurin-21.0.12.1+1 (21.0.12.1+1) (build 21.0.12.1+1-LTS)
# Java VM: OpenJDK 64-Bit Server VM Temurin-21.0.12.1+1 (21.0.12.1+1-LTS, mixed mode, sharing, tiered, compressed oops, compressed class ptrs, g1 gc, windows-amd64)
# No core dump will be written. Minidumps are not enabled by default on client versions of Windows
#

---------------  S U M M A R Y ------------

Command Line: --add-opens=java.base/java.lang=ALL-UNNAMED --add-opens=java.base/java.lang.invoke=ALL-UNNAMED --add-opens=java.base/java.util=ALL-UNNAMED --add-opens=java.prefs/java.util.prefs=ALL-UNNAMED --add-exports=jdk.compiler/com.sun.tools.javac.api=ALL-UNNAMED --add-exports=jdk.compiler/com.sun.tools.javac.util=ALL-UNNAMED --add-opens=java.base/java.util=ALL-UNNAMED --add-opens=java.prefs/java.util.prefs=ALL-UNNAMED --add-opens=java.base/java.nio.charset=ALL-UNNAMED --add-opens=java.base/java.net=ALL-UNNAMED --add-opens=java.base/java.util.concurrent.atomic=ALL-UNNAMED --add-opens=java.xml/javax.xml.namespace=ALL-UNNAMED -Xmx1536m -Dfile.encoding=UTF-8 -Duser.country=US -Duser.language=en -Duser.variant -javaagent:C:\Users\Khaing\.gradle\wrapper\dists\gradle-8.14.3-all\10utluxaxniiv4wxiphsi49nj\gradle-8.14.3\lib\agents\gradle-instrumentation-agent-8.14.3.jar org.gradle.launcher.daemon.bootstrap.GradleDaemon 8.14.3

Host: Intel(R) Core(TM) i5-8265U CPU @ 1.60GHz, 8 cores, 23G,  Windows 11 , 64 bit Build 26100 (10.0.26100.9444)
Time: Mon Sep 21 12:11:49 2026 Myanmar Standard Time elapsed time: 1975.128020 seconds (0d 0h 32m 55s)

---------------  T H R E A D  ---------------

Current thread (0x000001e44f11cc20):  JavaThread "C2 CompilerThread0" daemon [_thread_in_native, id=44540, stack(0x0000007796600000,0x0000007796700000) (1024K)]


Current CompileTask:
C2:1975128 12633   !   4       com.google.common.cache.LocalCache$Segment::lockedGetOrLoad (447 bytes)

Stack: [0x0000007796600000,0x0000007796700000]
Native frames: (J=compiled Java code, j=interpreted, Vv=VM code, C=native code)
V  [jvm.dll+0x6d83e9]
V  [jvm.dll+0x8b5736]
V  [jvm.dll+0x8b7cee]
V  [jvm.dll+0x8b83d3]
V  [jvm.dll+0x284596]
V  [jvm.dll+0xc685d]
V  [jvm.dll+0xc6da1]
V  [jvm.dll+0xa3013]
V  [jvm.dll+0x660271]
V  [jvm.dll+0x665e7f]
V  [jvm.dll+0x666dc6]
V  [jvm.dll+0x66510b]
V  [jvm.dll+0x24c57b]
V  [jvm.dll+0x24bce0]
V  [jvm.dll+0x1cb4ae]
V  [jvm.dll+0x25baad]
V  [jvm.dll+0x25a03a]
V  [jvm.dll+0x3f8aae]
V  [jvm.dll+0x8600cd]
V  [jvm.dll+0x6d6c1d]
C  [ucrtbase.dll+0x2cd30]
C  [KERNEL32.DLL+0x2cd87]
C  [ntdll.dll+0xacaec]


---------------  P R O C E S S  ---------------

Threads class SMR info:
_java_thread_list=0x000001e498d1cfb0, length=92, elements={
0x000001e4382af250, 0x000001e44f111420, 0x000001e44f112da0, 0x000001e44f118a40,
0x000001e44f119cb0, 0x000001e44f11b430, 0x000001e44f11be90, 0x000001e44f11cc20,
0x000001e44f12bea0, 0x000001e44f340b30, 0x000001e44f30a210, 0x000001e44f630b30,
0x000001e4959e0850, 0x000001e495a98410, 0x000001e495b081b0, 0x000001e44f24bd30,
0x000001e495f453c0, 0x000001e495f432f0, 0x000001e495f425d0, 0x000001e495f44d30,
0x000001e495f43980, 0x000001e495f42c60, 0x000001e495f45a50, 0x000001e495f446a0,
0x000001e495c3f720, 0x000001e495c3e370, 0x000001e495c417f0, 0x000001e495c3fdb0,
0x000001e495c41160, 0x000001e495c3f090, 0x000001e4980ad950, 0x000001e4980acc30,
0x000001e4980ad2c0, 0x000001e4980ab880, 0x000001e4980adfe0, 0x000001e4980aab60,
0x000001e4980ae670, 0x000001e4980ac5a0, 0x000001e4980ab1f0, 0x000001e4980afa20,
0x000001e4980b00b0, 0x000001e4980b0dd0, 0x000001e4980b2180, 0x000001e4980b1af0,
0x000001e495f44010, 0x000001e4965c5940, 0x000001e4965c7380, 0x000001e4965c7a10,
0x000001e4965c5fd0, 0x000001e4965c6660, 0x000001e4965c80a0, 0x000001e4965c6cf0,
0x000001e4965c8730, 0x000001e4965c52b0, 0x000001e4965cc240, 0x000001e4965c8dc0,
0x000001e4965cae90, 0x000001e4965c9ae0, 0x000001e4965ca800, 0x000001e4965cbbb0,
0x000001e4965c9450, 0x000001e4965cb520, 0x000001e4965cc8d0, 0x000001e495c3ea00,
0x000001e497badd90, 0x000001e497baf140, 0x000001e497baf7d0, 0x000001e497baeab0,
0x000001e49a207720, 0x000001e49a209160, 0x000001e49a20a510, 0x000001e49a208440,
0x000001e49a209e80, 0x000001e49a208ad0, 0x000001e49a2097f0, 0x000001e497baafa0,
0x000001e497baa910, 0x000001e497ba8ed0, 0x000001e497baa280, 0x000001e497ba81b0,
0x000001e497bad700, 0x000001e497bae420, 0x000001e497bac350, 0x000001e497bad070,
0x000001e497bac9e0, 0x000001e499240e10, 0x000001e49923f3d0, 0x000001e4992414a0,
0x000001e49923e020, 0x000001e499240780, 0x000001e4992400f0, 0x000001e49923fa60
}

Java Threads: ( => current thread )
  0x000001e4382af250 JavaThread "main"                              [_thread_blocked, id=48948, stack(0x0000007795800000,0x0000007795900000) (1024K)]
  0x000001e44f111420 JavaThread "Reference Handler"          daemon [_thread_blocked, id=30152, stack(0x0000007796000000,0x0000007796100000) (1024K)]
  0x000001e44f112da0 JavaThread "Finalizer"                  daemon [_thread_blocked, id=37388, stack(0x0000007796100000,0x0000007796200000) (1024K)]
  0x000001e44f118a40 JavaThread "Signal Dispatcher"          daemon [_thread_blocked, id=14820, stack(0x0000007796200000,0x0000007796300000) (1024K)]
  0x000001e44f119cb0 JavaThread "Attach Listener"            daemon [_thread_blocked, id=25940, stack(0x0000007796300000,0x0000007796400000) (1024K)]
  0x000001e44f11b430 JavaThread "Service Thread"             daemon [_thread_blocked, id=8652, stack(0x0000007796400000,0x0000007796500000) (1024K)]
  0x000001e44f11be90 JavaThread "Monitor Deflation Thread"   daemon [_thread_blocked, id=35084, stack(0x0000007796500000,0x0000007796600000) (1024K)]
=>0x000001e44f11cc20 JavaThread "C2 CompilerThread0"         daemon [_thread_in_native, id=44540, stack(0x0000007796600000,0x0000007796700000) (1024K)]
  0x000001e44f12bea0 JavaThread "C1 CompilerThread0"         daemon [_thread_blocked, id=42552, stack(0x0000007796700000,0x0000007796800000) (1024K)]
  0x000001e44f340b30 JavaThread "Common-Cleaner"             daemon [_thread_blocked, id=12944, stack(0x0000007796800000,0x0000007796900000) (1024K)]
  0x000001e44f30a210 JavaThread "Notification Thread"        daemon [_thread_blocked, id=22040, stack(0x0000007796900000,0x0000007796a00000) (1024K)]
  0x000001e44f630b30 JavaThread "Daemon health stats"               [_thread_blocked, id=44832, stack(0x0000007796a00000,0x0000007796b00000) (1024K)]
  0x000001e4959e0850 JavaThread "Incoming local TCP Connector on port 50589"        [_thread_in_native, id=25356, stack(0x0000007796b00000,0x0000007796c00000) (1024K)]
  0x000001e495a98410 JavaThread "Daemon periodic checks"            [_thread_blocked, id=47176, stack(0x0000007797300000,0x0000007797400000) (1024K)]
  0x000001e495b081b0 JavaThread "Daemon"                            [_thread_blocked, id=21944, stack(0x0000007797400000,0x0000007797500000) (1024K)]
  0x000001e44f24bd30 JavaThread "Handler for socket connection from /127.0.0.1:50589 to /127.0.0.1:50590"        [_thread_in_native, id=15152, stack(0x0000007797500000,0x0000007797600000) (1024K)]
  0x000001e495f453c0 JavaThread "Cancel handler"                    [_thread_blocked, id=27024, stack(0x0000007797600000,0x0000007797700000) (1024K)]
  0x000001e495f432f0 JavaThread "Daemon worker"                     [_thread_in_Java, id=26008, stack(0x0000007797700000,0x0000007797800000) (1024K)]
  0x000001e495f425d0 JavaThread "Asynchronous log dispatcher for DefaultDaemonConnection: socket connection from /127.0.0.1:50589 to /127.0.0.1:50590"        [_thread_blocked, id=4864, stack(0x0000007797800000,0x0000007797900000) (1024K)]
  0x000001e495f44d30 JavaThread "Stdin handler"                     [_thread_blocked, id=40412, stack(0x0000007797900000,0x0000007797a00000) (1024K)]
  0x000001e495f43980 JavaThread "Daemon client event forwarder"        [_thread_blocked, id=22316, stack(0x0000007797a00000,0x0000007797b00000) (1024K)]
  0x000001e495f42c60 JavaThread "Cache worker for journal cache (C:\Users\Khaing\.gradle\caches\journal-1)"        [_thread_blocked, id=34448, stack(0x0000007797b00000,0x0000007797c00000) (1024K)]
  0x000001e495f45a50 JavaThread "File lock request listener"        [_thread_in_native, id=42844, stack(0x0000007797c00000,0x0000007797d00000) (1024K)]
  0x000001e495f446a0 JavaThread "Cache worker for file hash cache (C:\Users\Khaing\.gradle\caches\8.14.3\fileHashes)"        [_thread_blocked, id=36464, stack(0x0000007795600000,0x0000007795700000) (1024K)]
  0x000001e495c3f720 JavaThread "Cache worker for file hash cache (C:\Users\Khaing\Projects\MyLittleKayv\android\.gradle\8.14.3\fileHashes)"        [_thread_blocked, id=41208, stack(0x0000007797e00000,0x0000007797f00000) (1024K)]
  0x000001e495c3e370 JavaThread "Cache worker for Build Output Cleanup Cache (C:\Users\Khaing\Projects\MyLittleKayv\android\.gradle\buildOutputCleanup)"        [_thread_blocked, id=39040, stack(0x0000007797f00000,0x0000007798000000) (1024K)]
  0x000001e495c417f0 JavaThread "File watcher server"        daemon [_thread_in_native, id=344, stack(0x0000007798000000,0x0000007798100000) (1024K)]
  0x000001e495c3fdb0 JavaThread "File watcher consumer"      daemon [_thread_blocked, id=22792, stack(0x0000007798100000,0x0000007798200000) (1024K)]
  0x000001e495c41160 JavaThread "jar transforms"                    [_thread_blocked, id=47668, stack(0x0000007795700000,0x0000007795800000) (1024K)]
  0x000001e495c3f090 JavaThread "jar transforms Thread 2"           [_thread_blocked, id=23896, stack(0x0000007798300000,0x0000007798400000) (1024K)]
  0x000001e4980ad950 JavaThread "Cache worker for checksums cache (C:\Users\Khaing\Projects\MyLittleKayv\android\.gradle\8.14.3\checksums)"        [_thread_blocked, id=48712, stack(0x0000007798600000,0x0000007798700000) (1024K)]
  0x000001e4980acc30 JavaThread "Cache worker for file content cache (C:\Users\Khaing\.gradle\caches\8.14.3\fileContent)"        [_thread_blocked, id=48744, stack(0x0000007798700000,0x0000007798800000) (1024K)]
  0x000001e4980ad2c0 JavaThread "jar transforms Thread 3"           [_thread_blocked, id=15076, stack(0x0000007798400000,0x0000007798500000) (1024K)]
  0x000001e4980ab880 JavaThread "jar transforms Thread 4"           [_thread_blocked, id=15980, stack(0x0000007798500000,0x0000007798600000) (1024K)]
  0x000001e4980adfe0 JavaThread "jar transforms Thread 5"           [_thread_blocked, id=6520, stack(0x0000007798800000,0x0000007798900000) (1024K)]
  0x000001e4980aab60 JavaThread "jar transforms Thread 6"           [_thread_blocked, id=28260, stack(0x0000007798900000,0x0000007798a00000) (1024K)]
  0x000001e4980ae670 JavaThread "Cache worker for cache directory md-supplier (C:\Users\Khaing\.gradle\caches\8.14.3\md-supplier)"        [_thread_blocked, id=21300, stack(0x0000007798200000,0x0000007798300000) (1024K)]
  0x000001e4980ac5a0 JavaThread "Cache worker for cache directory md-rule (C:\Users\Khaing\.gradle\caches\8.14.3\md-rule)"        [_thread_blocked, id=42828, stack(0x0000007798a00000,0x0000007798b00000) (1024K)]
  0x000001e4980ab1f0 JavaThread "jar transforms Thread 7"           [_thread_blocked, id=5936, stack(0x0000007798b00000,0x0000007798c00000) (1024K)]
  0x000001e4980afa20 JavaThread "Unconstrained build operations"        [_thread_blocked, id=43588, stack(0x0000007798c00000,0x0000007798d00000) (1024K)]
  0x000001e4980b00b0 JavaThread "Unconstrained build operations Thread 2"        [_thread_blocked, id=48532, stack(0x0000007798d00000,0x0000007798e00000) (1024K)]
  0x000001e4980b0dd0 JavaThread "Unconstrained build operations Thread 3"        [_thread_blocked, id=22244, stack(0x0000007798e00000,0x0000007798f00000) (1024K)]
  0x000001e4980b2180 JavaThread "Unconstrained build operations Thread 4"        [_thread_blocked, id=44472, stack(0x0000007798f00000,0x0000007799000000) (1024K)]
  0x000001e4980b1af0 JavaThread "Unconstrained build operations Thread 5"        [_thread_blocked, id=39440, stack(0x0000007799000000,0x0000007799100000) (1024K)]
  0x000001e495f44010 JavaThread "Unconstrained build operations Thread 6"        [_thread_blocked, id=45292, stack(0x0000007799100000,0x0000007799200000) (1024K)]
  0x000001e4965c5940 JavaThread "Unconstrained build operations Thread 7"        [_thread_blocked, id=43932, stack(0x0000007799200000,0x0000007799300000) (1024K)]
  0x000001e4965c7380 JavaThread "Unconstrained build operations Thread 8"        [_thread_blocked, id=21336, stack(0x0000007799300000,0x0000007799400000) (1024K)]
  0x000001e4965c7a10 JavaThread "Unconstrained build operations Thread 9"        [_thread_blocked, id=23988, stack(0x0000007799400000,0x0000007799500000) (1024K)]
  0x000001e4965c5fd0 JavaThread "Unconstrained build operations Thread 10"        [_thread_blocked, id=34772, stack(0x0000007799500000,0x0000007799600000) (1024K)]
  0x000001e4965c6660 JavaThread "Unconstrained build operations Thread 11"        [_thread_blocked, id=26124, stack(0x0000007799600000,0x0000007799700000) (1024K)]
  0x000001e4965c80a0 JavaThread "Unconstrained build operations Thread 12"        [_thread_blocked, id=9328, stack(0x0000007799700000,0x0000007799800000) (1024K)]
  0x000001e4965c6cf0 JavaThread "Unconstrained build operations Thread 13"        [_thread_blocked, id=33648, stack(0x0000007799800000,0x0000007799900000) (1024K)]
  0x000001e4965c8730 JavaThread "Unconstrained build operations Thread 14"        [_thread_blocked, id=38680, stack(0x0000007799900000,0x0000007799a00000) (1024K)]
  0x000001e4965c52b0 JavaThread "Unconstrained build operations Thread 15"        [_thread_blocked, id=37960, stack(0x0000007799a00000,0x0000007799b00000) (1024K)]
  0x000001e4965cc240 JavaThread "Unconstrained build operations Thread 16"        [_thread_blocked, id=39612, stack(0x0000007799b00000,0x0000007799c00000) (1024K)]
  0x000001e4965c8dc0 JavaThread "Unconstrained build operations Thread 17"        [_thread_blocked, id=15292, stack(0x0000007799c00000,0x0000007799d00000) (1024K)]
  0x000001e4965cae90 JavaThread "Unconstrained build operations Thread 18"        [_thread_blocked, id=36272, stack(0x0000007799d00000,0x0000007799e00000) (1024K)]
  0x000001e4965c9ae0 JavaThread "Unconstrained build operations Thread 19"        [_thread_blocked, id=43304, stack(0x0000007799e00000,0x0000007799f00000) (1024K)]
  0x000001e4965ca800 JavaThread "Unconstrained build operations Thread 20"        [_thread_blocked, id=16028, stack(0x0000007799f00000,0x000000779a000000) (1024K)]
  0x000001e4965cbbb0 JavaThread "Unconstrained build operations Thread 21"        [_thread_blocked, id=44224, stack(0x000000779a000000,0x000000779a100000) (1024K)]
  0x000001e4965c9450 JavaThread "jar transforms Thread 8"           [_thread_blocked, id=29820, stack(0x0000007795500000,0x0000007795600000) (1024K)]
  0x000001e4965cb520 JavaThread "File lock release action executor Thread 7"        [_thread_blocked, id=42348, stack(0x000000779a100000,0x000000779a200000) (1024K)]
  0x000001e4965cc8d0 JavaThread "Memory manager"                    [_thread_blocked, id=46532, stack(0x000000779a200000,0x000000779a300000) (1024K)]
  0x000001e495c3ea00 JavaThread "Problems report writer"            [_thread_blocked, id=24096, stack(0x000000779a300000,0x000000779a400000) (1024K)]
  0x000001e497badd90 JavaThread "Unconstrained build operations Thread 22"        [_thread_blocked, id=42104, stack(0x000000779a400000,0x000000779a500000) (1024K)]
  0x000001e497baf140 JavaThread "Unconstrained build operations Thread 23"        [_thread_blocked, id=31116, stack(0x000000779a500000,0x000000779a600000) (1024K)]
  0x000001e497baf7d0 JavaThread "Unconstrained build operations Thread 24"        [_thread_blocked, id=10760, stack(0x000000779a600000,0x000000779a700000) (1024K)]
  0x000001e497baeab0 JavaThread "Unconstrained build operations Thread 25"        [_thread_blocked, id=17844, stack(0x000000779a700000,0x000000779a800000) (1024K)]
  0x000001e49a207720 JavaThread "Unconstrained build operations Thread 26"        [_thread_blocked, id=21772, stack(0x000000779a800000,0x000000779a900000) (1024K)]
  0x000001e49a209160 JavaThread "Unconstrained build operations Thread 27"        [_thread_blocked, id=26276, stack(0x000000779a900000,0x000000779aa00000) (1024K)]
  0x000001e49a20a510 JavaThread "Unconstrained build operations Thread 28"        [_thread_blocked, id=6992, stack(0x000000779aa00000,0x000000779ab00000) (1024K)]
  0x000001e49a208440 JavaThread "Unconstrained build operations Thread 29"        [_thread_blocked, id=3732, stack(0x000000779ab00000,0x000000779ac00000) (1024K)]
  0x000001e49a209e80 JavaThread "Unconstrained build operations Thread 30"        [_thread_blocked, id=20880, stack(0x000000779ad00000,0x000000779ae00000) (1024K)]
  0x000001e49a208ad0 JavaThread "Unconstrained build operations Thread 31"        [_thread_blocked, id=32268, stack(0x000000779ae00000,0x000000779af00000) (1024K)]
  0x000001e49a2097f0 JavaThread "Unconstrained build operations Thread 32"        [_thread_blocked, id=28312, stack(0x000000779af00000,0x000000779b000000) (1024K)]
  0x000001e497baafa0 JavaThread "Unconstrained build operations Thread 33"        [_thread_blocked, id=29980, stack(0x000000779b000000,0x000000779b100000) (1024K)]
  0x000001e497baa910 JavaThread "Unconstrained build operations Thread 34"        [_thread_blocked, id=46924, stack(0x000000779b100000,0x000000779b200000) (1024K)]
  0x000001e497ba8ed0 JavaThread "Unconstrained build operations Thread 35"        [_thread_blocked, id=47348, stack(0x000000779b200000,0x000000779b300000) (1024K)]
  0x000001e497baa280 JavaThread "Unconstrained build operations Thread 36"        [_thread_blocked, id=7608, stack(0x000000779ac00000,0x000000779ad00000) (1024K)]
  0x000001e497ba81b0 JavaThread "Unconstrained build operations Thread 37"        [_thread_blocked, id=33584, stack(0x000000779b300000,0x000000779b400000) (1024K)]
  0x000001e497bad700 JavaThread "Unconstrained build operations Thread 38"        [_thread_blocked, id=34220, stack(0x000000779b400000,0x000000779b500000) (1024K)]
  0x000001e497bae420 JavaThread "Unconstrained build operations Thread 39"        [_thread_blocked, id=35160, stack(0x000000779b500000,0x000000779b600000) (1024K)]
  0x000001e497bac350 JavaThread "Unconstrained build operations Thread 40"        [_thread_blocked, id=45172, stack(0x000000779b600000,0x000000779b700000) (1024K)]
  0x000001e497bad070 JavaThread "Unconstrained build operations Thread 41"        [_thread_blocked, id=17264, stack(0x000000779b700000,0x000000779b800000) (1024K)]
  0x000001e497bac9e0 JavaThread "Unconstrained build operations Thread 42"        [_thread_blocked, id=36672, stack(0x000000779b800000,0x000000779b900000) (1024K)]
  0x000001e499240e10 JavaThread "Unconstrained build operations Thread 43"        [_thread_blocked, id=48004, stack(0x000000779b900000,0x000000779ba00000) (1024K)]
  0x000001e49923f3d0 JavaThread "Unconstrained build operations Thread 44"        [_thread_blocked, id=35684, stack(0x000000779ba00000,0x000000779bb00000) (1024K)]
  0x000001e4992414a0 JavaThread "Unconstrained build operations Thread 45"        [_thread_blocked, id=3020, stack(0x000000779bb00000,0x000000779bc00000) (1024K)]
  0x000001e49923e020 JavaThread "Unconstrained build operations Thread 46"        [_thread_blocked, id=30004, stack(0x000000779bc00000,0x000000779bd00000) (1024K)]
  0x000001e499240780 JavaThread "Unconstrained build operations Thread 47"        [_thread_blocked, id=33832, stack(0x000000779bd00000,0x000000779be00000) (1024K)]
  0x000001e4992400f0 JavaThread "Unconstrained build operations Thread 48"        [_thread_blocked, id=38092, stack(0x000000779be00000,0x000000779bf00000) (1024K)]
  0x000001e49923fa60 JavaThread "Unconstrained build operations Thread 49"        [_thread_blocked, id=1540, stack(0x000000779bf00000,0x000000779c000000) (1024K)]
Total: 92

Other Threads:
  0x000001e44f0675f0 VMThread "VM Thread"                           [id=41100, stack(0x0000007795f00000,0x0000007796000000) (1024K)]
  0x000001e44f0f19e0 WatcherThread "VM Periodic Task Thread"        [id=31812, stack(0x0000007795e00000,0x0000007795f00000) (1024K)]
  0x000001e4382f7e40 WorkerThread "GC Thread#0"                     [id=32128, stack(0x0000007795900000,0x0000007795a00000) (1024K)]
  0x000001e44f735460 WorkerThread "GC Thread#1"                     [id=45576, stack(0x0000007796c00000,0x0000007796d00000) (1024K)]
  0x000001e44f4b8830 WorkerThread "GC Thread#2"                     [id=36712, stack(0x0000007796d00000,0x0000007796e00000) (1024K)]
  0x000001e44f4b8be0 WorkerThread "GC Thread#3"                     [id=28532, stack(0x0000007796e00000,0x0000007796f00000) (1024K)]
  0x000001e44f542850 WorkerThread "GC Thread#4"                     [id=14936, stack(0x0000007796f00000,0x0000007797000000) (1024K)]
  0x000001e44f542c00 WorkerThread "GC Thread#5"                     [id=28632, stack(0x0000007797000000,0x0000007797100000) (1024K)]
  0x000001e44f542fb0 WorkerThread "GC Thread#6"                     [id=44496, stack(0x0000007797100000,0x0000007797200000) (1024K)]
  0x000001e44f543360 WorkerThread "GC Thread#7"                     [id=18584, stack(0x0000007797200000,0x0000007797300000) (1024K)]
  0x000001e438304d40 ConcurrentGCThread "G1 Main Marker"            [id=45232, stack(0x0000007795a00000,0x0000007795b00000) (1024K)]
  0x000001e438305760 WorkerThread "G1 Conc#0"                       [id=24704, stack(0x0000007795b00000,0x0000007795c00000) (1024K)]
  0x000001e498044560 WorkerThread "G1 Conc#1"                       [id=46304, stack(0x0000007797d00000,0x0000007797e00000) (1024K)]
  0x000001e44efaa790 ConcurrentGCThread "G1 Refine#0"               [id=28136, stack(0x0000007795c00000,0x0000007795d00000) (1024K)]
  0x000001e44efaafc0 ConcurrentGCThread "G1 Service"                [id=39380, stack(0x0000007795d00000,0x0000007795e00000) (1024K)]
Total: 15

Threads with active compile tasks:
C2 CompilerThread0  1975234 12633   !   4       com.google.common.cache.LocalCache$Segment::lockedGetOrLoad (447 bytes)
Total: 1

VM state: not at safepoint (normal execution)

VM Mutex/Monitor currently owned by a thread: None

Heap address: 0x00000000a0000000, size: 1536 MB, Compressed Oops mode: 32-bit

CDS archive(s) mapped at: [0x000001e450000000-0x000001e450ba0000-0x000001e450ba0000), size 12189696, SharedBaseAddress: 0x000001e450000000, ArchiveRelocationMode: 1.
Compressed class space mapped at: 0x000001e451000000-0x000001e491000000, reserved size: 1073741824
Narrow klass base: 0x000001e450000000, Narrow klass shift: 0, Narrow klass range: 0x100000000

GC Precious Log:
 CardTable entry size: 512
 Card Set container configuration: InlinePtr #cards 5 size 8 Array Of Cards #cards 12 size 40 Howl #buckets 4 coarsen threshold 1843 Howl Bitmap #cards 512 size 80 coarsen threshold 460 Card regions per heap region 1 cards per card region 2048
 CPUs: 8 total, 8 available
 Memory: 24467M
 Large Page Support: Disabled
 NUMA Support: Disabled
 Compressed Oops: Enabled (32-bit)
 Heap Region Size: 1M
 Heap Min Capacity: 8M
 Heap Initial Capacity: 384M
 Heap Max Capacity: 1536M
 Pre-touch: Disabled
 Parallel Workers: 8
 Concurrent Workers: 2
 Concurrent Refinement Workers: 8
 Periodic GC: Disabled

Heap:
 garbage-first heap   total 155648K, used 110086K [0x00000000a0000000, 0x0000000100000000)
  region size 1024K, 21 young (21504K), 6 survivors (6144K)
 Metaspace       used 77869K, committed 80064K, reserved 1179648K
  class space    used 10938K, committed 11968K, reserved 1048576K

Heap Regions: E=young(eden), S=young(survivor), O=old, HS=humongous(starts), HC=humongous(continues), CS=collection set, F=free, TAMS=top-at-mark-start, PB=parsable bottom
|   0|0x00000000a0000000, 0x00000000a0100000, 0x00000000a0100000|100%|HS|  |TAMS 0x00000000a0000000| PB 0x00000000a0000000| Complete 
|   1|0x00000000a0100000, 0x00000000a0200000, 0x00000000a0200000|100%|HC|  |TAMS 0x00000000a0100000| PB 0x00000000a0100000| Complete 
|   2|0x00000000a0200000, 0x00000000a0300000, 0x00000000a0300000|100%|HC|  |TAMS 0x00000000a0200000| PB 0x00000000a0200000| Complete 
|   3|0x00000000a0300000, 0x00000000a0400000, 0x00000000a0400000|100%| O|  |TAMS 0x00000000a0300000| PB 0x00000000a0300000| Untracked 
|   4|0x00000000a0400000, 0x00000000a0500000, 0x00000000a0500000|100%| O|  |TAMS 0x00000000a0400000| PB 0x00000000a0400000| Untracked 
|   5|0x00000000a0500000, 0x00000000a0600000, 0x00000000a0600000|100%| O|  |TAMS 0x00000000a0500000| PB 0x00000000a0500000| Untracked 
|   6|0x00000000a0600000, 0x00000000a0700000, 0x00000000a0700000|100%|HS|  |TAMS 0x00000000a0600000| PB 0x00000000a0600000| Complete 
|   7|0x00000000a0700000, 0x00000000a0800000, 0x00000000a0800000|100%| O|  |TAMS 0x00000000a0700000| PB 0x00000000a0700000| Untracked 
|   8|0x00000000a0800000, 0x00000000a0900000, 0x00000000a0900000|100%| O|  |TAMS 0x00000000a0800000| PB 0x00000000a0800000| Untracked 
|   9|0x00000000a0900000, 0x00000000a0a00000, 0x00000000a0a00000|100%| O|  |TAMS 0x00000000a0900000| PB 0x00000000a0900000| Untracked 
|  10|0x00000000a0a00000, 0x00000000a0b00000, 0x00000000a0b00000|100%|HS|  |TAMS 0x00000000a0a00000| PB 0x00000000a0a00000| Complete 
|  11|0x00000000a0b00000, 0x00000000a0c00000, 0x00000000a0c00000|100%| O|  |TAMS 0x00000000a0b00000| PB 0x00000000a0b00000| Untracked 
|  12|0x00000000a0c00000, 0x00000000a0d00000, 0x00000000a0d00000|100%| O|  |TAMS 0x00000000a0c00000| PB 0x00000000a0c00000| Untracked 
|  13|0x00000000a0d00000, 0x00000000a0e00000, 0x00000000a0e00000|100%| O|  |TAMS 0x00000000a0d00000| PB 0x00000000a0d00000| Untracked 
|  14|0x00000000a0e00000, 0x00000000a0f00000, 0x00000000a0f00000|100%| O|  |TAMS 0x00000000a0e00000| PB 0x00000000a0e00000| Untracked 
|  15|0x00000000a0f00000, 0x00000000a1000000, 0x00000000a1000000|100%| O|  |TAMS 0x00000000a0f00000| PB 0x00000000a0f00000| Untracked 
|  16|0x00000000a1000000, 0x00000000a1100000, 0x00000000a1100000|100%| O|  |TAMS 0x00000000a1000000| PB 0x00000000a1000000| Untracked 
|  17|0x00000000a1100000, 0x00000000a1200000, 0x00000000a1200000|100%| O|  |TAMS 0x00000000a1100000| PB 0x00000000a1100000| Untracked 
|  18|0x00000000a1200000, 0x00000000a1300000, 0x00000000a1300000|100%| O|  |TAMS 0x00000000a1200000| PB 0x00000000a1200000| Untracked 
|  19|0x00000000a1300000, 0x00000000a1400000, 0x00000000a1400000|100%| O|  |TAMS 0x00000000a1300000| PB 0x00000000a1300000| Untracked 
|  20|0x00000000a1400000, 0x00000000a1500000, 0x00000000a1500000|100%| O|  |TAMS 0x00000000a1400000| PB 0x00000000a1400000| Untracked 
|  21|0x00000000a1500000, 0x00000000a1600000, 0x00000000a1600000|100%| O|  |TAMS 0x00000000a1500000| PB 0x00000000a1500000| Untracked 
|  22|0x00000000a1600000, 0x00000000a1700000, 0x00000000a1700000|100%| O|  |TAMS 0x00000000a1600000| PB 0x00000000a1600000| Untracked 
|  23|0x00000000a1700000, 0x00000000a1800000, 0x00000000a1800000|100%| O|  |TAMS 0x00000000a1700000| PB 0x00000000a1700000| Untracked 
|  24|0x00000000a1800000, 0x00000000a1900000, 0x00000000a1900000|100%| O|  |TAMS 0x00000000a1800000| PB 0x00000000a1800000| Untracked 
|  25|0x00000000a1900000, 0x00000000a1a00000, 0x00000000a1a00000|100%| O|  |TAMS 0x00000000a1900000| PB 0x00000000a1900000| Untracked 
|  26|0x00000000a1a00000, 0x00000000a1b00000, 0x00000000a1b00000|100%| O|  |TAMS 0x00000000a1a00000| PB 0x00000000a1a00000| Untracked 
|  27|0x00000000a1b00000, 0x00000000a1c00000, 0x00000000a1c00000|100%| O|  |TAMS 0x00000000a1b00000| PB 0x00000000a1b00000| Untracked 
|  28|0x00000000a1c00000, 0x00000000a1c00000, 0x00000000a1d00000|  0%| F|  |TAMS 0x00000000a1c00000| PB 0x00000000a1c00000| Untracked 
|  29|0x00000000a1d00000, 0x00000000a1e00000, 0x00000000a1e00000|100%| O|  |TAMS 0x00000000a1d00000| PB 0x00000000a1d00000| Untracked 
|  30|0x00000000a1e00000, 0x00000000a1f00000, 0x00000000a1f00000|100%| O|  |TAMS 0x00000000a1e00000| PB 0x00000000a1e00000| Untracked 
|  31|0x00000000a1f00000, 0x00000000a2000000, 0x00000000a2000000|100%| O|  |TAMS 0x00000000a1f00000| PB 0x00000000a1f00000| Untracked 
|  32|0x00000000a2000000, 0x00000000a2100000, 0x00000000a2100000|100%| O|  |TAMS 0x00000000a2000000| PB 0x00000000a2000000| Untracked 
|  33|0x00000000a2100000, 0x00000000a2200000, 0x00000000a2200000|100%| O|  |TAMS 0x00000000a2100000| PB 0x00000000a2100000| Untracked 
|  34|0x00000000a2200000, 0x00000000a2300000, 0x00000000a2300000|100%| O|  |TAMS 0x00000000a2200000| PB 0x00000000a2200000| Untracked 
|  35|0x00000000a2300000, 0x00000000a2400000, 0x00000000a2400000|100%| O|  |TAMS 0x00000000a2300000| PB 0x00000000a2300000| Untracked 
|  36|0x00000000a2400000, 0x00000000a2500000, 0x00000000a2500000|100%| O|  |TAMS 0x00000000a2400000| PB 0x00000000a2400000| Untracked 
|  37|0x00000000a2500000, 0x00000000a2600000, 0x00000000a2600000|100%| O|  |TAMS 0x00000000a2500000| PB 0x00000000a2500000| Untracked 
|  38|0x00000000a2600000, 0x00000000a2700000, 0x00000000a2700000|100%| O|  |TAMS 0x00000000a2600000| PB 0x00000000a2600000| Untracked 
|  39|0x00000000a2700000, 0x00000000a2800000, 0x00000000a2800000|100%| O|  |TAMS 0x00000000a2700000| PB 0x00000000a2700000| Untracked 
|  40|0x00000000a2800000, 0x00000000a2900000, 0x00000000a2900000|100%|HS|  |TAMS 0x00000000a2800000| PB 0x00000000a2800000| Complete 
|  41|0x00000000a2900000, 0x00000000a2a00000, 0x00000000a2a00000|100%| O|  |TAMS 0x00000000a2900000| PB 0x00000000a2900000| Untracked 
|  42|0x00000000a2a00000, 0x00000000a2b00000, 0x00000000a2b00000|100%| O|  |TAMS 0x00000000a2a00000| PB 0x00000000a2a00000| Untracked 
|  43|0x00000000a2b00000, 0x00000000a2c00000, 0x00000000a2c00000|100%| O|  |TAMS 0x00000000a2b00000| PB 0x00000000a2b00000| Untracked 
|  44|0x00000000a2c00000, 0x00000000a2d00000, 0x00000000a2d00000|100%| O|  |TAMS 0x00000000a2c00000| PB 0x00000000a2c00000| Untracked 
|  45|0x00000000a2d00000, 0x00000000a2e00000, 0x00000000a2e00000|100%| O|  |TAMS 0x00000000a2d00000| PB 0x00000000a2d00000| Untracked 
|  46|0x00000000a2e00000, 0x00000000a2f00000, 0x00000000a2f00000|100%| O|  |TAMS 0x00000000a2e00000| PB 0x00000000a2e00000| Untracked 
|  47|0x00000000a2f00000, 0x00000000a3000000, 0x00000000a3000000|100%| O|  |TAMS 0x00000000a2f00000| PB 0x00000000a2f00000| Untracked 
|  48|0x00000000a3000000, 0x00000000a3100000, 0x00000000a3100000|100%| O|  |TAMS 0x00000000a3000000| PB 0x00000000a3000000| Untracked 
|  49|0x00000000a3100000, 0x00000000a3200000, 0x00000000a3200000|100%| O|  |TAMS 0x00000000a3100000| PB 0x00000000a3100000| Untracked 
|  50|0x00000000a3200000, 0x00000000a3300000, 0x00000000a3300000|100%|HS|  |TAMS 0x00000000a3200000| PB 0x00000000a3200000| Complete 
|  51|0x00000000a3300000, 0x00000000a3400000, 0x00000000a3400000|100%|HS|  |TAMS 0x00000000a3300000| PB 0x00000000a3300000| Complete 
|  52|0x00000000a3400000, 0x00000000a3500000, 0x00000000a3500000|100%|HS|  |TAMS 0x00000000a3400000| PB 0x00000000a3400000| Complete 
|  53|0x00000000a3500000, 0x00000000a3600000, 0x00000000a3600000|100%| O|  |TAMS 0x00000000a3500000| PB 0x00000000a3500000| Untracked 
|  54|0x00000000a3600000, 0x00000000a3700000, 0x00000000a3700000|100%| O|  |TAMS 0x00000000a3600000| PB 0x00000000a3600000| Untracked 
|  55|0x00000000a3700000, 0x00000000a3800000, 0x00000000a3800000|100%|HS|  |TAMS 0x00000000a3700000| PB 0x00000000a3700000| Complete 
|  56|0x00000000a3800000, 0x00000000a3900000, 0x00000000a3900000|100%| O|  |TAMS 0x00000000a3800000| PB 0x00000000a3800000| Untracked 
|  57|0x00000000a3900000, 0x00000000a3a00000, 0x00000000a3a00000|100%| O|  |TAMS 0x00000000a3900000| PB 0x00000000a3900000| Untracked 
|  58|0x00000000a3a00000, 0x00000000a3b00000, 0x00000000a3b00000|100%| O|  |TAMS 0x00000000a3a00000| PB 0x00000000a3a00000| Untracked 
|  59|0x00000000a3b00000, 0x00000000a3c00000, 0x00000000a3c00000|100%| O|  |TAMS 0x00000000a3b00000| PB 0x00000000a3b00000| Untracked 
|  60|0x00000000a3c00000, 0x00000000a3d00000, 0x00000000a3d00000|100%| O|  |TAMS 0x00000000a3c00000| PB 0x00000000a3c00000| Untracked 
|  61|0x00000000a3d00000, 0x00000000a3e00000, 0x00000000a3e00000|100%| O|  |TAMS 0x00000000a3d00000| PB 0x00000000a3d00000| Untracked 
|  62|0x00000000a3e00000, 0x00000000a3f00000, 0x00000000a3f00000|100%| O|  |TAMS 0x00000000a3e00000| PB 0x00000000a3e00000| Untracked 
|  63|0x00000000a3f00000, 0x00000000a4000000, 0x00000000a4000000|100%|HS|  |TAMS 0x00000000a3f00000| PB 0x00000000a3f00000| Complete 
|  64|0x00000000a4000000, 0x00000000a4100000, 0x00000000a4100000|100%| O|  |TAMS 0x00000000a4000000| PB 0x00000000a4000000| Untracked 
|  65|0x00000000a4100000, 0x00000000a4200000, 0x00000000a4200000|100%| O|  |TAMS 0x00000000a4100000| PB 0x00000000a4100000| Untracked 
|  66|0x00000000a4200000, 0x00000000a4300000, 0x00000000a4300000|100%| O|  |TAMS 0x00000000a4200000| PB 0x00000000a4200000| Untracked 
|  67|0x00000000a4300000, 0x00000000a4400000, 0x00000000a4400000|100%| O|  |TAMS 0x00000000a4300000| PB 0x00000000a4300000| Untracked 
|  68|0x00000000a4400000, 0x00000000a4500000, 0x00000000a4500000|100%| O|  |TAMS 0x00000000a4400000| PB 0x00000000a4400000| Untracked 
|  69|0x00000000a4500000, 0x00000000a4600000, 0x00000000a4600000|100%| O|  |TAMS 0x00000000a4500000| PB 0x00000000a4500000| Untracked 
|  70|0x00000000a4600000, 0x00000000a4700000, 0x00000000a4700000|100%| O|  |TAMS 0x00000000a4600000| PB 0x00000000a4600000| Untracked 
|  71|0x00000000a4700000, 0x00000000a4800000, 0x00000000a4800000|100%| O|  |TAMS 0x00000000a4700000| PB 0x00000000a4700000| Untracked 
|  72|0x00000000a4800000, 0x00000000a4900000, 0x00000000a4900000|100%| O|  |TAMS 0x00000000a4800000| PB 0x00000000a4800000| Untracked 
|  73|0x00000000a4900000, 0x00000000a4a00000, 0x00000000a4a00000|100%| O|  |TAMS 0x00000000a4900000| PB 0x00000000a4900000| Untracked 
|  74|0x00000000a4a00000, 0x00000000a4b00000, 0x00000000a4b00000|100%| O|  |TAMS 0x00000000a4a00000| PB 0x00000000a4a00000| Untracked 
|  75|0x00000000a4b00000, 0x00000000a4c00000, 0x00000000a4c00000|100%| O|  |TAMS 0x00000000a4b00000| PB 0x00000000a4b00000| Untracked 
|  76|0x00000000a4c00000, 0x00000000a4d00000, 0x00000000a4d00000|100%| O|  |TAMS 0x00000000a4c00000| PB 0x00000000a4c00000| Untracked 
|  77|0x00000000a4d00000, 0x00000000a4e00000, 0x00000000a4e00000|100%| O|  |TAMS 0x00000000a4d00000| PB 0x00000000a4d00000| Untracked 
|  78|0x00000000a4e00000, 0x00000000a4f00000, 0x00000000a4f00000|100%| O|  |TAMS 0x00000000a4e00000| PB 0x00000000a4e00000| Untracked 
|  79|0x00000000a4f00000, 0x00000000a5000000, 0x00000000a5000000|100%| O|  |TAMS 0x00000000a4f00000| PB 0x00000000a4f00000| Untracked 
|  80|0x00000000a5000000, 0x00000000a5100000, 0x00000000a5100000|100%| O|  |TAMS 0x00000000a5000000| PB 0x00000000a5000000| Untracked 
|  81|0x00000000a5100000, 0x00000000a5100000, 0x00000000a5200000|  0%| F|  |TAMS 0x00000000a5100000| PB 0x00000000a5100000| Untracked 
|  82|0x00000000a5200000, 0x00000000a5300000, 0x00000000a5300000|100%| O|  |TAMS 0x00000000a5200000| PB 0x00000000a5200000| Untracked 
|  83|0x00000000a5300000, 0x00000000a5400000, 0x00000000a5400000|100%| O|  |TAMS 0x00000000a5300000| PB 0x00000000a5300000| Untracked 
|  84|0x00000000a5400000, 0x00000000a5500000, 0x00000000a5500000|100%| O|  |TAMS 0x00000000a5400000| PB 0x00000000a5400000| Untracked 
|  85|0x00000000a5500000, 0x00000000a55d15f0, 0x00000000a5600000| 81%| O|  |TAMS 0x00000000a5500000| PB 0x00000000a5500000| Untracked 
|  86|0x00000000a5600000, 0x00000000a5600000, 0x00000000a5700000|  0%| F|  |TAMS 0x00000000a5600000| PB 0x00000000a5600000| Untracked 
|  87|0x00000000a5700000, 0x00000000a57b0480, 0x00000000a5800000| 68%| S|CS|TAMS 0x00000000a5700000| PB 0x00000000a5700000| Complete 
|  88|0x00000000a5800000, 0x00000000a5900000, 0x00000000a5900000|100%| S|CS|TAMS 0x00000000a5800000| PB 0x00000000a5800000| Complete 
|  89|0x00000000a5900000, 0x00000000a5a00000, 0x00000000a5a00000|100%| S|CS|TAMS 0x00000000a5900000| PB 0x00000000a5900000| Complete 
|  90|0x00000000a5a00000, 0x00000000a5b00000, 0x00000000a5b00000|100%| S|CS|TAMS 0x00000000a5a00000| PB 0x00000000a5a00000| Complete 
|  91|0x00000000a5b00000, 0x00000000a5c00000, 0x00000000a5c00000|100%| S|CS|TAMS 0x00000000a5b00000| PB 0x00000000a5b00000| Complete 
|  92|0x00000000a5c00000, 0x00000000a5d00000, 0x00000000a5d00000|100%| S|CS|TAMS 0x00000000a5c00000| PB 0x00000000a5c00000| Complete 
|  93|0x00000000a5d00000, 0x00000000a5d00000, 0x00000000a5e00000|  0%| F|  |TAMS 0x00000000a5d00000| PB 0x00000000a5d00000| Untracked 
|  94|0x00000000a5e00000, 0x00000000a5e00000, 0x00000000a5f00000|  0%| F|  |TAMS 0x00000000a5e00000| PB 0x00000000a5e00000| Untracked 
|  95|0x00000000a5f00000, 0x00000000a5f00000, 0x00000000a6000000|  0%| F|  |TAMS 0x00000000a5f00000| PB 0x00000000a5f00000| Untracked 
|  96|0x00000000a6000000, 0x00000000a6000000, 0x00000000a6100000|  0%| F|  |TAMS 0x00000000a6000000| PB 0x00000000a6000000| Untracked 
|  97|0x00000000a6100000, 0x00000000a6100000, 0x00000000a6200000|  0%| F|  |TAMS 0x00000000a6100000| PB 0x00000000a6100000| Untracked 
|  98|0x00000000a6200000, 0x00000000a6200000, 0x00000000a6300000|  0%| F|  |TAMS 0x00000000a6200000| PB 0x00000000a6200000| Untracked 
|  99|0x00000000a6300000, 0x00000000a6300000, 0x00000000a6400000|  0%| F|  |TAMS 0x00000000a6300000| PB 0x00000000a6300000| Untracked 
| 100|0x00000000a6400000, 0x00000000a6400000, 0x00000000a6500000|  0%| F|  |TAMS 0x00000000a6400000| PB 0x00000000a6400000| Untracked 
| 101|0x00000000a6500000, 0x00000000a6500000, 0x00000000a6600000|  0%| F|  |TAMS 0x00000000a6500000| PB 0x00000000a6500000| Untracked 
| 102|0x00000000a6600000, 0x00000000a6600000, 0x00000000a6700000|  0%| F|  |TAMS 0x00000000a6600000| PB 0x00000000a6600000| Untracked 
| 103|0x00000000a6700000, 0x00000000a6700000, 0x00000000a6800000|  0%| F|  |TAMS 0x00000000a6700000| PB 0x00000000a6700000| Untracked 
| 104|0x00000000a6800000, 0x00000000a6800000, 0x00000000a6900000|  0%| F|  |TAMS 0x00000000a6800000| PB 0x00000000a6800000| Untracked 
| 105|0x00000000a6900000, 0x00000000a6900000, 0x00000000a6a00000|  0%| F|  |TAMS 0x00000000a6900000| PB 0x00000000a6900000| Untracked 
| 106|0x00000000a6a00000, 0x00000000a6a00000, 0x00000000a6b00000|  0%| F|  |TAMS 0x00000000a6a00000| PB 0x00000000a6a00000| Untracked 
| 107|0x00000000a6b00000, 0x00000000a6b00000, 0x00000000a6c00000|  0%| F|  |TAMS 0x00000000a6b00000| PB 0x00000000a6b00000| Untracked 
| 108|0x00000000a6c00000, 0x00000000a6c00000, 0x00000000a6d00000|  0%| F|  |TAMS 0x00000000a6c00000| PB 0x00000000a6c00000| Untracked 
| 109|0x00000000a6d00000, 0x00000000a6d00000, 0x00000000a6e00000|  0%| F|  |TAMS 0x00000000a6d00000| PB 0x00000000a6d00000| Untracked 
| 110|0x00000000a6e00000, 0x00000000a6e00000, 0x00000000a6f00000|  0%| F|  |TAMS 0x00000000a6e00000| PB 0x00000000a6e00000| Untracked 
| 111|0x00000000a6f00000, 0x00000000a6f00000, 0x00000000a7000000|  0%| F|  |TAMS 0x00000000a6f00000| PB 0x00000000a6f00000| Untracked 
| 112|0x00000000a7000000, 0x00000000a7000000, 0x00000000a7100000|  0%| F|  |TAMS 0x00000000a7000000| PB 0x00000000a7000000| Untracked 
| 113|0x00000000a7100000, 0x00000000a7100000, 0x00000000a7200000|  0%| F|  |TAMS 0x00000000a7100000| PB 0x00000000a7100000| Untracked 
| 114|0x00000000a7200000, 0x00000000a7200000, 0x00000000a7300000|  0%| F|  |TAMS 0x00000000a7200000| PB 0x00000000a7200000| Untracked 
| 115|0x00000000a7300000, 0x00000000a7300000, 0x00000000a7400000|  0%| F|  |TAMS 0x00000000a7300000| PB 0x00000000a7300000| Untracked 
| 116|0x00000000a7400000, 0x00000000a7400000, 0x00000000a7500000|  0%| F|  |TAMS 0x00000000a7400000| PB 0x00000000a7400000| Untracked 
| 117|0x00000000a7500000, 0x00000000a7500000, 0x00000000a7600000|  0%| F|  |TAMS 0x00000000a7500000| PB 0x00000000a7500000| Untracked 
| 118|0x00000000a7600000, 0x00000000a7600000, 0x00000000a7700000|  0%| F|  |TAMS 0x00000000a7600000| PB 0x00000000a7600000| Untracked 
| 119|0x00000000a7700000, 0x00000000a7700000, 0x00000000a7800000|  0%| F|  |TAMS 0x00000000a7700000| PB 0x00000000a7700000| Untracked 
| 120|0x00000000a7800000, 0x00000000a7800000, 0x00000000a7900000|  0%| F|  |TAMS 0x00000000a7800000| PB 0x00000000a7800000| Untracked 
| 121|0x00000000a7900000, 0x00000000a7900000, 0x00000000a7a00000|  0%| F|  |TAMS 0x00000000a7900000| PB 0x00000000a7900000| Untracked 
| 122|0x00000000a7a00000, 0x00000000a7a00000, 0x00000000a7b00000|  0%| F|  |TAMS 0x00000000a7a00000| PB 0x00000000a7a00000| Untracked 
| 123|0x00000000a7b00000, 0x00000000a7b00000, 0x00000000a7c00000|  0%| F|  |TAMS 0x00000000a7b00000| PB 0x00000000a7b00000| Untracked 
| 124|0x00000000a7c00000, 0x00000000a7c00000, 0x00000000a7d00000|  0%| F|  |TAMS 0x00000000a7c00000| PB 0x00000000a7c00000| Untracked 
| 125|0x00000000a7d00000, 0x00000000a7d00000, 0x00000000a7e00000|  0%| F|  |TAMS 0x00000000a7d00000| PB 0x00000000a7d00000| Untracked 
| 126|0x00000000a7e00000, 0x00000000a7e00000, 0x00000000a7f00000|  0%| F|  |TAMS 0x00000000a7e00000| PB 0x00000000a7e00000| Untracked 
| 127|0x00000000a7f00000, 0x00000000a7f00000, 0x00000000a8000000|  0%| F|  |TAMS 0x00000000a7f00000| PB 0x00000000a7f00000| Untracked 
| 128|0x00000000a8000000, 0x00000000a8000000, 0x00000000a8100000|  0%| F|  |TAMS 0x00000000a8000000| PB 0x00000000a8000000| Untracked 
| 129|0x00000000a8100000, 0x00000000a8100000, 0x00000000a8200000|  0%| F|  |TAMS 0x00000000a8100000| PB 0x00000000a8100000| Untracked 
| 130|0x00000000a8200000, 0x00000000a8200000, 0x00000000a8300000|  0%| F|  |TAMS 0x00000000a8200000| PB 0x00000000a8200000| Untracked 
| 131|0x00000000a8300000, 0x00000000a8300000, 0x00000000a8400000|  0%| F|  |TAMS 0x00000000a8300000| PB 0x00000000a8300000| Untracked 
| 132|0x00000000a8400000, 0x00000000a8400000, 0x00000000a8500000|  0%| F|  |TAMS 0x00000000a8400000| PB 0x00000000a8400000| Untracked 
| 133|0x00000000a8500000, 0x00000000a85bf2b8, 0x00000000a8600000| 74%| E|  |TAMS 0x00000000a8500000| PB 0x00000000a8500000| Complete 
| 276|0x00000000b1400000, 0x00000000b1500000, 0x00000000b1500000|100%| E|CS|TAMS 0x00000000b1400000| PB 0x00000000b1400000| Complete 
| 277|0x00000000b1500000, 0x00000000b1600000, 0x00000000b1600000|100%| E|CS|TAMS 0x00000000b1500000| PB 0x00000000b1500000| Complete 
| 278|0x00000000b1600000, 0x00000000b1700000, 0x00000000b1700000|100%| E|CS|TAMS 0x00000000b1600000| PB 0x00000000b1600000| Complete 
| 279|0x00000000b1700000, 0x00000000b1800000, 0x00000000b1800000|100%| E|CS|TAMS 0x00000000b1700000| PB 0x00000000b1700000| Complete 
| 280|0x00000000b1800000, 0x00000000b1900000, 0x00000000b1900000|100%| E|CS|TAMS 0x00000000b1800000| PB 0x00000000b1800000| Complete 
| 281|0x00000000b1900000, 0x00000000b1a00000, 0x00000000b1a00000|100%| E|CS|TAMS 0x00000000b1900000| PB 0x00000000b1900000| Complete 
| 282|0x00000000b1a00000, 0x00000000b1b00000, 0x00000000b1b00000|100%| E|CS|TAMS 0x00000000b1a00000| PB 0x00000000b1a00000| Complete 
| 283|0x00000000b1b00000, 0x00000000b1c00000, 0x00000000b1c00000|100%| E|CS|TAMS 0x00000000b1b00000| PB 0x00000000b1b00000| Complete 
| 284|0x00000000b1c00000, 0x00000000b1d00000, 0x00000000b1d00000|100%| E|CS|TAMS 0x00000000b1c00000| PB 0x00000000b1c00000| Complete 
| 285|0x00000000b1d00000, 0x00000000b1e00000, 0x00000000b1e00000|100%| E|CS|TAMS 0x00000000b1d00000| PB 0x00000000b1d00000| Complete 
| 286|0x00000000b1e00000, 0x00000000b1f00000, 0x00000000b1f00000|100%| E|CS|TAMS 0x00000000b1e00000| PB 0x00000000b1e00000| Complete 
| 287|0x00000000b1f00000, 0x00000000b2000000, 0x00000000b2000000|100%| E|CS|TAMS 0x00000000b1f00000| PB 0x00000000b1f00000| Complete 
| 383|0x00000000b7f00000, 0x00000000b8000000, 0x00000000b8000000|100%| E|CS|TAMS 0x00000000b7f00000| PB 0x00000000b7f00000| Complete 
|1531|0x00000000ffb00000, 0x00000000ffc00000, 0x00000000ffc00000|100%| O|  |TAMS 0x00000000ffb00000| PB 0x00000000ffb00000| Untracked 
|1532|0x00000000ffc00000, 0x00000000ffd00000, 0x00000000ffd00000|100%| E|CS|TAMS 0x00000000ffc00000| PB 0x00000000ffc00000| Complete 
|1533|0x00000000ffd00000, 0x00000000ffe00000, 0x00000000ffe00000|100%| O|  |TAMS 0x00000000ffd00000| PB 0x00000000ffd00000| Untracked 
|1534|0x00000000ffe00000, 0x00000000fff00000, 0x00000000fff00000|100%| O|  |TAMS 0x00000000ffe00000| PB 0x00000000ffe00000| Untracked 
|1535|0x00000000fff00000, 0x0000000100000000, 0x0000000100000000|100%| O|  |TAMS 0x00000000fff00000| PB 0x00000000fff00000| Untracked 

Card table byte_map: [0x000001e44aae0000,0x000001e44ade0000] _byte_map_base: 0x000001e44a5e0000

Marking Bits: (CMBitMap*) 0x000001e4382f8460
 Bits: [0x000001e44ade0000, 0x000001e44c5e0000)

Polling page: 0x000001e436080000

Metaspace:

Usage:
  Non-class:     65.36 MB used.
      Class:     10.68 MB used.
       Both:     76.04 MB used.

Virtual space:
  Non-class space:      128.00 MB reserved,      66.50 MB ( 52%) committed,  2 nodes.
      Class space:        1.00 GB reserved,      11.69 MB (  1%) committed,  1 nodes.
             Both:        1.12 GB reserved,      78.19 MB (  7%) committed. 

Chunk freelists:
   Non-Class:  13.14 MB
       Class:  4.55 MB
        Both:  17.69 MB

MaxMetaspaceSize: unlimited
CompressedClassSpaceSize: 1.00 GB
Initial GC threshold: 21.00 MB
Current GC threshold: 130.31 MB
CDS: on
 - commit_granule_bytes: 65536.
 - commit_granule_words: 8192.
 - virtual_space_node_default_size: 8388608.
 - enlarge_chunks_in_place: 1.
 - use_allocation_guard: 0.


Internal statistics:

num_allocs_failed_limit: 6.
num_arena_births: 3860.
num_arena_deaths: 850.
num_vsnodes_births: 3.
num_vsnodes_deaths: 0.
num_space_committed: 1251.
num_space_uncommitted: 0.
num_chunks_returned_to_freelist: 930.
num_chunks_taken_from_freelist: 7736.
num_chunk_merges: 301.
num_chunk_splits: 4875.
num_chunks_enlarged: 3031.
num_inconsistent_stats: 0.

CodeHeap 'non-profiled nmethods': size=120000Kb used=6824Kb max_used=6947Kb free=113176Kb
 bounds [0x000001e442f80000, 0x000001e443670000, 0x000001e44a4b0000]
CodeHeap 'profiled nmethods': size=120000Kb used=17548Kb max_used=18966Kb free=102451Kb
 bounds [0x000001e43b4b0000, 0x000001e43c740000, 0x000001e4429e0000]
CodeHeap 'non-nmethods': size=5760Kb used=2686Kb max_used=2751Kb free=3073Kb
 bounds [0x000001e4429e0000, 0x000001e442cb0000, 0x000001e442f80000]
CodeCache: size=245760Kb, used=27058Kb, max_used=28664Kb, free=218700Kb
 total_blobs=10334, nmethods=9384, adapters=854, full_count=0
Compilation: enabled, stopped_count=0, restarted_count=0

Compilation events (20 events):
Event: 1974.828 Thread 0x000001e44f11cc20 nmethod 12628 0x000001e443080010 code [0x000001e4430801a0, 0x000001e443080290]
Event: 1974.831 Thread 0x000001e44f12bea0 12629       1       org.gradle.internal.operations.DefaultBuildOperationQueue::access$500 (5 bytes)
Event: 1974.832 Thread 0x000001e44f12bea0 nmethod 12629 0x000001e44308d990 code [0x000001e44308db20, 0x000001e44308dbd0]
Event: 1974.835 Thread 0x000001e44f11cc20 12630       4       org.gradle.internal.operations.DefaultBuildOperationRunner$CallableBuildOperationWorker::execute (10 bytes)
Event: 1974.838 Thread 0x000001e44f11cc20 nmethod 12630 0x000001e44309d390 code [0x000001e44309d520, 0x000001e44309d768]
Event: 1974.886 Thread 0x000001e44f11cc20 12631       4       java.util.Properties::getProperty (50 bytes)
Event: 1974.899 Thread 0x000001e44f11cc20 nmethod 12631 0x000001e443085810 code [0x000001e443085a00, 0x000001e443085ec8]
Event: 1974.923 Thread 0x000001e44f12bea0 12632       3       org.gradle.internal.snapshot.PathUtil::computeCombinedCompare (20 bytes)
Event: 1974.924 Thread 0x000001e44f12bea0 nmethod 12632 0x000001e43b725810 code [0x000001e43b7259c0, 0x000001e43b725ba0]
Event: 1974.925 Thread 0x000001e44f11cc20 12633   !   4       com.google.common.cache.LocalCache$Segment::lockedGetOrLoad (447 bytes)
Event: 1975.056 Thread 0x000001e44f12bea0 12639       3       org.gradle.internal.snapshot.AbstractIncompleteFileSystemNode$2::createChild (5 bytes)
Event: 1975.057 Thread 0x000001e44f12bea0 nmethod 12639 0x000001e43bd97610 code [0x000001e43bd977e0, 0x000001e43bd97af8]
Event: 1975.057 Thread 0x000001e44f12bea0 12640       3       org.gradle.internal.snapshot.AbstractIncompleteFileSystemNode$2::createChild (22 bytes)
Event: 1975.057 Thread 0x000001e44f12bea0 nmethod 12640 0x000001e43bc7e210 code [0x000001e43bc7e3e0, 0x000001e43bc7e698]
Event: 1975.085 Thread 0x000001e44f12bea0 12641       3       org.gradle.internal.resources.DefaultResourceLockCoordinationService::startOperation (49 bytes)
Event: 1975.086 Thread 0x000001e44f12bea0 nmethod 12641 0x000001e43bdc6910 code [0x000001e43bdc6ae0, 0x000001e43bdc6e38]
Event: 1975.086 Thread 0x000001e44f12bea0 12642       3       org.gradle.internal.resources.DefaultResourceLockCoordinationService::finishOperation (38 bytes)
Event: 1975.086 Thread 0x000001e44f12bea0 nmethod 12642 0x000001e43bded490 code [0x000001e43bded660, 0x000001e43bded958]
Event: 1975.086 Thread 0x000001e44f12bea0 12643   !   3       org.gradle.internal.resources.DefaultResourceLockCoordinationService::withStateLock (218 bytes)
Event: 1975.089 Thread 0x000001e44f12bea0 nmethod 12643 0x000001e43b648e10 code [0x000001e43b6491c0, 0x000001e43b64a4b8]

GC Heap History (20 events):
Event: 1485.407 GC heap before
{Heap before GC invocations=49 (full 0):
 garbage-first heap   total 130048K, used 119164K [0x00000000a0000000, 0x0000000100000000)
  region size 1024K, 41 young (41984K), 2 survivors (2048K)
 Metaspace       used 73309K, committed 75200K, reserved 1114112K
  class space    used 10343K, committed 11264K, reserved 1048576K
}
Event: 1485.416 GC heap after
{Heap after GC invocations=50 (full 0):
 garbage-first heap   total 130048K, used 80188K [0x00000000a0000000, 0x0000000100000000)
  region size 1024K, 3 young (3072K), 3 survivors (3072K)
 Metaspace       used 73309K, committed 75200K, reserved 1114112K
  class space    used 10343K, committed 11264K, reserved 1048576K
}
Event: 1488.836 GC heap before
{Heap before GC invocations=50 (full 0):
 garbage-first heap   total 130048K, used 120124K [0x00000000a0000000, 0x0000000100000000)
  region size 1024K, 42 young (43008K), 3 survivors (3072K)
 Metaspace       used 76582K, committed 78592K, reserved 1179648K
  class space    used 10823K, committed 11776K, reserved 1048576K
}
Event: 1488.843 GC heap after
{Heap after GC invocations=51 (full 0):
 garbage-first heap   total 130048K, used 82174K [0x00000000a0000000, 0x0000000100000000)
  region size 1024K, 5 young (5120K), 5 survivors (5120K)
 Metaspace       used 76582K, committed 78592K, reserved 1179648K
  class space    used 10823K, committed 11776K, reserved 1048576K
}
Event: 1512.903 GC heap before
{Heap before GC invocations=52 (full 0):
 garbage-first heap   total 138240K, used 121086K [0x00000000a0000000, 0x0000000100000000)
  region size 1024K, 43 young (44032K), 5 survivors (5120K)
 Metaspace       used 76515K, committed 78592K, reserved 1179648K
  class space    used 10762K, committed 11776K, reserved 1048576K
}
Event: 1512.913 GC heap after
{Heap after GC invocations=53 (full 0):
 garbage-first heap   total 138240K, used 86390K [0x00000000a0000000, 0x0000000100000000)
  region size 1024K, 6 young (6144K), 6 survivors (6144K)
 Metaspace       used 76515K, committed 78592K, reserved 1179648K
  class space    used 10762K, committed 11776K, reserved 1048576K
}
Event: 1531.805 GC heap before
{Heap before GC invocations=53 (full 0):
 garbage-first heap   total 138240K, used 127350K [0x00000000a0000000, 0x0000000100000000)
  region size 1024K, 46 young (47104K), 6 survivors (6144K)
 Metaspace       used 76567K, committed 78592K, reserved 1179648K
  class space    used 10768K, committed 11776K, reserved 1048576K
}
Event: 1531.815 GC heap after
{Heap after GC invocations=54 (full 0):
 garbage-first heap   total 138240K, used 84883K [0x00000000a0000000, 0x0000000100000000)
  region size 1024K, 2 young (2048K), 2 survivors (2048K)
 Metaspace       used 76567K, committed 78592K, reserved 1179648K
  class space    used 10768K, committed 11776K, reserved 1048576K
}
Event: 1550.640 GC heap before
{Heap before GC invocations=54 (full 0):
 garbage-first heap   total 138240K, used 126867K [0x00000000a0000000, 0x0000000100000000)
  region size 1024K, 44 young (45056K), 2 survivors (2048K)
 Metaspace       used 78110K, committed 80064K, reserved 1179648K
  class space    used 11044K, committed 11968K, reserved 1048576K
}
Event: 1550.648 GC heap after
{Heap after GC invocations=55 (full 0):
 garbage-first heap   total 138240K, used 88495K [0x00000000a0000000, 0x0000000100000000)
  region size 1024K, 6 young (6144K), 6 survivors (6144K)
 Metaspace       used 78110K, committed 80064K, reserved 1179648K
  class space    used 11044K, committed 11968K, reserved 1048576K
}
Event: 1637.923 GC heap before
{Heap before GC invocations=56 (full 0):
 garbage-first heap   total 150528K, used 127407K [0x00000000a0000000, 0x0000000100000000)
  region size 1024K, 44 young (45056K), 6 survivors (6144K)
 Metaspace       used 77990K, committed 80064K, reserved 1179648K
  class space    used 10989K, committed 11968K, reserved 1048576K
}
Event: 1637.937 GC heap after
{Heap after GC invocations=57 (full 0):
 garbage-first heap   total 150528K, used 91110K [0x00000000a0000000, 0x0000000100000000)
  region size 1024K, 3 young (3072K), 3 survivors (3072K)
 Metaspace       used 77990K, committed 80064K, reserved 1179648K
  class space    used 10989K, committed 11968K, reserved 1048576K
}
Event: 1739.610 GC heap before
{Heap before GC invocations=57 (full 0):
 garbage-first heap   total 150528K, used 136166K [0x00000000a0000000, 0x0000000100000000)
  region size 1024K, 47 young (48128K), 3 survivors (3072K)
 Metaspace       used 78008K, committed 80064K, reserved 1179648K
  class space    used 10990K, committed 11968K, reserved 1048576K
}
Event: 1739.621 GC heap after
{Heap after GC invocations=58 (full 0):
 garbage-first heap   total 150528K, used 91374K [0x00000000a0000000, 0x0000000100000000)
  region size 1024K, 4 young (4096K), 4 survivors (4096K)
 Metaspace       used 78008K, committed 80064K, reserved 1179648K
  class space    used 10990K, committed 11968K, reserved 1048576K
}
Event: 1823.439 GC heap before
{Heap before GC invocations=58 (full 0):
 garbage-first heap   total 150528K, used 137454K [0x00000000a0000000, 0x0000000100000000)
  region size 1024K, 49 young (50176K), 4 survivors (4096K)
 Metaspace       used 78064K, committed 80064K, reserved 1179648K
  class space    used 10990K, committed 11968K, reserved 1048576K
}
Event: 1823.455 GC heap after
{Heap after GC invocations=59 (full 0):
 garbage-first heap   total 150528K, used 92079K [0x00000000a0000000, 0x0000000100000000)
  region size 1024K, 4 young (4096K), 4 survivors (4096K)
 Metaspace       used 78064K, committed 80064K, reserved 1179648K
  class space    used 10990K, committed 11968K, reserved 1048576K
}
Event: 1904.235 GC heap before
{Heap before GC invocations=60 (full 0):
 garbage-first heap   total 155648K, used 138159K [0x00000000a0000000, 0x0000000100000000)
  region size 1024K, 50 young (51200K), 4 survivors (4096K)
 Metaspace       used 77841K, committed 80064K, reserved 1179648K
  class space    used 10938K, committed 11968K, reserved 1048576K
}
Event: 1904.242 GC heap after
{Heap after GC invocations=61 (full 0):
 garbage-first heap   total 155648K, used 92204K [0x00000000a0000000, 0x0000000100000000)
  region size 1024K, 4 young (4096K), 4 survivors (4096K)
 Metaspace       used 77841K, committed 80064K, reserved 1179648K
  class space    used 10938K, committed 11968K, reserved 1048576K
}
Event: 1974.764 GC heap before
{Heap before GC invocations=61 (full 0):
 garbage-first heap   total 155648K, used 143404K [0x00000000a0000000, 0x0000000100000000)
  region size 1024K, 55 young (56320K), 4 survivors (4096K)
 Metaspace       used 77857K, committed 80064K, reserved 1179648K
  class space    used 10938K, committed 11968K, reserved 1048576K
}
Event: 1974.783 GC heap after
{Heap after GC invocations=62 (full 0):
 garbage-first heap   total 155648K, used 95750K [0x00000000a0000000, 0x0000000100000000)
  region size 1024K, 6 young (6144K), 6 survivors (6144K)
 Metaspace       used 77857K, committed 80064K, reserved 1179648K
  class space    used 10938K, committed 11968K, reserved 1048576K
}

Dll operation events (20 events):
Event: 0.778 Attempting to load shared library C:\Users\Khaing\.vscode\extensions\redhat.java-1.56.0-win32-x64\jre\21.0.12.1-win32-x86_64\bin\nio.dll
Event: 0.784 Loaded shared library C:\Users\Khaing\.vscode\extensions\redhat.java-1.56.0-win32-x64\jre\21.0.12.1-win32-x86_64\bin\nio.dll
Event: 0.802 Attempting to load shared library C:\Users\Khaing\.vscode\extensions\redhat.java-1.56.0-win32-x64\jre\21.0.12.1-win32-x86_64\bin\zip.dll
Event: 0.802 Loaded shared library C:\Users\Khaing\.vscode\extensions\redhat.java-1.56.0-win32-x64\jre\21.0.12.1-win32-x86_64\bin\zip.dll
Event: 3.175 Attempting to load shared library C:\Users\Khaing\.vscode\extensions\redhat.java-1.56.0-win32-x64\jre\21.0.12.1-win32-x86_64\bin\jimage.dll
Event: 3.175 Loaded shared library C:\Users\Khaing\.vscode\extensions\redhat.java-1.56.0-win32-x64\jre\21.0.12.1-win32-x86_64\bin\jimage.dll
Event: 4.394 Attempting to load shared library C:\Users\Khaing\.vscode\extensions\redhat.java-1.56.0-win32-x64\jre\21.0.12.1-win32-x86_64\bin\verify.dll
Event: 4.400 Loaded shared library C:\Users\Khaing\.vscode\extensions\redhat.java-1.56.0-win32-x64\jre\21.0.12.1-win32-x86_64\bin\verify.dll
Event: 4.700 Attempting to load shared library C:\Users\Khaing\.gradle\native\1def1411415f61bf3af743bc5b6707747c0891f09f0c88961ee8f79bc544acac\windows-amd64\native-platform.dll
Event: 4.706 Loaded shared library C:\Users\Khaing\.gradle\native\1def1411415f61bf3af743bc5b6707747c0891f09f0c88961ee8f79bc544acac\windows-amd64\native-platform.dll
Event: 4.739 Attempting to load shared library C:\Users\Khaing\.gradle\native\0.2.7\x86_64-windows-gnu\gradle-fileevents.dll
Event: 4.744 Loaded shared library C:\Users\Khaing\.gradle\native\0.2.7\x86_64-windows-gnu\gradle-fileevents.dll
Event: 20.292 Attempting to load shared library C:\Users\Khaing\.vscode\extensions\redhat.java-1.56.0-win32-x64\jre\21.0.12.1-win32-x86_64\bin\management.dll
Event: 20.326 Loaded shared library C:\Users\Khaing\.vscode\extensions\redhat.java-1.56.0-win32-x64\jre\21.0.12.1-win32-x86_64\bin\management.dll
Event: 20.378 Attempting to load shared library C:\Users\Khaing\.vscode\extensions\redhat.java-1.56.0-win32-x64\jre\21.0.12.1-win32-x86_64\bin\management_ext.dll
Event: 20.394 Loaded shared library C:\Users\Khaing\.vscode\extensions\redhat.java-1.56.0-win32-x64\jre\21.0.12.1-win32-x86_64\bin\management_ext.dll
Event: 22.384 Attempting to load shared library C:\Users\Khaing\.vscode\extensions\redhat.java-1.56.0-win32-x64\jre\21.0.12.1-win32-x86_64\bin\extnet.dll
Event: 22.440 Loaded shared library C:\Users\Khaing\.vscode\extensions\redhat.java-1.56.0-win32-x64\jre\21.0.12.1-win32-x86_64\bin\extnet.dll
Event: 25.936 Attempting to load shared library C:\Users\Khaing\.vscode\extensions\redhat.java-1.56.0-win32-x64\jre\21.0.12.1-win32-x86_64\bin\sunmscapi.dll
Event: 25.992 Loaded shared library C:\Users\Khaing\.vscode\extensions\redhat.java-1.56.0-win32-x64\jre\21.0.12.1-win32-x86_64\bin\sunmscapi.dll

Deoptimization events (20 events):
Event: 1550.636 Thread 0x000001e495f432f0 Uncommon trap: trap_request=0xffffffc6 fr.pc=0x000001e4433a635c relative=0x000000000000129c
Event: 1550.636 Thread 0x000001e495f432f0 Uncommon trap: reason=bimorphic_or_optimized_type_check action=maybe_recompile pc=0x000001e4433a635c method=java.util.concurrent.ConcurrentHashMap.putVal(Ljava/lang/Object;Ljava/lang/Object;Z)Ljava/lang/Object; @ 159 c2
Event: 1550.636 Thread 0x000001e495f432f0 DEOPT PACKING pc=0x000001e4433a635c sp=0x00000077977f7f50
Event: 1550.636 Thread 0x000001e495f432f0 DEOPT UNPACKING pc=0x000001e442a34422 sp=0x00000077977f7f00 mode 2
Event: 1550.955 Thread 0x000001e495f432f0 Uncommon trap: trap_request=0xffffffc6 fr.pc=0x000001e44312745c relative=0x00000000000003dc
Event: 1550.955 Thread 0x000001e495f432f0 Uncommon trap: reason=bimorphic_or_optimized_type_check action=maybe_recompile pc=0x000001e44312745c method=com.google.common.collect.TransformedIterator.next()Ljava/lang/Object; @ 5 c2
Event: 1550.955 Thread 0x000001e495f432f0 DEOPT PACKING pc=0x000001e44312745c sp=0x00000077977f7b40
Event: 1550.955 Thread 0x000001e495f432f0 DEOPT UNPACKING pc=0x000001e442a34422 sp=0x00000077977f7b08 mode 2
Event: 1758.242 Thread 0x000001e495f432f0 Uncommon trap: trap_request=0xffffffc6 fr.pc=0x000001e4433e9cac relative=0x00000000000003cc
Event: 1758.243 Thread 0x000001e495f432f0 Uncommon trap: reason=bimorphic_or_optimized_type_check action=maybe_recompile pc=0x000001e4433e9cac method=com.google.common.collect.NaturalOrdering.compare(Ljava/lang/Comparable;Ljava/lang/Comparable;)I @ 12 c2
Event: 1758.243 Thread 0x000001e495f432f0 DEOPT PACKING pc=0x000001e4433e9cac sp=0x00000077977f7650
Event: 1758.243 Thread 0x000001e495f432f0 DEOPT UNPACKING pc=0x000001e442a34422 sp=0x00000077977f7578 mode 2
Event: 1883.294 Thread 0x000001e497bad700 Uncommon trap: trap_request=0xffffff45 fr.pc=0x000001e44333d650 relative=0x00000000000000b0
Event: 1883.294 Thread 0x000001e497bad700 Uncommon trap: reason=unstable_if action=reinterpret pc=0x000001e44333d650 method=java.util.Random.next(I)I @ 35 c2
Event: 1883.294 Thread 0x000001e497bad700 DEOPT PACKING pc=0x000001e44333d650 sp=0x000000779b4fdfc0
Event: 1883.294 Thread 0x000001e497bad700 DEOPT UNPACKING pc=0x000001e442a34422 sp=0x000000779b4fdf28 mode 2
Event: 1974.437 Thread 0x000001e495f432f0 Uncommon trap: trap_request=0xffffffc6 fr.pc=0x000001e4433e9cac relative=0x00000000000003cc
Event: 1974.437 Thread 0x000001e495f432f0 Uncommon trap: reason=bimorphic_or_optimized_type_check action=maybe_recompile pc=0x000001e4433e9cac method=com.google.common.collect.NaturalOrdering.compare(Ljava/lang/Comparable;Ljava/lang/Comparable;)I @ 12 c2
Event: 1974.437 Thread 0x000001e495f432f0 DEOPT PACKING pc=0x000001e4433e9cac sp=0x00000077977f8170
Event: 1974.437 Thread 0x000001e495f432f0 DEOPT UNPACKING pc=0x000001e442a34422 sp=0x00000077977f8098 mode 2

Classes loaded (20 events):
Event: 1480.405 Loading class java/io/ObjectOutputStream$BlockDataOutputStream
Event: 1480.406 Loading class java/io/ObjectOutputStream$BlockDataOutputStream done
Event: 1480.406 Loading class java/io/ObjectOutputStream$HandleTable
Event: 1480.406 Loading class java/io/ObjectOutputStream$HandleTable done
Event: 1480.406 Loading class java/io/ObjectOutputStream$ReplaceTable
Event: 1480.406 Loading class java/io/ObjectOutputStream$ReplaceTable done
Event: 1483.725 Loading class java/util/concurrent/atomic/AtomicIntegerArray
Event: 1483.725 Loading class java/util/concurrent/atomic/AtomicIntegerArray done
Event: 1483.729 Loading class java/util/Currency
Event: 1483.730 Loading class java/util/Currency done
Event: 1483.749 Loading class java/util/concurrent/atomic/AtomicLongArray
Event: 1483.749 Loading class java/util/concurrent/atomic/AtomicLongArray done
Event: 1483.921 Loading class sun/reflect/generics/repository/FieldRepository
Event: 1483.921 Loading class sun/reflect/generics/repository/FieldRepository done
Event: 1483.955 Loading class jdk/internal/vm/annotation/ForceInline
Event: 1483.955 Loading class jdk/internal/vm/annotation/ForceInline done
Event: 1484.117 Loading class java/util/regex/Pattern$Caret
Event: 1484.117 Loading class java/util/regex/Pattern$Caret done
Event: 1533.666 Loading class java/beans/ParameterDescriptor
Event: 1533.666 Loading class java/beans/ParameterDescriptor done

Classes unloaded (20 events):
Event: 1823.714 Thread 0x000001e44f0675f0 Unloading class 0x000001e451490400 'java/lang/invoke/LambdaForm$BMH+0x000001e451490400'
Event: 1823.714 Thread 0x000001e44f0675f0 Unloading class 0x000001e451482000 'java/lang/invoke/LambdaForm$MH+0x000001e451482000'
Event: 1823.714 Thread 0x000001e44f0675f0 Unloading class 0x000001e451390800 'java/lang/invoke/LambdaForm$MH+0x000001e451390800'
Event: 1823.714 Thread 0x000001e44f0675f0 Unloading class 0x000001e451390000 'java/lang/invoke/LambdaForm$MH+0x000001e451390000'
Event: 1823.714 Thread 0x000001e44f0675f0 Unloading class 0x000001e451381000 'java/lang/invoke/LambdaForm$MH+0x000001e451381000'
Event: 1823.715 Thread 0x000001e44f0675f0 Unloading class 0x000001e451380400 'java/lang/invoke/LambdaForm$MH+0x000001e451380400'
Event: 1823.715 Thread 0x000001e44f0675f0 Unloading class 0x000001e4512e1800 'java/lang/invoke/LambdaForm$MH+0x000001e4512e1800'
Event: 1823.715 Thread 0x000001e44f0675f0 Unloading class 0x000001e4512d1c00 'java/lang/invoke/LambdaForm$MH+0x000001e4512d1c00'
Event: 1823.715 Thread 0x000001e44f0675f0 Unloading class 0x000001e4512d0800 'java/lang/invoke/LambdaForm$MH+0x000001e4512d0800'
Event: 1823.715 Thread 0x000001e44f0675f0 Unloading class 0x000001e4512cc400 'java/lang/invoke/LambdaForm$MH+0x000001e4512cc400'
Event: 1823.715 Thread 0x000001e44f0675f0 Unloading class 0x000001e4512c7800 'java/lang/invoke/LambdaForm$MH+0x000001e4512c7800'
Event: 1823.715 Thread 0x000001e44f0675f0 Unloading class 0x000001e4512c7000 'java/lang/invoke/LambdaForm$MH+0x000001e4512c7000'
Event: 1823.715 Thread 0x000001e44f0675f0 Unloading class 0x000001e4512c6c00 'java/lang/invoke/LambdaForm$MH+0x000001e4512c6c00'
Event: 1823.715 Thread 0x000001e44f0675f0 Unloading class 0x000001e451278800 'java/lang/invoke/LambdaForm$MH+0x000001e451278800'
Event: 1823.715 Thread 0x000001e44f0675f0 Unloading class 0x000001e451278400 'java/lang/invoke/LambdaForm$BMH+0x000001e451278400'
Event: 1823.715 Thread 0x000001e44f0675f0 Unloading class 0x000001e4511fc800 'java/lang/invoke/LambdaForm$MH+0x000001e4511fc800'
Event: 1823.715 Thread 0x000001e44f0675f0 Unloading class 0x000001e4511fc400 'java/lang/invoke/LambdaForm$MH+0x000001e4511fc400'
Event: 1823.715 Thread 0x000001e44f0675f0 Unloading class 0x000001e4510b1000 'java/lang/invoke/LambdaForm$MH+0x000001e4510b1000'
Event: 1823.715 Thread 0x000001e44f0675f0 Unloading class 0x000001e4510b0c00 'java/lang/invoke/LambdaForm$MH+0x000001e4510b0c00'
Event: 1823.715 Thread 0x000001e44f0675f0 Unloading class 0x000001e4510b0800 'java/lang/invoke/LambdaForm$MH+0x000001e4510b0800'

Classes redefined (0 events):
No events

Internal exceptions (20 events):
Event: 1538.440 Thread 0x000001e495f432f0 Exception <a 'java/lang/ClassNotFoundException'{0x00000000a68fee08}: com/android/build/gradle/internal/api/LibraryVariantOutputImplBeanInfo> (0x00000000a68fee08) 
thrown [s\src\hotspot\share\classfile\systemDictionary.cpp, line 313]
Event: 1538.452 Thread 0x000001e495f432f0 Exception <a 'java/lang/ClassNotFoundException'{0x00000000a670a670}: com/android/build/gradle/internal/api/LibraryVariantOutputImplCustomizer> (0x00000000a670a670) 
thrown [s\src\hotspot\share\classfile\systemDictionary.cpp, line 313]
Event: 1538.455 Thread 0x000001e495f432f0 Exception <a 'java/lang/ClassNotFoundException'{0x00000000a671ed48}: com/android/build/gradle/internal/api/LibraryVariantOutputImpl_DecoratedCustomizer> (0x00000000a671ed48) 
thrown [s\src\hotspot\share\classfile\systemDictionary.cpp, line 313]
Event: 1538.475 Thread 0x000001e495f432f0 Exception <a 'java/lang/NoClassDefFoundError'{0x00000000a675afc8}: org/jetbrains/kotlin/gradle/plugin/KotlinBasePluginWrapper> (0x00000000a675afc8) 
thrown [s\src\hotspot\share\oops\constantPool.cpp, line 873]
Event: 1543.857 Thread 0x000001e495f432f0 Exception <a 'java/lang/ClassNotFoundException'{0x00000000a66fa650}: build_a330j3hf77qkybcf2mtxy436rBeanInfo> (0x00000000a66fa650) 
thrown [s\src\hotspot\share\classfile\systemDictionary.cpp, line 313]
Event: 1543.858 Thread 0x000001e495f432f0 Exception <a 'java/lang/ClassNotFoundException'{0x00000000a6539ce8}: build_a330j3hf77qkybcf2mtxy436rCustomizer> (0x00000000a6539ce8) 
thrown [s\src\hotspot\share\classfile\systemDictionary.cpp, line 313]
Event: 1550.456 Thread 0x000001e495f432f0 Exception <a 'java/lang/ClassNotFoundException'{0x00000000a596def8}: build_a330j3hf77qkybcf2mtxy436rBeanInfo> (0x00000000a596def8) 
thrown [s\src\hotspot\share\classfile\systemDictionary.cpp, line 313]
Event: 1550.456 Thread 0x000001e495f432f0 Exception <a 'java/lang/ClassNotFoundException'{0x00000000a5974c68}: build_a330j3hf77qkybcf2mtxy436rCustomizer> (0x00000000a5974c68) 
thrown [s\src\hotspot\share\classfile\systemDictionary.cpp, line 313]
Event: 1553.509 Thread 0x000001e495f432f0 Exception <a 'java/lang/ClassNotFoundException'{0x00000000b7f41980}: build_a330j3hf77qkybcf2mtxy436r$_run_closure2$_closure6BeanInfo> (0x00000000b7f41980) 
thrown [s\src\hotspot\share\classfile\systemDictionary.cpp, line 313]
Event: 1553.511 Thread 0x000001e495f432f0 Exception <a 'java/lang/ClassNotFoundException'{0x00000000b7f4dfc0}: build_a330j3hf77qkybcf2mtxy436r$_run_closure2$_closure6Customizer> (0x00000000b7f4dfc0) 
thrown [s\src\hotspot\share\classfile\systemDictionary.cpp, line 313]
Event: 1553.516 Thread 0x000001e495f432f0 Exception <a 'java/lang/ClassNotFoundException'{0x00000000b7f78198}: build_a330j3hf77qkybcf2mtxy436r$_run_closure2BeanInfo> (0x00000000b7f78198) 
thrown [s\src\hotspot\share\classfile\systemDictionary.cpp, line 313]
Event: 1553.518 Thread 0x000001e495f432f0 Exception <a 'java/lang/ClassNotFoundException'{0x00000000b7f85398}: build_a330j3hf77qkybcf2mtxy436r$_run_closure2Customizer> (0x00000000b7f85398) 
thrown [s\src\hotspot\share\classfile\systemDictionary.cpp, line 313]
Event: 1554.734 Thread 0x000001e495f432f0 Exception <a 'java/lang/NoClassDefFoundError'{0x00000000b7fefe50}: org/jetbrains/kotlin/gradle/plugin/KotlinBasePluginWrapper> (0x00000000b7fefe50) 
thrown [s\src\hotspot\share\oops\constantPool.cpp, line 873]
Event: 1554.740 Thread 0x000001e495f432f0 Exception <a 'java/lang/NoClassDefFoundError'{0x00000000b1f0fd68}: org/jetbrains/kotlin/gradle/plugin/KotlinBasePluginWrapper> (0x00000000b1f0fd68) 
thrown [s\src\hotspot\share\oops\constantPool.cpp, line 873]
Event: 1554.773 Thread 0x000001e495f432f0 Exception <a 'java/lang/NoClassDefFoundError'{0x00000000b1f25578}: org/jetbrains/kotlin/gradle/plugin/KotlinBasePluginWrapper> (0x00000000b1f25578) 
thrown [s\src\hotspot\share\oops\constantPool.cpp, line 873]
Event: 1554.781 Thread 0x000001e495f432f0 Exception <a 'java/lang/NoClassDefFoundError'{0x00000000b1f3c328}: org/jetbrains/kotlin/gradle/plugin/KotlinBasePluginWrapper> (0x00000000b1f3c328) 
thrown [s\src\hotspot\share\oops\constantPool.cpp, line 873]
Event: 1554.786 Thread 0x000001e495f432f0 Exception <a 'java/lang/NoClassDefFoundError'{0x00000000b1f59508}: org/jetbrains/kotlin/gradle/plugin/KotlinBasePluginWrapper> (0x00000000b1f59508) 
thrown [s\src\hotspot\share\oops\constantPool.cpp, line 873]
Event: 1554.937 Thread 0x000001e495f432f0 Exception <a 'java/lang/NoClassDefFoundError'{0x00000000b1d5ea10}: org/jetbrains/kotlin/gradle/plugin/KotlinBasePluginWrapper> (0x00000000b1d5ea10) 
thrown [s\src\hotspot\share\oops\constantPool.cpp, line 873]
Event: 1560.802 Thread 0x000001e495f432f0 Exception <a 'java/lang/ClassNotFoundException'{0x00000000b1bdabc0}: build_5ngs8cfk2rj9nvx1fzlbilx5zBeanInfo> (0x00000000b1bdabc0) 
thrown [s\src\hotspot\share\classfile\systemDictionary.cpp, line 313]
Event: 1560.802 Thread 0x000001e495f432f0 Exception <a 'java/lang/ClassNotFoundException'{0x00000000b1be1998}: build_5ngs8cfk2rj9nvx1fzlbilx5zCustomizer> (0x00000000b1be1998) 
thrown [s\src\hotspot\share\classfile\systemDictionary.cpp, line 313]

ZGC Phase Switch (0 events):
No events

VM Operations (20 events):
Event: 1823.711 Executing safepoint VM operation: G1PauseRemark
Event: 1823.836 Executing safepoint VM operation: G1PauseRemark done
Event: 1824.104 Executing safepoint VM operation: G1PauseCleanup
Event: 1824.104 Executing safepoint VM operation: G1PauseCleanup done
Event: 1862.335 Executing safepoint VM operation: Cleanup
Event: 1862.335 Executing safepoint VM operation: Cleanup done
Event: 1864.339 Executing safepoint VM operation: Cleanup
Event: 1864.339 Executing safepoint VM operation: Cleanup done
Event: 1890.494 Executing safepoint VM operation: Cleanup
Event: 1890.494 Executing safepoint VM operation: Cleanup done
Event: 1894.511 Executing safepoint VM operation: Cleanup
Event: 1894.511 Executing safepoint VM operation: Cleanup done
Event: 1896.534 Executing safepoint VM operation: Cleanup
Event: 1896.534 Executing safepoint VM operation: Cleanup done
Event: 1904.235 Executing safepoint VM operation: G1CollectForAllocation (G1 Evacuation Pause)
Event: 1904.243 Executing safepoint VM operation: G1CollectForAllocation (G1 Evacuation Pause) done
Event: 1974.588 Executing safepoint VM operation: Cleanup
Event: 1974.588 Executing safepoint VM operation: Cleanup done
Event: 1974.764 Executing safepoint VM operation: G1CollectForAllocation (G1 Evacuation Pause)
Event: 1974.783 Executing safepoint VM operation: G1CollectForAllocation (G1 Evacuation Pause) done

Memory protections (0 events):
No events

Nmethod flushes (20 events):
Event: 1823.831 Thread 0x000001e44f0675f0 flushing  nmethod 0x000001e43b5abf90
Event: 1823.831 Thread 0x000001e44f0675f0 flushing  nmethod 0x000001e43b604c90
Event: 1823.831 Thread 0x000001e44f0675f0 flushing  nmethod 0x000001e43b608310
Event: 1823.831 Thread 0x000001e44f0675f0 flushing  nmethod 0x000001e43b609c10
Event: 1823.831 Thread 0x000001e44f0675f0 flushing  nmethod 0x000001e43b648e10
Event: 1823.831 Thread 0x000001e44f0675f0 flushing  nmethod 0x000001e43b712d10
Event: 1823.831 Thread 0x000001e44f0675f0 flushing  nmethod 0x000001e43b7b9d90
Event: 1823.831 Thread 0x000001e44f0675f0 flushing  nmethod 0x000001e43b9a6690
Event: 1823.831 Thread 0x000001e44f0675f0 flushing  nmethod 0x000001e43b9dfc10
Event: 1823.831 Thread 0x000001e44f0675f0 flushing  nmethod 0x000001e43ba3d890
Event: 1823.831 Thread 0x000001e44f0675f0 flushing  nmethod 0x000001e43ba3e090
Event: 1823.832 Thread 0x000001e44f0675f0 flushing  nmethod 0x000001e43ba3e810
Event: 1823.832 Thread 0x000001e44f0675f0 flushing  nmethod 0x000001e43ba92210
Event: 1823.832 Thread 0x000001e44f0675f0 flushing  nmethod 0x000001e43ba96010
Event: 1823.832 Thread 0x000001e44f0675f0 flushing  nmethod 0x000001e43bf62d10
Event: 1823.832 Thread 0x000001e44f0675f0 flushing  nmethod 0x000001e43bf67110
Event: 1823.832 Thread 0x000001e44f0675f0 flushing  nmethod 0x000001e43c0e2010
Event: 1823.832 Thread 0x000001e44f0675f0 flushing  nmethod 0x000001e43c17c790
Event: 1823.832 Thread 0x000001e44f0675f0 flushing  nmethod 0x000001e43c392190
Event: 1823.832 Thread 0x000001e44f0675f0 flushing  nmethod 0x000001e43c3a0390

Events (20 events):
Event: 1545.528 Thread 0x000001e495f432f0 Thread added: 0x000001e497ba8ed0
Event: 1545.755 Thread 0x000001e49a297030 Thread exited: 0x000001e49a297030
Event: 1550.993 Thread 0x000001e44f12bea0 Thread added: 0x000001e498511030
Event: 1553.012 Thread 0x000001e498511030 Thread exited: 0x000001e498511030
Event: 1554.834 Thread 0x000001e44f12bea0 Thread added: 0x000001e498511030
Event: 1556.867 Thread 0x000001e498511030 Thread exited: 0x000001e498511030
Event: 1805.027 Thread 0x000001e495f432f0 Thread added: 0x000001e497baa280
Event: 1805.029 Thread 0x000001e495f432f0 Thread added: 0x000001e497ba81b0
Event: 1805.030 Thread 0x000001e495f432f0 Thread added: 0x000001e497bad700
Event: 1805.031 Thread 0x000001e495f432f0 Thread added: 0x000001e497bae420
Event: 1805.031 Thread 0x000001e495f432f0 Thread added: 0x000001e497bac350
Event: 1805.032 Thread 0x000001e495f432f0 Thread added: 0x000001e497bad070
Event: 1805.033 Thread 0x000001e495f432f0 Thread added: 0x000001e497bac9e0
Event: 1974.525 Thread 0x000001e495f432f0 Thread added: 0x000001e499240e10
Event: 1974.530 Thread 0x000001e495f432f0 Thread added: 0x000001e49923f3d0
Event: 1974.533 Thread 0x000001e495f432f0 Thread added: 0x000001e4992414a0
Event: 1974.538 Thread 0x000001e495f432f0 Thread added: 0x000001e49923e020
Event: 1974.541 Thread 0x000001e495f432f0 Thread added: 0x000001e499240780
Event: 1974.557 Thread 0x000001e495f432f0 Thread added: 0x000001e4992400f0
Event: 1974.564 Thread 0x000001e495f432f0 Thread added: 0x000001e49923fa60


Dynamic libraries:
0x00007ff73f560000 - 0x00007ff73f56e000 	C:\Users\Khaing\.vscode\extensions\redhat.java-1.56.0-win32-x64\jre\21.0.12.1-win32-x86_64\bin\java.exe
0x00007ffc138e0000 - 0x00007ffc13b47000 	C:\WINDOWS\SYSTEM32\ntdll.dll
0x00007ffc13060000 - 0x00007ffc1312b000 	C:\WINDOWS\System32\KERNEL32.DLL
0x00007ffc10ca0000 - 0x00007ffc110a2000 	C:\WINDOWS\System32\KERNELBASE.dll
0x00007ffc111e0000 - 0x00007ffc1132c000 	C:\WINDOWS\System32\ucrtbase.dll
0x00007ffc07af0000 - 0x00007ffc07b08000 	C:\Users\Khaing\.vscode\extensions\redhat.java-1.56.0-win32-x64\jre\21.0.12.1-win32-x86_64\bin\jli.dll
0x00007ffc12230000 - 0x00007ffc123ff000 	C:\WINDOWS\System32\USER32.dll
0x00007ffc10bc0000 - 0x00007ffc10be7000 	C:\WINDOWS\System32\win32u.dll
0x00007ffc13030000 - 0x00007ffc1305b000 	C:\WINDOWS\System32\GDI32.dll
0x00007ffc110b0000 - 0x00007ffc111d9000 	C:\WINDOWS\System32\gdi32full.dll
0x00007ffc10bf0000 - 0x00007ffc10c93000 	C:\WINDOWS\System32\msvcp_win.dll
0x00007ffbfe620000 - 0x00007ffbfe63e000 	C:\Users\Khaing\.vscode\extensions\redhat.java-1.56.0-win32-x64\jre\21.0.12.1-win32-x86_64\bin\VCRUNTIME140.dll
0x00007ffbf8a40000 - 0x00007ffbf8cd0000 	C:\WINDOWS\WinSxS\amd64_microsoft.windows.common-controls_6595b64144ccf1df_6.0.26100.9278_none_3e0d1ba8e3303201\COMCTL32.dll
0x00007ffc13430000 - 0x00007ffc134d9000 	C:\WINDOWS\System32\msvcrt.dll
0x00007ffc12dd0000 - 0x00007ffc12e01000 	C:\WINDOWS\System32\IMM32.DLL
0x00007ffc0b3e0000 - 0x00007ffc0b3ec000 	C:\Users\Khaing\.vscode\extensions\redhat.java-1.56.0-win32-x64\jre\21.0.12.1-win32-x86_64\bin\vcruntime140_1.dll
0x00007ffbfe590000 - 0x00007ffbfe61d000 	C:\Users\Khaing\.vscode\extensions\redhat.java-1.56.0-win32-x64\jre\21.0.12.1-win32-x86_64\bin\msvcp140.dll
0x00007ffb90bd0000 - 0x00007ffb91972000 	C:\Users\Khaing\.vscode\extensions\redhat.java-1.56.0-win32-x64\jre\21.0.12.1-win32-x86_64\bin\server\jvm.dll
0x00007ffc134e0000 - 0x00007ffc1359c000 	C:\WINDOWS\System32\ADVAPI32.dll
0x00007ffc11950000 - 0x00007ffc119f9000 	C:\WINDOWS\System32\sechost.dll
0x00007ffc11630000 - 0x00007ffc11748000 	C:\WINDOWS\System32\RPCRT4.dll
0x00007ffc11a00000 - 0x00007ffc11a80000 	C:\WINDOWS\System32\WS2_32.dll
0x00007ffc10990000 - 0x00007ffc109ee000 	C:\WINDOWS\SYSTEM32\POWRPROF.dll
0x00007ffbfe9c0000 - 0x00007ffbfe9f6000 	C:\WINDOWS\SYSTEM32\WINMM.dll
0x00007ffc075a0000 - 0x00007ffc075ab000 	C:\WINDOWS\SYSTEM32\VERSION.dll
0x00007ffc10970000 - 0x00007ffc10985000 	C:\WINDOWS\SYSTEM32\UMPDC.dll
0x00007ffc0f6c0000 - 0x00007ffc0f6db000 	C:\WINDOWS\SYSTEM32\kernel.appcore.dll
0x00007ffc07fc0000 - 0x00007ffc07fca000 	C:\Users\Khaing\.vscode\extensions\redhat.java-1.56.0-win32-x64\jre\21.0.12.1-win32-x86_64\bin\jimage.dll
0x00007ffc0df00000 - 0x00007ffc0e14c000 	C:\WINDOWS\SYSTEM32\DBGHELP.DLL
0x00007ffc125b0000 - 0x00007ffc12935000 	C:\WINDOWS\System32\combase.dll
0x00007ffc13160000 - 0x00007ffc13239000 	C:\WINDOWS\System32\OLEAUT32.dll
0x00007ffbfed90000 - 0x00007ffbfedcb000 	C:\WINDOWS\SYSTEM32\dbgcore.DLL
0x00007ffc113f0000 - 0x00007ffc1149c000 	C:\WINDOWS\System32\bcryptPrimitives.dll
0x00007ffc04680000 - 0x00007ffc0468f000 	C:\Users\Khaing\.vscode\extensions\redhat.java-1.56.0-win32-x64\jre\21.0.12.1-win32-x86_64\bin\instrument.dll
0x00007ffbfe540000 - 0x00007ffbfe560000 	C:\Users\Khaing\.vscode\extensions\redhat.java-1.56.0-win32-x64\jre\21.0.12.1-win32-x86_64\bin\java.dll
0x00007ffc11a90000 - 0x00007ffc12228000 	C:\WINDOWS\System32\SHELL32.dll
0x00007ffc0e260000 - 0x00007ffc0eb0e000 	C:\WINDOWS\SYSTEM32\windows.storage.dll
0x00007ffc135b0000 - 0x00007ffc136ab000 	C:\WINDOWS\System32\SHCORE.dll
0x00007ffc13830000 - 0x00007ffc13896000 	C:\WINDOWS\System32\shlwapi.dll
0x00007ffc10a50000 - 0x00007ffc10a79000 	C:\WINDOWS\SYSTEM32\profapi.dll
0x00007ffbfe350000 - 0x00007ffbfe368000 	C:\Users\Khaing\.vscode\extensions\redhat.java-1.56.0-win32-x64\jre\21.0.12.1-win32-x86_64\bin\zip.dll
0x00007ffc01a10000 - 0x00007ffc01a20000 	C:\Users\Khaing\.vscode\extensions\redhat.java-1.56.0-win32-x64\jre\21.0.12.1-win32-x86_64\bin\net.dll
0x00007ffc0f6e0000 - 0x00007ffc0f80a000 	C:\WINDOWS\SYSTEM32\WINHTTP.dll
0x00007ffc0fd60000 - 0x00007ffc0fdcc000 	C:\WINDOWS\system32\mswsock.dll
0x00007ffbfe330000 - 0x00007ffbfe346000 	C:\Users\Khaing\.vscode\extensions\redhat.java-1.56.0-win32-x64\jre\21.0.12.1-win32-x86_64\bin\nio.dll
0x00007ffbfe4f0000 - 0x00007ffbfe500000 	C:\Users\Khaing\.vscode\extensions\redhat.java-1.56.0-win32-x64\jre\21.0.12.1-win32-x86_64\bin\verify.dll
0x00007ffbe2300000 - 0x00007ffbe2327000 	C:\Users\Khaing\.gradle\native\1def1411415f61bf3af743bc5b6707747c0891f09f0c88961ee8f79bc544acac\windows-amd64\native-platform.dll
0x00007ffbea480000 - 0x00007ffbea4f8000 	C:\Users\Khaing\.gradle\native\0.2.7\x86_64-windows-gnu\gradle-fileevents.dll
0x00007ffc04720000 - 0x00007ffc0472a000 	C:\Users\Khaing\.vscode\extensions\redhat.java-1.56.0-win32-x64\jre\21.0.12.1-win32-x86_64\bin\management.dll
0x00007ffc046a0000 - 0x00007ffc046ac000 	C:\Users\Khaing\.vscode\extensions\redhat.java-1.56.0-win32-x64\jre\21.0.12.1-win32-x86_64\bin\management_ext.dll
0x00007ffc13810000 - 0x00007ffc13818000 	C:\WINDOWS\System32\PSAPI.DLL
0x00007ffc0ee70000 - 0x00007ffc0eea3000 	C:\WINDOWS\SYSTEM32\IPHLPAPI.DLL
0x00007ffc135a0000 - 0x00007ffc135aa000 	C:\WINDOWS\System32\NSI.dll
0x00007ffc0b420000 - 0x00007ffc0b429000 	C:\Users\Khaing\.vscode\extensions\redhat.java-1.56.0-win32-x64\jre\21.0.12.1-win32-x86_64\bin\extnet.dll
0x00007ffc10150000 - 0x00007ffc1016b000 	C:\WINDOWS\SYSTEM32\CRYPTSP.dll
0x00007ffc0f620000 - 0x00007ffc0f659000 	C:\WINDOWS\system32\rsaenh.dll
0x00007ffc0fe00000 - 0x00007ffc0fe34000 	C:\WINDOWS\SYSTEM32\USERENV.dll
0x00007ffc10a20000 - 0x00007ffc10a4a000 	C:\WINDOWS\SYSTEM32\bcrypt.dll
0x00007ffc0ffb0000 - 0x00007ffc0ffbc000 	C:\WINDOWS\SYSTEM32\CRYPTBASE.dll
0x00007ffc012c0000 - 0x00007ffc012ce000 	C:\Users\Khaing\.vscode\extensions\redhat.java-1.56.0-win32-x64\jre\21.0.12.1-win32-x86_64\bin\sunmscapi.dll
0x00007ffc114a0000 - 0x00007ffc1161e000 	C:\WINDOWS\System32\CRYPT32.dll
0x00007ffc102f0000 - 0x00007ffc10320000 	C:\WINDOWS\SYSTEM32\ncrypt.dll
0x00007ffc102a0000 - 0x00007ffc102df000 	C:\WINDOWS\SYSTEM32\NTASN1.dll
0x00007ffbec0f0000 - 0x00007ffbec0f8000 	C:\WINDOWS\system32\wshunix.dll

JVMTI agents:
C:\Users\Khaing\.gradle\wrapper\dists\gradle-8.14.3-all\10utluxaxniiv4wxiphsi49nj\gradle-8.14.3\lib\agents\gradle-instrumentation-agent-8.14.3.jar path:C:\Users\Khaing\.vscode\extensions\redhat.java-1.56.0-win32-x64\jre\21.0.12.1-win32-x86_64\bin\instrument.dll, loaded, initialized, instrumentlib options:none

dbghelp: loaded successfully - version: 4.0.5 - missing functions: none
symbol engine: initialized successfully - sym options: 0x614 - pdb path: .;C:\Users\Khaing\.vscode\extensions\redhat.java-1.56.0-win32-x64\jre\21.0.12.1-win32-x86_64\bin;C:\WINDOWS\SYSTEM32;C:\WINDOWS\WinSxS\amd64_microsoft.windows.common-controls_6595b64144ccf1df_6.0.26100.9278_none_3e0d1ba8e3303201;C:\Users\Khaing\.vscode\extensions\redhat.java-1.56.0-win32-x64\jre\21.0.12.1-win32-x86_64\bin\server;C:\Users\Khaing\.gradle\native\1def1411415f61bf3af743bc5b6707747c0891f09f0c88961ee8f79bc544acac\windows-amd64;C:\Users\Khaing\.gradle\native\0.2.7\x86_64-windows-gnu

VM Arguments:
jvm_args: --add-opens=java.base/java.lang=ALL-UNNAMED --add-opens=java.base/java.lang.invoke=ALL-UNNAMED --add-opens=java.base/java.util=ALL-UNNAMED --add-opens=java.prefs/java.util.prefs=ALL-UNNAMED --add-exports=jdk.compiler/com.sun.tools.javac.api=ALL-UNNAMED --add-exports=jdk.compiler/com.sun.tools.javac.util=ALL-UNNAMED --add-opens=java.base/java.util=ALL-UNNAMED --add-opens=java.prefs/java.util.prefs=ALL-UNNAMED --add-opens=java.base/java.nio.charset=ALL-UNNAMED --add-opens=java.base/java.net=ALL-UNNAMED --add-opens=java.base/java.util.concurrent.atomic=ALL-UNNAMED --add-opens=java.xml/javax.xml.namespace=ALL-UNNAMED -Xmx1536m -Dfile.encoding=UTF-8 -Duser.country=US -Duser.language=en -Duser.variant -javaagent:C:\Users\Khaing\.gradle\wrapper\dists\gradle-8.14.3-all\10utluxaxniiv4wxiphsi49nj\gradle-8.14.3\lib\agents\gradle-instrumentation-agent-8.14.3.jar 
java_command: org.gradle.launcher.daemon.bootstrap.GradleDaemon 8.14.3
java_class_path (initial): C:\Users\Khaing\.gradle\wrapper\dists\gradle-8.14.3-all\10utluxaxniiv4wxiphsi49nj\gradle-8.14.3\lib\gradle-daemon-main-8.14.3.jar
Launcher Type: SUN_STANDARD

[Global flags]
     intx CICompilerCount                          = 4                                         {product} {ergonomic}
     uint ConcGCThreads                            = 2                                         {product} {ergonomic}
     uint G1ConcRefinementThreads                  = 8                                         {product} {ergonomic}
   size_t G1HeapRegionSize                         = 1048576                                   {product} {ergonomic}
    uintx GCDrainStackTargetSize                   = 64                                        {product} {ergonomic}
   size_t InitialHeapSize                          = 402653184                                 {product} {ergonomic}
   size_t MarkStackSize                            = 4194304                                   {product} {ergonomic}
   size_t MaxHeapSize                              = 1610612736                                {product} {command line}
   size_t MaxNewSize                               = 965738496                                 {product} {ergonomic}
   size_t MinHeapDeltaBytes                        = 1048576                                   {product} {ergonomic}
   size_t MinHeapSize                              = 8388608                                   {product} {ergonomic}
    uintx NonNMethodCodeHeapSize                   = 5839372                                {pd product} {ergonomic}
    uintx NonProfiledCodeHeapSize                  = 122909434                              {pd product} {ergonomic}
    uintx ProfiledCodeHeapSize                     = 122909434                              {pd product} {ergonomic}
    uintx ReservedCodeCacheSize                    = 251658240                              {pd product} {ergonomic}
     bool SegmentedCodeCache                       = true                                      {product} {ergonomic}
   size_t SoftMaxHeapSize                          = 1610612736                             {manageable} {ergonomic}
     bool UseCompressedOops                        = true                           {product lp64_product} {ergonomic}
     bool UseG1GC                                  = true                                      {product} {ergonomic}
     bool UseLargePagesIndividualAllocation        = false                                  {pd product} {ergonomic}

Logging:
Log output configuration:
 #0: stdout all=warning uptime,level,tags foldmultilines=false
 #1: stderr all=off uptime,level,tags foldmultilines=false

Release file:
JAVA_VERSION="21.0.12.1" 
MODULES="java.base java.compiler java.datatransfer java.xml java.prefs java.desktop java.instrument java.logging java.management java.security.sasl java.naming java.rmi java.management.rmi java.net.http java.scripting java.security.jgss java.transaction.xa java.sql java.sql.rowset java.xml.crypto java.se java.smartcardio jdk.accessibility jdk.internal.jvmstat jdk.attach jdk.charsets jdk.internal.opt jdk.zipfs jdk.compiler jdk.crypto.ec jdk.crypto.cryptoki jdk.crypto.mscapi jdk.dynalink jdk.internal.ed jdk.editpad jdk.hotspot.agent jdk.httpserver jdk.internal.le jdk.internal.vm.ci jdk.internal.vm.compiler jdk.internal.vm.compiler.management jdk.jartool jdk.javadoc jdk.jcmd jdk.management jdk.management.agent jdk.jconsole jdk.jdeps jdk.jdwp.agent jdk.jdi jdk.jfr jdk.jshell jdk.jsobject jdk.jstatd jdk.localedata jdk.management.jfr jdk.naming.dns jdk.naming.rmi jdk.net jdk.nio.mapmode jdk.random jdk.sctp jdk.security.auth jdk.security.jgss jdk.unsupported jdk.unsupported.desktop jdk.xml.dom" 

Environment Variables:
JAVA_HOME=C:\Program Files\Java\jdk-21.0.10
PATH=C:\Python314\Scripts\;C:\Python314\;C:\Program Files\Common Files\Oracle\Java\javapath;C:\WINDOWS\system32;C:\WINDOWS;C:\WINDOWS\System32\Wbem;C:\WINDOWS\System32\WindowsPowerShell\v1.0\;C:\WINDOWS\System32\OpenSSH\;C:\Program Files\nodejs\;C:\ProgramData\chocolatey\bin;C:\Users\Khaing\Downloads\maven-mvnd-1.0.3-windows-amd64\maven-mvnd-1.0.3-windows-amd64\bin;C:\Program Files\Git\cmd;C:\Users\Khaing\Downloads\gradle-9.3.0-all\gradle-9.3.0\bin;;C:\ProgramData\chocolatey\lib\maven\apache-maven-3.9.15\bin;C:\Program Files\Cloudflare\Cloudflare WARP\;C:\Program Files\GitHub CLI\;C:\WINDOWS\system32;C:\WINDOWS;C:\WINDOWS\System32\Wbem;C:\WINDOWS\System32\WindowsPowerShell\v1.0\;C:\WINDOWS\System32\OpenSSH\;C:\Program Files\Docker\Docker\resources\bin;C:\Users\Khaing\AppData\Local\Microsoft\WindowsApps;C:\Users\Khaing\AppData\Roaming\npm;C:\Users\Khaing\AppData\Local\Programs\Microsoft VS Code\bin;C:\Android\Sdk\platform-tools;C:\Android\Sdk\cmdline-tools\latest\bin;C:\Users\Khaing\AppData\Local\Pandoc\;%USERPROFILE%\AppData\Local\Microsoft\WindowsApps;
USERNAME=Khaing
OS=Windows_NT
PROCESSOR_IDENTIFIER=Intel64 Family 6 Model 142 Stepping 12, GenuineIntel
TMP=C:\Users\Khaing\AppData\Local\Temp
TEMP=C:\Users\Khaing\AppData\Local\Temp




Periodic native trim disabled

---------------  S Y S T E M  ---------------

OS:
 Windows 11 , 64 bit Build 26100 (10.0.26100.9444)
OS uptime: 0 days 3:56 hours
Hyper-V role detected

CPU: total 8 (initial active 8) (4 cores per cpu, 2 threads per core) family 6 model 142 stepping 12 microcode 0xde, cx8, cmov, fxsr, ht, mmx, 3dnowpref, sse, sse2, sse3, ssse3, sse4.1, sse4.2, popcnt, lzcnt, tsc, tscinvbit, avx, avx2, aes, erms, clmul, bmi1, bmi2, adx, fma, vzeroupper, clflush, clflushopt, hv, rdtscp, f16c
Processor Information for the first 8 processors :
  Max Mhz: 1800, Current Mhz: 1600, Mhz Limit: 1584

Memory: 4k page, system-wide physical 24467M (354M free)
TotalPageFile size 51716M (AvailPageFile size 3M)
current process WorkingSet (physical memory assigned to process): 184M, peak: 347M
current process commit charge ("private bytes"): 426M, peak: 551M

vm_info: OpenJDK 64-Bit Server VM (21.0.12.1+1-LTS) for windows-amd64 JRE (21.0.12.1+1-LTS), built on 2026-08-18T00:00:00Z by "admin" with MS VC++ 17.12 (VS2022)

END.
