#
# There is insufficient memory for the Java Runtime Environment to continue.
# Native memory allocation (malloc) failed to allocate 602816 bytes. Error detail: Chunk::new
# Possible reasons:
#   The system is out of physical RAM or swap space
#   This process is running with CompressedOops enabled, and the Java Heap may be blocking the growth of the native heap
# Possible solutions:
#   Reduce memory load on the system
#   Increase physical memory or swap space
#   Check if swap backing store is full
#   Decrease Java heap size (-Xmx/-Xms)
#   Decrease number of Java threads
#   Decrease Java thread stack sizes (-Xss)
#   Set larger code cache with -XX:ReservedCodeCacheSize=
#   JVM is running with Unscaled Compressed Oops mode in which the Java heap is
#     placed in the first 4GB address space. The Java Heap base address is the
#     maximum limit for the native heap growth. Please use -XX:HeapBaseMinAddress
#     to set the Java Heap base and to place the Java Heap above 4GB virtual address.
# This output file may be truncated or incomplete.
#
#  Out of Memory Error (arena.cpp:168), pid=31760, tid=37608
#
# JRE version: OpenJDK Runtime Environment Temurin-21.0.12.1+1 (21.0.12.1+1) (build 21.0.12.1+1-LTS)
# Java VM: OpenJDK 64-Bit Server VM Temurin-21.0.12.1+1 (21.0.12.1+1-LTS, mixed mode, sharing, tiered, compressed oops, compressed class ptrs, g1 gc, windows-amd64)
# No core dump will be written. Minidumps are not enabled by default on client versions of Windows
#

---------------  S U M M A R Y ------------

Command Line: --add-opens=java.base/java.lang=ALL-UNNAMED --add-opens=java.base/java.lang.invoke=ALL-UNNAMED --add-opens=java.base/java.util=ALL-UNNAMED --add-opens=java.prefs/java.util.prefs=ALL-UNNAMED --add-exports=jdk.compiler/com.sun.tools.javac.api=ALL-UNNAMED --add-exports=jdk.compiler/com.sun.tools.javac.util=ALL-UNNAMED --add-opens=java.base/java.util=ALL-UNNAMED --add-opens=java.prefs/java.util.prefs=ALL-UNNAMED --add-opens=java.base/java.nio.charset=ALL-UNNAMED --add-opens=java.base/java.net=ALL-UNNAMED --add-opens=java.base/java.util.concurrent.atomic=ALL-UNNAMED --add-opens=java.xml/javax.xml.namespace=ALL-UNNAMED -Xmx1536m -Dfile.encoding=UTF-8 -Duser.country=US -Duser.language=en -Duser.variant -javaagent:C:\Users\Khaing\.gradle\wrapper\dists\gradle-8.14.3-all\10utluxaxniiv4wxiphsi49nj\gradle-8.14.3\lib\agents\gradle-instrumentation-agent-8.14.3.jar org.gradle.launcher.daemon.bootstrap.GradleDaemon 8.14.3

Host: Intel(R) Core(TM) i5-8265U CPU @ 1.60GHz, 8 cores, 23G,  Windows 11 , 64 bit Build 26100 (10.0.26100.9444)
Time: Mon Sep 21 12:13:05 2026 Myanmar Standard Time elapsed time: 1087.454796 seconds (0d 0h 18m 7s)

---------------  T H R E A D  ---------------

Current thread (0x000001d0b81e5e90):  JavaThread "C2 CompilerThread0" daemon [_thread_in_native, id=37608, stack(0x0000005e33f00000,0x0000005e34000000) (1024K)]


Current CompileTask:
C2:1087455 8507       4       org.gradle.cache.internal.btree.CachingBlockStore::read (56 bytes)

Stack: [0x0000005e33f00000,0x0000005e34000000]
Native frames: (J=compiled Java code, j=interpreted, Vv=VM code, C=native code)
V  [jvm.dll+0x6d83e9]
V  [jvm.dll+0x8b5736]
V  [jvm.dll+0x8b7cee]
V  [jvm.dll+0x8b83d3]
V  [jvm.dll+0x284596]
V  [jvm.dll+0xc685d]
V  [jvm.dll+0xc6da1]
V  [jvm.dll+0x3bf18b]
V  [jvm.dll+0x1e3f42]
V  [jvm.dll+0x24c853]
V  [jvm.dll+0x24bce0]
V  [jvm.dll+0x1cb4ae]
V  [jvm.dll+0x25baad]
V  [jvm.dll+0x25a03a]
V  [jvm.dll+0x3f8aae]
V  [jvm.dll+0x8600cd]
V  [jvm.dll+0x6d6c1d]
C  [ucrtbase.dll+0x2cd30]
C  [KERNEL32.DLL+0x2cd87]
C  [ntdll.dll+0xacaec]


---------------  P R O C E S S  ---------------

Threads class SMR info:
_java_thread_list=0x000001d080d2b9b0, length=61, elements={
0x000001d0a135e320, 0x000001d0b81d1ee0, 0x000001d0b81d3760, 0x000001d0b81d73f0,
0x000001d0b81d9e60, 0x000001d0b81db5e0, 0x000001d0b81dd0f0, 0x000001d0b81e5e90,
0x000001d0b81eb6b0, 0x000001d0b83c9290, 0x000001d0b842c580, 0x000001d0fe8b8870,
0x000001d0b8a5e5b0, 0x000001d0fec316a0, 0x000001d0fef9dae0, 0x000001d080019f60,
0x000001d0fed2c490, 0x000001d0fed2be00, 0x000001d0fed2e560, 0x000001d0fed2ded0,
0x000001d0fed2f280, 0x000001d0fed2ebf0, 0x000001d0fed2d840, 0x000001d0fed2d1b0,
0x000001d081022590, 0x000001d081021f00, 0x000001d0810204c0, 0x000001d08101f7a0,
0x000001d081021870, 0x000001d08101fe30, 0x000001d081020b50, 0x000001d081025a10,
0x000001d081022c20, 0x000001d0810260a0, 0x000001d0810232b0, 0x000001d081023940,
0x000001d081024660, 0x000001d081023fd0, 0x000001d081025380, 0x000001d0fed2cb20,
0x000001d0809daaa0, 0x000001d0809dcb70, 0x000001d0809db7c0, 0x000001d0809da410,
0x000001d0809dbe50, 0x000001d0809d96f0, 0x000001d0809df960, 0x000001d0809e0680,
0x000001d0809df2d0, 0x000001d0809dfff0, 0x000001d0809dd200, 0x000001d0809de5b0,
0x000001d0809e0d10, 0x000001d0809dd890, 0x000001d0809dec40, 0x000001d08101f110,
0x000001d0816ea5e0, 0x000001d0816e8ba0, 0x000001d0816eac70, 0x000001d0816eb300,
0x000001d0816eb990
}

Java Threads: ( => current thread )
  0x000001d0a135e320 JavaThread "main"                              [_thread_blocked, id=27540, stack(0x0000005e33100000,0x0000005e33200000) (1024K)]
  0x000001d0b81d1ee0 JavaThread "Reference Handler"          daemon [_thread_blocked, id=42052, stack(0x0000005e33900000,0x0000005e33a00000) (1024K)]
  0x000001d0b81d3760 JavaThread "Finalizer"                  daemon [_thread_blocked, id=34376, stack(0x0000005e33a00000,0x0000005e33b00000) (1024K)]
  0x000001d0b81d73f0 JavaThread "Signal Dispatcher"          daemon [_thread_blocked, id=44636, stack(0x0000005e33b00000,0x0000005e33c00000) (1024K)]
  0x000001d0b81d9e60 JavaThread "Attach Listener"            daemon [_thread_blocked, id=27220, stack(0x0000005e33c00000,0x0000005e33d00000) (1024K)]
  0x000001d0b81db5e0 JavaThread "Service Thread"             daemon [_thread_blocked, id=23656, stack(0x0000005e33d00000,0x0000005e33e00000) (1024K)]
  0x000001d0b81dd0f0 JavaThread "Monitor Deflation Thread"   daemon [_thread_blocked, id=34728, stack(0x0000005e33e00000,0x0000005e33f00000) (1024K)]
=>0x000001d0b81e5e90 JavaThread "C2 CompilerThread0"         daemon [_thread_in_native, id=37608, stack(0x0000005e33f00000,0x0000005e34000000) (1024K)]
  0x000001d0b81eb6b0 JavaThread "C1 CompilerThread0"         daemon [_thread_blocked, id=12164, stack(0x0000005e34000000,0x0000005e34100000) (1024K)]
  0x000001d0b83c9290 JavaThread "Common-Cleaner"             daemon [_thread_blocked, id=41116, stack(0x0000005e34100000,0x0000005e34200000) (1024K)]
  0x000001d0b842c580 JavaThread "Notification Thread"        daemon [_thread_blocked, id=35344, stack(0x0000005e34200000,0x0000005e34300000) (1024K)]
  0x000001d0fe8b8870 JavaThread "Daemon health stats"               [_thread_blocked, id=44544, stack(0x0000005e32f00000,0x0000005e33000000) (1024K)]
  0x000001d0b8a5e5b0 JavaThread "Incoming local TCP Connector on port 58191"        [_thread_in_native, id=39848, stack(0x0000005e34a00000,0x0000005e34b00000) (1024K)]
  0x000001d0fec316a0 JavaThread "Daemon periodic checks"            [_thread_blocked, id=24580, stack(0x0000005e34b00000,0x0000005e34c00000) (1024K)]
  0x000001d0fef9dae0 JavaThread "Daemon"                            [_thread_blocked, id=25168, stack(0x0000005e34c00000,0x0000005e34d00000) (1024K)]
  0x000001d080019f60 JavaThread "Handler for socket connection from /127.0.0.1:58191 to /127.0.0.1:58192"        [_thread_in_native, id=16136, stack(0x0000005e34d00000,0x0000005e34e00000) (1024K)]
  0x000001d0fed2c490 JavaThread "Cancel handler"                    [_thread_blocked, id=10164, stack(0x0000005e34e00000,0x0000005e34f00000) (1024K)]
  0x000001d0fed2be00 JavaThread "Daemon worker"                     [_thread_in_native, id=26396, stack(0x0000005e34f00000,0x0000005e35000000) (1024K)]
  0x000001d0fed2e560 JavaThread "Asynchronous log dispatcher for DefaultDaemonConnection: socket connection from /127.0.0.1:58191 to /127.0.0.1:58192"        [_thread_blocked, id=30176, stack(0x0000005e35000000,0x0000005e35100000) (1024K)]
  0x000001d0fed2ded0 JavaThread "Stdin handler"                     [_thread_blocked, id=45428, stack(0x0000005e35100000,0x0000005e35200000) (1024K)]
  0x000001d0fed2f280 JavaThread "Daemon client event forwarder"        [_thread_blocked, id=17728, stack(0x0000005e35200000,0x0000005e35300000) (1024K)]
  0x000001d0fed2ebf0 JavaThread "Cache worker for journal cache (C:\Users\Khaing\.gradle\caches\journal-1)"        [_thread_blocked, id=37184, stack(0x0000005e35300000,0x0000005e35400000) (1024K)]
  0x000001d0fed2d840 JavaThread "File lock request listener"        [_thread_in_native, id=23148, stack(0x0000005e35400000,0x0000005e35500000) (1024K)]
  0x000001d0fed2d1b0 JavaThread "Cache worker for file hash cache (C:\Users\Khaing\.gradle\caches\8.14.3\fileHashes)"        [_thread_blocked, id=5992, stack(0x0000005e35600000,0x0000005e35700000) (1024K)]
  0x000001d081022590 JavaThread "Cache worker for file hash cache (C:\Users\Khaing\Projects\MyLittleKayv\android\.gradle\8.14.3\fileHashes)"        [_thread_blocked, id=6876, stack(0x0000005e33000000,0x0000005e33100000) (1024K)]
  0x000001d081021f00 JavaThread "Cache worker for Build Output Cleanup Cache (C:\Users\Khaing\Projects\MyLittleKayv\android\.gradle\buildOutputCleanup)"        [_thread_blocked, id=41464, stack(0x0000005e35700000,0x0000005e35800000) (1024K)]
  0x000001d0810204c0 JavaThread "File watcher server"        daemon [_thread_in_native, id=17344, stack(0x0000005e35800000,0x0000005e35900000) (1024K)]
  0x000001d08101f7a0 JavaThread "File watcher consumer"      daemon [_thread_blocked, id=36536, stack(0x0000005e35900000,0x0000005e35a00000) (1024K)]
  0x000001d081021870 JavaThread "File lock release action executor Thread 3"        [_thread_blocked, id=18580, stack(0x0000005e35a00000,0x0000005e35b00000) (1024K)]
  0x000001d08101fe30 JavaThread "jar transforms"                    [_thread_blocked, id=46128, stack(0x0000005e35b00000,0x0000005e35c00000) (1024K)]
  0x000001d081020b50 JavaThread "jar transforms Thread 2"           [_thread_blocked, id=4432, stack(0x0000005e35c00000,0x0000005e35d00000) (1024K)]
  0x000001d081025a10 JavaThread "Cache worker for checksums cache (C:\Users\Khaing\Projects\MyLittleKayv\android\.gradle\8.14.3\checksums)"        [_thread_blocked, id=22836, stack(0x0000005e35d00000,0x0000005e35e00000) (1024K)]
  0x000001d081022c20 JavaThread "Cache worker for file content cache (C:\Users\Khaing\.gradle\caches\8.14.3\fileContent)"        [_thread_blocked, id=46152, stack(0x0000005e35e00000,0x0000005e35f00000) (1024K)]
  0x000001d0810260a0 JavaThread "jar transforms Thread 3"           [_thread_blocked, id=18720, stack(0x0000005e35500000,0x0000005e35600000) (1024K)]
  0x000001d0810232b0 JavaThread "jar transforms Thread 4"           [_thread_blocked, id=25100, stack(0x0000005e35f00000,0x0000005e36000000) (1024K)]
  0x000001d081023940 JavaThread "jar transforms Thread 5"           [_thread_blocked, id=49016, stack(0x0000005e36000000,0x0000005e36100000) (1024K)]
  0x000001d081024660 JavaThread "jar transforms Thread 6"           [_thread_blocked, id=3700, stack(0x0000005e36100000,0x0000005e36200000) (1024K)]
  0x000001d081023fd0 JavaThread "Cache worker for cache directory md-supplier (C:\Users\Khaing\.gradle\caches\8.14.3\md-supplier)"        [_thread_blocked, id=7628, stack(0x0000005e36200000,0x0000005e36300000) (1024K)]
  0x000001d081025380 JavaThread "Cache worker for cache directory md-rule (C:\Users\Khaing\.gradle\caches\8.14.3\md-rule)"        [_thread_blocked, id=38568, stack(0x0000005e36300000,0x0000005e36400000) (1024K)]
  0x000001d0fed2cb20 JavaThread "jar transforms Thread 7"           [_thread_blocked, id=24504, stack(0x0000005e36400000,0x0000005e36500000) (1024K)]
  0x000001d0809daaa0 JavaThread "Unconstrained build operations"        [_thread_blocked, id=28468, stack(0x0000005e36500000,0x0000005e36600000) (1024K)]
  0x000001d0809dcb70 JavaThread "Unconstrained build operations Thread 2"        [_thread_blocked, id=48100, stack(0x0000005e36600000,0x0000005e36700000) (1024K)]
  0x000001d0809db7c0 JavaThread "Unconstrained build operations Thread 3"        [_thread_blocked, id=45364, stack(0x0000005e36700000,0x0000005e36800000) (1024K)]
  0x000001d0809da410 JavaThread "Unconstrained build operations Thread 4"        [_thread_blocked, id=25420, stack(0x0000005e36800000,0x0000005e36900000) (1024K)]
  0x000001d0809dbe50 JavaThread "Unconstrained build operations Thread 5"        [_thread_blocked, id=6012, stack(0x0000005e36900000,0x0000005e36a00000) (1024K)]
  0x000001d0809d96f0 JavaThread "Unconstrained build operations Thread 6"        [_thread_blocked, id=21664, stack(0x0000005e36a00000,0x0000005e36b00000) (1024K)]
  0x000001d0809df960 JavaThread "Unconstrained build operations Thread 7"        [_thread_blocked, id=48668, stack(0x0000005e36b00000,0x0000005e36c00000) (1024K)]
  0x000001d0809e0680 JavaThread "Unconstrained build operations Thread 8"        [_thread_blocked, id=34920, stack(0x0000005e36c00000,0x0000005e36d00000) (1024K)]
  0x000001d0809df2d0 JavaThread "Unconstrained build operations Thread 9"        [_thread_blocked, id=32884, stack(0x0000005e36d00000,0x0000005e36e00000) (1024K)]
  0x000001d0809dfff0 JavaThread "Unconstrained build operations Thread 10"        [_thread_blocked, id=19916, stack(0x0000005e36e00000,0x0000005e36f00000) (1024K)]
  0x000001d0809dd200 JavaThread "Unconstrained build operations Thread 11"        [_thread_blocked, id=28884, stack(0x0000005e36f00000,0x0000005e37000000) (1024K)]
  0x000001d0809de5b0 JavaThread "Unconstrained build operations Thread 12"        [_thread_blocked, id=34988, stack(0x0000005e37000000,0x0000005e37100000) (1024K)]
  0x000001d0809e0d10 JavaThread "Unconstrained build operations Thread 13"        [_thread_blocked, id=36884, stack(0x0000005e37100000,0x0000005e37200000) (1024K)]
  0x000001d0809dd890 JavaThread "Unconstrained build operations Thread 14"        [_thread_blocked, id=27256, stack(0x0000005e37200000,0x0000005e37300000) (1024K)]
  0x000001d0809dec40 JavaThread "Unconstrained build operations Thread 15"        [_thread_in_native, id=45884, stack(0x0000005e37300000,0x0000005e37400000) (1024K)]
  0x000001d08101f110 JavaThread "Unconstrained build operations Thread 16"        [_thread_in_native, id=32304, stack(0x0000005e37400000,0x0000005e37500000) (1024K)]
  0x000001d0816ea5e0 JavaThread "Unconstrained build operations Thread 17"        [_thread_in_native, id=10196, stack(0x0000005e37500000,0x0000005e37600000) (1024K)]
  0x000001d0816e8ba0 JavaThread "Unconstrained build operations Thread 18"        [_thread_in_native, id=19728, stack(0x0000005e37600000,0x0000005e37700000) (1024K)]
  0x000001d0816eac70 JavaThread "Unconstrained build operations Thread 19"        [_thread_in_native, id=43980, stack(0x0000005e37700000,0x0000005e37800000) (1024K)]
  0x000001d0816eb300 JavaThread "Unconstrained build operations Thread 20"        [_thread_in_native, id=25260, stack(0x0000005e37800000,0x0000005e37900000) (1024K)]
  0x000001d0816eb990 JavaThread "Unconstrained build operations Thread 21"        [_thread_in_native, id=11384, stack(0x0000005e37900000,0x0000005e37a00000) (1024K)]
Total: 61

Other Threads:
  0x000001d0b812af70 VMThread "VM Thread"                           [id=13120, stack(0x0000005e33800000,0x0000005e33900000) (1024K)]
  0x000001d0b811bbb0 WatcherThread "VM Periodic Task Thread"        [id=39288, stack(0x0000005e33700000,0x0000005e33800000) (1024K)]
  0x000001d0a13a7720 WorkerThread "GC Thread#0"                     [id=17164, stack(0x0000005e33200000,0x0000005e33300000) (1024K)]
  0x000001d0b84c3400 WorkerThread "GC Thread#1"                     [id=1044, stack(0x0000005e34300000,0x0000005e34400000) (1024K)]
  0x000001d0b84c37b0 WorkerThread "GC Thread#2"                     [id=45580, stack(0x0000005e34400000,0x0000005e34500000) (1024K)]
  0x000001d0b852d770 WorkerThread "GC Thread#3"                     [id=19588, stack(0x0000005e34500000,0x0000005e34600000) (1024K)]
  0x000001d0b852db20 WorkerThread "GC Thread#4"                     [id=21156, stack(0x0000005e34600000,0x0000005e34700000) (1024K)]
  0x000001d0b8631940 WorkerThread "GC Thread#5"                     [id=32344, stack(0x0000005e34700000,0x0000005e34800000) (1024K)]
  0x000001d0b8632800 WorkerThread "GC Thread#6"                     [id=9476, stack(0x0000005e34800000,0x0000005e34900000) (1024K)]
  0x000001d0b8631cf0 WorkerThread "GC Thread#7"                     [id=29036, stack(0x0000005e34900000,0x0000005e34a00000) (1024K)]
  0x000001d0a13b4620 ConcurrentGCThread "G1 Main Marker"            [id=17488, stack(0x0000005e33300000,0x0000005e33400000) (1024K)]
  0x000001d0a13b5040 WorkerThread "G1 Conc#0"                       [id=37420, stack(0x0000005e33400000,0x0000005e33500000) (1024K)]
  0x000001d0807107e0 WorkerThread "G1 Conc#1"                       [id=22480, stack(0x0000005e32e00000,0x0000005e32f00000) (1024K)]
  0x000001d0b8069f80 ConcurrentGCThread "G1 Refine#0"               [id=12424, stack(0x0000005e33500000,0x0000005e33600000) (1024K)]
  0x000001d0b806b630 ConcurrentGCThread "G1 Service"                [id=26148, stack(0x0000005e33600000,0x0000005e33700000) (1024K)]
Total: 15

Threads with active compile tasks:
C2 CompilerThread0  1087539 8507       4       org.gradle.cache.internal.btree.CachingBlockStore::read (56 bytes)
Total: 1

VM state: not at safepoint (normal execution)

VM Mutex/Monitor currently owned by a thread: None

Heap address: 0x00000000a0000000, size: 1536 MB, Compressed Oops mode: 32-bit

CDS archive(s) mapped at: [0x000001d0b9000000-0x000001d0b9ba0000-0x000001d0b9ba0000), size 12189696, SharedBaseAddress: 0x000001d0b9000000, ArchiveRelocationMode: 1.
Compressed class space mapped at: 0x000001d0ba000000-0x000001d0fa000000, reserved size: 1073741824
Narrow klass base: 0x000001d0b9000000, Narrow klass shift: 0, Narrow klass range: 0x100000000

GC Precious Log:
 CardTable entry size: 512
 Card Set container configuration: InlinePtr #cards 5 size 8 Array Of Cards #cards 12 size 40 Howl #buckets 4 coarsen threshold 1843 Howl Bitmap #cards 512 size 80 coarsen threshold 460 Card regions per heap region 1 cards per card region 2048
 CPUs: 8 total, 8 available
 Memory: 24467M
 Large Page Support: Disabled
 NUMA Support: Disabled
 Compressed Oops: Enabled (32-bit)
 Heap Region Size: 1M
 Heap Min Capacity: 8M
 Heap Initial Capacity: 384M
 Heap Max Capacity: 1536M
 Pre-touch: Disabled
 Parallel Workers: 8
 Concurrent Workers: 2
 Concurrent Refinement Workers: 8
 Periodic GC: Disabled

Heap:
 garbage-first heap   total 84992K, used 76192K [0x00000000a0000000, 0x0000000100000000)
  region size 1024K, 34 young (34816K), 5 survivors (5120K)
 Metaspace       used 51047K, committed 52736K, reserved 1114112K
  class space    used 7317K, committed 8128K, reserved 1048576K

Heap Regions: E=young(eden), S=young(survivor), O=old, HS=humongous(starts), HC=humongous(continues), CS=collection set, F=free, TAMS=top-at-mark-start, PB=parsable bottom
|   0|0x00000000a0000000, 0x00000000a0100000, 0x00000000a0100000|100%|HS|  |TAMS 0x00000000a0000000| PB 0x00000000a0000000| Complete 
|   1|0x00000000a0100000, 0x00000000a0200000, 0x00000000a0200000|100%|HC|  |TAMS 0x00000000a0100000| PB 0x00000000a0100000| Complete 
|   2|0x00000000a0200000, 0x00000000a0300000, 0x00000000a0300000|100%|HC|  |TAMS 0x00000000a0200000| PB 0x00000000a0200000| Complete 
|   3|0x00000000a0300000, 0x00000000a0400000, 0x00000000a0400000|100%| O|  |TAMS 0x00000000a0300000| PB 0x00000000a0300000| Untracked 
|   4|0x00000000a0400000, 0x00000000a0500000, 0x00000000a0500000|100%| O|  |TAMS 0x00000000a0400000| PB 0x00000000a0400000| Untracked 
|   5|0x00000000a0500000, 0x00000000a0600000, 0x00000000a0600000|100%| O|  |TAMS 0x00000000a0500000| PB 0x00000000a0500000| Untracked 
|   6|0x00000000a0600000, 0x00000000a0700000, 0x00000000a0700000|100%|HS|  |TAMS 0x00000000a0600000| PB 0x00000000a0600000| Complete 
|   7|0x00000000a0700000, 0x00000000a0800000, 0x00000000a0800000|100%| O|  |TAMS 0x00000000a0700000| PB 0x00000000a0700000| Untracked 
|   8|0x00000000a0800000, 0x00000000a0900000, 0x00000000a0900000|100%| O|  |TAMS 0x00000000a0800000| PB 0x00000000a0800000| Untracked 
|   9|0x00000000a0900000, 0x00000000a0a00000, 0x00000000a0a00000|100%| O|  |TAMS 0x00000000a0900000| PB 0x00000000a0900000| Untracked 
|  10|0x00000000a0a00000, 0x00000000a0b00000, 0x00000000a0b00000|100%| O|  |TAMS 0x00000000a0a00000| PB 0x00000000a0a00000| Untracked 
|  11|0x00000000a0b00000, 0x00000000a0c00000, 0x00000000a0c00000|100%| O|  |TAMS 0x00000000a0b00000| PB 0x00000000a0b00000| Untracked 
|  12|0x00000000a0c00000, 0x00000000a0d00000, 0x00000000a0d00000|100%| O|  |TAMS 0x00000000a0c00000| PB 0x00000000a0c00000| Untracked 
|  13|0x00000000a0d00000, 0x00000000a0e00000, 0x00000000a0e00000|100%| O|  |TAMS 0x00000000a0d00000| PB 0x00000000a0d00000| Untracked 
|  14|0x00000000a0e00000, 0x00000000a0f00000, 0x00000000a0f00000|100%| O|  |TAMS 0x00000000a0e00000| PB 0x00000000a0e00000| Untracked 
|  15|0x00000000a0f00000, 0x00000000a1000000, 0x00000000a1000000|100%| O|  |TAMS 0x00000000a0f00000| PB 0x00000000a0f00000| Untracked 
|  16|0x00000000a1000000, 0x00000000a1100000, 0x00000000a1100000|100%| O|  |TAMS 0x00000000a1000000| PB 0x00000000a1000000| Untracked 
|  17|0x00000000a1100000, 0x00000000a1200000, 0x00000000a1200000|100%| O|  |TAMS 0x00000000a1100000| PB 0x00000000a1100000| Untracked 
|  18|0x00000000a1200000, 0x00000000a1300000, 0x00000000a1300000|100%| O|  |TAMS 0x00000000a1200000| PB 0x00000000a1200000| Untracked 
|  19|0x00000000a1300000, 0x00000000a1400000, 0x00000000a1400000|100%| O|  |TAMS 0x00000000a1300000| PB 0x00000000a1300000| Untracked 
|  20|0x00000000a1400000, 0x00000000a1500000, 0x00000000a1500000|100%| O|  |TAMS 0x00000000a1400000| PB 0x00000000a1400000| Untracked 
|  21|0x00000000a1500000, 0x00000000a1600000, 0x00000000a1600000|100%| O|  |TAMS 0x00000000a1500000| PB 0x00000000a1500000| Untracked 
|  22|0x00000000a1600000, 0x00000000a1700000, 0x00000000a1700000|100%| O|  |TAMS 0x00000000a1600000| PB 0x00000000a1600000| Untracked 
|  23|0x00000000a1700000, 0x00000000a1800000, 0x00000000a1800000|100%| O|  |TAMS 0x00000000a1700000| PB 0x00000000a1700000| Untracked 
|  24|0x00000000a1800000, 0x00000000a1900000, 0x00000000a1900000|100%| O|  |TAMS 0x00000000a1800000| PB 0x00000000a1800000| Untracked 
|  25|0x00000000a1900000, 0x00000000a1a00000, 0x00000000a1a00000|100%| O|Cm|TAMS 0x00000000a1900000| PB 0x00000000a1900000| Complete 
|  26|0x00000000a1a00000, 0x00000000a1b00000, 0x00000000a1b00000|100%| O|  |TAMS 0x00000000a1a00000| PB 0x00000000a1a00000| Untracked 
|  27|0x00000000a1b00000, 0x00000000a1c00000, 0x00000000a1c00000|100%| O|  |TAMS 0x00000000a1b00000| PB 0x00000000a1b00000| Untracked 
|  28|0x00000000a1c00000, 0x00000000a1d00000, 0x00000000a1d00000|100%| O|  |TAMS 0x00000000a1c00000| PB 0x00000000a1c00000| Untracked 
|  29|0x00000000a1d00000, 0x00000000a1e00000, 0x00000000a1e00000|100%| O|  |TAMS 0x00000000a1d00000| PB 0x00000000a1d00000| Untracked 
|  30|0x00000000a1e00000, 0x00000000a1f00000, 0x00000000a1f00000|100%| O|  |TAMS 0x00000000a1e00000| PB 0x00000000a1e00000| Untracked 
|  31|0x00000000a1f00000, 0x00000000a2000000, 0x00000000a2000000|100%| O|  |TAMS 0x00000000a1f00000| PB 0x00000000a1f00000| Untracked 
|  32|0x00000000a2000000, 0x00000000a2100000, 0x00000000a2100000|100%| O|  |TAMS 0x00000000a2000000| PB 0x00000000a2000000| Untracked 
|  33|0x00000000a2100000, 0x00000000a2200000, 0x00000000a2200000|100%| O|  |TAMS 0x00000000a2100000| PB 0x00000000a2100000| Untracked 
|  34|0x00000000a2200000, 0x00000000a2300000, 0x00000000a2300000|100%| O|  |TAMS 0x00000000a2200000| PB 0x00000000a2200000| Untracked 
|  35|0x00000000a2300000, 0x00000000a2400000, 0x00000000a2400000|100%| O|  |TAMS 0x00000000a2300000| PB 0x00000000a2300000| Untracked 
|  36|0x00000000a2400000, 0x00000000a2500000, 0x00000000a2500000|100%| O|  |TAMS 0x00000000a2400000| PB 0x00000000a2400000| Untracked 
|  37|0x00000000a2500000, 0x00000000a2600000, 0x00000000a2600000|100%| O|  |TAMS 0x00000000a2500000| PB 0x00000000a2500000| Untracked 
|  38|0x00000000a2600000, 0x00000000a2700000, 0x00000000a2700000|100%| O|  |TAMS 0x00000000a2600000| PB 0x00000000a2600000| Untracked 
|  39|0x00000000a2700000, 0x00000000a2800000, 0x00000000a2800000|100%| O|  |TAMS 0x00000000a2700000| PB 0x00000000a2700000| Untracked 
|  40|0x00000000a2800000, 0x00000000a2900000, 0x00000000a2900000|100%| O|  |TAMS 0x00000000a2800000| PB 0x00000000a2800000| Untracked 
|  41|0x00000000a2900000, 0x00000000a2a00000, 0x00000000a2a00000|100%| O|  |TAMS 0x00000000a2900000| PB 0x00000000a2900000| Untracked 
|  42|0x00000000a2a00000, 0x00000000a2b00000, 0x00000000a2b00000|100%| S|CS|TAMS 0x00000000a2a00000| PB 0x00000000a2a00000| Complete 
|  43|0x00000000a2b00000, 0x00000000a2c00000, 0x00000000a2c00000|100%| S|CS|TAMS 0x00000000a2b00000| PB 0x00000000a2b00000| Complete 
|  44|0x00000000a2c00000, 0x00000000a2d00000, 0x00000000a2d00000|100%| S|CS|TAMS 0x00000000a2c00000| PB 0x00000000a2c00000| Complete 
|  45|0x00000000a2d00000, 0x00000000a2e00000, 0x00000000a2e00000|100%| S|CS|TAMS 0x00000000a2d00000| PB 0x00000000a2d00000| Complete 
|  46|0x00000000a2e00000, 0x00000000a2e00000, 0x00000000a2f00000|  0%| F|  |TAMS 0x00000000a2e00000| PB 0x00000000a2e00000| Untracked 
|  47|0x00000000a2f00000, 0x00000000a2f00000, 0x00000000a3000000|  0%| F|  |TAMS 0x00000000a2f00000| PB 0x00000000a2f00000| Untracked 
|  48|0x00000000a3000000, 0x00000000a3000000, 0x00000000a3100000|  0%| F|  |TAMS 0x00000000a3000000| PB 0x00000000a3000000| Untracked 
|  49|0x00000000a3100000, 0x00000000a3200000, 0x00000000a3200000|100%| S|  |TAMS 0x00000000a3100000| PB 0x00000000a3100000| Complete 
|  50|0x00000000a3200000, 0x00000000a3300000, 0x00000000a3300000|100%| S|  |TAMS 0x00000000a3200000| PB 0x00000000a3200000| Complete 
|  51|0x00000000a3300000, 0x00000000a3400000, 0x00000000a3400000|100%| S|  |TAMS 0x00000000a3300000| PB 0x00000000a3300000| Complete 
|  52|0x00000000a3400000, 0x00000000a3400000, 0x00000000a3500000|  0%| F|  |TAMS 0x00000000a3400000| PB 0x00000000a3400000| Untracked 
|  53|0x00000000a3500000, 0x00000000a3500000, 0x00000000a3600000|  0%| F|  |TAMS 0x00000000a3500000| PB 0x00000000a3500000| Untracked 
|  54|0x00000000a3600000, 0x00000000a3600000, 0x00000000a3700000|  0%| F|  |TAMS 0x00000000a3600000| PB 0x00000000a3600000| Untracked 
|  55|0x00000000a3700000, 0x00000000a3700000, 0x00000000a3800000|  0%| F|  |TAMS 0x00000000a3700000| PB 0x00000000a3700000| Untracked 
|  56|0x00000000a3800000, 0x00000000a3800000, 0x00000000a3900000|  0%| F|  |TAMS 0x00000000a3800000| PB 0x00000000a3800000| Untracked 
|  57|0x00000000a3900000, 0x00000000a3900000, 0x00000000a3a00000|  0%| F|  |TAMS 0x00000000a3900000| PB 0x00000000a3900000| Untracked 
|  58|0x00000000a3a00000, 0x00000000a3a00000, 0x00000000a3b00000|  0%| F|  |TAMS 0x00000000a3a00000| PB 0x00000000a3a00000| Untracked 
|  59|0x00000000a3b00000, 0x00000000a3b00000, 0x00000000a3c00000|  0%| F|  |TAMS 0x00000000a3b00000| PB 0x00000000a3b00000| Untracked 
|  60|0x00000000a3c00000, 0x00000000a3c00000, 0x00000000a3d00000|  0%| F|  |TAMS 0x00000000a3c00000| PB 0x00000000a3c00000| Untracked 
|  61|0x00000000a3d00000, 0x00000000a3d00000, 0x00000000a3e00000|  0%| F|  |TAMS 0x00000000a3d00000| PB 0x00000000a3d00000| Untracked 
|  62|0x00000000a3e00000, 0x00000000a3e00000, 0x00000000a3f00000|  0%| F|  |TAMS 0x00000000a3e00000| PB 0x00000000a3e00000| Untracked 
|  63|0x00000000a3f00000, 0x00000000a3f00000, 0x00000000a4000000|  0%| F|  |TAMS 0x00000000a3f00000| PB 0x00000000a3f00000| Untracked 
|  64|0x00000000a4000000, 0x00000000a4000000, 0x00000000a4100000|  0%| F|  |TAMS 0x00000000a4000000| PB 0x00000000a4000000| Untracked 
|  65|0x00000000a4100000, 0x00000000a4100000, 0x00000000a4200000|  0%| F|  |TAMS 0x00000000a4100000| PB 0x00000000a4100000| Untracked 
|  66|0x00000000a4200000, 0x00000000a4200000, 0x00000000a4300000|  0%| F|  |TAMS 0x00000000a4200000| PB 0x00000000a4200000| Untracked 
|  67|0x00000000a4300000, 0x00000000a4300000, 0x00000000a4400000|  0%| F|  |TAMS 0x00000000a4300000| PB 0x00000000a4300000| Untracked 
|  68|0x00000000a4400000, 0x00000000a4400000, 0x00000000a4500000|  0%| F|  |TAMS 0x00000000a4400000| PB 0x00000000a4400000| Untracked 
| 279|0x00000000b1700000, 0x00000000b1700000, 0x00000000b1800000|  0%| F|  |TAMS 0x00000000b1700000| PB 0x00000000b1700000| Untracked 
| 280|0x00000000b1800000, 0x00000000b1800000, 0x00000000b1900000|  0%| F|  |TAMS 0x00000000b1800000| PB 0x00000000b1800000| Untracked 
| 281|0x00000000b1900000, 0x00000000b1900000, 0x00000000b1a00000|  0%| F|  |TAMS 0x00000000b1900000| PB 0x00000000b1900000| Untracked 
| 282|0x00000000b1a00000, 0x00000000b1a00000, 0x00000000b1b00000|  0%| F|  |TAMS 0x00000000b1a00000| PB 0x00000000b1a00000| Untracked 
| 283|0x00000000b1b00000, 0x00000000b1b00000, 0x00000000b1c00000|  0%| F|  |TAMS 0x00000000b1b00000| PB 0x00000000b1b00000| Untracked 
| 284|0x00000000b1c00000, 0x00000000b1c00000, 0x00000000b1d00000|  0%| F|  |TAMS 0x00000000b1c00000| PB 0x00000000b1c00000| Untracked 
| 285|0x00000000b1d00000, 0x00000000b1d00000, 0x00000000b1e00000|  0%| F|  |TAMS 0x00000000b1d00000| PB 0x00000000b1d00000| Untracked 
| 286|0x00000000b1e00000, 0x00000000b1e00000, 0x00000000b1f00000|  0%| F|  |TAMS 0x00000000b1e00000| PB 0x00000000b1e00000| Untracked 
| 287|0x00000000b1f00000, 0x00000000b1f00000, 0x00000000b2000000|  0%| F|  |TAMS 0x00000000b1f00000| PB 0x00000000b1f00000| Untracked 
| 288|0x00000000b2000000, 0x00000000b2000000, 0x00000000b2100000|  0%| F|  |TAMS 0x00000000b2000000| PB 0x00000000b2000000| Untracked 
| 289|0x00000000b2100000, 0x00000000b2100000, 0x00000000b2200000|  0%| F|  |TAMS 0x00000000b2100000| PB 0x00000000b2100000| Untracked 
| 290|0x00000000b2200000, 0x00000000b2200000, 0x00000000b2300000|  0%| F|  |TAMS 0x00000000b2200000| PB 0x00000000b2200000| Untracked 
| 383|0x00000000b7f00000, 0x00000000b7fba138, 0x00000000b8000000| 72%| E|  |TAMS 0x00000000b7f00000| PB 0x00000000b7f00000| Complete 
|1535|0x00000000fff00000, 0x0000000100000000, 0x0000000100000000|100%| O|  |TAMS 0x00000000fff00000| PB 0x00000000fff00000| Untracked 

Card table byte_map: [0x000001d0b3b90000,0x000001d0b3e90000] _byte_map_base: 0x000001d0b3690000

Marking Bits: (CMBitMap*) 0x000001d0a13a7d40
 Bits: [0x000001d0b3e90000, 0x000001d0b5690000)

Polling page: 0x000001d09f0f0000

Metaspace:

Usage:
  Non-class:     42.71 MB used.
      Class:      7.15 MB used.
       Both:     49.85 MB used.

Virtual space:
  Non-class space:       64.00 MB reserved,      43.56 MB ( 68%) committed,  1 nodes.
      Class space:        1.00 GB reserved,       7.94 MB ( <1%) committed,  1 nodes.
             Both:        1.06 GB reserved,      51.50 MB (  5%) committed. 

Chunk freelists:
   Non-Class:  4.02 MB
       Class:  7.89 MB
        Both:  11.90 MB

MaxMetaspaceSize: unlimited
CompressedClassSpaceSize: 1.00 GB
Initial GC threshold: 21.00 MB
Current GC threshold: 85.44 MB
CDS: on
 - commit_granule_bytes: 65536.
 - commit_granule_words: 8192.
 - virtual_space_node_default_size: 8388608.
 - enlarge_chunks_in_place: 1.
 - use_allocation_guard: 0.


Internal statistics:

num_allocs_failed_limit: 6.
num_arena_births: 3078.
num_arena_deaths: 0.
num_vsnodes_births: 2.
num_vsnodes_deaths: 0.
num_space_committed: 824.
num_space_uncommitted: 0.
num_chunks_returned_to_freelist: 6.
num_chunks_taken_from_freelist: 5480.
num_chunk_merges: 6.
num_chunk_splits: 3574.
num_chunks_enlarged: 2208.
num_inconsistent_stats: 0.

CodeHeap 'non-profiled nmethods': size=120000Kb used=4326Kb max_used=4326Kb free=115673Kb
 bounds [0x000001d0ac030000, 0x000001d0ac470000, 0x000001d0b3560000]
CodeHeap 'profiled nmethods': size=120000Kb used=13168Kb max_used=13168Kb free=106831Kb
 bounds [0x000001d0a4560000, 0x000001d0a5240000, 0x000001d0aba90000]
CodeHeap 'non-nmethods': size=5760Kb used=2597Kb max_used=2679Kb free=3162Kb
 bounds [0x000001d0aba90000, 0x000001d0abd30000, 0x000001d0ac030000]
CodeCache: size=245760Kb, used=20091Kb, max_used=20173Kb, free=225666Kb
 total_blobs=8132, nmethods=7265, adapters=771, full_count=0
Compilation: enabled, stopped_count=0, restarted_count=0

Compilation events (20 events):
Event: 1087.431 Thread 0x000001d0b81eb6b0 nmethod 8543 0x000001d0a5225b10 code [0x000001d0a5225d00, 0x000001d0a5226068]
Event: 1087.432 Thread 0x000001d0b81eb6b0 8544       3       org.gradle.internal.fingerprint.impl.EmptyCurrentFileCollectionFingerprint::getHash (4 bytes)
Event: 1087.432 Thread 0x000001d0b81eb6b0 nmethod 8544 0x000001d0a5226210 code [0x000001d0a52263a0, 0x000001d0a52264b8]
Event: 1087.438 Thread 0x000001d0b81eb6b0 8545       3       org.gradle.api.internal.artifacts.transform.DefaultTransformInvocationFactory::determineProducerProject (33 bytes)
Event: 1087.440 Thread 0x000001d0b81eb6b0 nmethod 8545 0x000001d0a5226590 code [0x000001d0a52267a0, 0x000001d0a5226e20]
Event: 1087.440 Thread 0x000001d0b81eb6b0 8546       3       org.gradle.internal.execution.impl.DefaultExecutionEngine$1::executeDeferred (22 bytes)
Event: 1087.440 Thread 0x000001d0b81eb6b0 nmethod 8546 0x000001d0a5227090 code [0x000001d0a5227260, 0x000001d0a52274b0]
Event: 1087.440 Thread 0x000001d0b81eb6b0 8547       3       org.gradle.api.internal.artifacts.transform.AbstractTransformExecution$$Lambda/0x000001d0ba803a38::<init> (10 bytes)
Event: 1087.441 Thread 0x000001d0b81eb6b0 nmethod 8547 0x000001d0a5227610 code [0x000001d0a52277c0, 0x000001d0a5227978]
Event: 1087.441 Thread 0x000001d0b81eb6b0 8548       3       org.gradle.api.internal.artifacts.transform.AbstractTransformExecution$$Lambda/0x000001d0ba803a38::getValue (10 bytes)
Event: 1087.441 Thread 0x000001d0b81eb6b0 nmethod 8548 0x000001d0a5227a10 code [0x000001d0a5227be0, 0x000001d0a5227f90]
Event: 1087.441 Thread 0x000001d0b81eb6b0 8549       3       org.gradle.internal.execution.UnitOfWork$InputFileValueSupplier::getFiles (13 bytes)
Event: 1087.441 Thread 0x000001d0b81eb6b0 nmethod 8549 0x000001d0a5228190 code [0x000001d0a5228340, 0x000001d0a5228620]
Event: 1087.441 Thread 0x000001d0b81eb6b0 8550       3       org.gradle.api.internal.artifacts.transform.AbstractTransformExecution$DefaultIdentifyTransformExecutionProgressDetails::<init> (26 bytes)
Event: 1087.442 Thread 0x000001d0b81eb6b0 nmethod 8550 0x000001d0a5228710 code [0x000001d0a52288c0, 0x000001d0a5228b98]
Event: 1087.444 Thread 0x000001d0b81eb6b0 8551       3       org.gradle.internal.execution.steps.IdentifyStep::executeDeferred (11 bytes)
Event: 1087.444 Thread 0x000001d0b81eb6b0 nmethod 8551 0x000001d0a5228c90 code [0x000001d0a5228e40, 0x000001d0a5229088]
Event: 1087.444 Thread 0x000001d0b81eb6b0 8557       3       org.gradle.internal.hash.HashCode$HashCode128::toByteArray (26 bytes)
Event: 1087.445 Thread 0x000001d0b81eb6b0 nmethod 8557 0x000001d0a5229190 code [0x000001d0a5229360, 0x000001d0a5229648]
Event: 1087.445 Thread 0x000001d0b81eb6b0 8552       3       org.gradle.internal.execution.steps.IdentifyStep::executeDeferred (18 bytes)

GC Heap History (20 events):
Event: 560.895 GC heap before
{Heap before GC invocations=13 (full 0):
 garbage-first heap   total 82944K, used 73786K [0x00000000a0000000, 0x0000000100000000)
  region size 1024K, 36 young (36864K), 3 survivors (3072K)
 Metaspace       used 48747K, committed 50432K, reserved 1114112K
  class space    used 7051K, committed 7872K, reserved 1048576K
}
Event: 560.900 GC heap after
{Heap after GC invocations=14 (full 0):
 garbage-first heap   total 82944K, used 41065K [0x00000000a0000000, 0x0000000100000000)
  region size 1024K, 4 young (4096K), 4 survivors (4096K)
 Metaspace       used 48747K, committed 50432K, reserved 1114112K
  class space    used 7051K, committed 7872K, reserved 1048576K
}
Event: 657.427 GC heap before
{Heap before GC invocations=15 (full 0):
 garbage-first heap   total 82944K, used 74857K [0x00000000a0000000, 0x0000000100000000)
  region size 1024K, 37 young (37888K), 4 survivors (4096K)
 Metaspace       used 48909K, committed 50624K, reserved 1114112K
  class space    used 7071K, committed 7936K, reserved 1048576K
}
Event: 657.431 GC heap after
{Heap after GC invocations=16 (full 0):
 garbage-first heap   total 82944K, used 41687K [0x00000000a0000000, 0x0000000100000000)
  region size 1024K, 3 young (3072K), 3 survivors (3072K)
 Metaspace       used 48909K, committed 50624K, reserved 1114112K
  class space    used 7071K, committed 7936K, reserved 1048576K
}
Event: 731.504 GC heap before
{Heap before GC invocations=16 (full 0):
 garbage-first heap   total 82944K, used 75479K [0x00000000a0000000, 0x0000000100000000)
  region size 1024K, 36 young (36864K), 3 survivors (3072K)
 Metaspace       used 48988K, committed 50752K, reserved 1114112K
  class space    used 7072K, committed 7936K, reserved 1048576K
}
Event: 731.510 GC heap after
{Heap after GC invocations=17 (full 0):
 garbage-first heap   total 82944K, used 41806K [0x00000000a0000000, 0x0000000100000000)
  region size 1024K, 3 young (3072K), 3 survivors (3072K)
 Metaspace       used 48988K, committed 50752K, reserved 1114112K
  class space    used 7072K, committed 7936K, reserved 1048576K
}
Event: 805.417 GC heap before
{Heap before GC invocations=17 (full 0):
 garbage-first heap   total 82944K, used 76622K [0x00000000a0000000, 0x0000000100000000)
  region size 1024K, 37 young (37888K), 3 survivors (3072K)
 Metaspace       used 49152K, committed 50880K, reserved 1114112K
  class space    used 7083K, committed 7936K, reserved 1048576K
}
Event: 805.425 GC heap after
{Heap after GC invocations=18 (full 0):
 garbage-first heap   total 82944K, used 42564K [0x00000000a0000000, 0x0000000100000000)
  region size 1024K, 4 young (4096K), 4 survivors (4096K)
 Metaspace       used 49152K, committed 50880K, reserved 1114112K
  class space    used 7083K, committed 7936K, reserved 1048576K
}
Event: 864.646 GC heap before
{Heap before GC invocations=19 (full 0):
 garbage-first heap   total 82944K, used 76356K [0x00000000a0000000, 0x0000000100000000)
  region size 1024K, 37 young (37888K), 4 survivors (4096K)
 Metaspace       used 49287K, committed 51008K, reserved 1114112K
  class space    used 7093K, committed 7936K, reserved 1048576K
}
Event: 864.652 GC heap after
{Heap after GC invocations=20 (full 0):
 garbage-first heap   total 82944K, used 43626K [0x00000000a0000000, 0x0000000100000000)
  region size 1024K, 3 young (3072K), 3 survivors (3072K)
 Metaspace       used 49287K, committed 51008K, reserved 1114112K
  class space    used 7093K, committed 7936K, reserved 1048576K
}
Event: 909.004 GC heap before
{Heap before GC invocations=20 (full 0):
 garbage-first heap   total 82944K, used 76394K [0x00000000a0000000, 0x0000000100000000)
  region size 1024K, 36 young (36864K), 3 survivors (3072K)
 Metaspace       used 49724K, committed 51456K, reserved 1114112K
  class space    used 7161K, committed 8000K, reserved 1048576K
}
Event: 909.013 GC heap after
{Heap after GC invocations=21 (full 0):
 garbage-first heap   total 82944K, used 43884K [0x00000000a0000000, 0x0000000100000000)
  region size 1024K, 3 young (3072K), 3 survivors (3072K)
 Metaspace       used 49724K, committed 51456K, reserved 1114112K
  class space    used 7161K, committed 8000K, reserved 1048576K
}
Event: 965.904 GC heap before
{Heap before GC invocations=21 (full 0):
 garbage-first heap   total 82944K, used 77676K [0x00000000a0000000, 0x0000000100000000)
  region size 1024K, 36 young (36864K), 3 survivors (3072K)
 Metaspace       used 49786K, committed 51520K, reserved 1114112K
  class space    used 7161K, committed 8000K, reserved 1048576K
}
Event: 965.908 GC heap after
{Heap after GC invocations=22 (full 0):
 garbage-first heap   total 82944K, used 44186K [0x00000000a0000000, 0x0000000100000000)
  region size 1024K, 3 young (3072K), 3 survivors (3072K)
 Metaspace       used 49786K, committed 51520K, reserved 1114112K
  class space    used 7161K, committed 8000K, reserved 1048576K
}
Event: 1011.309 GC heap before
{Heap before GC invocations=23 (full 0):
 garbage-first heap   total 82944K, used 75930K [0x00000000a0000000, 0x0000000100000000)
  region size 1024K, 35 young (35840K), 3 survivors (3072K)
 Metaspace       used 49791K, committed 51520K, reserved 1114112K
  class space    used 7161K, committed 8000K, reserved 1048576K
}
Event: 1011.313 GC heap after
{Heap after GC invocations=24 (full 0):
 garbage-first heap   total 82944K, used 44377K [0x00000000a0000000, 0x0000000100000000)
  region size 1024K, 3 young (3072K), 3 survivors (3072K)
 Metaspace       used 49791K, committed 51520K, reserved 1114112K
  class space    used 7161K, committed 8000K, reserved 1048576K
}
Event: 1060.386 GC heap before
{Heap before GC invocations=24 (full 0):
 garbage-first heap   total 82944K, used 75097K [0x00000000a0000000, 0x0000000100000000)
  region size 1024K, 34 young (34816K), 3 survivors (3072K)
 Metaspace       used 49929K, committed 51584K, reserved 1114112K
  class space    used 7184K, committed 8000K, reserved 1048576K
}
Event: 1060.393 GC heap after
{Heap after GC invocations=25 (full 0):
 garbage-first heap   total 82944K, used 44928K [0x00000000a0000000, 0x0000000100000000)
  region size 1024K, 3 young (3072K), 3 survivors (3072K)
 Metaspace       used 49929K, committed 51584K, reserved 1114112K
  class space    used 7184K, committed 8000K, reserved 1048576K
}
Event: 1063.549 GC heap before
{Heap before GC invocations=25 (full 0):
 garbage-first heap   total 82944K, used 76672K [0x00000000a0000000, 0x0000000100000000)
  region size 1024K, 35 young (35840K), 3 survivors (3072K)
 Metaspace       used 50736K, committed 52416K, reserved 1114112K
  class space    used 7292K, committed 8128K, reserved 1048576K
}
Event: 1063.559 GC heap after
{Heap after GC invocations=26 (full 0):
 garbage-first heap   total 84992K, used 48544K [0x00000000a0000000, 0x0000000100000000)
  region size 1024K, 5 young (5120K), 5 survivors (5120K)
 Metaspace       used 50736K, committed 52416K, reserved 1114112K
  class space    used 7292K, committed 8128K, reserved 1048576K
}

Dll operation events (20 events):
Event: 1.868 Attempting to load shared library C:\Users\Khaing\.vscode\extensions\redhat.java-1.56.0-win32-x64\jre\21.0.12.1-win32-x86_64\bin\nio.dll
Event: 1.879 Loaded shared library C:\Users\Khaing\.vscode\extensions\redhat.java-1.56.0-win32-x64\jre\21.0.12.1-win32-x86_64\bin\nio.dll
Event: 2.095 Attempting to load shared library C:\Users\Khaing\.vscode\extensions\redhat.java-1.56.0-win32-x64\jre\21.0.12.1-win32-x86_64\bin\zip.dll
Event: 2.095 Loaded shared library C:\Users\Khaing\.vscode\extensions\redhat.java-1.56.0-win32-x64\jre\21.0.12.1-win32-x86_64\bin\zip.dll
Event: 19.814 Attempting to load shared library C:\Users\Khaing\.vscode\extensions\redhat.java-1.56.0-win32-x64\jre\21.0.12.1-win32-x86_64\bin\jimage.dll
Event: 19.814 Loaded shared library C:\Users\Khaing\.vscode\extensions\redhat.java-1.56.0-win32-x64\jre\21.0.12.1-win32-x86_64\bin\jimage.dll
Event: 26.580 Attempting to load shared library C:\Users\Khaing\.vscode\extensions\redhat.java-1.56.0-win32-x64\jre\21.0.12.1-win32-x86_64\bin\verify.dll
Event: 26.603 Loaded shared library C:\Users\Khaing\.vscode\extensions\redhat.java-1.56.0-win32-x64\jre\21.0.12.1-win32-x86_64\bin\verify.dll
Event: 27.531 Attempting to load shared library C:\Users\Khaing\.gradle\native\1def1411415f61bf3af743bc5b6707747c0891f09f0c88961ee8f79bc544acac\windows-amd64\native-platform.dll
Event: 27.550 Loaded shared library C:\Users\Khaing\.gradle\native\1def1411415f61bf3af743bc5b6707747c0891f09f0c88961ee8f79bc544acac\windows-amd64\native-platform.dll
Event: 27.779 Attempting to load shared library C:\Users\Khaing\.gradle\native\0.2.7\x86_64-windows-gnu\gradle-fileevents.dll
Event: 27.793 Loaded shared library C:\Users\Khaing\.gradle\native\0.2.7\x86_64-windows-gnu\gradle-fileevents.dll
Event: 53.628 Attempting to load shared library C:\Users\Khaing\.vscode\extensions\redhat.java-1.56.0-win32-x64\jre\21.0.12.1-win32-x86_64\bin\management.dll
Event: 53.652 Loaded shared library C:\Users\Khaing\.vscode\extensions\redhat.java-1.56.0-win32-x64\jre\21.0.12.1-win32-x86_64\bin\management.dll
Event: 53.702 Attempting to load shared library C:\Users\Khaing\.vscode\extensions\redhat.java-1.56.0-win32-x64\jre\21.0.12.1-win32-x86_64\bin\management_ext.dll
Event: 53.739 Loaded shared library C:\Users\Khaing\.vscode\extensions\redhat.java-1.56.0-win32-x64\jre\21.0.12.1-win32-x86_64\bin\management_ext.dll
Event: 54.995 Attempting to load shared library C:\Users\Khaing\.vscode\extensions\redhat.java-1.56.0-win32-x64\jre\21.0.12.1-win32-x86_64\bin\extnet.dll
Event: 55.001 Loaded shared library C:\Users\Khaing\.vscode\extensions\redhat.java-1.56.0-win32-x64\jre\21.0.12.1-win32-x86_64\bin\extnet.dll
Event: 55.945 Attempting to load shared library C:\Users\Khaing\.vscode\extensions\redhat.java-1.56.0-win32-x64\jre\21.0.12.1-win32-x86_64\bin\sunmscapi.dll
Event: 56.004 Loaded shared library C:\Users\Khaing\.vscode\extensions\redhat.java-1.56.0-win32-x64\jre\21.0.12.1-win32-x86_64\bin\sunmscapi.dll

Deoptimization events (20 events):
Event: 1060.296 Thread 0x000001d0fed2be00 DEOPT PACKING pc=0x000001d0ac418464 sp=0x0000005e34ff8a00
Event: 1060.296 Thread 0x000001d0fed2be00 DEOPT UNPACKING pc=0x000001d0abae4422 sp=0x0000005e34ff8990 mode 2
Event: 1060.726 Thread 0x000001d0fed2be00 Uncommon trap: trap_request=0xffffff45 fr.pc=0x000001d0ac196b40 relative=0x0000000000000280
Event: 1060.726 Thread 0x000001d0fed2be00 Uncommon trap: reason=unstable_if action=reinterpret pc=0x000001d0ac196b40 method=java.util.concurrent.ConcurrentHashMap.get(Ljava/lang/Object;)Ljava/lang/Object; @ 86 c2
Event: 1060.726 Thread 0x000001d0fed2be00 DEOPT PACKING pc=0x000001d0ac196b40 sp=0x0000005e34ff5c70
Event: 1060.726 Thread 0x000001d0fed2be00 DEOPT UNPACKING pc=0x000001d0abae4422 sp=0x0000005e34ff5be8 mode 2
Event: 1060.835 Thread 0x000001d0fed2be00 Uncommon trap: trap_request=0xffffff45 fr.pc=0x000001d0ac439248 relative=0x0000000000000348
Event: 1060.835 Thread 0x000001d0fed2be00 Uncommon trap: reason=unstable_if action=reinterpret pc=0x000001d0ac439248 method=org.gradle.internal.snapshot.PathUtil.equalChars(CCLorg/gradle/internal/snapshot/CaseSensitivity;)Z @ 40 c2
Event: 1060.835 Thread 0x000001d0fed2be00 DEOPT PACKING pc=0x000001d0ac439248 sp=0x0000005e34ff49b0
Event: 1060.835 Thread 0x000001d0fed2be00 DEOPT UNPACKING pc=0x000001d0abae4422 sp=0x0000005e34ff4940 mode 2
Event: 1062.721 Thread 0x000001d0809e0d10 Uncommon trap: trap_request=0xffffff45 fr.pc=0x000001d0ac3ede30 relative=0x0000000000001290
Event: 1062.721 Thread 0x000001d0809e0d10 Uncommon trap: reason=unstable_if action=reinterpret pc=0x000001d0ac3ede30 method=java.util.concurrent.ConcurrentHashMap.computeIfAbsent(Ljava/lang/Object;Ljava/util/function/Function;)Ljava/lang/Object; @ 279 c2
Event: 1062.721 Thread 0x000001d0809e0d10 DEOPT PACKING pc=0x000001d0ac3ede30 sp=0x0000005e371fe340
Event: 1062.721 Thread 0x000001d0809e0d10 DEOPT UNPACKING pc=0x000001d0abae4422 sp=0x0000005e371fe2b8 mode 2
Event: 1062.745 Thread 0x000001d0809dfff0 Uncommon trap: trap_request=0xffffff45 fr.pc=0x000001d0ac447ea4 relative=0x0000000000001384
Event: 1062.745 Thread 0x000001d0809dfff0 Uncommon trap: reason=unstable_if action=reinterpret pc=0x000001d0ac447ea4 method=java.util.concurrent.locks.AbstractQueuedSynchronizer.acquire(Ljava/util/concurrent/locks/AbstractQueuedSynchronizer$Node;IZZZJ)I @ 285 c2
Event: 1062.745 Thread 0x000001d0809dfff0 DEOPT PACKING pc=0x000001d0ac447ea4 sp=0x0000005e36efd230
Event: 1062.745 Thread 0x000001d0809dfff0 DEOPT UNPACKING pc=0x000001d0abae4422 sp=0x0000005e36efd208 mode 2
Event: 1063.022 Thread 0x000001d0fed2d1b0 DEOPT PACKING pc=0x000001d0a4d826db sp=0x0000005e356fe5d0
Event: 1063.022 Thread 0x000001d0fed2d1b0 DEOPT UNPACKING pc=0x000001d0abae4bc2 sp=0x0000005e356fda58 mode 0

Classes loaded (20 events):
Event: 1060.426 Loading class jdk/internal/reflect/Label
Event: 1060.430 Loading class jdk/internal/reflect/Label done
Event: 1060.430 Loading class jdk/internal/reflect/Label$PatchInfo
Event: 1060.430 Loading class jdk/internal/reflect/Label$PatchInfo done
Event: 1060.431 Loading class jdk/internal/reflect/MethodAccessorGenerator$1
Event: 1060.433 Loading class jdk/internal/reflect/MethodAccessorGenerator$1 done
Event: 1060.433 Loading class jdk/internal/reflect/ClassDefiner
Event: 1060.439 Loading class jdk/internal/reflect/ClassDefiner done
Event: 1060.440 Loading class jdk/internal/reflect/ClassDefiner$1
Event: 1060.440 Loading class jdk/internal/reflect/ClassDefiner$1 done
Event: 1060.442 Loading class jdk/internal/reflect/SerializationConstructorAccessorImpl
Event: 1060.442 Loading class jdk/internal/reflect/SerializationConstructorAccessorImpl done
Event: 1062.707 Loading class java/nio/channels/Channels
Event: 1062.707 Loading class java/nio/channels/Channels done
Event: 1062.707 Loading class sun/nio/ch/Streams
Event: 1062.707 Loading class sun/nio/ch/Streams done
Event: 1062.708 Loading class sun/nio/ch/ChannelInputStream
Event: 1062.708 Loading class sun/nio/ch/ChannelInputStream done
Event: 1064.294 Loading class java/lang/foreign/MemorySegment
Event: 1064.296 Loading class java/lang/foreign/MemorySegment done

Classes unloaded (0 events):
No events

Classes redefined (0 events):
No events

Internal exceptions (20 events):
Event: 553.922 Thread 0x000001d0fed2be00 Exception <a 'java/lang/ClassNotFoundException'{0x00000000b1956aa8}: org/gradle/api/internal/artifacts/dsl/dependencies/DefaultDependencyHandler_DecoratedBeanInfo> (0x00000000b1956aa8) 
thrown [s\src\hotspot\share\classfile\systemDictionary.cpp, line 313]
Event: 553.925 Thread 0x000001d0fed2be00 Exception <a 'java/lang/ClassNotFoundException'{0x00000000b196aaf8}: org/gradle/api/internal/artifacts/dsl/dependencies/DefaultDependencyHandlerBeanInfo> (0x00000000b196aaf8) 
thrown [s\src\hotspot\share\classfile\systemDictionary.cpp, line 313]
Event: 553.931 Thread 0x000001d0fed2be00 Exception <a 'java/lang/ClassNotFoundException'{0x00000000b197eb08}: org/gradle/api/internal/artifacts/dsl/dependencies/DefaultDependencyHandlerCustomizer> (0x00000000b197eb08) 
thrown [s\src\hotspot\share\classfile\systemDictionary.cpp, line 313]
Event: 553.944 Thread 0x000001d0fed2be00 Exception <a 'java/lang/ClassNotFoundException'{0x00000000b19d6310}: org/gradle/api/internal/artifacts/dsl/dependencies/DefaultDependencyHandler_DecoratedCustomizer> (0x00000000b19d6310) 
thrown [s\src\hotspot\share\classfile\systemDictionary.cpp, line 313]
Event: 554.033 Thread 0x000001d0fed2be00 Exception <a 'java/lang/NoSuchMethodError'{0x00000000b17f0da0}: 'java.lang.Object java.lang.invoke.DirectMethodHandle$Holder.newInvokeSpecial(java.lang.Object, int, java.lang.Object)'> (0x00000000b17f0da0) 
thrown [s\src\hotspot\share\interpreter\linkResolver.cpp, line 773]
Event: 554.381 Thread 0x000001d0fed2be00 Exception <a 'java/lang/NoSuchMethodError'{0x00000000a3d30630}: 'java.lang.Object java.lang.invoke.DirectMethodHandle$Holder.newInvokeSpecial(java.lang.Object, java.lang.Object, java.lang.Object, int)'> (0x00000000a3d30630) 
thrown [s\src\hotspot\share\interpreter\linkResolver.cpp, line 773]
Event: 554.381 Thread 0x000001d0fed2be00 Exception <a 'java/lang/NoSuchMethodError'{0x00000000a3d34c50}: 'java.lang.Object java.lang.invoke.Invokers$Holder.linkToTargetMethod(java.lang.Object, java.lang.Object, int, java.lang.Object)'> (0x00000000a3d34c50) 
thrown [s\src\hotspot\share\interpreter\linkResolver.cpp, line 773]
Event: 554.548 Thread 0x000001d0fed2be00 Exception <a 'java/lang/NoSuchMethodError'{0x00000000a3bfec48}: 'java.lang.Object java.lang.invoke.DirectMethodHandle$Holder.invokeSpecial(java.lang.Object, java.lang.Object, long, java.lang.Object, java.lang.Object)'> (0x00000000a3bfec48) 
thrown [s\src\hotspot\share\interpreter\linkResolver.cpp, line 773]
Event: 554.585 Thread 0x000001d0fed2be00 Exception <a 'java/lang/NoSuchMethodError'{0x00000000a3ad77e8}: 'java.lang.Object java.lang.invoke.DirectMethodHandle$Holder.newInvokeSpecial(java.lang.Object, java.lang.Object, java.lang.Object, int, java.lang.Object)'> (0x00000000a3ad77e8) 
thrown [s\src\hotspot\share\interpreter\linkResolver.cpp, line 773]
Event: 554.586 Thread 0x000001d0fed2be00 Exception <a 'java/lang/NoSuchMethodError'{0x00000000a3adbf20}: 'java.lang.Object java.lang.invoke.Invokers$Holder.linkToTargetMethod(java.lang.Object, java.lang.Object, int, java.lang.Object, java.lang.Object)'> (0x00000000a3adbf20) 
thrown [s\src\hotspot\share\interpreter\linkResolver.cpp, line 773]
Event: 555.152 Thread 0x000001d0fed2be00 Exception <a 'java/lang/NoSuchMethodError'{0x00000000a35c14a0}: 'int java.lang.invoke.DirectMethodHandle$Holder.invokeSpecialIFC(java.lang.Object, java.lang.Object, java.lang.Object)'> (0x00000000a35c14a0) 
thrown [s\src\hotspot\share\interpreter\linkResolver.cpp, line 773]
Event: 867.302 Thread 0x000001d0fed2be00 Exception <a 'java/lang/NoSuchMethodError'{0x00000000b21d53c0}: 'java.lang.Object java.lang.invoke.DirectMethodHandle$Holder.newInvokeSpecial(java.lang.Object, java.lang.Object, long, java.lang.Object)'> (0x00000000b21d53c0) 
thrown [s\src\hotspot\share\interpreter\linkResolver.cpp, line 773]
Event: 867.311 Thread 0x000001d0fed2be00 Exception <a 'java/lang/NoSuchMethodError'{0x00000000b21da128}: 'java.lang.Object java.lang.invoke.DirectMethodHandle$Holder.invokeSpecial(java.lang.Object, java.lang.Object, java.lang.Object, long, java.lang.Object)'> (0x00000000b21da128) 
thrown [s\src\hotspot\share\interpreter\linkResolver.cpp, line 773]
Event: 867.312 Thread 0x000001d0fed2be00 Exception <a 'java/lang/NoSuchMethodError'{0x00000000b21de810}: 'java.lang.Object java.lang.invoke.Invokers$Holder.linkToTargetMethod(java.lang.Object, long, java.lang.Object, java.lang.Object)'> (0x00000000b21de810) 
thrown [s\src\hotspot\share\interpreter\linkResolver.cpp, line 773]
Event: 867.343 Thread 0x000001d0fed2be00 Exception <a 'java/lang/NoSuchMethodError'{0x00000000b2006928}: 'void java.lang.invoke.DirectMethodHandle$Holder.invokeStatic(java.lang.Object, java.lang.Object, java.lang.Object, int, java.lang.Object)'> (0x00000000b2006928) 
thrown [s\src\hotspot\share\interpreter\linkResolver.cpp, line 773]
Event: 867.448 Thread 0x000001d0fed2be00 Exception <a 'java/lang/NoSuchMethodError'{0x00000000b1f3b7a0}: 'int java.lang.invoke.DirectMethodHandle$Holder.invokeInterface(java.lang.Object, java.lang.Object, java.lang.Object, java.lang.Object, java.lang.Object)'> (0x00000000b1f3b7a0) 
thrown [s\src\hotspot\share\interpreter\linkResolver.cpp, line 773]
Event: 1001.722 Thread 0x000001d0809da410 Implicit null exception at 0x000001d0ac41d740 to 0x000001d0ac41d7b5
Event: 1060.466 Thread 0x000001d0fed2be00 Exception <a 'java/lang/NoSuchMethodError'{0x00000000b7f4ff30}: 'java.lang.Object java.lang.invoke.DirectMethodHandle$Holder.newInvokeSpecial(java.lang.Object, java.lang.Object, java.lang.Object, java.lang.Object, int, java.lang.Object)'> (0x00000000b7f4ff30) 
thrown [s\src\hotspot\share\interpreter\linkResolver.cpp, line 773]
Event: 1060.467 Thread 0x000001d0fed2be00 Exception <a 'java/lang/NoSuchMethodError'{0x00000000b7f58510}: 'java.lang.Object java.lang.invoke.Invokers$Holder.linkToTargetMethod(java.lang.Object, java.lang.Object, java.lang.Object, int, java.lang.Object, java.lang.Object)'> (0x00000000b7f58510) 
thrown [s\src\hotspot\share\interpreter\linkResolver.cpp, line 773]
Event: 1064.272 Thread 0x000001d0fed2be00 Exception <a 'java/lang/NoSuchMethodError'{0x00000000b1f69da0}: 'java.lang.Object java.lang.invoke.DirectMethodHandle$Holder.invokeSpecialIFC(java.lang.Object, java.lang.Object, java.lang.Object)'> (0x00000000b1f69da0) 
thrown [s\src\hotspot\share\interpreter\linkResolver.cpp, line 773]

ZGC Phase Switch (0 events):
No events

VM Operations (20 events):
Event: 1063.472 Executing safepoint VM operation: Cleanup
Event: 1063.473 Executing safepoint VM operation: Cleanup done
Event: 1063.548 Executing safepoint VM operation: G1CollectForAllocation (G1 Evacuation Pause)
Event: 1063.559 Executing safepoint VM operation: G1CollectForAllocation (G1 Evacuation Pause) done
Event: 1063.633 Executing safepoint VM operation: G1PauseRemark
Event: 1063.644 Executing safepoint VM operation: G1PauseRemark done
Event: 1063.670 Executing safepoint VM operation: G1PauseCleanup
Event: 1063.670 Executing safepoint VM operation: G1PauseCleanup done
Event: 1064.678 Executing safepoint VM operation: Cleanup
Event: 1064.678 Executing safepoint VM operation: Cleanup done
Event: 1066.681 Executing safepoint VM operation: Cleanup
Event: 1066.681 Executing safepoint VM operation: Cleanup done
Event: 1076.747 Executing safepoint VM operation: Cleanup
Event: 1076.747 Executing safepoint VM operation: Cleanup done
Event: 1083.381 Executing non-safepoint VM operation: HandshakeAllThreads (HandshakeForDeflation)
Event: 1083.381 Executing non-safepoint VM operation: HandshakeAllThreads (HandshakeForDeflation) done
Event: 1083.424 Executing non-safepoint VM operation: RendezvousGCThreads
Event: 1083.424 Executing non-safepoint VM operation: RendezvousGCThreads done
Event: 1087.439 Executing safepoint VM operation: Cleanup
Event: 1087.439 Executing safepoint VM operation: Cleanup done

Memory protections (0 events):
No events

Nmethod flushes (20 events):
Event: 1063.643 Thread 0x000001d0b812af70 flushing  nmethod 0x000001d0a5005b90
Event: 1063.643 Thread 0x000001d0b812af70 flushing  nmethod 0x000001d0a5006010
Event: 1063.643 Thread 0x000001d0b812af70 flushing  nmethod 0x000001d0a5007810
Event: 1063.643 Thread 0x000001d0b812af70 flushing  nmethod 0x000001d0a5007e90
Event: 1063.643 Thread 0x000001d0b812af70 flushing  nmethod 0x000001d0a46e5090
Event: 1063.643 Thread 0x000001d0b812af70 flushing  nmethod 0x000001d0a4742e10
Event: 1063.643 Thread 0x000001d0b812af70 flushing  nmethod 0x000001d0a4749990
Event: 1063.643 Thread 0x000001d0b812af70 flushing  nmethod 0x000001d0a49dae10
Event: 1063.643 Thread 0x000001d0b812af70 flushing  nmethod 0x000001d0a4a0ca10
Event: 1063.643 Thread 0x000001d0b812af70 flushing  nmethod 0x000001d0a4a0fd90
Event: 1063.643 Thread 0x000001d0b812af70 flushing  nmethod 0x000001d0a4a4e290
Event: 1063.643 Thread 0x000001d0b812af70 flushing  nmethod 0x000001d0a4a68b90
Event: 1063.643 Thread 0x000001d0b812af70 flushing  nmethod 0x000001d0a4aed690
Event: 1063.643 Thread 0x000001d0b812af70 flushing  nmethod 0x000001d0a4c26310
Event: 1063.643 Thread 0x000001d0b812af70 flushing  nmethod 0x000001d0a494c890
Event: 1063.643 Thread 0x000001d0b812af70 flushing  nmethod 0x000001d0a4958d90
Event: 1063.643 Thread 0x000001d0b812af70 flushing  nmethod 0x000001d0a4b67910
Event: 1063.643 Thread 0x000001d0b812af70 flushing  nmethod 0x000001d0a4b69410
Event: 1063.643 Thread 0x000001d0b812af70 flushing  nmethod 0x000001d0a4d4e890
Event: 1063.644 Thread 0x000001d0b812af70 flushing  nmethod 0x000001d0a4feb110

Events (20 events):
Event: 867.524 Thread 0x000001d0fed2be00 Thread added: 0x000001d0809dcb70
Event: 867.525 Thread 0x000001d0fed2be00 Thread added: 0x000001d0809db7c0
Event: 867.526 Thread 0x000001d0fed2be00 Thread added: 0x000001d0809da410
Event: 867.527 Thread 0x000001d0fed2be00 Thread added: 0x000001d0809dbe50
Event: 867.527 Thread 0x000001d0fed2be00 Thread added: 0x000001d0809d96f0
Event: 867.528 Thread 0x000001d0fed2be00 Thread added: 0x000001d0809df960
Event: 1060.624 Thread 0x000001d0fed2be00 Thread added: 0x000001d0809e0680
Event: 1060.663 Thread 0x000001d0fed2be00 Thread added: 0x000001d0809df2d0
Event: 1060.682 Thread 0x000001d0fed2be00 Thread added: 0x000001d0809dfff0
Event: 1060.704 Thread 0x000001d0fed2be00 Thread added: 0x000001d0809dd200
Event: 1060.716 Thread 0x000001d0fed2be00 Thread added: 0x000001d0809de5b0
Event: 1060.727 Thread 0x000001d0fed2be00 Thread added: 0x000001d0809e0d10
Event: 1060.746 Thread 0x000001d0fed2be00 Thread added: 0x000001d0809dd890
Event: 1064.274 Thread 0x000001d0fed2be00 Thread added: 0x000001d0809dec40
Event: 1064.276 Thread 0x000001d0fed2be00 Thread added: 0x000001d08101f110
Event: 1064.278 Thread 0x000001d0fed2be00 Thread added: 0x000001d0816ea5e0
Event: 1064.294 Thread 0x000001d0fed2be00 Thread added: 0x000001d0816e8ba0
Event: 1064.298 Thread 0x000001d0fed2be00 Thread added: 0x000001d0816eac70
Event: 1064.348 Thread 0x000001d0fed2be00 Thread added: 0x000001d0816eb300
Event: 1064.349 Thread 0x000001d0fed2be00 Thread added: 0x000001d0816eb990


Dynamic libraries:
0x00007ff73f560000 - 0x00007ff73f56e000 	C:\Users\Khaing\.vscode\extensions\redhat.java-1.56.0-win32-x64\jre\21.0.12.1-win32-x86_64\bin\java.exe
0x00007ffc138e0000 - 0x00007ffc13b47000 	C:\WINDOWS\SYSTEM32\ntdll.dll
0x00007ffc13060000 - 0x00007ffc1312b000 	C:\WINDOWS\System32\KERNEL32.DLL
0x00007ffc10ca0000 - 0x00007ffc110a2000 	C:\WINDOWS\System32\KERNELBASE.dll
0x00007ffc111e0000 - 0x00007ffc1132c000 	C:\WINDOWS\System32\ucrtbase.dll
0x00007ffbfe620000 - 0x00007ffbfe63e000 	C:\Users\Khaing\.vscode\extensions\redhat.java-1.56.0-win32-x64\jre\21.0.12.1-win32-x86_64\bin\VCRUNTIME140.dll
0x00007ffc07af0000 - 0x00007ffc07b08000 	C:\Users\Khaing\.vscode\extensions\redhat.java-1.56.0-win32-x64\jre\21.0.12.1-win32-x86_64\bin\jli.dll
0x00007ffc12230000 - 0x00007ffc123ff000 	C:\WINDOWS\System32\USER32.dll
0x00007ffc10bc0000 - 0x00007ffc10be7000 	C:\WINDOWS\System32\win32u.dll
0x00007ffc13030000 - 0x00007ffc1305b000 	C:\WINDOWS\System32\GDI32.dll
0x00007ffc110b0000 - 0x00007ffc111d9000 	C:\WINDOWS\System32\gdi32full.dll
0x00007ffc10bf0000 - 0x00007ffc10c93000 	C:\WINDOWS\System32\msvcp_win.dll
0x00007ffbf8a40000 - 0x00007ffbf8cd0000 	C:\WINDOWS\WinSxS\amd64_microsoft.windows.common-controls_6595b64144ccf1df_6.0.26100.9278_none_3e0d1ba8e3303201\COMCTL32.dll
0x00007ffc13430000 - 0x00007ffc134d9000 	C:\WINDOWS\System32\msvcrt.dll
0x00007ffc12dd0000 - 0x00007ffc12e01000 	C:\WINDOWS\System32\IMM32.DLL
0x00007ffc0b3e0000 - 0x00007ffc0b3ec000 	C:\Users\Khaing\.vscode\extensions\redhat.java-1.56.0-win32-x64\jre\21.0.12.1-win32-x86_64\bin\vcruntime140_1.dll
0x00007ffbfe590000 - 0x00007ffbfe61d000 	C:\Users\Khaing\.vscode\extensions\redhat.java-1.56.0-win32-x64\jre\21.0.12.1-win32-x86_64\bin\msvcp140.dll
0x00007ffb90bd0000 - 0x00007ffb91972000 	C:\Users\Khaing\.vscode\extensions\redhat.java-1.56.0-win32-x64\jre\21.0.12.1-win32-x86_64\bin\server\jvm.dll
0x00007ffc134e0000 - 0x00007ffc1359c000 	C:\WINDOWS\System32\ADVAPI32.dll
0x00007ffc11950000 - 0x00007ffc119f9000 	C:\WINDOWS\System32\sechost.dll
0x00007ffc11630000 - 0x00007ffc11748000 	C:\WINDOWS\System32\RPCRT4.dll
0x00007ffc11a00000 - 0x00007ffc11a80000 	C:\WINDOWS\System32\WS2_32.dll
0x00007ffc10990000 - 0x00007ffc109ee000 	C:\WINDOWS\SYSTEM32\POWRPROF.dll
0x00007ffbfe9c0000 - 0x00007ffbfe9f6000 	C:\WINDOWS\SYSTEM32\WINMM.dll
0x00007ffc075a0000 - 0x00007ffc075ab000 	C:\WINDOWS\SYSTEM32\VERSION.dll
0x00007ffc10970000 - 0x00007ffc10985000 	C:\WINDOWS\SYSTEM32\UMPDC.dll
0x00007ffc0f6c0000 - 0x00007ffc0f6db000 	C:\WINDOWS\SYSTEM32\kernel.appcore.dll
0x00007ffc07fc0000 - 0x00007ffc07fca000 	C:\Users\Khaing\.vscode\extensions\redhat.java-1.56.0-win32-x64\jre\21.0.12.1-win32-x86_64\bin\jimage.dll
0x00007ffc0df00000 - 0x00007ffc0e14c000 	C:\WINDOWS\SYSTEM32\DBGHELP.DLL
0x00007ffc125b0000 - 0x00007ffc12935000 	C:\WINDOWS\System32\combase.dll
0x00007ffc13160000 - 0x00007ffc13239000 	C:\WINDOWS\System32\OLEAUT32.dll
0x00007ffbfed90000 - 0x00007ffbfedcb000 	C:\WINDOWS\SYSTEM32\dbgcore.DLL
0x00007ffc113f0000 - 0x00007ffc1149c000 	C:\WINDOWS\System32\bcryptPrimitives.dll
0x00007ffc04680000 - 0x00007ffc0468f000 	C:\Users\Khaing\.vscode\extensions\redhat.java-1.56.0-win32-x64\jre\21.0.12.1-win32-x86_64\bin\instrument.dll
0x00007ffbfe540000 - 0x00007ffbfe560000 	C:\Users\Khaing\.vscode\extensions\redhat.java-1.56.0-win32-x64\jre\21.0.12.1-win32-x86_64\bin\java.dll
0x00007ffc11a90000 - 0x00007ffc12228000 	C:\WINDOWS\System32\SHELL32.dll
0x00007ffc0e260000 - 0x00007ffc0eb0e000 	C:\WINDOWS\SYSTEM32\windows.storage.dll
0x00007ffc135b0000 - 0x00007ffc136ab000 	C:\WINDOWS\System32\SHCORE.dll
0x00007ffc13830000 - 0x00007ffc13896000 	C:\WINDOWS\System32\shlwapi.dll
0x00007ffc10a50000 - 0x00007ffc10a79000 	C:\WINDOWS\SYSTEM32\profapi.dll
0x00007ffbfe350000 - 0x00007ffbfe368000 	C:\Users\Khaing\.vscode\extensions\redhat.java-1.56.0-win32-x64\jre\21.0.12.1-win32-x86_64\bin\zip.dll
0x00007ffc01a10000 - 0x00007ffc01a20000 	C:\Users\Khaing\.vscode\extensions\redhat.java-1.56.0-win32-x64\jre\21.0.12.1-win32-x86_64\bin\net.dll
0x00007ffc0f6e0000 - 0x00007ffc0f80a000 	C:\WINDOWS\SYSTEM32\WINHTTP.dll
0x00007ffc0fd60000 - 0x00007ffc0fdcc000 	C:\WINDOWS\system32\mswsock.dll
0x00007ffbfe330000 - 0x00007ffbfe346000 	C:\Users\Khaing\.vscode\extensions\redhat.java-1.56.0-win32-x64\jre\21.0.12.1-win32-x86_64\bin\nio.dll
0x00007ffbfe4f0000 - 0x00007ffbfe500000 	C:\Users\Khaing\.vscode\extensions\redhat.java-1.56.0-win32-x64\jre\21.0.12.1-win32-x86_64\bin\verify.dll
0x00007ffbe2300000 - 0x00007ffbe2327000 	C:\Users\Khaing\.gradle\native\1def1411415f61bf3af743bc5b6707747c0891f09f0c88961ee8f79bc544acac\windows-amd64\native-platform.dll
0x00007ffbea480000 - 0x00007ffbea4f8000 	C:\Users\Khaing\.gradle\native\0.2.7\x86_64-windows-gnu\gradle-fileevents.dll
0x00007ffc04720000 - 0x00007ffc0472a000 	C:\Users\Khaing\.vscode\extensions\redhat.java-1.56.0-win32-x64\jre\21.0.12.1-win32-x86_64\bin\management.dll
0x00007ffc046a0000 - 0x00007ffc046ac000 	C:\Users\Khaing\.vscode\extensions\redhat.java-1.56.0-win32-x64\jre\21.0.12.1-win32-x86_64\bin\management_ext.dll
0x00007ffc13810000 - 0x00007ffc13818000 	C:\WINDOWS\System32\PSAPI.DLL
0x00007ffc0ee70000 - 0x00007ffc0eea3000 	C:\WINDOWS\SYSTEM32\IPHLPAPI.DLL
0x00007ffc135a0000 - 0x00007ffc135aa000 	C:\WINDOWS\System32\NSI.dll
0x00007ffc0b420000 - 0x00007ffc0b429000 	C:\Users\Khaing\.vscode\extensions\redhat.java-1.56.0-win32-x64\jre\21.0.12.1-win32-x86_64\bin\extnet.dll
0x00007ffc10150000 - 0x00007ffc1016b000 	C:\WINDOWS\SYSTEM32\CRYPTSP.dll
0x00007ffc0f620000 - 0x00007ffc0f659000 	C:\WINDOWS\system32\rsaenh.dll
0x00007ffc0fe00000 - 0x00007ffc0fe34000 	C:\WINDOWS\SYSTEM32\USERENV.dll
0x00007ffc10a20000 - 0x00007ffc10a4a000 	C:\WINDOWS\SYSTEM32\bcrypt.dll
0x00007ffc0ffb0000 - 0x00007ffc0ffbc000 	C:\WINDOWS\SYSTEM32\CRYPTBASE.dll
0x00007ffc012c0000 - 0x00007ffc012ce000 	C:\Users\Khaing\.vscode\extensions\redhat.java-1.56.0-win32-x64\jre\21.0.12.1-win32-x86_64\bin\sunmscapi.dll
0x00007ffc114a0000 - 0x00007ffc1161e000 	C:\WINDOWS\System32\CRYPT32.dll
0x00007ffc102f0000 - 0x00007ffc10320000 	C:\WINDOWS\SYSTEM32\ncrypt.dll
0x00007ffc102a0000 - 0x00007ffc102df000 	C:\WINDOWS\SYSTEM32\NTASN1.dll
0x00007ffbec0f0000 - 0x00007ffbec0f8000 	C:\WINDOWS\system32\wshunix.dll

JVMTI agents:
C:\Users\Khaing\.gradle\wrapper\dists\gradle-8.14.3-all\10utluxaxniiv4wxiphsi49nj\gradle-8.14.3\lib\agents\gradle-instrumentation-agent-8.14.3.jar path:C:\Users\Khaing\.vscode\extensions\redhat.java-1.56.0-win32-x64\jre\21.0.12.1-win32-x86_64\bin\instrument.dll, loaded, initialized, instrumentlib options:none

dbghelp: loaded successfully - version: 4.0.5 - missing functions: none
symbol engine: initialized successfully - sym options: 0x614 - pdb path: .;C:\Users\Khaing\.vscode\extensions\redhat.java-1.56.0-win32-x64\jre\21.0.12.1-win32-x86_64\bin;C:\WINDOWS\SYSTEM32;C:\WINDOWS\WinSxS\amd64_microsoft.windows.common-controls_6595b64144ccf1df_6.0.26100.9278_none_3e0d1ba8e3303201;C:\Users\Khaing\.vscode\extensions\redhat.java-1.56.0-win32-x64\jre\21.0.12.1-win32-x86_64\bin\server;C:\Users\Khaing\.gradle\native\1def1411415f61bf3af743bc5b6707747c0891f09f0c88961ee8f79bc544acac\windows-amd64;C:\Users\Khaing\.gradle\native\0.2.7\x86_64-windows-gnu

VM Arguments:
jvm_args: --add-opens=java.base/java.lang=ALL-UNNAMED --add-opens=java.base/java.lang.invoke=ALL-UNNAMED --add-opens=java.base/java.util=ALL-UNNAMED --add-opens=java.prefs/java.util.prefs=ALL-UNNAMED --add-exports=jdk.compiler/com.sun.tools.javac.api=ALL-UNNAMED --add-exports=jdk.compiler/com.sun.tools.javac.util=ALL-UNNAMED --add-opens=java.base/java.util=ALL-UNNAMED --add-opens=java.prefs/java.util.prefs=ALL-UNNAMED --add-opens=java.base/java.nio.charset=ALL-UNNAMED --add-opens=java.base/java.net=ALL-UNNAMED --add-opens=java.base/java.util.concurrent.atomic=ALL-UNNAMED --add-opens=java.xml/javax.xml.namespace=ALL-UNNAMED -Xmx1536m -Dfile.encoding=UTF-8 -Duser.country=US -Duser.language=en -Duser.variant -javaagent:C:\Users\Khaing\.gradle\wrapper\dists\gradle-8.14.3-all\10utluxaxniiv4wxiphsi49nj\gradle-8.14.3\lib\agents\gradle-instrumentation-agent-8.14.3.jar 
java_command: org.gradle.launcher.daemon.bootstrap.GradleDaemon 8.14.3
java_class_path (initial): C:\Users\Khaing\.gradle\wrapper\dists\gradle-8.14.3-all\10utluxaxniiv4wxiphsi49nj\gradle-8.14.3\lib\gradle-daemon-main-8.14.3.jar
Launcher Type: SUN_STANDARD

[Global flags]
     intx CICompilerCount                          = 4                                         {product} {ergonomic}
     uint ConcGCThreads                            = 2                                         {product} {ergonomic}
     uint G1ConcRefinementThreads                  = 8                                         {product} {ergonomic}
   size_t G1HeapRegionSize                         = 1048576                                   {product} {ergonomic}
    uintx GCDrainStackTargetSize                   = 64                                        {product} {ergonomic}
   size_t InitialHeapSize                          = 402653184                                 {product} {ergonomic}
   size_t MarkStackSize                            = 4194304                                   {product} {ergonomic}
   size_t MaxHeapSize                              = 1610612736                                {product} {command line}
   size_t MaxNewSize                               = 965738496                                 {product} {ergonomic}
   size_t MinHeapDeltaBytes                        = 1048576                                   {product} {ergonomic}
   size_t MinHeapSize                              = 8388608                                   {product} {ergonomic}
    uintx NonNMethodCodeHeapSize                   = 5839372                                {pd product} {ergonomic}
    uintx NonProfiledCodeHeapSize                  = 122909434                              {pd product} {ergonomic}
    uintx ProfiledCodeHeapSize                     = 122909434                              {pd product} {ergonomic}
    uintx ReservedCodeCacheSize                    = 251658240                              {pd product} {ergonomic}
     bool SegmentedCodeCache                       = true                                      {product} {ergonomic}
   size_t SoftMaxHeapSize                          = 1610612736                             {manageable} {ergonomic}
     bool UseCompressedOops                        = true                           {product lp64_product} {ergonomic}
     bool UseG1GC                                  = true                                      {product} {ergonomic}
     bool UseLargePagesIndividualAllocation        = false                                  {pd product} {ergonomic}

Logging:
Log output configuration:
 #0: stdout all=warning uptime,level,tags foldmultilines=false
 #1: stderr all=off uptime,level,tags foldmultilines=false

Release file:
JAVA_VERSION="21.0.12.1" 
MODULES="java.base java.compiler java.datatransfer java.xml java.prefs java.desktop java.instrument java.logging java.management java.security.sasl java.naming java.rmi java.management.rmi java.net.http java.scripting java.security.jgss java.transaction.xa java.sql java.sql.rowset java.xml.crypto java.se java.smartcardio jdk.accessibility jdk.internal.jvmstat jdk.attach jdk.charsets jdk.internal.opt jdk.zipfs jdk.compiler jdk.crypto.ec jdk.crypto.cryptoki jdk.crypto.mscapi jdk.dynalink jdk.internal.ed jdk.editpad jdk.hotspot.agent jdk.httpserver jdk.internal.le jdk.internal.vm.ci jdk.internal.vm.compiler jdk.internal.vm.compiler.management jdk.jartool jdk.javadoc jdk.jcmd jdk.management jdk.management.agent jdk.jconsole jdk.jdeps jdk.jdwp.agent jdk.jdi jdk.jfr jdk.jshell jdk.jsobject jdk.jstatd jdk.localedata jdk.management.jfr jdk.naming.dns jdk.naming.rmi jdk.net jdk.nio.mapmode jdk.random jdk.sctp jdk.security.auth jdk.security.jgss jdk.unsupported jdk.unsupported.desktop jdk.xml.dom" 

Environment Variables:
JAVA_HOME=C:\Program Files\Java\jdk-21.0.10
PATH=C:\Python314\Scripts\;C:\Python314\;C:\Program Files\Common Files\Oracle\Java\javapath;C:\WINDOWS\system32;C:\WINDOWS;C:\WINDOWS\System32\Wbem;C:\WINDOWS\System32\WindowsPowerShell\v1.0\;C:\WINDOWS\System32\OpenSSH\;C:\Program Files\nodejs\;C:\ProgramData\chocolatey\bin;C:\Users\Khaing\Downloads\maven-mvnd-1.0.3-windows-amd64\maven-mvnd-1.0.3-windows-amd64\bin;C:\Program Files\Git\cmd;C:\Users\Khaing\Downloads\gradle-9.3.0-all\gradle-9.3.0\bin;;C:\ProgramData\chocolatey\lib\maven\apache-maven-3.9.15\bin;C:\Program Files\Cloudflare\Cloudflare WARP\;C:\Program Files\GitHub CLI\;C:\WINDOWS\system32;C:\WINDOWS;C:\WINDOWS\System32\Wbem;C:\WINDOWS\System32\WindowsPowerShell\v1.0\;C:\WINDOWS\System32\OpenSSH\;C:\Program Files\Docker\Docker\resources\bin;C:\Users\Khaing\AppData\Local\Microsoft\WindowsApps;C:\Users\Khaing\AppData\Roaming\npm;C:\Users\Khaing\AppData\Local\Programs\Microsoft VS Code\bin;C:\Android\Sdk\platform-tools;C:\Android\Sdk\cmdline-tools\latest\bin;C:\Users\Khaing\AppData\Local\Pandoc\;%USERPROFILE%\AppData\Local\Microsoft\WindowsApps;
USERNAME=Khaing
OS=Windows_NT
PROCESSOR_IDENTIFIER=Intel64 Family 6 Model 142 Stepping 12, GenuineIntel
TMP=C:\Users\Khaing\AppData\Local\Temp
TEMP=C:\Users\Khaing\AppData\Local\Temp




Periodic native trim disabled

---------------  S Y S T E M  ---------------

OS:
 Windows 11 , 64 bit Build 26100 (10.0.26100.9444)
OS uptime: 0 days 3:57 hours
Hyper-V role detected

CPU: total 8 (initial active 8) (4 cores per cpu, 2 threads per core) family 6 model 142 stepping 12 microcode 0xde, cx8, cmov, fxsr, ht, mmx, 3dnowpref, sse, sse2, sse3, ssse3, sse4.1, sse4.2, popcnt, lzcnt, tsc, tscinvbit, avx, avx2, aes, erms, clmul, bmi1, bmi2, adx, fma, vzeroupper, clflush, clflushopt, hv, rdtscp, f16c
Processor Information for the first 8 processors :
  Max Mhz: 1800, Current Mhz: 1600, Mhz Limit: 1584

Memory: 4k page, system-wide physical 24467M (274M free)
TotalPageFile size 51716M (AvailPageFile size 0M)
current process WorkingSet (physical memory assigned to process): 178M, peak: 220M
current process commit charge ("private bytes"): 292M, peak: 549M

vm_info: OpenJDK 64-Bit Server VM (21.0.12.1+1-LTS) for windows-amd64 JRE (21.0.12.1+1-LTS), built on 2026-08-18T00:00:00Z by "admin" with MS VC++ 17.12 (VS2022)

END.
