#
# There is insufficient memory for the Java Runtime Environment to continue.
# Native memory allocation (malloc) failed to allocate 1594256 bytes. Error detail: Chunk::new
# Possible reasons:
#   The system is out of physical RAM or swap space
#   This process is running with CompressedOops enabled, and the Java Heap may be blocking the growth of the native heap
# Possible solutions:
#   Reduce memory load on the system
#   Increase physical memory or swap space
#   Check if swap backing store is full
#   Decrease Java heap size (-Xmx/-Xms)
#   Decrease number of Java threads
#   Decrease Java thread stack sizes (-Xss)
#   Set larger code cache with -XX:ReservedCodeCacheSize=
#   JVM is running with Unscaled Compressed Oops mode in which the Java heap is
#     placed in the first 4GB address space. The Java Heap base address is the
#     maximum limit for the native heap growth. Please use -XX:HeapBaseMinAddress
#     to set the Java Heap base and to place the Java Heap above 4GB virtual address.
# This output file may be truncated or incomplete.
#
#  Out of Memory Error (arena.cpp:168), pid=45956, tid=45332
#
# JRE version: OpenJDK Runtime Environment Temurin-21.0.12.1+1 (21.0.12.1+1) (build 21.0.12.1+1-LTS)
# Java VM: OpenJDK 64-Bit Server VM Temurin-21.0.12.1+1 (21.0.12.1+1-LTS, mixed mode, sharing, tiered, compressed oops, compressed class ptrs, g1 gc, windows-amd64)
# No core dump will be written. Minidumps are not enabled by default on client versions of Windows
#

---------------  S U M M A R Y ------------

Command Line: --add-opens=java.base/java.lang=ALL-UNNAMED --add-opens=java.base/java.lang.invoke=ALL-UNNAMED --add-opens=java.base/java.util=ALL-UNNAMED --add-opens=java.prefs/java.util.prefs=ALL-UNNAMED --add-exports=jdk.compiler/com.sun.tools.javac.api=ALL-UNNAMED --add-exports=jdk.compiler/com.sun.tools.javac.util=ALL-UNNAMED --add-opens=java.base/java.util=ALL-UNNAMED --add-opens=java.prefs/java.util.prefs=ALL-UNNAMED --add-opens=java.base/java.nio.charset=ALL-UNNAMED --add-opens=java.base/java.net=ALL-UNNAMED --add-opens=java.base/java.util.concurrent.atomic=ALL-UNNAMED --add-opens=java.xml/javax.xml.namespace=ALL-UNNAMED -Xmx1536m -Dfile.encoding=UTF-8 -Duser.country=US -Duser.language=en -Duser.variant -javaagent:C:\Users\Khaing\.gradle\wrapper\dists\gradle-8.14.3-all\10utluxaxniiv4wxiphsi49nj\gradle-8.14.3\lib\agents\gradle-instrumentation-agent-8.14.3.jar org.gradle.launcher.daemon.bootstrap.GradleDaemon 8.14.3

Host: Intel(R) Core(TM) i5-8265U CPU @ 1.60GHz, 8 cores, 23G,  Windows 11 , 64 bit Build 26100 (10.0.26100.9444)
Time: Mon Sep 21 12:13:50 2026 Myanmar Standard Time elapsed time: 2367.664030 seconds (0d 0h 39m 27s)

---------------  T H R E A D  ---------------

Current thread (0x0000021771cbae00):  JavaThread "C2 CompilerThread0" daemon [_thread_in_native, id=45332, stack(0x0000004ac3800000,0x0000004ac3900000) (1024K)]


Current CompileTask:
C2:2367664 14107       4       org.gradle.api.internal.artifacts.transform.DefaultTransformInvocationFactory::createInvocation (273 bytes)

Stack: [0x0000004ac3800000,0x0000004ac3900000]
Native frames: (J=compiled Java code, j=interpreted, Vv=VM code, C=native code)
V  [jvm.dll+0x6d83e9]
V  [jvm.dll+0x8b5736]
V  [jvm.dll+0x8b7cee]
V  [jvm.dll+0x8b83d3]
V  [jvm.dll+0x284596]
V  [jvm.dll+0xc685d]
V  [jvm.dll+0xc6da1]
V  [jvm.dll+0x3bf151]
V  [jvm.dll+0x38b6d2]
V  [jvm.dll+0x38ab1a]
V  [jvm.dll+0x24c700]
V  [jvm.dll+0x24bce0]
V  [jvm.dll+0x1cb4ae]
V  [jvm.dll+0x25baad]
V  [jvm.dll+0x25a03a]
V  [jvm.dll+0x3f8aae]
V  [jvm.dll+0x8600cd]
V  [jvm.dll+0x6d6c1d]
C  [ucrtbase.dll+0x2cd30]
C  [KERNEL32.DLL+0x2cd87]
C  [ntdll.dll+0xacaec]


---------------  P R O C E S S  ---------------

Threads class SMR info:
_java_thread_list=0x0000021778b91790, length=71, elements={
0x000002175ae310f0, 0x0000021771ca76b0, 0x0000021771ca8f30, 0x0000021771caf4c0,
0x0000021771cafdb0, 0x0000021771cb3790, 0x0000021771cb8bb0, 0x0000021771cbae00,
0x0000021771cbf2f0, 0x0000021771e95dc0, 0x0000021771f7e0b0, 0x0000021776d73ed0,
0x000002177733d410, 0x00000217769713f0, 0x00000217773b5610, 0x00000217773f3b00,
0x00000217773f5bd0, 0x00000217773f4eb0, 0x00000217773f2750, 0x0000021779504480,
0x0000021779505ec0, 0x0000021779504b10, 0x0000021779503760, 0x0000021779503df0,
0x0000021779506be0, 0x0000021779507900, 0x0000021779508620, 0x0000021779507270,
0x000002177b53a630, 0x00000217788f76e0, 0x00000217788f9120, 0x0000021779d1e200,
0x0000021779f9e400, 0x0000021779f9f7b0, 0x0000021779f9d050, 0x0000021779f9f120,
0x0000021779f9fe40, 0x0000021779fa0b60, 0x0000021779f9d6e0, 0x0000021779fa11f0,
0x0000021779f9dd70, 0x0000021779fa3fe0, 0x000002177b539280, 0x000002177b53acc0,
0x000002177b538560, 0x000002177b53dab0, 0x000002177b53e140, 0x000002177b53b350,
0x000002177b53e7d0, 0x00000217788f6330, 0x00000217788f2eb0, 0x00000217788f4f80,
0x00000217788f69c0, 0x00000217788f3540, 0x00000217788f7050, 0x00000217788f3bd0,
0x00000217788f7d70, 0x00000217788f8400, 0x00000217788f8a90, 0x0000021779d199d0,
0x0000021779d19340, 0x0000021779d18cb0, 0x0000021779d1a060, 0x0000021779d17270,
0x0000021779d1a6f0, 0x0000021779d1ad80, 0x0000021779d17900, 0x0000021779d1b410,
0x0000021779d17f90, 0x0000021779d1baa0, 0x0000021779d18620
}

Java Threads: ( => current thread )
  0x000002175ae310f0 JavaThread "main"                              [_thread_blocked, id=34504, stack(0x0000004ac2a00000,0x0000004ac2b00000) (1024K)]
  0x0000021771ca76b0 JavaThread "Reference Handler"          daemon [_thread_blocked, id=9292, stack(0x0000004ac3200000,0x0000004ac3300000) (1024K)]
  0x0000021771ca8f30 JavaThread "Finalizer"                  daemon [_thread_blocked, id=43860, stack(0x0000004ac3300000,0x0000004ac3400000) (1024K)]
  0x0000021771caf4c0 JavaThread "Signal Dispatcher"          daemon [_thread_blocked, id=29204, stack(0x0000004ac3400000,0x0000004ac3500000) (1024K)]
  0x0000021771cafdb0 JavaThread "Attach Listener"            daemon [_thread_blocked, id=17320, stack(0x0000004ac3500000,0x0000004ac3600000) (1024K)]
  0x0000021771cb3790 JavaThread "Service Thread"             daemon [_thread_blocked, id=28860, stack(0x0000004ac3600000,0x0000004ac3700000) (1024K)]
  0x0000021771cb8bb0 JavaThread "Monitor Deflation Thread"   daemon [_thread_blocked, id=43864, stack(0x0000004ac3700000,0x0000004ac3800000) (1024K)]
=>0x0000021771cbae00 JavaThread "C2 CompilerThread0"         daemon [_thread_in_native, id=45332, stack(0x0000004ac3800000,0x0000004ac3900000) (1024K)]
  0x0000021771cbf2f0 JavaThread "C1 CompilerThread0"         daemon [_thread_blocked, id=20528, stack(0x0000004ac3900000,0x0000004ac3a00000) (1024K)]
  0x0000021771e95dc0 JavaThread "Common-Cleaner"             daemon [_thread_blocked, id=29000, stack(0x0000004ac3a00000,0x0000004ac3b00000) (1024K)]
  0x0000021771f7e0b0 JavaThread "Notification Thread"        daemon [_thread_blocked, id=34508, stack(0x0000004ac3b00000,0x0000004ac3c00000) (1024K)]
  0x0000021776d73ed0 JavaThread "Daemon health stats"               [_thread_blocked, id=17412, stack(0x0000004ac4300000,0x0000004ac4400000) (1024K)]
  0x000002177733d410 JavaThread "Incoming local TCP Connector on port 65435"        [_thread_in_native, id=44980, stack(0x0000004ac2800000,0x0000004ac2900000) (1024K)]
  0x00000217769713f0 JavaThread "Daemon periodic checks"            [_thread_blocked, id=27692, stack(0x0000004ac2900000,0x0000004ac2a00000) (1024K)]
  0x00000217773b5610 JavaThread "Daemon"                            [_thread_blocked, id=45856, stack(0x0000004ac4500000,0x0000004ac4600000) (1024K)]
  0x00000217773f3b00 JavaThread "Daemon worker"                     [_thread_in_Java, id=28188, stack(0x0000004ac4800000,0x0000004ac4900000) (1024K)]
  0x00000217773f5bd0 JavaThread "Cache worker for journal cache (C:\Users\Khaing\.gradle\caches\journal-1)"        [_thread_blocked, id=22236, stack(0x0000004ac4c00000,0x0000004ac4d00000) (1024K)]
  0x00000217773f4eb0 JavaThread "File lock request listener"        [_thread_in_native, id=23908, stack(0x0000004ac4d00000,0x0000004ac4e00000) (1024K)]
  0x00000217773f2750 JavaThread "Cache worker for file hash cache (C:\Users\Khaing\.gradle\caches\8.14.3\fileHashes)"        [_thread_blocked, id=46240, stack(0x0000004ac4f00000,0x0000004ac5000000) (1024K)]
  0x0000021779504480 JavaThread "File watcher server"        daemon [_thread_in_native, id=25180, stack(0x0000004ac5200000,0x0000004ac5300000) (1024K)]
  0x0000021779505ec0 JavaThread "File watcher consumer"      daemon [_thread_blocked, id=21284, stack(0x0000004ac5400000,0x0000004ac5500000) (1024K)]
  0x0000021779504b10 JavaThread "jar transforms"                    [_thread_blocked, id=31872, stack(0x0000004ac5500000,0x0000004ac5600000) (1024K)]
  0x0000021779503760 JavaThread "jar transforms Thread 2"           [_thread_blocked, id=48504, stack(0x0000004ac5600000,0x0000004ac5700000) (1024K)]
  0x0000021779503df0 JavaThread "Cache worker for file content cache (C:\Users\Khaing\.gradle\caches\8.14.3\fileContent)"        [_thread_blocked, id=41600, stack(0x0000004ac5700000,0x0000004ac5800000) (1024K)]
  0x0000021779506be0 JavaThread "jar transforms Thread 3"           [_thread_blocked, id=46208, stack(0x0000004ac5900000,0x0000004ac5a00000) (1024K)]
  0x0000021779507900 JavaThread "jar transforms Thread 4"           [_thread_blocked, id=39360, stack(0x0000004ac5a00000,0x0000004ac5b00000) (1024K)]
  0x0000021779508620 JavaThread "jar transforms Thread 5"           [_thread_blocked, id=12908, stack(0x0000004ac5b00000,0x0000004ac5c00000) (1024K)]
  0x0000021779507270 JavaThread "jar transforms Thread 6"           [_thread_blocked, id=45160, stack(0x0000004ac5c00000,0x0000004ac5d00000) (1024K)]
  0x000002177b53a630 JavaThread "jar transforms Thread 7"           [_thread_blocked, id=43784, stack(0x0000004ac5d00000,0x0000004ac5e00000) (1024K)]
  0x00000217788f76e0 JavaThread "jar transforms Thread 8"           [_thread_blocked, id=29220, stack(0x0000004ac7300000,0x0000004ac7400000) (1024K)]
  0x00000217788f9120 JavaThread "Memory manager"                    [_thread_blocked, id=41980, stack(0x0000004ac7500000,0x0000004ac7600000) (1024K)]
  0x0000021779d1e200 JavaThread "File lock release action executor Thread 7"        [_thread_blocked, id=15096, stack(0x0000004ac4e00000,0x0000004ac4f00000) (1024K)]
  0x0000021779f9e400 JavaThread "Handler for socket connection from /127.0.0.1:65435 to /127.0.0.1:49917"        [_thread_in_native, id=39008, stack(0x0000004ac4400000,0x0000004ac4500000) (1024K)]
  0x0000021779f9f7b0 JavaThread "Cancel handler"                    [_thread_blocked, id=35616, stack(0x0000004ac4600000,0x0000004ac4700000) (1024K)]
  0x0000021779f9d050 JavaThread "Asynchronous log dispatcher for DefaultDaemonConnection: socket connection from /127.0.0.1:65435 to /127.0.0.1:49917"        [_thread_blocked, id=36368, stack(0x0000004ac4700000,0x0000004ac4800000) (1024K)]
  0x0000021779f9f120 JavaThread "Stdin handler"                     [_thread_blocked, id=43924, stack(0x0000004ac4900000,0x0000004ac4a00000) (1024K)]
  0x0000021779f9fe40 JavaThread "Daemon client event forwarder"        [_thread_blocked, id=37048, stack(0x0000004ac4a00000,0x0000004ac4b00000) (1024K)]
  0x0000021779fa0b60 JavaThread "Cache worker for file hash cache (C:\Users\Khaing\Projects\MyLittleKayv\android\.gradle\8.14.3\fileHashes)"        [_thread_blocked, id=48224, stack(0x0000004ac4b00000,0x0000004ac4c00000) (1024K)]
  0x0000021779f9d6e0 JavaThread "Cache worker for Build Output Cleanup Cache (C:\Users\Khaing\Projects\MyLittleKayv\android\.gradle\buildOutputCleanup)"        [_thread_blocked, id=49040, stack(0x0000004ac5100000,0x0000004ac5200000) (1024K)]
  0x0000021779fa11f0 JavaThread "Cache worker for checksums cache (C:\Users\Khaing\Projects\MyLittleKayv\android\.gradle\8.14.3\checksums)"        [_thread_blocked, id=14120, stack(0x0000004ac5300000,0x0000004ac5400000) (1024K)]
  0x0000021779f9dd70 JavaThread "Cache worker for cache directory md-supplier (C:\Users\Khaing\.gradle\caches\8.14.3\md-supplier)"        [_thread_blocked, id=38380, stack(0x0000004ac5800000,0x0000004ac5900000) (1024K)]
  0x0000021779fa3fe0 JavaThread "Cache worker for cache directory md-rule (C:\Users\Khaing\.gradle\caches\8.14.3\md-rule)"        [_thread_blocked, id=29524, stack(0x0000004ac5e00000,0x0000004ac5f00000) (1024K)]
  0x000002177b539280 JavaThread "Unconstrained build operations"        [_thread_blocked, id=29560, stack(0x0000004ac2700000,0x0000004ac2800000) (1024K)]
  0x000002177b53acc0 JavaThread "Unconstrained build operations Thread 2"        [_thread_blocked, id=16280, stack(0x0000004ac5f00000,0x0000004ac6000000) (1024K)]
  0x000002177b538560 JavaThread "Unconstrained build operations Thread 3"        [_thread_blocked, id=29852, stack(0x0000004ac6000000,0x0000004ac6100000) (1024K)]
  0x000002177b53dab0 JavaThread "Unconstrained build operations Thread 4"        [_thread_blocked, id=2760, stack(0x0000004ac6100000,0x0000004ac6200000) (1024K)]
  0x000002177b53e140 JavaThread "Unconstrained build operations Thread 5"        [_thread_blocked, id=18400, stack(0x0000004ac6200000,0x0000004ac6300000) (1024K)]
  0x000002177b53b350 JavaThread "Unconstrained build operations Thread 6"        [_thread_blocked, id=20040, stack(0x0000004ac6300000,0x0000004ac6400000) (1024K)]
  0x000002177b53e7d0 JavaThread "Unconstrained build operations Thread 7"        [_thread_blocked, id=30472, stack(0x0000004ac6400000,0x0000004ac6500000) (1024K)]
  0x00000217788f6330 JavaThread "Unconstrained build operations Thread 8"        [_thread_blocked, id=27372, stack(0x0000004ac6500000,0x0000004ac6600000) (1024K)]
  0x00000217788f2eb0 JavaThread "Unconstrained build operations Thread 9"        [_thread_blocked, id=33884, stack(0x0000004ac6600000,0x0000004ac6700000) (1024K)]
  0x00000217788f4f80 JavaThread "Unconstrained build operations Thread 10"        [_thread_blocked, id=39524, stack(0x0000004ac6700000,0x0000004ac6800000) (1024K)]
  0x00000217788f69c0 JavaThread "Unconstrained build operations Thread 11"        [_thread_blocked, id=3392, stack(0x0000004ac6800000,0x0000004ac6900000) (1024K)]
  0x00000217788f3540 JavaThread "Unconstrained build operations Thread 12"        [_thread_blocked, id=30948, stack(0x0000004ac6900000,0x0000004ac6a00000) (1024K)]
  0x00000217788f7050 JavaThread "Unconstrained build operations Thread 13"        [_thread_blocked, id=32384, stack(0x0000004ac6a00000,0x0000004ac6b00000) (1024K)]
  0x00000217788f3bd0 JavaThread "Unconstrained build operations Thread 14"        [_thread_blocked, id=24328, stack(0x0000004ac6b00000,0x0000004ac6c00000) (1024K)]
  0x00000217788f7d70 JavaThread "Problems report writer"            [_thread_blocked, id=35912, stack(0x0000004ac6c00000,0x0000004ac6d00000) (1024K)]
  0x00000217788f8400 JavaThread "Unconstrained build operations Thread 15"        [_thread_blocked, id=5928, stack(0x0000004ac6d00000,0x0000004ac6e00000) (1024K)]
  0x00000217788f8a90 JavaThread "Unconstrained build operations Thread 16"        [_thread_blocked, id=36060, stack(0x0000004ac6e00000,0x0000004ac6f00000) (1024K)]
  0x0000021779d199d0 JavaThread "Unconstrained build operations Thread 17"        [_thread_blocked, id=39596, stack(0x0000004ac6f00000,0x0000004ac7000000) (1024K)]
  0x0000021779d19340 JavaThread "Unconstrained build operations Thread 18"        [_thread_blocked, id=42112, stack(0x0000004ac7000000,0x0000004ac7100000) (1024K)]
  0x0000021779d18cb0 JavaThread "Unconstrained build operations Thread 19"        [_thread_blocked, id=20060, stack(0x0000004ac7100000,0x0000004ac7200000) (1024K)]
  0x0000021779d1a060 JavaThread "Unconstrained build operations Thread 20"        [_thread_blocked, id=17572, stack(0x0000004ac7200000,0x0000004ac7300000) (1024K)]
  0x0000021779d17270 JavaThread "Unconstrained build operations Thread 21"        [_thread_blocked, id=43504, stack(0x0000004ac7400000,0x0000004ac7500000) (1024K)]
  0x0000021779d1a6f0 JavaThread "Unconstrained build operations Thread 22"        [_thread_blocked, id=8060, stack(0x0000004ac7600000,0x0000004ac7700000) (1024K)]
  0x0000021779d1ad80 JavaThread "Unconstrained build operations Thread 23"        [_thread_blocked, id=20396, stack(0x0000004ac7700000,0x0000004ac7800000) (1024K)]
  0x0000021779d17900 JavaThread "Unconstrained build operations Thread 24"        [_thread_blocked, id=48140, stack(0x0000004ac7800000,0x0000004ac7900000) (1024K)]
  0x0000021779d1b410 JavaThread "Unconstrained build operations Thread 25"        [_thread_blocked, id=43076, stack(0x0000004ac7900000,0x0000004ac7a00000) (1024K)]
  0x0000021779d17f90 JavaThread "Unconstrained build operations Thread 26"        [_thread_blocked, id=40220, stack(0x0000004ac7a00000,0x0000004ac7b00000) (1024K)]
  0x0000021779d1baa0 JavaThread "Unconstrained build operations Thread 27"        [_thread_blocked, id=37404, stack(0x0000004ac7b00000,0x0000004ac7c00000) (1024K)]
  0x0000021779d18620 JavaThread "Unconstrained build operations Thread 28"        [_thread_blocked, id=37144, stack(0x0000004ac7c00000,0x0000004ac7d00000) (1024K)]
Total: 71

Other Threads:
  0x0000021771c83fa0 VMThread "VM Thread"                           [id=35816, stack(0x0000004ac3100000,0x0000004ac3200000) (1024K)]
  0x0000021771bef940 WatcherThread "VM Periodic Task Thread"        [id=47140, stack(0x0000004ac3000000,0x0000004ac3100000) (1024K)]
  0x000002175ae78b50 WorkerThread "GC Thread#0"                     [id=45180, stack(0x0000004ac2b00000,0x0000004ac2c00000) (1024K)]
  0x0000021771ffe490 WorkerThread "GC Thread#1"                     [id=45620, stack(0x0000004ac3c00000,0x0000004ac3d00000) (1024K)]
  0x0000021776379010 WorkerThread "GC Thread#2"                     [id=43896, stack(0x0000004ac3d00000,0x0000004ac3e00000) (1024K)]
  0x0000021771fa1bd0 WorkerThread "GC Thread#3"                     [id=11144, stack(0x0000004ac3e00000,0x0000004ac3f00000) (1024K)]
  0x0000021771fa1f80 WorkerThread "GC Thread#4"                     [id=24692, stack(0x0000004ac3f00000,0x0000004ac4000000) (1024K)]
  0x0000021771fa2330 WorkerThread "GC Thread#5"                     [id=35988, stack(0x0000004ac4000000,0x0000004ac4100000) (1024K)]
  0x0000021771fa26e0 WorkerThread "GC Thread#6"                     [id=47864, stack(0x0000004ac4100000,0x0000004ac4200000) (1024K)]
  0x0000021771fa2a90 WorkerThread "GC Thread#7"                     [id=1168, stack(0x0000004ac4200000,0x0000004ac4300000) (1024K)]
  0x000002175ae85a50 ConcurrentGCThread "G1 Main Marker"            [id=15948, stack(0x0000004ac2c00000,0x0000004ac2d00000) (1024K)]
  0x000002175ae86470 WorkerThread "G1 Conc#0"                       [id=48488, stack(0x0000004ac2d00000,0x0000004ac2e00000) (1024K)]
  0x0000021778575670 WorkerThread "G1 Conc#1"                       [id=43996, stack(0x0000004ac5000000,0x0000004ac5100000) (1024K)]
  0x0000021771b46740 ConcurrentGCThread "G1 Refine#0"               [id=32856, stack(0x0000004ac2e00000,0x0000004ac2f00000) (1024K)]
  0x0000021771b48720 ConcurrentGCThread "G1 Service"                [id=20036, stack(0x0000004ac2f00000,0x0000004ac3000000) (1024K)]
Total: 15

Threads with active compile tasks:
C2 CompilerThread0  2367746 14107       4       org.gradle.api.internal.artifacts.transform.DefaultTransformInvocationFactory::createInvocation (273 bytes)
Total: 1

VM state: not at safepoint (normal execution)

VM Mutex/Monitor currently owned by a thread: None

Heap address: 0x00000000a0000000, size: 1536 MB, Compressed Oops mode: 32-bit

CDS archive(s) mapped at: [0x0000021700000000-0x0000021700ba0000-0x0000021700ba0000), size 12189696, SharedBaseAddress: 0x0000021700000000, ArchiveRelocationMode: 1.
Compressed class space mapped at: 0x0000021701000000-0x0000021741000000, reserved size: 1073741824
Narrow klass base: 0x0000021700000000, Narrow klass shift: 0, Narrow klass range: 0x100000000

GC Precious Log:
 CardTable entry size: 512
 Card Set container configuration: InlinePtr #cards 5 size 8 Array Of Cards #cards 12 size 40 Howl #buckets 4 coarsen threshold 1843 Howl Bitmap #cards 512 size 80 coarsen threshold 460 Card regions per heap region 1 cards per card region 2048
 CPUs: 8 total, 8 available
 Memory: 24467M
 Large Page Support: Disabled
 NUMA Support: Disabled
 Compressed Oops: Enabled (32-bit)
 Heap Region Size: 1M
 Heap Min Capacity: 8M
 Heap Initial Capacity: 384M
 Heap Max Capacity: 1536M
 Pre-touch: Disabled
 Parallel Workers: 8
 Concurrent Workers: 2
 Concurrent Refinement Workers: 8
 Periodic GC: Disabled

Heap:
 garbage-first heap   total 192512K, used 133943K [0x00000000a0000000, 0x0000000100000000)
  region size 1024K, 26 young (26624K), 8 survivors (8192K)
 Metaspace       used 79540K, committed 82304K, reserved 1179648K
  class space    used 11098K, committed 12288K, reserved 1048576K

Heap Regions: E=young(eden), S=young(survivor), O=old, HS=humongous(starts), HC=humongous(continues), CS=collection set, F=free, TAMS=top-at-mark-start, PB=parsable bottom
|   0|0x00000000a0000000, 0x00000000a0100000, 0x00000000a0100000|100%|HS|  |TAMS 0x00000000a0000000| PB 0x00000000a0000000| Complete 
|   1|0x00000000a0100000, 0x00000000a0200000, 0x00000000a0200000|100%|HC|  |TAMS 0x00000000a0100000| PB 0x00000000a0100000| Complete 
|   2|0x00000000a0200000, 0x00000000a0300000, 0x00000000a0300000|100%|HC|  |TAMS 0x00000000a0200000| PB 0x00000000a0200000| Complete 
|   3|0x00000000a0300000, 0x00000000a0400000, 0x00000000a0400000|100%| O|  |TAMS 0x00000000a0300000| PB 0x00000000a0300000| Untracked 
|   4|0x00000000a0400000, 0x00000000a0500000, 0x00000000a0500000|100%| O|  |TAMS 0x00000000a0400000| PB 0x00000000a0400000| Untracked 
|   5|0x00000000a0500000, 0x00000000a0600000, 0x00000000a0600000|100%| O|  |TAMS 0x00000000a0500000| PB 0x00000000a0500000| Untracked 
|   6|0x00000000a0600000, 0x00000000a0700000, 0x00000000a0700000|100%|HS|  |TAMS 0x00000000a0600000| PB 0x00000000a0600000| Complete 
|   7|0x00000000a0700000, 0x00000000a0800000, 0x00000000a0800000|100%| O|  |TAMS 0x00000000a0700000| PB 0x00000000a0700000| Untracked 
|   8|0x00000000a0800000, 0x00000000a0900000, 0x00000000a0900000|100%| O|  |TAMS 0x00000000a0800000| PB 0x00000000a0800000| Untracked 
|   9|0x00000000a0900000, 0x00000000a0a00000, 0x00000000a0a00000|100%| O|  |TAMS 0x00000000a0900000| PB 0x00000000a0900000| Untracked 
|  10|0x00000000a0a00000, 0x00000000a0b00000, 0x00000000a0b00000|100%| O|  |TAMS 0x00000000a0a00000| PB 0x00000000a0a00000| Untracked 
|  11|0x00000000a0b00000, 0x00000000a0c00000, 0x00000000a0c00000|100%| O|  |TAMS 0x00000000a0b00000| PB 0x00000000a0b00000| Untracked 
|  12|0x00000000a0c00000, 0x00000000a0d00000, 0x00000000a0d00000|100%| O|  |TAMS 0x00000000a0c00000| PB 0x00000000a0c00000| Untracked 
|  13|0x00000000a0d00000, 0x00000000a0e00000, 0x00000000a0e00000|100%| O|  |TAMS 0x00000000a0d00000| PB 0x00000000a0d00000| Untracked 
|  14|0x00000000a0e00000, 0x00000000a0f00000, 0x00000000a0f00000|100%| O|  |TAMS 0x00000000a0e00000| PB 0x00000000a0e00000| Untracked 
|  15|0x00000000a0f00000, 0x00000000a1000000, 0x00000000a1000000|100%| O|  |TAMS 0x00000000a0f00000| PB 0x00000000a0f00000| Untracked 
|  16|0x00000000a1000000, 0x00000000a1100000, 0x00000000a1100000|100%| O|  |TAMS 0x00000000a1000000| PB 0x00000000a1000000| Untracked 
|  17|0x00000000a1100000, 0x00000000a1200000, 0x00000000a1200000|100%| O|  |TAMS 0x00000000a1100000| PB 0x00000000a1100000| Untracked 
|  18|0x00000000a1200000, 0x00000000a1300000, 0x00000000a1300000|100%| O|  |TAMS 0x00000000a1200000| PB 0x00000000a1200000| Untracked 
|  19|0x00000000a1300000, 0x00000000a1400000, 0x00000000a1400000|100%| O|  |TAMS 0x00000000a1300000| PB 0x00000000a1300000| Untracked 
|  20|0x00000000a1400000, 0x00000000a1500000, 0x00000000a1500000|100%| O|  |TAMS 0x00000000a1400000| PB 0x00000000a1400000| Untracked 
|  21|0x00000000a1500000, 0x00000000a1600000, 0x00000000a1600000|100%| O|  |TAMS 0x00000000a1500000| PB 0x00000000a1500000| Untracked 
|  22|0x00000000a1600000, 0x00000000a1700000, 0x00000000a1700000|100%| O|  |TAMS 0x00000000a1600000| PB 0x00000000a1600000| Untracked 
|  23|0x00000000a1700000, 0x00000000a1800000, 0x00000000a1800000|100%| O|  |TAMS 0x00000000a1700000| PB 0x00000000a1700000| Untracked 
|  24|0x00000000a1800000, 0x00000000a1900000, 0x00000000a1900000|100%| O|  |TAMS 0x00000000a1800000| PB 0x00000000a1800000| Untracked 
|  25|0x00000000a1900000, 0x00000000a1a00000, 0x00000000a1a00000|100%| O|  |TAMS 0x00000000a1900000| PB 0x00000000a1900000| Untracked 
|  26|0x00000000a1a00000, 0x00000000a1b00000, 0x00000000a1b00000|100%| O|  |TAMS 0x00000000a1a00000| PB 0x00000000a1a00000| Untracked 
|  27|0x00000000a1b00000, 0x00000000a1c00000, 0x00000000a1c00000|100%| O|  |TAMS 0x00000000a1b00000| PB 0x00000000a1b00000| Untracked 
|  28|0x00000000a1c00000, 0x00000000a1d00000, 0x00000000a1d00000|100%| O|  |TAMS 0x00000000a1c00000| PB 0x00000000a1c00000| Untracked 
|  29|0x00000000a1d00000, 0x00000000a1e00000, 0x00000000a1e00000|100%| O|  |TAMS 0x00000000a1d00000| PB 0x00000000a1d00000| Untracked 
|  30|0x00000000a1e00000, 0x00000000a1f00000, 0x00000000a1f00000|100%| O|  |TAMS 0x00000000a1e00000| PB 0x00000000a1e00000| Untracked 
|  31|0x00000000a1f00000, 0x00000000a2000000, 0x00000000a2000000|100%| O|  |TAMS 0x00000000a1f00000| PB 0x00000000a1f00000| Untracked 
|  32|0x00000000a2000000, 0x00000000a2100000, 0x00000000a2100000|100%| O|  |TAMS 0x00000000a2000000| PB 0x00000000a2000000| Untracked 
|  33|0x00000000a2100000, 0x00000000a2200000, 0x00000000a2200000|100%| O|  |TAMS 0x00000000a2100000| PB 0x00000000a2100000| Untracked 
|  34|0x00000000a2200000, 0x00000000a2300000, 0x00000000a2300000|100%| O|  |TAMS 0x00000000a2200000| PB 0x00000000a2200000| Untracked 
|  35|0x00000000a2300000, 0x00000000a2400000, 0x00000000a2400000|100%| O|  |TAMS 0x00000000a2300000| PB 0x00000000a2300000| Untracked 
|  36|0x00000000a2400000, 0x00000000a2500000, 0x00000000a2500000|100%| O|  |TAMS 0x00000000a2400000| PB 0x00000000a2400000| Untracked 
|  37|0x00000000a2500000, 0x00000000a2600000, 0x00000000a2600000|100%| O|  |TAMS 0x00000000a2500000| PB 0x00000000a2500000| Untracked 
|  38|0x00000000a2600000, 0x00000000a2700000, 0x00000000a2700000|100%| O|  |TAMS 0x00000000a2600000| PB 0x00000000a2600000| Untracked 
|  39|0x00000000a2700000, 0x00000000a2800000, 0x00000000a2800000|100%| O|  |TAMS 0x00000000a2700000| PB 0x00000000a2700000| Untracked 
|  40|0x00000000a2800000, 0x00000000a2900000, 0x00000000a2900000|100%|HS|  |TAMS 0x00000000a2800000| PB 0x00000000a2800000| Complete 
|  41|0x00000000a2900000, 0x00000000a2a00000, 0x00000000a2a00000|100%| O|  |TAMS 0x00000000a2900000| PB 0x00000000a2900000| Untracked 
|  42|0x00000000a2a00000, 0x00000000a2b00000, 0x00000000a2b00000|100%| O|  |TAMS 0x00000000a2a00000| PB 0x00000000a2a00000| Untracked 
|  43|0x00000000a2b00000, 0x00000000a2c00000, 0x00000000a2c00000|100%| O|  |TAMS 0x00000000a2b00000| PB 0x00000000a2b00000| Untracked 
|  44|0x00000000a2c00000, 0x00000000a2d00000, 0x00000000a2d00000|100%|HS|  |TAMS 0x00000000a2c00000| PB 0x00000000a2c00000| Complete 
|  45|0x00000000a2d00000, 0x00000000a2e00000, 0x00000000a2e00000|100%| O|  |TAMS 0x00000000a2d00000| PB 0x00000000a2d00000| Untracked 
|  46|0x00000000a2e00000, 0x00000000a2f00000, 0x00000000a2f00000|100%| O|  |TAMS 0x00000000a2e00000| PB 0x00000000a2e00000| Untracked 
|  47|0x00000000a2f00000, 0x00000000a3000000, 0x00000000a3000000|100%| O|  |TAMS 0x00000000a2f00000| PB 0x00000000a2f00000| Untracked 
|  48|0x00000000a3000000, 0x00000000a3100000, 0x00000000a3100000|100%|HS|  |TAMS 0x00000000a3000000| PB 0x00000000a3000000| Complete 
|  49|0x00000000a3100000, 0x00000000a3200000, 0x00000000a3200000|100%|HS|  |TAMS 0x00000000a3100000| PB 0x00000000a3100000| Complete 
|  50|0x00000000a3200000, 0x00000000a3300000, 0x00000000a3300000|100%|HS|  |TAMS 0x00000000a3200000| PB 0x00000000a3200000| Complete 
|  51|0x00000000a3300000, 0x00000000a3400000, 0x00000000a3400000|100%| O|  |TAMS 0x00000000a3300000| PB 0x00000000a3300000| Untracked 
|  52|0x00000000a3400000, 0x00000000a3500000, 0x00000000a3500000|100%|HS|  |TAMS 0x00000000a3400000| PB 0x00000000a3400000| Complete 
|  53|0x00000000a3500000, 0x00000000a3600000, 0x00000000a3600000|100%| O|  |TAMS 0x00000000a3500000| PB 0x00000000a3500000| Untracked 
|  54|0x00000000a3600000, 0x00000000a3700000, 0x00000000a3700000|100%| O|  |TAMS 0x00000000a3600000| PB 0x00000000a3600000| Untracked 
|  55|0x00000000a3700000, 0x00000000a3800000, 0x00000000a3800000|100%| O|  |TAMS 0x00000000a3700000| PB 0x00000000a3700000| Untracked 
|  56|0x00000000a3800000, 0x00000000a3900000, 0x00000000a3900000|100%| O|  |TAMS 0x00000000a3800000| PB 0x00000000a3800000| Untracked 
|  57|0x00000000a3900000, 0x00000000a3a00000, 0x00000000a3a00000|100%| O|  |TAMS 0x00000000a3900000| PB 0x00000000a3900000| Untracked 
|  58|0x00000000a3a00000, 0x00000000a3b00000, 0x00000000a3b00000|100%| O|  |TAMS 0x00000000a3a00000| PB 0x00000000a3a00000| Untracked 
|  59|0x00000000a3b00000, 0x00000000a3c00000, 0x00000000a3c00000|100%| O|  |TAMS 0x00000000a3b00000| PB 0x00000000a3b00000| Untracked 
|  60|0x00000000a3c00000, 0x00000000a3d00000, 0x00000000a3d00000|100%| O|  |TAMS 0x00000000a3c00000| PB 0x00000000a3c00000| Untracked 
|  61|0x00000000a3d00000, 0x00000000a3d00000, 0x00000000a3e00000|  0%| F|  |TAMS 0x00000000a3d00000| PB 0x00000000a3d00000| Untracked 
|  62|0x00000000a3e00000, 0x00000000a3f00000, 0x00000000a3f00000|100%| O|  |TAMS 0x00000000a3e00000| PB 0x00000000a3e00000| Untracked 
|  63|0x00000000a3f00000, 0x00000000a4000000, 0x00000000a4000000|100%|HS|  |TAMS 0x00000000a3f00000| PB 0x00000000a3f00000| Complete 
|  64|0x00000000a4000000, 0x00000000a4100000, 0x00000000a4100000|100%| O|  |TAMS 0x00000000a4000000| PB 0x00000000a4000000| Untracked 
|  65|0x00000000a4100000, 0x00000000a4200000, 0x00000000a4200000|100%| O|  |TAMS 0x00000000a4100000| PB 0x00000000a4100000| Untracked 
|  66|0x00000000a4200000, 0x00000000a4300000, 0x00000000a4300000|100%| O|  |TAMS 0x00000000a4200000| PB 0x00000000a4200000| Untracked 
|  67|0x00000000a4300000, 0x00000000a4400000, 0x00000000a4400000|100%| O|  |TAMS 0x00000000a4300000| PB 0x00000000a4300000| Untracked 
|  68|0x00000000a4400000, 0x00000000a4500000, 0x00000000a4500000|100%| O|  |TAMS 0x00000000a4400000| PB 0x00000000a4400000| Untracked 
|  69|0x00000000a4500000, 0x00000000a4600000, 0x00000000a4600000|100%| O|  |TAMS 0x00000000a4500000| PB 0x00000000a4500000| Untracked 
|  70|0x00000000a4600000, 0x00000000a4700000, 0x00000000a4700000|100%| O|  |TAMS 0x00000000a4600000| PB 0x00000000a4600000| Untracked 
|  71|0x00000000a4700000, 0x00000000a4800000, 0x00000000a4800000|100%| O|  |TAMS 0x00000000a4700000| PB 0x00000000a4700000| Untracked 
|  72|0x00000000a4800000, 0x00000000a4900000, 0x00000000a4900000|100%| O|  |TAMS 0x00000000a4800000| PB 0x00000000a4800000| Untracked 
|  73|0x00000000a4900000, 0x00000000a4a00000, 0x00000000a4a00000|100%| O|  |TAMS 0x00000000a4900000| PB 0x00000000a4900000| Untracked 
|  74|0x00000000a4a00000, 0x00000000a4a00000, 0x00000000a4b00000|  0%| F|  |TAMS 0x00000000a4a00000| PB 0x00000000a4a00000| Untracked 
|  75|0x00000000a4b00000, 0x00000000a4c00000, 0x00000000a4c00000|100%| O|  |TAMS 0x00000000a4b00000| PB 0x00000000a4b00000| Untracked 
|  76|0x00000000a4c00000, 0x00000000a4d00000, 0x00000000a4d00000|100%| O|  |TAMS 0x00000000a4c00000| PB 0x00000000a4c00000| Untracked 
|  77|0x00000000a4d00000, 0x00000000a4e00000, 0x00000000a4e00000|100%| O|  |TAMS 0x00000000a4d00000| PB 0x00000000a4d00000| Untracked 
|  78|0x00000000a4e00000, 0x00000000a4f00000, 0x00000000a4f00000|100%| O|  |TAMS 0x00000000a4e00000| PB 0x00000000a4e00000| Untracked 
|  79|0x00000000a4f00000, 0x00000000a5000000, 0x00000000a5000000|100%| O|  |TAMS 0x00000000a4f00000| PB 0x00000000a4f00000| Untracked 
|  80|0x00000000a5000000, 0x00000000a5100000, 0x00000000a5100000|100%| O|  |TAMS 0x00000000a5000000| PB 0x00000000a5000000| Untracked 
|  81|0x00000000a5100000, 0x00000000a5200000, 0x00000000a5200000|100%| O|  |TAMS 0x00000000a5100000| PB 0x00000000a5100000| Untracked 
|  82|0x00000000a5200000, 0x00000000a5300000, 0x00000000a5300000|100%| O|  |TAMS 0x00000000a5200000| PB 0x00000000a5200000| Untracked 
|  83|0x00000000a5300000, 0x00000000a5400000, 0x00000000a5400000|100%| O|  |TAMS 0x00000000a5300000| PB 0x00000000a5300000| Untracked 
|  84|0x00000000a5400000, 0x00000000a5500000, 0x00000000a5500000|100%| O|  |TAMS 0x00000000a5400000| PB 0x00000000a5400000| Untracked 
|  85|0x00000000a5500000, 0x00000000a5600000, 0x00000000a5600000|100%| O|  |TAMS 0x00000000a5500000| PB 0x00000000a5500000| Untracked 
|  86|0x00000000a5600000, 0x00000000a5700000, 0x00000000a5700000|100%|HS|  |TAMS 0x00000000a5600000| PB 0x00000000a5600000| Complete 
|  87|0x00000000a5700000, 0x00000000a5800000, 0x00000000a5800000|100%|HS|  |TAMS 0x00000000a5700000| PB 0x00000000a5700000| Complete 
|  88|0x00000000a5800000, 0x00000000a5900000, 0x00000000a5900000|100%|HS|  |TAMS 0x00000000a5800000| PB 0x00000000a5800000| Complete 
|  89|0x00000000a5900000, 0x00000000a5a00000, 0x00000000a5a00000|100%| O|  |TAMS 0x00000000a5900000| PB 0x00000000a5900000| Untracked 
|  90|0x00000000a5a00000, 0x00000000a5b00000, 0x00000000a5b00000|100%| O|  |TAMS 0x00000000a5a00000| PB 0x00000000a5a00000| Untracked 
|  91|0x00000000a5b00000, 0x00000000a5c00000, 0x00000000a5c00000|100%| O|  |TAMS 0x00000000a5b00000| PB 0x00000000a5b00000| Untracked 
|  92|0x00000000a5c00000, 0x00000000a5d00000, 0x00000000a5d00000|100%|HS|  |TAMS 0x00000000a5c00000| PB 0x00000000a5c00000| Complete 
|  93|0x00000000a5d00000, 0x00000000a5e00000, 0x00000000a5e00000|100%| O|  |TAMS 0x00000000a5d00000| PB 0x00000000a5d00000| Untracked 
|  94|0x00000000a5e00000, 0x00000000a5f00000, 0x00000000a5f00000|100%| O|  |TAMS 0x00000000a5e00000| PB 0x00000000a5e00000| Untracked 
|  95|0x00000000a5f00000, 0x00000000a6000000, 0x00000000a6000000|100%| O|  |TAMS 0x00000000a5f00000| PB 0x00000000a5f00000| Untracked 
|  96|0x00000000a6000000, 0x00000000a6100000, 0x00000000a6100000|100%| O|  |TAMS 0x00000000a6000000| PB 0x00000000a6000000| Untracked 
|  97|0x00000000a6100000, 0x00000000a6200000, 0x00000000a6200000|100%| O|  |TAMS 0x00000000a6100000| PB 0x00000000a6100000| Untracked 
|  98|0x00000000a6200000, 0x00000000a6300000, 0x00000000a6300000|100%| O|  |TAMS 0x00000000a6200000| PB 0x00000000a6200000| Untracked 
|  99|0x00000000a6300000, 0x00000000a6400000, 0x00000000a6400000|100%| O|  |TAMS 0x00000000a6300000| PB 0x00000000a6300000| Untracked 
| 100|0x00000000a6400000, 0x00000000a6500000, 0x00000000a6500000|100%| O|  |TAMS 0x00000000a6400000| PB 0x00000000a6400000| Untracked 
| 101|0x00000000a6500000, 0x00000000a6600000, 0x00000000a6600000|100%| O|  |TAMS 0x00000000a6500000| PB 0x00000000a6500000| Untracked 
| 102|0x00000000a6600000, 0x00000000a6700000, 0x00000000a6700000|100%| O|  |TAMS 0x00000000a6600000| PB 0x00000000a6600000| Untracked 
| 103|0x00000000a6700000, 0x00000000a6800000, 0x00000000a6800000|100%| O|  |TAMS 0x00000000a6700000| PB 0x00000000a6700000| Untracked 
| 104|0x00000000a6800000, 0x00000000a6900000, 0x00000000a6900000|100%| O|  |TAMS 0x00000000a6800000| PB 0x00000000a6800000| Untracked 
| 105|0x00000000a6900000, 0x00000000a6a00000, 0x00000000a6a00000|100%| O|  |TAMS 0x00000000a6900000| PB 0x00000000a6900000| Untracked 
| 106|0x00000000a6a00000, 0x00000000a6a61f40, 0x00000000a6b00000| 38%| O|  |TAMS 0x00000000a6a00000| PB 0x00000000a6a00000| Untracked 
| 107|0x00000000a6b00000, 0x00000000a6b00000, 0x00000000a6c00000|  0%| F|  |TAMS 0x00000000a6b00000| PB 0x00000000a6b00000| Untracked 
| 108|0x00000000a6c00000, 0x00000000a6c00000, 0x00000000a6d00000|  0%| F|  |TAMS 0x00000000a6c00000| PB 0x00000000a6c00000| Untracked 
| 109|0x00000000a6d00000, 0x00000000a6e00000, 0x00000000a6e00000|100%| S|CS|TAMS 0x00000000a6d00000| PB 0x00000000a6d00000| Complete 
| 110|0x00000000a6e00000, 0x00000000a6f00000, 0x00000000a6f00000|100%| S|CS|TAMS 0x00000000a6e00000| PB 0x00000000a6e00000| Complete 
| 111|0x00000000a6f00000, 0x00000000a7000000, 0x00000000a7000000|100%| S|CS|TAMS 0x00000000a6f00000| PB 0x00000000a6f00000| Complete 
| 112|0x00000000a7000000, 0x00000000a7100000, 0x00000000a7100000|100%| S|CS|TAMS 0x00000000a7000000| PB 0x00000000a7000000| Complete 
| 113|0x00000000a7100000, 0x00000000a7200000, 0x00000000a7200000|100%| S|CS|TAMS 0x00000000a7100000| PB 0x00000000a7100000| Complete 
| 114|0x00000000a7200000, 0x00000000a7300000, 0x00000000a7300000|100%| S|CS|TAMS 0x00000000a7200000| PB 0x00000000a7200000| Complete 
| 115|0x00000000a7300000, 0x00000000a7300000, 0x00000000a7400000|  0%| F|  |TAMS 0x00000000a7300000| PB 0x00000000a7300000| Untracked 
| 116|0x00000000a7400000, 0x00000000a7400000, 0x00000000a7500000|  0%| F|  |TAMS 0x00000000a7400000| PB 0x00000000a7400000| Untracked 
| 117|0x00000000a7500000, 0x00000000a7500000, 0x00000000a7600000|  0%| F|  |TAMS 0x00000000a7500000| PB 0x00000000a7500000| Untracked 
| 118|0x00000000a7600000, 0x00000000a7700000, 0x00000000a7700000|100%| S|CS|TAMS 0x00000000a7600000| PB 0x00000000a7600000| Complete 
| 119|0x00000000a7700000, 0x00000000a7700000, 0x00000000a7800000|  0%| F|  |TAMS 0x00000000a7700000| PB 0x00000000a7700000| Untracked 
| 120|0x00000000a7800000, 0x00000000a7800000, 0x00000000a7900000|  0%| F|  |TAMS 0x00000000a7800000| PB 0x00000000a7800000| Untracked 
| 121|0x00000000a7900000, 0x00000000a7900000, 0x00000000a7a00000|  0%| F|  |TAMS 0x00000000a7900000| PB 0x00000000a7900000| Untracked 
| 122|0x00000000a7a00000, 0x00000000a7a00000, 0x00000000a7b00000|  0%| F|  |TAMS 0x00000000a7a00000| PB 0x00000000a7a00000| Untracked 
| 123|0x00000000a7b00000, 0x00000000a7b00000, 0x00000000a7c00000|  0%| F|  |TAMS 0x00000000a7b00000| PB 0x00000000a7b00000| Untracked 
| 124|0x00000000a7c00000, 0x00000000a7c00000, 0x00000000a7d00000|  0%| F|  |TAMS 0x00000000a7c00000| PB 0x00000000a7c00000| Untracked 
| 125|0x00000000a7d00000, 0x00000000a7d00000, 0x00000000a7e00000|  0%| F|  |TAMS 0x00000000a7d00000| PB 0x00000000a7d00000| Untracked 
| 126|0x00000000a7e00000, 0x00000000a7e00000, 0x00000000a7f00000|  0%| F|  |TAMS 0x00000000a7e00000| PB 0x00000000a7e00000| Untracked 
| 127|0x00000000a7f00000, 0x00000000a7f00000, 0x00000000a8000000|  0%| F|  |TAMS 0x00000000a7f00000| PB 0x00000000a7f00000| Untracked 
| 128|0x00000000a8000000, 0x00000000a8000000, 0x00000000a8100000|  0%| F|  |TAMS 0x00000000a8000000| PB 0x00000000a8000000| Untracked 
| 129|0x00000000a8100000, 0x00000000a8100000, 0x00000000a8200000|  0%| F|  |TAMS 0x00000000a8100000| PB 0x00000000a8100000| Untracked 
| 130|0x00000000a8200000, 0x00000000a8200000, 0x00000000a8300000|  0%| F|  |TAMS 0x00000000a8200000| PB 0x00000000a8200000| Untracked 
| 131|0x00000000a8300000, 0x00000000a8300000, 0x00000000a8400000|  0%| F|  |TAMS 0x00000000a8300000| PB 0x00000000a8300000| Untracked 
| 132|0x00000000a8400000, 0x00000000a8400000, 0x00000000a8500000|  0%| F|  |TAMS 0x00000000a8400000| PB 0x00000000a8400000| Untracked 
| 133|0x00000000a8500000, 0x00000000a8500000, 0x00000000a8600000|  0%| F|  |TAMS 0x00000000a8500000| PB 0x00000000a8500000| Untracked 
| 134|0x00000000a8600000, 0x00000000a8600000, 0x00000000a8700000|  0%| F|  |TAMS 0x00000000a8600000| PB 0x00000000a8600000| Untracked 
| 135|0x00000000a8700000, 0x00000000a8700000, 0x00000000a8800000|  0%| F|  |TAMS 0x00000000a8700000| PB 0x00000000a8700000| Untracked 
| 136|0x00000000a8800000, 0x00000000a8800000, 0x00000000a8900000|  0%| F|  |TAMS 0x00000000a8800000| PB 0x00000000a8800000| Untracked 
| 137|0x00000000a8900000, 0x00000000a8900000, 0x00000000a8a00000|  0%| F|  |TAMS 0x00000000a8900000| PB 0x00000000a8900000| Untracked 
| 138|0x00000000a8a00000, 0x00000000a8a00000, 0x00000000a8b00000|  0%| F|  |TAMS 0x00000000a8a00000| PB 0x00000000a8a00000| Untracked 
| 139|0x00000000a8b00000, 0x00000000a8b00000, 0x00000000a8c00000|  0%| F|  |TAMS 0x00000000a8b00000| PB 0x00000000a8b00000| Untracked 
| 140|0x00000000a8c00000, 0x00000000a8c00000, 0x00000000a8d00000|  0%| F|  |TAMS 0x00000000a8c00000| PB 0x00000000a8c00000| Untracked 
| 141|0x00000000a8d00000, 0x00000000a8d00000, 0x00000000a8e00000|  0%| F|  |TAMS 0x00000000a8d00000| PB 0x00000000a8d00000| Untracked 
| 142|0x00000000a8e00000, 0x00000000a8e00000, 0x00000000a8f00000|  0%| F|  |TAMS 0x00000000a8e00000| PB 0x00000000a8e00000| Untracked 
| 143|0x00000000a8f00000, 0x00000000a8f00000, 0x00000000a9000000|  0%| F|  |TAMS 0x00000000a8f00000| PB 0x00000000a8f00000| Untracked 
| 144|0x00000000a9000000, 0x00000000a9000000, 0x00000000a9100000|  0%| F|  |TAMS 0x00000000a9000000| PB 0x00000000a9000000| Untracked 
| 145|0x00000000a9100000, 0x00000000a9100000, 0x00000000a9200000|  0%| F|  |TAMS 0x00000000a9100000| PB 0x00000000a9100000| Untracked 
| 146|0x00000000a9200000, 0x00000000a9200000, 0x00000000a9300000|  0%| F|  |TAMS 0x00000000a9200000| PB 0x00000000a9200000| Untracked 
| 147|0x00000000a9300000, 0x00000000a9300000, 0x00000000a9400000|  0%| F|  |TAMS 0x00000000a9300000| PB 0x00000000a9300000| Untracked 
| 148|0x00000000a9400000, 0x00000000a9400000, 0x00000000a9500000|  0%| F|  |TAMS 0x00000000a9400000| PB 0x00000000a9400000| Untracked 
| 149|0x00000000a9500000, 0x00000000a9500000, 0x00000000a9600000|  0%| F|  |TAMS 0x00000000a9500000| PB 0x00000000a9500000| Untracked 
| 150|0x00000000a9600000, 0x00000000a9600000, 0x00000000a9700000|  0%| F|  |TAMS 0x00000000a9600000| PB 0x00000000a9600000| Untracked 
| 151|0x00000000a9700000, 0x00000000a9700000, 0x00000000a9800000|  0%| F|  |TAMS 0x00000000a9700000| PB 0x00000000a9700000| Untracked 
| 152|0x00000000a9800000, 0x00000000a9800000, 0x00000000a9900000|  0%| F|  |TAMS 0x00000000a9800000| PB 0x00000000a9800000| Untracked 
| 153|0x00000000a9900000, 0x00000000a9900000, 0x00000000a9a00000|  0%| F|  |TAMS 0x00000000a9900000| PB 0x00000000a9900000| Untracked 
| 154|0x00000000a9a00000, 0x00000000a9a00000, 0x00000000a9b00000|  0%| F|  |TAMS 0x00000000a9a00000| PB 0x00000000a9a00000| Untracked 
| 155|0x00000000a9b00000, 0x00000000a9b00000, 0x00000000a9c00000|  0%| F|  |TAMS 0x00000000a9b00000| PB 0x00000000a9b00000| Untracked 
| 156|0x00000000a9c00000, 0x00000000a9c00000, 0x00000000a9d00000|  0%| F|  |TAMS 0x00000000a9c00000| PB 0x00000000a9c00000| Untracked 
| 157|0x00000000a9d00000, 0x00000000a9d00000, 0x00000000a9e00000|  0%| F|  |TAMS 0x00000000a9d00000| PB 0x00000000a9d00000| Untracked 
| 158|0x00000000a9e00000, 0x00000000a9e00000, 0x00000000a9f00000|  0%| F|  |TAMS 0x00000000a9e00000| PB 0x00000000a9e00000| Untracked 
| 159|0x00000000a9f00000, 0x00000000a9f00000, 0x00000000aa000000|  0%| F|  |TAMS 0x00000000a9f00000| PB 0x00000000a9f00000| Untracked 
| 160|0x00000000aa000000, 0x00000000aa000000, 0x00000000aa100000|  0%| F|  |TAMS 0x00000000aa000000| PB 0x00000000aa000000| Untracked 
| 161|0x00000000aa100000, 0x00000000aa100000, 0x00000000aa200000|  0%| F|  |TAMS 0x00000000aa100000| PB 0x00000000aa100000| Untracked 
| 162|0x00000000aa200000, 0x00000000aa200000, 0x00000000aa300000|  0%| F|  |TAMS 0x00000000aa200000| PB 0x00000000aa200000| Untracked 
| 163|0x00000000aa300000, 0x00000000aa300000, 0x00000000aa400000|  0%| F|  |TAMS 0x00000000aa300000| PB 0x00000000aa300000| Untracked 
| 164|0x00000000aa400000, 0x00000000aa400000, 0x00000000aa500000|  0%| F|  |TAMS 0x00000000aa400000| PB 0x00000000aa400000| Untracked 
| 165|0x00000000aa500000, 0x00000000aa500000, 0x00000000aa600000|  0%| F|  |TAMS 0x00000000aa500000| PB 0x00000000aa500000| Untracked 
| 166|0x00000000aa600000, 0x00000000aa600000, 0x00000000aa700000|  0%| F|  |TAMS 0x00000000aa600000| PB 0x00000000aa600000| Untracked 
| 167|0x00000000aa700000, 0x00000000aa780a58, 0x00000000aa800000| 50%| E|  |TAMS 0x00000000aa700000| PB 0x00000000aa700000| Complete 
| 168|0x00000000aa800000, 0x00000000aa900000, 0x00000000aa900000|100%| E|CS|TAMS 0x00000000aa800000| PB 0x00000000aa800000| Complete 
| 169|0x00000000aa900000, 0x00000000aaa00000, 0x00000000aaa00000|100%| E|CS|TAMS 0x00000000aa900000| PB 0x00000000aa900000| Complete 
| 170|0x00000000aaa00000, 0x00000000aab00000, 0x00000000aab00000|100%| E|CS|TAMS 0x00000000aaa00000| PB 0x00000000aaa00000| Complete 
| 171|0x00000000aab00000, 0x00000000aac00000, 0x00000000aac00000|100%| E|CS|TAMS 0x00000000aab00000| PB 0x00000000aab00000| Complete 
| 172|0x00000000aac00000, 0x00000000aac6bfd0, 0x00000000aad00000| 42%| S|CS|TAMS 0x00000000aac00000| PB 0x00000000aac00000| Complete 
| 275|0x00000000b1300000, 0x00000000b1400000, 0x00000000b1400000|100%| E|CS|TAMS 0x00000000b1300000| PB 0x00000000b1300000| Complete 
| 276|0x00000000b1400000, 0x00000000b1500000, 0x00000000b1500000|100%| E|CS|TAMS 0x00000000b1400000| PB 0x00000000b1400000| Complete 
| 277|0x00000000b1500000, 0x00000000b1600000, 0x00000000b1600000|100%| E|CS|TAMS 0x00000000b1500000| PB 0x00000000b1500000| Complete 
| 278|0x00000000b1600000, 0x00000000b1700000, 0x00000000b1700000|100%| E|CS|TAMS 0x00000000b1600000| PB 0x00000000b1600000| Complete 
| 279|0x00000000b1700000, 0x00000000b1800000, 0x00000000b1800000|100%| E|CS|TAMS 0x00000000b1700000| PB 0x00000000b1700000| Complete 
| 280|0x00000000b1800000, 0x00000000b1900000, 0x00000000b1900000|100%| E|CS|TAMS 0x00000000b1800000| PB 0x00000000b1800000| Complete 
| 281|0x00000000b1900000, 0x00000000b1a00000, 0x00000000b1a00000|100%| E|CS|TAMS 0x00000000b1900000| PB 0x00000000b1900000| Complete 
| 282|0x00000000b1a00000, 0x00000000b1b00000, 0x00000000b1b00000|100%| E|CS|TAMS 0x00000000b1a00000| PB 0x00000000b1a00000| Complete 
| 283|0x00000000b1b00000, 0x00000000b1c00000, 0x00000000b1c00000|100%| E|CS|TAMS 0x00000000b1b00000| PB 0x00000000b1b00000| Complete 
| 284|0x00000000b1c00000, 0x00000000b1d00000, 0x00000000b1d00000|100%| E|CS|TAMS 0x00000000b1c00000| PB 0x00000000b1c00000| Complete 
| 285|0x00000000b1d00000, 0x00000000b1e00000, 0x00000000b1e00000|100%| E|CS|TAMS 0x00000000b1d00000| PB 0x00000000b1d00000| Complete 
| 286|0x00000000b1e00000, 0x00000000b1f00000, 0x00000000b1f00000|100%| E|CS|TAMS 0x00000000b1e00000| PB 0x00000000b1e00000| Complete 
| 383|0x00000000b7f00000, 0x00000000b8000000, 0x00000000b8000000|100%| E|CS|TAMS 0x00000000b7f00000| PB 0x00000000b7f00000| Complete 
|1534|0x00000000ffe00000, 0x00000000fff00000, 0x00000000fff00000|100%| O|  |TAMS 0x00000000ffe00000| PB 0x00000000ffe00000| Untracked 
|1535|0x00000000fff00000, 0x0000000100000000, 0x0000000100000000|100%| O|  |TAMS 0x00000000fff00000| PB 0x00000000fff00000| Untracked 

Card table byte_map: [0x000002176d660000,0x000002176d960000] _byte_map_base: 0x000002176d160000

Marking Bits: (CMBitMap*) 0x000002175ae79170
 Bits: [0x000002176d960000, 0x000002176f160000)

Polling page: 0x0000021758bf0000

Metaspace:

Usage:
  Non-class:     66.84 MB used.
      Class:     10.84 MB used.
       Both:     77.68 MB used.

Virtual space:
  Non-class space:      128.00 MB reserved,      68.38 MB ( 53%) committed,  2 nodes.
      Class space:        1.00 GB reserved,      12.00 MB (  1%) committed,  1 nodes.
             Both:        1.12 GB reserved,      80.38 MB (  7%) committed. 

Chunk freelists:
   Non-Class:  12.05 MB
       Class:  4.54 MB
        Both:  16.59 MB

MaxMetaspaceSize: unlimited
CompressedClassSpaceSize: 1.00 GB
Initial GC threshold: 21.00 MB
Current GC threshold: 134.00 MB
CDS: on
 - commit_granule_bytes: 65536.
 - commit_granule_words: 8192.
 - virtual_space_node_default_size: 8388608.
 - enlarge_chunks_in_place: 1.
 - use_allocation_guard: 0.


Internal statistics:

num_allocs_failed_limit: 6.
num_arena_births: 4310.
num_arena_deaths: 2060.
num_vsnodes_births: 3.
num_vsnodes_deaths: 0.
num_space_committed: 1286.
num_space_uncommitted: 0.
num_chunks_returned_to_freelist: 2311.
num_chunks_taken_from_freelist: 8617.
num_chunk_merges: 795.
num_chunk_splits: 5196.
num_chunks_enlarged: 3232.
num_inconsistent_stats: 0.

CodeHeap 'non-profiled nmethods': size=120000Kb used=7636Kb max_used=7932Kb free=112363Kb
 bounds [0x0000021765b00000, 0x00000217662d0000, 0x000002176d030000]
CodeHeap 'profiled nmethods': size=120000Kb used=18270Kb max_used=18877Kb free=101730Kb
 bounds [0x000002175e030000, 0x000002175f2b0000, 0x0000021765560000]
CodeHeap 'non-nmethods': size=5760Kb used=2688Kb max_used=2785Kb free=3071Kb
 bounds [0x0000021765560000, 0x0000021765820000, 0x0000021765b00000]
CodeCache: size=245760Kb, used=28594Kb, max_used=29594Kb, free=217164Kb
 total_blobs=10578, nmethods=9625, adapters=857, full_count=0
Compilation: enabled, stopped_count=0, restarted_count=0

Compilation events (20 events):
Event: 2367.499 Thread 0x0000021771cbf2f0 14205       3       org.gradle.api.internal.artifacts.DefaultDependencyFactory::createDependency (46 bytes)
Event: 2367.499 Thread 0x0000021771cbf2f0 nmethod 14205 0x000002175e981d90 code [0x000002175e981f80, 0x000002175e982688]
Event: 2367.499 Thread 0x0000021771cbf2f0 14206       3       org.gradle.api.internal.artifacts.DefaultDependencyFactory::injectServices (37 bytes)
Event: 2367.500 Thread 0x0000021771cbf2f0 nmethod 14206 0x000002175ee0e090 code [0x000002175ee0e280, 0x000002175ee0e820]
Event: 2367.512 Thread 0x0000021771cbf2f0 14208       3       org.gradle.api.internal.artifacts.ivyservice.resolveengine.result.DefaultComponentSelectionDescriptor::<init> (85 bytes)
Event: 2367.513 Thread 0x0000021771cbf2f0 nmethod 14208 0x000002175ebf1190 code [0x000002175ebf1380, 0x000002175ebf1958]
Event: 2367.513 Thread 0x0000021771cbf2f0 14209       3       org.gradle.api.internal.artifacts.ivyservice.resolveengine.graph.builder.ModuleSelectors::doAdd (34 bytes)
Event: 2367.513 Thread 0x0000021771cbf2f0 nmethod 14209 0x000002175ef70510 code [0x000002175ef706e0, 0x000002175ef709b0]
Event: 2367.547 Thread 0x0000021771cbf2f0 14210       3       org.gradle.internal.Describables$FixedDescribable::equals (41 bytes)
Event: 2367.548 Thread 0x0000021771cbf2f0 nmethod 14210 0x000002175ec8cd10 code [0x000002175ec8cf00, 0x000002175ec8d428]
Event: 2367.550 Thread 0x0000021771cbf2f0 14211       3       org.gradle.api.internal.artifacts.ivyservice.ivyresolve.strategy.VersionParser$DefaultVersion::hashCode (8 bytes)
Event: 2367.550 Thread 0x0000021771cbf2f0 nmethod 14211 0x000002175ebdc610 code [0x000002175ebdc7c0, 0x000002175ebdc900]
Event: 2367.568 Thread 0x0000021771cbf2f0 14212       3       com.esotericsoftware.kryo.io.Output::writeVarLong (1304 bytes)
Event: 2367.571 Thread 0x0000021771cbf2f0 nmethod 14212 0x000002175e9fe710 code [0x000002175e9fea20, 0x000002175e9ffc78]
Event: 2367.600 Thread 0x0000021771cbf2f0 14213       3       org.gradle.internal.collections.ImmutableFilteredList::matching (81 bytes)
Event: 2367.601 Thread 0x0000021771cbf2f0 nmethod 14213 0x000002175e5a2c90 code [0x000002175e5a2ee0, 0x000002175e5a3790]
Event: 2367.617 Thread 0x0000021771cbf2f0 14214       1       org.gradle.internal.logging.events.ProgressCompleteEvent::getTimestamp (5 bytes)
Event: 2367.617 Thread 0x0000021771cbf2f0 nmethod 14214 0x0000021765d1b690 code [0x0000021765d1b820, 0x0000021765d1b8e8]
Event: 2367.617 Thread 0x0000021771cbf2f0 14215       1       org.gradle.internal.logging.events.ProgressCompleteEvent::getStatus (5 bytes)
Event: 2367.617 Thread 0x0000021771cbf2f0 nmethod 14215 0x0000021765d1b390 code [0x0000021765d1b520, 0x0000021765d1b5e8]

GC Heap History (20 events):
Event: 1542.996 GC heap before
{Heap before GC invocations=56 (full 0):
 garbage-first heap   total 155648K, used 143955K [0x00000000a0000000, 0x0000000100000000)
  region size 1024K, 54 young (55296K), 4 survivors (4096K)
 Metaspace       used 78909K, committed 81216K, reserved 1179648K
  class space    used 11176K, committed 12288K, reserved 1048576K
}
Event: 1543.026 GC heap after
{Heap after GC invocations=57 (full 0):
 garbage-first heap   total 155648K, used 96748K [0x00000000a0000000, 0x0000000100000000)
  region size 1024K, 7 young (7168K), 7 survivors (7168K)
 Metaspace       used 78909K, committed 81216K, reserved 1179648K
  class space    used 11176K, committed 12288K, reserved 1048576K
}
Event: 1544.427 GC heap before
{Heap before GC invocations=57 (full 0):
 garbage-first heap   total 155648K, used 144876K [0x00000000a0000000, 0x0000000100000000)
  region size 1024K, 55 young (56320K), 7 survivors (7168K)
 Metaspace       used 78909K, committed 81216K, reserved 1179648K
  class space    used 11176K, committed 12288K, reserved 1048576K
}
Event: 1544.445 GC heap after
{Heap after GC invocations=58 (full 0):
 garbage-first heap   total 155648K, used 98241K [0x00000000a0000000, 0x0000000100000000)
  region size 1024K, 4 young (4096K), 4 survivors (4096K)
 Metaspace       used 78909K, committed 81216K, reserved 1179648K
  class space    used 11176K, committed 12288K, reserved 1048576K
}
Event: 1689.387 GC heap before
{Heap before GC invocations=59 (full 0):
 garbage-first heap   total 165888K, used 149441K [0x00000000a0000000, 0x0000000100000000)
  region size 1024K, 50 young (51200K), 4 survivors (4096K)
 Metaspace       used 77959K, committed 81216K, reserved 1179648K
  class space    used 10922K, committed 12288K, reserved 1048576K
}
Event: 1689.395 GC heap after
{Heap after GC invocations=60 (full 0):
 garbage-first heap   total 165888K, used 105859K [0x00000000a0000000, 0x0000000100000000)
  region size 1024K, 7 young (7168K), 7 survivors (7168K)
 Metaspace       used 77959K, committed 81216K, reserved 1179648K
  class space    used 10922K, committed 12288K, reserved 1048576K
}
Event: 1763.569 GC heap before
{Heap before GC invocations=60 (full 0):
 garbage-first heap   total 165888K, used 151939K [0x00000000a0000000, 0x0000000100000000)
  region size 1024K, 53 young (54272K), 7 survivors (7168K)
 Metaspace       used 78966K, committed 81344K, reserved 1179648K
  class space    used 11080K, committed 12288K, reserved 1048576K
}
Event: 1763.598 GC heap after
{Heap after GC invocations=61 (full 0):
 garbage-first heap   total 167936K, used 109875K [0x00000000a0000000, 0x0000000100000000)
  region size 1024K, 5 young (5120K), 5 survivors (5120K)
 Metaspace       used 78966K, committed 81344K, reserved 1179648K
  class space    used 11080K, committed 12288K, reserved 1048576K
}
Event: 1831.575 GC heap before
{Heap before GC invocations=61 (full 0):
 garbage-first heap   total 167936K, used 153907K [0x00000000a0000000, 0x0000000100000000)
  region size 1024K, 48 young (49152K), 5 survivors (5120K)
 Metaspace       used 80292K, committed 82304K, reserved 1179648K
  class space    used 11342K, committed 12288K, reserved 1048576K
}
Event: 1831.588 GC heap after
{Heap after GC invocations=62 (full 0):
 garbage-first heap   total 167936K, used 113376K [0x00000000a0000000, 0x0000000100000000)
  region size 1024K, 4 young (4096K), 4 survivors (4096K)
 Metaspace       used 80292K, committed 82304K, reserved 1179648K
  class space    used 11342K, committed 12288K, reserved 1048576K
}
Event: 1927.901 GC heap before
{Heap before GC invocations=63 (full 0):
 garbage-first heap   total 191488K, used 154336K [0x00000000a0000000, 0x0000000100000000)
  region size 1024K, 44 young (45056K), 4 survivors (4096K)
 Metaspace       used 79621K, committed 82304K, reserved 1179648K
  class space    used 11183K, committed 12288K, reserved 1048576K
}
Event: 1927.910 GC heap after
{Heap after GC invocations=64 (full 0):
 garbage-first heap   total 191488K, used 113833K [0x00000000a0000000, 0x0000000100000000)
  region size 1024K, 4 young (4096K), 4 survivors (4096K)
 Metaspace       used 79621K, committed 82304K, reserved 1179648K
  class space    used 11183K, committed 12288K, reserved 1048576K
}
Event: 2065.925 GC heap before
{Heap before GC invocations=64 (full 0):
 garbage-first heap   total 191488K, used 178345K [0x00000000a0000000, 0x0000000100000000)
  region size 1024K, 67 young (68608K), 4 survivors (4096K)
 Metaspace       used 79651K, committed 82304K, reserved 1179648K
  class space    used 11183K, committed 12288K, reserved 1048576K
}
Event: 2065.945 GC heap after
{Heap after GC invocations=65 (full 0):
 garbage-first heap   total 191488K, used 113591K [0x00000000a0000000, 0x0000000100000000)
  region size 1024K, 5 young (5120K), 5 survivors (5120K)
 Metaspace       used 79651K, committed 82304K, reserved 1179648K
  class space    used 11183K, committed 12288K, reserved 1048576K
}
Event: 2183.334 GC heap before
{Heap before GC invocations=65 (full 0):
 garbage-first heap   total 191488K, used 180151K [0x00000000a0000000, 0x0000000100000000)
  region size 1024K, 71 young (72704K), 5 survivors (5120K)
 Metaspace       used 79661K, committed 82304K, reserved 1179648K
  class space    used 11183K, committed 12288K, reserved 1048576K
}
Event: 2183.351 GC heap after
{Heap after GC invocations=66 (full 0):
 garbage-first heap   total 191488K, used 114616K [0x00000000a0000000, 0x0000000100000000)
  region size 1024K, 6 young (6144K), 6 survivors (6144K)
 Metaspace       used 79661K, committed 82304K, reserved 1179648K
  class space    used 11183K, committed 12288K, reserved 1048576K
}
Event: 2301.267 GC heap before
{Heap before GC invocations=67 (full 0):
 garbage-first heap   total 191488K, used 179128K [0x00000000a0000000, 0x0000000100000000)
  region size 1024K, 71 young (72704K), 6 survivors (6144K)
 Metaspace       used 79336K, committed 82304K, reserved 1179648K
  class space    used 11093K, committed 12288K, reserved 1048576K
}
Event: 2301.278 GC heap after
{Heap after GC invocations=68 (full 0):
 garbage-first heap   total 191488K, used 114231K [0x00000000a0000000, 0x0000000100000000)
  region size 1024K, 4 young (4096K), 4 survivors (4096K)
 Metaspace       used 79336K, committed 82304K, reserved 1179648K
  class space    used 11093K, committed 12288K, reserved 1048576K
}
Event: 2367.122 GC heap before
{Heap before GC invocations=68 (full 0):
 garbage-first heap   total 191488K, used 179767K [0x00000000a0000000, 0x0000000100000000)
  region size 1024K, 69 young (70656K), 4 survivors (4096K)
 Metaspace       used 79482K, committed 82304K, reserved 1179648K
  class space    used 11098K, committed 12288K, reserved 1048576K
}
Event: 2367.138 GC heap after
{Heap after GC invocations=69 (full 0):
 garbage-first heap   total 192512K, used 116535K [0x00000000a0000000, 0x0000000100000000)
  region size 1024K, 8 young (8192K), 8 survivors (8192K)
 Metaspace       used 79482K, committed 82304K, reserved 1179648K
  class space    used 11098K, committed 12288K, reserved 1048576K
}

Dll operation events (20 events):
Event: 0.962 Attempting to load shared library C:\Users\Khaing\.vscode\extensions\redhat.java-1.56.0-win32-x64\jre\21.0.12.1-win32-x86_64\bin\nio.dll
Event: 0.971 Loaded shared library C:\Users\Khaing\.vscode\extensions\redhat.java-1.56.0-win32-x64\jre\21.0.12.1-win32-x86_64\bin\nio.dll
Event: 0.980 Attempting to load shared library C:\Users\Khaing\.vscode\extensions\redhat.java-1.56.0-win32-x64\jre\21.0.12.1-win32-x86_64\bin\zip.dll
Event: 0.980 Loaded shared library C:\Users\Khaing\.vscode\extensions\redhat.java-1.56.0-win32-x64\jre\21.0.12.1-win32-x86_64\bin\zip.dll
Event: 5.611 Attempting to load shared library C:\Users\Khaing\.vscode\extensions\redhat.java-1.56.0-win32-x64\jre\21.0.12.1-win32-x86_64\bin\jimage.dll
Event: 5.611 Loaded shared library C:\Users\Khaing\.vscode\extensions\redhat.java-1.56.0-win32-x64\jre\21.0.12.1-win32-x86_64\bin\jimage.dll
Event: 11.592 Attempting to load shared library C:\Users\Khaing\.vscode\extensions\redhat.java-1.56.0-win32-x64\jre\21.0.12.1-win32-x86_64\bin\verify.dll
Event: 11.602 Loaded shared library C:\Users\Khaing\.vscode\extensions\redhat.java-1.56.0-win32-x64\jre\21.0.12.1-win32-x86_64\bin\verify.dll
Event: 12.617 Attempting to load shared library C:\Users\Khaing\.gradle\native\1def1411415f61bf3af743bc5b6707747c0891f09f0c88961ee8f79bc544acac\windows-amd64\native-platform.dll
Event: 12.678 Loaded shared library C:\Users\Khaing\.gradle\native\1def1411415f61bf3af743bc5b6707747c0891f09f0c88961ee8f79bc544acac\windows-amd64\native-platform.dll
Event: 13.217 Attempting to load shared library C:\Users\Khaing\.gradle\native\0.2.7\x86_64-windows-gnu\gradle-fileevents.dll
Event: 13.260 Loaded shared library C:\Users\Khaing\.gradle\native\0.2.7\x86_64-windows-gnu\gradle-fileevents.dll
Event: 57.719 Attempting to load shared library C:\Users\Khaing\.vscode\extensions\redhat.java-1.56.0-win32-x64\jre\21.0.12.1-win32-x86_64\bin\management.dll
Event: 57.822 Loaded shared library C:\Users\Khaing\.vscode\extensions\redhat.java-1.56.0-win32-x64\jre\21.0.12.1-win32-x86_64\bin\management.dll
Event: 58.042 Attempting to load shared library C:\Users\Khaing\.vscode\extensions\redhat.java-1.56.0-win32-x64\jre\21.0.12.1-win32-x86_64\bin\management_ext.dll
Event: 58.264 Loaded shared library C:\Users\Khaing\.vscode\extensions\redhat.java-1.56.0-win32-x64\jre\21.0.12.1-win32-x86_64\bin\management_ext.dll
Event: 63.265 Attempting to load shared library C:\Users\Khaing\.vscode\extensions\redhat.java-1.56.0-win32-x64\jre\21.0.12.1-win32-x86_64\bin\extnet.dll
Event: 63.297 Loaded shared library C:\Users\Khaing\.vscode\extensions\redhat.java-1.56.0-win32-x64\jre\21.0.12.1-win32-x86_64\bin\extnet.dll
Event: 64.816 Attempting to load shared library C:\Users\Khaing\.vscode\extensions\redhat.java-1.56.0-win32-x64\jre\21.0.12.1-win32-x86_64\bin\sunmscapi.dll
Event: 64.878 Loaded shared library C:\Users\Khaing\.vscode\extensions\redhat.java-1.56.0-win32-x64\jre\21.0.12.1-win32-x86_64\bin\sunmscapi.dll

Deoptimization events (20 events):
Event: 2367.152 Thread 0x00000217773f3b00 Uncommon trap: trap_request=0xffffffde fr.pc=0x00000217660f09e0 relative=0x0000000000000a60
Event: 2367.152 Thread 0x00000217773f3b00 Uncommon trap: reason=class_check action=maybe_recompile pc=0x00000217660f09e0 method=com.google.common.cache.LocalCache$Segment.get(Ljava/lang/Object;ILcom/google/common/cache/CacheLoader;)Ljava/lang/Object; @ 70 c2
Event: 2367.152 Thread 0x00000217773f3b00 DEOPT PACKING pc=0x00000217660f09e0 sp=0x0000004ac48f9150
Event: 2367.152 Thread 0x00000217773f3b00 DEOPT UNPACKING pc=0x00000217655b4422 sp=0x0000004ac48f9110 mode 2
Event: 2367.152 Thread 0x00000217773f3b00 Uncommon trap: trap_request=0xffffffde fr.pc=0x00000217660f09e0 relative=0x0000000000000a60
Event: 2367.152 Thread 0x00000217773f3b00 Uncommon trap: reason=class_check action=maybe_recompile pc=0x00000217660f09e0 method=com.google.common.cache.LocalCache$Segment.get(Ljava/lang/Object;ILcom/google/common/cache/CacheLoader;)Ljava/lang/Object; @ 70 c2
Event: 2367.152 Thread 0x00000217773f3b00 DEOPT PACKING pc=0x00000217660f09e0 sp=0x0000004ac48f9150
Event: 2367.152 Thread 0x00000217773f3b00 DEOPT UNPACKING pc=0x00000217655b4422 sp=0x0000004ac48f9110 mode 2
Event: 2367.164 Thread 0x0000021779f9d050 Uncommon trap: trap_request=0xffffff45 fr.pc=0x000002176614ee10 relative=0x0000000000000510
Event: 2367.164 Thread 0x0000021779f9d050 Uncommon trap: reason=unstable_if action=reinterpret pc=0x000002176614ee10 method=com.esotericsoftware.kryo.io.Output.writeVarLong(JZ)I @ 55 c2
Event: 2367.164 Thread 0x0000021779f9d050 DEOPT PACKING pc=0x000002176614ee10 sp=0x0000004ac47ff1b0
Event: 2367.165 Thread 0x0000021779f9d050 DEOPT UNPACKING pc=0x00000217655b4422 sp=0x0000004ac47ff180 mode 2
Event: 2367.180 Thread 0x00000217773f3b00 Uncommon trap: trap_request=0xffffffc6 fr.pc=0x0000021765faf930 relative=0x0000000000000490
Event: 2367.180 Thread 0x00000217773f3b00 Uncommon trap: reason=bimorphic_or_optimized_type_check action=maybe_recompile pc=0x0000021765faf930 method=com.google.common.cache.LocalCache$Segment.getEntry(Ljava/lang/Object;I)Lcom/google/common/cache/ReferenceEntry; @ 24 c2
Event: 2367.180 Thread 0x00000217773f3b00 DEOPT PACKING pc=0x0000021765faf930 sp=0x0000004ac48f8520
Event: 2367.180 Thread 0x00000217773f3b00 DEOPT UNPACKING pc=0x00000217655b4422 sp=0x0000004ac48f84b8 mode 2
Event: 2367.299 Thread 0x00000217773f3b00 Uncommon trap: trap_request=0xffffffc6 fr.pc=0x00000217660c528c relative=0x00000000000003ac
Event: 2367.299 Thread 0x00000217773f3b00 Uncommon trap: reason=bimorphic_or_optimized_type_check action=maybe_recompile pc=0x00000217660c528c method=org.codehaus.groovy.util.SingleKeyHashMap.get(Ljava/lang/Object;)Ljava/lang/Object; @ 43 c2
Event: 2367.299 Thread 0x00000217773f3b00 DEOPT PACKING pc=0x00000217660c528c sp=0x0000004ac48f7580
Event: 2367.299 Thread 0x00000217773f3b00 DEOPT UNPACKING pc=0x00000217655b4422 sp=0x0000004ac48f7508 mode 2

Classes loaded (20 events):
Event: 1762.801 Loading class java/util/AbstractListCustomizer
Event: 1762.801 Loading class java/util/AbstractListCustomizer done
Event: 1762.808 Loading class java/util/ArrayListCustomizer
Event: 1762.808 Loading class java/util/ArrayListCustomizer done
Event: 1762.809 Loading class java/util/ArrayListCustomizer
Event: 1762.809 Loading class java/util/ArrayListCustomizer done
Event: 1764.659 Loading class java/util/concurrent/ConcurrentLinkedQueue$Itr
Event: 1764.659 Loading class java/util/concurrent/ConcurrentLinkedQueue$Itr done
Event: 1765.036 Loading class java/util/HashMap$EntrySpliterator
Event: 1765.036 Loading class java/util/HashMap$EntrySpliterator done
Event: 1765.080 Loading class java/nio/file/StandardCopyOption
Event: 1765.081 Loading class java/nio/file/StandardCopyOption done
Event: 1765.082 Loading class sun/nio/fs/WindowsFileCopy
Event: 1765.086 Loading class sun/nio/fs/WindowsFileCopy done
Event: 1765.837 Loading class java/time/Instant$1
Event: 1765.837 Loading class java/time/Instant$1 done
Event: 1766.316 Loading class java/util/concurrent/CompletableFuture$AsyncRun
Event: 1766.318 Loading class java/util/concurrent/CompletableFuture$AsyncRun done
Event: 1781.565 Loading class jdk/internal/math/FormattedFPDecimal
Event: 1781.565 Loading class jdk/internal/math/FormattedFPDecimal done

Classes unloaded (20 events):
Event: 2183.647 Thread 0x0000021771c83fa0 Unloading class 0x0000021701351c00 'java/lang/invoke/LambdaForm$MH+0x0000021701351c00'
Event: 2183.647 Thread 0x0000021771c83fa0 Unloading class 0x000002170134ac00 'java/lang/invoke/LambdaForm$MH+0x000002170134ac00'
Event: 2183.647 Thread 0x0000021771c83fa0 Unloading class 0x0000021701349800 'java/lang/invoke/LambdaForm$MH+0x0000021701349800'
Event: 2183.647 Thread 0x0000021771c83fa0 Unloading class 0x0000021701346800 'java/lang/invoke/LambdaForm$MH+0x0000021701346800'
Event: 2183.647 Thread 0x0000021771c83fa0 Unloading class 0x0000021701346400 'java/lang/invoke/LambdaForm$MH+0x0000021701346400'
Event: 2183.647 Thread 0x0000021771c83fa0 Unloading class 0x0000021701344000 'java/lang/invoke/LambdaForm$MH+0x0000021701344000'
Event: 2183.647 Thread 0x0000021771c83fa0 Unloading class 0x0000021701341000 'java/lang/invoke/LambdaForm$MH+0x0000021701341000'
Event: 2183.647 Thread 0x0000021771c83fa0 Unloading class 0x0000021701340c00 'java/lang/invoke/LambdaForm$MH+0x0000021701340c00'
Event: 2183.648 Thread 0x0000021771c83fa0 Unloading class 0x0000021701338c00 'java/lang/invoke/LambdaForm$MH+0x0000021701338c00'
Event: 2183.648 Thread 0x0000021771c83fa0 Unloading class 0x0000021701318400 'java/lang/invoke/LambdaForm$MH+0x0000021701318400'
Event: 2183.648 Thread 0x0000021771c83fa0 Unloading class 0x00000217012dc400 'java/lang/invoke/LambdaForm$MH+0x00000217012dc400'
Event: 2183.648 Thread 0x0000021771c83fa0 Unloading class 0x00000217012c8c00 'java/lang/invoke/LambdaForm$MH+0x00000217012c8c00'
Event: 2183.648 Thread 0x0000021771c83fa0 Unloading class 0x00000217012c8800 'java/lang/invoke/LambdaForm$MH+0x00000217012c8800'
Event: 2183.648 Thread 0x0000021771c83fa0 Unloading class 0x0000021701248c00 'java/lang/invoke/LambdaForm$MH+0x0000021701248c00'
Event: 2183.648 Thread 0x0000021771c83fa0 Unloading class 0x0000021701248800 'java/lang/invoke/LambdaForm$MH+0x0000021701248800'
Event: 2183.648 Thread 0x0000021771c83fa0 Unloading class 0x0000021701243000 'java/lang/invoke/LambdaForm$MH+0x0000021701243000'
Event: 2183.648 Thread 0x0000021771c83fa0 Unloading class 0x0000021701240400 'java/lang/invoke/LambdaForm$MH+0x0000021701240400'
Event: 2183.648 Thread 0x0000021771c83fa0 Unloading class 0x0000021701234000 'java/lang/invoke/LambdaForm$MH+0x0000021701234000'
Event: 2183.648 Thread 0x0000021771c83fa0 Unloading class 0x00000217011a0800 'java/lang/invoke/LambdaForm$MH+0x00000217011a0800'
Event: 2183.648 Thread 0x0000021771c83fa0 Unloading class 0x0000021701151c00 'java/lang/invoke/LambdaForm$MH+0x0000021701151c00'

Classes redefined (0 events):
No events

Internal exceptions (20 events):
Event: 1782.612 Thread 0x00000217773f3b00 Exception <a 'java/lang/NoSuchMethodError'{0x00000000a8813cb8}: 'java.lang.Object java.lang.invoke.DelegatingMethodHandle$Holder.reinvoke_L(java.lang.Object, java.lang.Object, java.lang.Object, java.lang.Object, java.lang.Object, java.lang.Object, java.lang.Object, java.lang.Object, java.lang.Object, java.lang.Object, java.lang.Object, java.lang.Object, java.lang.Object, java.lang.Object, java.lang.Object, java.lang.Object, java.lang.Object, java.lang.Object, java.lang.Object, java.lang.Object, java.lang.O
Event: 1783.271 Thread 0x00000217773f3b00 Exception <a 'sun/nio/fs/WindowsException'{0x00000000a86da968}> (0x00000000a86da968) 
thrown [s\src\hotspot\share\prims\jni.cpp, line 520]
Event: 1783.283 Thread 0x00000217773f3b00 Exception <a 'sun/nio/fs/WindowsException'{0x00000000a86dbe48}> (0x00000000a86dbe48) 
thrown [s\src\hotspot\share\prims\jni.cpp, line 520]
Event: 1783.293 Thread 0x00000217773f3b00 Exception <a 'sun/nio/fs/WindowsException'{0x00000000a86dd318}> (0x00000000a86dd318) 
thrown [s\src\hotspot\share\prims\jni.cpp, line 520]
Event: 1783.320 Thread 0x00000217773f3b00 Exception <a 'sun/nio/fs/WindowsException'{0x00000000a86de7d8}> (0x00000000a86de7d8) 
thrown [s\src\hotspot\share\prims\jni.cpp, line 520]
Event: 2366.365 Thread 0x00000217773f3b00 Implicit null exception at 0x00000217660a8c9a to 0x00000217660adaec
Event: 2366.410 Thread 0x00000217773f3b00 Implicit null exception at 0x0000021765f93f72 to 0x0000021765f9454c
Event: 2366.765 Thread 0x00000217773f3b00 Exception <a 'java/io/FileNotFoundException'{0x00000000a7f39b00}> (0x00000000a7f39b00) 
thrown [s\src\hotspot\share\prims\jni.cpp, line 520]
Event: 2366.776 Thread 0x00000217773f3b00 Exception <a 'java/lang/NoClassDefFoundError'{0x00000000a7f57900}: org/jetbrains/kotlin/gradle/plugin/KotlinBasePluginWrapper> (0x00000000a7f57900) 
thrown [s\src\hotspot\share\oops\constantPool.cpp, line 873]
Event: 2366.789 Thread 0x00000217773f3b00 Exception <a 'java/lang/NoClassDefFoundError'{0x00000000a7f75a98}: org/jetbrains/kotlin/gradle/plugin/KotlinBasePluginWrapper> (0x00000000a7f75a98) 
thrown [s\src\hotspot\share\oops\constantPool.cpp, line 873]
Event: 2366.791 Thread 0x00000217773f3b00 Exception <a 'java/lang/NoClassDefFoundError'{0x00000000a7f8bb10}: org/jetbrains/kotlin/gradle/plugin/KotlinBasePluginWrapper> (0x00000000a7f8bb10) 
thrown [s\src\hotspot\share\oops\constantPool.cpp, line 873]
Event: 2366.795 Thread 0x00000217773f3b00 Exception <a 'java/lang/NoClassDefFoundError'{0x00000000a7fa2f88}: org/jetbrains/kotlin/gradle/plugin/KotlinBasePluginWrapper> (0x00000000a7fa2f88) 
thrown [s\src\hotspot\share\oops\constantPool.cpp, line 873]
Event: 2366.800 Thread 0x00000217773f3b00 Exception <a 'java/lang/NoClassDefFoundError'{0x00000000a7fc0ed0}: org/jetbrains/kotlin/gradle/plugin/KotlinBasePluginWrapper> (0x00000000a7fc0ed0) 
thrown [s\src\hotspot\share\oops\constantPool.cpp, line 873]
Event: 2366.889 Thread 0x00000217773f3b00 Exception <a 'java/lang/NoClassDefFoundError'{0x00000000a7c5de00}: org/jetbrains/kotlin/gradle/plugin/KotlinBasePluginWrapper> (0x00000000a7c5de00) 
thrown [s\src\hotspot\share\oops\constantPool.cpp, line 873]
Event: 2367.341 Thread 0x00000217773f3b00 Exception <a 'java/lang/NoClassDefFoundError'{0x00000000b1aa83c0}: org/jetbrains/kotlin/gradle/plugin/KotlinBasePluginWrapper> (0x00000000b1aa83c0) 
thrown [s\src\hotspot\share\oops\constantPool.cpp, line 873]
Event: 2367.345 Thread 0x00000217773f3b00 Exception <a 'java/lang/NoClassDefFoundError'{0x00000000b1ac1fa8}: org/jetbrains/kotlin/gradle/plugin/KotlinBasePluginWrapper> (0x00000000b1ac1fa8) 
thrown [s\src\hotspot\share\oops\constantPool.cpp, line 873]
Event: 2367.347 Thread 0x00000217773f3b00 Exception <a 'java/lang/NoClassDefFoundError'{0x00000000b1ad7f78}: org/jetbrains/kotlin/gradle/plugin/KotlinBasePluginWrapper> (0x00000000b1ad7f78) 
thrown [s\src\hotspot\share\oops\constantPool.cpp, line 873]
Event: 2367.363 Thread 0x00000217773f3b00 Exception <a 'java/lang/NoClassDefFoundError'{0x00000000b1aef4b0}: org/jetbrains/kotlin/gradle/plugin/KotlinBasePluginWrapper> (0x00000000b1aef4b0) 
thrown [s\src\hotspot\share\oops\constantPool.cpp, line 873]
Event: 2367.371 Thread 0x00000217773f3b00 Exception <a 'java/lang/NoClassDefFoundError'{0x00000000b190d288}: org/jetbrains/kotlin/gradle/plugin/KotlinBasePluginWrapper> (0x00000000b190d288) 
thrown [s\src\hotspot\share\oops\constantPool.cpp, line 873]
Event: 2367.457 Thread 0x00000217773f3b00 Exception <a 'java/lang/NoClassDefFoundError'{0x00000000b171a2b0}: org/jetbrains/kotlin/gradle/plugin/KotlinBasePluginWrapper> (0x00000000b171a2b0) 
thrown [s\src\hotspot\share\oops\constantPool.cpp, line 873]

ZGC Phase Switch (0 events):
No events

VM Operations (20 events):
Event: 2201.735 Executing safepoint VM operation: Cleanup
Event: 2201.735 Executing safepoint VM operation: Cleanup done
Event: 2224.849 Executing safepoint VM operation: Cleanup
Event: 2224.849 Executing safepoint VM operation: Cleanup done
Event: 2225.140 Executing non-safepoint VM operation: HandshakeAllThreads (HandshakeForDeflation)
Event: 2225.140 Executing non-safepoint VM operation: HandshakeAllThreads (HandshakeForDeflation) done
Event: 2225.140 Executing non-safepoint VM operation: RendezvousGCThreads
Event: 2225.140 Executing non-safepoint VM operation: RendezvousGCThreads done
Event: 2277.450 Executing safepoint VM operation: Cleanup
Event: 2277.450 Executing safepoint VM operation: Cleanup done
Event: 2279.467 Executing safepoint VM operation: Cleanup
Event: 2279.467 Executing safepoint VM operation: Cleanup done
Event: 2301.267 Executing safepoint VM operation: G1CollectForAllocation (G1 Evacuation Pause)
Event: 2301.278 Executing safepoint VM operation: G1CollectForAllocation (G1 Evacuation Pause) done
Event: 2313.362 Executing safepoint VM operation: Cleanup
Event: 2313.363 Executing safepoint VM operation: Cleanup done
Event: 2366.628 Executing safepoint VM operation: Cleanup
Event: 2366.629 Executing safepoint VM operation: Cleanup done
Event: 2367.100 Executing safepoint VM operation: G1CollectForAllocation (G1 Evacuation Pause)
Event: 2367.138 Executing safepoint VM operation: G1CollectForAllocation (G1 Evacuation Pause) done

Memory protections (0 events):
No events

Nmethod flushes (20 events):
Event: 2183.779 Thread 0x0000021771c83fa0 flushing  nmethod 0x000002175e79a990
Event: 2183.779 Thread 0x0000021771c83fa0 flushing  nmethod 0x000002175e79b910
Event: 2183.779 Thread 0x0000021771c83fa0 flushing  nmethod 0x000002175e79cf90
Event: 2183.779 Thread 0x0000021771c83fa0 flushing  nmethod 0x000002175e7e7a10
Event: 2183.779 Thread 0x0000021771c83fa0 flushing  nmethod 0x000002175e86fb10
Event: 2183.779 Thread 0x0000021771c83fa0 flushing  nmethod 0x000002175e870e10
Event: 2183.779 Thread 0x0000021771c83fa0 flushing  nmethod 0x000002175e875110
Event: 2183.780 Thread 0x0000021771c83fa0 flushing  nmethod 0x000002175e977f90
Event: 2183.780 Thread 0x0000021771c83fa0 flushing  nmethod 0x000002175e9f4190
Event: 2183.780 Thread 0x0000021771c83fa0 flushing  nmethod 0x000002175e9f7210
Event: 2183.780 Thread 0x0000021771c83fa0 flushing  nmethod 0x000002175ea58590
Event: 2183.780 Thread 0x0000021771c83fa0 flushing  nmethod 0x000002175ea58b10
Event: 2183.780 Thread 0x0000021771c83fa0 flushing  nmethod 0x000002175ea59a10
Event: 2183.780 Thread 0x0000021771c83fa0 flushing  nmethod 0x000002175ea59e90
Event: 2183.780 Thread 0x0000021771c83fa0 flushing  nmethod 0x000002175eaa5d10
Event: 2183.780 Thread 0x0000021771c83fa0 flushing  nmethod 0x000002175ed05290
Event: 2183.780 Thread 0x0000021771c83fa0 flushing  nmethod 0x000002175ed08e90
Event: 2183.780 Thread 0x0000021771c83fa0 flushing  nmethod 0x000002175ed09410
Event: 2183.780 Thread 0x0000021771c83fa0 flushing  nmethod 0x000002175ed0ba10
Event: 2183.780 Thread 0x0000021771c83fa0 flushing  nmethod 0x000002175ed54190

Events (20 events):
Event: 2142.718 Thread 0x00000217773f3b00 Thread added: 0x000002177b538560
Event: 2142.721 Thread 0x00000217773f3b00 Thread added: 0x000002177b53dab0
Event: 2142.722 Thread 0x00000217773f3b00 Thread added: 0x000002177b53e140
Event: 2142.741 Thread 0x00000217773f3b00 Thread added: 0x000002177b53b350
Event: 2142.742 Thread 0x00000217773f3b00 Thread added: 0x000002177b53e7d0
Event: 2366.079 Thread 0x00000217773f3b00 Thread added: 0x00000217788f6330
Event: 2366.088 Thread 0x00000217773f3b00 Thread added: 0x00000217788f2eb0
Event: 2366.090 Thread 0x00000217773f3b00 Thread added: 0x00000217788f4f80
Event: 2366.091 Thread 0x00000217773f3b00 Thread added: 0x00000217788f69c0
Event: 2366.092 Thread 0x00000217773f3b00 Thread added: 0x00000217788f3540
Event: 2366.094 Thread 0x00000217773f3b00 Thread added: 0x00000217788f7050
Event: 2366.094 Thread 0x00000217773f3b00 Thread added: 0x00000217788f3bd0
Event: 2366.733 Thread 0x00000217773f3b00 Thread added: 0x00000217788f7d70
Event: 2367.070 Thread 0x00000217773f3b00 Thread added: 0x00000217788f8400
Event: 2367.071 Thread 0x00000217773f3b00 Thread added: 0x00000217788f8a90
Event: 2367.074 Thread 0x00000217773f3b00 Thread added: 0x0000021779d199d0
Event: 2367.075 Thread 0x00000217773f3b00 Thread added: 0x0000021779d19340
Event: 2367.076 Thread 0x00000217773f3b00 Thread added: 0x0000021779d18cb0
Event: 2367.077 Thread 0x00000217773f3b00 Thread added: 0x0000021779d1a060
Event: 2367.078 Thread 0x00000217773f3b00 Thread added: 0x0000021779d17270


Dynamic libraries:
0x00007ff73f560000 - 0x00007ff73f56e000 	C:\Users\Khaing\.vscode\extensions\redhat.java-1.56.0-win32-x64\jre\21.0.12.1-win32-x86_64\bin\java.exe
0x00007ffc138e0000 - 0x00007ffc13b47000 	C:\WINDOWS\SYSTEM32\ntdll.dll
0x00007ffc13060000 - 0x00007ffc1312b000 	C:\WINDOWS\System32\KERNEL32.DLL
0x00007ffc10ca0000 - 0x00007ffc110a2000 	C:\WINDOWS\System32\KERNELBASE.dll
0x00007ffc111e0000 - 0x00007ffc1132c000 	C:\WINDOWS\System32\ucrtbase.dll
0x00007ffc07af0000 - 0x00007ffc07b08000 	C:\Users\Khaing\.vscode\extensions\redhat.java-1.56.0-win32-x64\jre\21.0.12.1-win32-x86_64\bin\jli.dll
0x00007ffc12230000 - 0x00007ffc123ff000 	C:\WINDOWS\System32\USER32.dll
0x00007ffc10bc0000 - 0x00007ffc10be7000 	C:\WINDOWS\System32\win32u.dll
0x00007ffc13030000 - 0x00007ffc1305b000 	C:\WINDOWS\System32\GDI32.dll
0x00007ffc110b0000 - 0x00007ffc111d9000 	C:\WINDOWS\System32\gdi32full.dll
0x00007ffc10bf0000 - 0x00007ffc10c93000 	C:\WINDOWS\System32\msvcp_win.dll
0x00007ffbfe620000 - 0x00007ffbfe63e000 	C:\Users\Khaing\.vscode\extensions\redhat.java-1.56.0-win32-x64\jre\21.0.12.1-win32-x86_64\bin\VCRUNTIME140.dll
0x00007ffbf8a40000 - 0x00007ffbf8cd0000 	C:\WINDOWS\WinSxS\amd64_microsoft.windows.common-controls_6595b64144ccf1df_6.0.26100.9278_none_3e0d1ba8e3303201\COMCTL32.dll
0x00007ffc13430000 - 0x00007ffc134d9000 	C:\WINDOWS\System32\msvcrt.dll
0x00007ffc12dd0000 - 0x00007ffc12e01000 	C:\WINDOWS\System32\IMM32.DLL
0x00007ffc0b3e0000 - 0x00007ffc0b3ec000 	C:\Users\Khaing\.vscode\extensions\redhat.java-1.56.0-win32-x64\jre\21.0.12.1-win32-x86_64\bin\vcruntime140_1.dll
0x00007ffbfe590000 - 0x00007ffbfe61d000 	C:\Users\Khaing\.vscode\extensions\redhat.java-1.56.0-win32-x64\jre\21.0.12.1-win32-x86_64\bin\msvcp140.dll
0x00007ffb90bd0000 - 0x00007ffb91972000 	C:\Users\Khaing\.vscode\extensions\redhat.java-1.56.0-win32-x64\jre\21.0.12.1-win32-x86_64\bin\server\jvm.dll
0x00007ffc134e0000 - 0x00007ffc1359c000 	C:\WINDOWS\System32\ADVAPI32.dll
0x00007ffc11950000 - 0x00007ffc119f9000 	C:\WINDOWS\System32\sechost.dll
0x00007ffc11630000 - 0x00007ffc11748000 	C:\WINDOWS\System32\RPCRT4.dll
0x00007ffc10990000 - 0x00007ffc109ee000 	C:\WINDOWS\SYSTEM32\POWRPROF.dll
0x00007ffc11a00000 - 0x00007ffc11a80000 	C:\WINDOWS\System32\WS2_32.dll
0x00007ffc075a0000 - 0x00007ffc075ab000 	C:\WINDOWS\SYSTEM32\VERSION.dll
0x00007ffbfe9c0000 - 0x00007ffbfe9f6000 	C:\WINDOWS\SYSTEM32\WINMM.dll
0x00007ffc10970000 - 0x00007ffc10985000 	C:\WINDOWS\SYSTEM32\UMPDC.dll
0x00007ffc0f6c0000 - 0x00007ffc0f6db000 	C:\WINDOWS\SYSTEM32\kernel.appcore.dll
0x00007ffc07fc0000 - 0x00007ffc07fca000 	C:\Users\Khaing\.vscode\extensions\redhat.java-1.56.0-win32-x64\jre\21.0.12.1-win32-x86_64\bin\jimage.dll
0x00007ffc0df00000 - 0x00007ffc0e14c000 	C:\WINDOWS\SYSTEM32\DBGHELP.DLL
0x00007ffc125b0000 - 0x00007ffc12935000 	C:\WINDOWS\System32\combase.dll
0x00007ffc13160000 - 0x00007ffc13239000 	C:\WINDOWS\System32\OLEAUT32.dll
0x00007ffbfed90000 - 0x00007ffbfedcb000 	C:\WINDOWS\SYSTEM32\dbgcore.DLL
0x00007ffc113f0000 - 0x00007ffc1149c000 	C:\WINDOWS\System32\bcryptPrimitives.dll
0x00007ffc04680000 - 0x00007ffc0468f000 	C:\Users\Khaing\.vscode\extensions\redhat.java-1.56.0-win32-x64\jre\21.0.12.1-win32-x86_64\bin\instrument.dll
0x00007ffbfe540000 - 0x00007ffbfe560000 	C:\Users\Khaing\.vscode\extensions\redhat.java-1.56.0-win32-x64\jre\21.0.12.1-win32-x86_64\bin\java.dll
0x00007ffc11a90000 - 0x00007ffc12228000 	C:\WINDOWS\System32\SHELL32.dll
0x00007ffc0e260000 - 0x00007ffc0eb0e000 	C:\WINDOWS\SYSTEM32\windows.storage.dll
0x00007ffc135b0000 - 0x00007ffc136ab000 	C:\WINDOWS\System32\SHCORE.dll
0x00007ffc13830000 - 0x00007ffc13896000 	C:\WINDOWS\System32\shlwapi.dll
0x00007ffc10a50000 - 0x00007ffc10a79000 	C:\WINDOWS\SYSTEM32\profapi.dll
0x00007ffbfe350000 - 0x00007ffbfe368000 	C:\Users\Khaing\.vscode\extensions\redhat.java-1.56.0-win32-x64\jre\21.0.12.1-win32-x86_64\bin\zip.dll
0x00007ffc01a10000 - 0x00007ffc01a20000 	C:\Users\Khaing\.vscode\extensions\redhat.java-1.56.0-win32-x64\jre\21.0.12.1-win32-x86_64\bin\net.dll
0x00007ffc0f6e0000 - 0x00007ffc0f80a000 	C:\WINDOWS\SYSTEM32\WINHTTP.dll
0x00007ffc0fd60000 - 0x00007ffc0fdcc000 	C:\WINDOWS\system32\mswsock.dll
0x00007ffbfe330000 - 0x00007ffbfe346000 	C:\Users\Khaing\.vscode\extensions\redhat.java-1.56.0-win32-x64\jre\21.0.12.1-win32-x86_64\bin\nio.dll
0x00007ffbfe4f0000 - 0x00007ffbfe500000 	C:\Users\Khaing\.vscode\extensions\redhat.java-1.56.0-win32-x64\jre\21.0.12.1-win32-x86_64\bin\verify.dll
0x00007ffbe2300000 - 0x00007ffbe2327000 	C:\Users\Khaing\.gradle\native\1def1411415f61bf3af743bc5b6707747c0891f09f0c88961ee8f79bc544acac\windows-amd64\native-platform.dll
0x00007ffbea480000 - 0x00007ffbea4f8000 	C:\Users\Khaing\.gradle\native\0.2.7\x86_64-windows-gnu\gradle-fileevents.dll
0x00007ffc04720000 - 0x00007ffc0472a000 	C:\Users\Khaing\.vscode\extensions\redhat.java-1.56.0-win32-x64\jre\21.0.12.1-win32-x86_64\bin\management.dll
0x00007ffc046a0000 - 0x00007ffc046ac000 	C:\Users\Khaing\.vscode\extensions\redhat.java-1.56.0-win32-x64\jre\21.0.12.1-win32-x86_64\bin\management_ext.dll
0x00007ffc13810000 - 0x00007ffc13818000 	C:\WINDOWS\System32\PSAPI.DLL
0x00007ffc0ee70000 - 0x00007ffc0eea3000 	C:\WINDOWS\SYSTEM32\IPHLPAPI.DLL
0x00007ffc135a0000 - 0x00007ffc135aa000 	C:\WINDOWS\System32\NSI.dll
0x00007ffc0b420000 - 0x00007ffc0b429000 	C:\Users\Khaing\.vscode\extensions\redhat.java-1.56.0-win32-x64\jre\21.0.12.1-win32-x86_64\bin\extnet.dll
0x00007ffc10150000 - 0x00007ffc1016b000 	C:\WINDOWS\SYSTEM32\CRYPTSP.dll
0x00007ffc0f620000 - 0x00007ffc0f659000 	C:\WINDOWS\system32\rsaenh.dll
0x00007ffc0fe00000 - 0x00007ffc0fe34000 	C:\WINDOWS\SYSTEM32\USERENV.dll
0x00007ffc10a20000 - 0x00007ffc10a4a000 	C:\WINDOWS\SYSTEM32\bcrypt.dll
0x00007ffc0ffb0000 - 0x00007ffc0ffbc000 	C:\WINDOWS\SYSTEM32\CRYPTBASE.dll
0x00007ffc012c0000 - 0x00007ffc012ce000 	C:\Users\Khaing\.vscode\extensions\redhat.java-1.56.0-win32-x64\jre\21.0.12.1-win32-x86_64\bin\sunmscapi.dll
0x00007ffc114a0000 - 0x00007ffc1161e000 	C:\WINDOWS\System32\CRYPT32.dll
0x00007ffc102f0000 - 0x00007ffc10320000 	C:\WINDOWS\SYSTEM32\ncrypt.dll
0x00007ffc102a0000 - 0x00007ffc102df000 	C:\WINDOWS\SYSTEM32\NTASN1.dll
0x00007ffbec0f0000 - 0x00007ffbec0f8000 	C:\WINDOWS\system32\wshunix.dll

JVMTI agents:
C:\Users\Khaing\.gradle\wrapper\dists\gradle-8.14.3-all\10utluxaxniiv4wxiphsi49nj\gradle-8.14.3\lib\agents\gradle-instrumentation-agent-8.14.3.jar path:C:\Users\Khaing\.vscode\extensions\redhat.java-1.56.0-win32-x64\jre\21.0.12.1-win32-x86_64\bin\instrument.dll, loaded, initialized, instrumentlib options:none

dbghelp: loaded successfully - version: 4.0.5 - missing functions: none
symbol engine: initialized successfully - sym options: 0x614 - pdb path: .;C:\Users\Khaing\.vscode\extensions\redhat.java-1.56.0-win32-x64\jre\21.0.12.1-win32-x86_64\bin;C:\WINDOWS\SYSTEM32;C:\WINDOWS\WinSxS\amd64_microsoft.windows.common-controls_6595b64144ccf1df_6.0.26100.9278_none_3e0d1ba8e3303201;C:\Users\Khaing\.vscode\extensions\redhat.java-1.56.0-win32-x64\jre\21.0.12.1-win32-x86_64\bin\server;C:\Users\Khaing\.gradle\native\1def1411415f61bf3af743bc5b6707747c0891f09f0c88961ee8f79bc544acac\windows-amd64;C:\Users\Khaing\.gradle\native\0.2.7\x86_64-windows-gnu

VM Arguments:
jvm_args: --add-opens=java.base/java.lang=ALL-UNNAMED --add-opens=java.base/java.lang.invoke=ALL-UNNAMED --add-opens=java.base/java.util=ALL-UNNAMED --add-opens=java.prefs/java.util.prefs=ALL-UNNAMED --add-exports=jdk.compiler/com.sun.tools.javac.api=ALL-UNNAMED --add-exports=jdk.compiler/com.sun.tools.javac.util=ALL-UNNAMED --add-opens=java.base/java.util=ALL-UNNAMED --add-opens=java.prefs/java.util.prefs=ALL-UNNAMED --add-opens=java.base/java.nio.charset=ALL-UNNAMED --add-opens=java.base/java.net=ALL-UNNAMED --add-opens=java.base/java.util.concurrent.atomic=ALL-UNNAMED --add-opens=java.xml/javax.xml.namespace=ALL-UNNAMED -Xmx1536m -Dfile.encoding=UTF-8 -Duser.country=US -Duser.language=en -Duser.variant -javaagent:C:\Users\Khaing\.gradle\wrapper\dists\gradle-8.14.3-all\10utluxaxniiv4wxiphsi49nj\gradle-8.14.3\lib\agents\gradle-instrumentation-agent-8.14.3.jar 
java_command: org.gradle.launcher.daemon.bootstrap.GradleDaemon 8.14.3
java_class_path (initial): C:\Users\Khaing\.gradle\wrapper\dists\gradle-8.14.3-all\10utluxaxniiv4wxiphsi49nj\gradle-8.14.3\lib\gradle-daemon-main-8.14.3.jar
Launcher Type: SUN_STANDARD

[Global flags]
     intx CICompilerCount                          = 4                                         {product} {ergonomic}
     uint ConcGCThreads                            = 2                                         {product} {ergonomic}
     uint G1ConcRefinementThreads                  = 8                                         {product} {ergonomic}
   size_t G1HeapRegionSize                         = 1048576                                   {product} {ergonomic}
    uintx GCDrainStackTargetSize                   = 64                                        {product} {ergonomic}
   size_t InitialHeapSize                          = 402653184                                 {product} {ergonomic}
   size_t MarkStackSize                            = 4194304                                   {product} {ergonomic}
   size_t MaxHeapSize                              = 1610612736                                {product} {command line}
   size_t MaxNewSize                               = 965738496                                 {product} {ergonomic}
   size_t MinHeapDeltaBytes                        = 1048576                                   {product} {ergonomic}
   size_t MinHeapSize                              = 8388608                                   {product} {ergonomic}
    uintx NonNMethodCodeHeapSize                   = 5839372                                {pd product} {ergonomic}
    uintx NonProfiledCodeHeapSize                  = 122909434                              {pd product} {ergonomic}
    uintx ProfiledCodeHeapSize                     = 122909434                              {pd product} {ergonomic}
    uintx ReservedCodeCacheSize                    = 251658240                              {pd product} {ergonomic}
     bool SegmentedCodeCache                       = true                                      {product} {ergonomic}
   size_t SoftMaxHeapSize                          = 1610612736                             {manageable} {ergonomic}
     bool UseCompressedOops                        = true                           {product lp64_product} {ergonomic}
     bool UseG1GC                                  = true                                      {product} {ergonomic}
     bool UseLargePagesIndividualAllocation        = false                                  {pd product} {ergonomic}

Logging:
Log output configuration:
 #0: stdout all=warning uptime,level,tags foldmultilines=false
 #1: stderr all=off uptime,level,tags foldmultilines=false

Release file:
JAVA_VERSION="21.0.12.1" 
MODULES="java.base java.compiler java.datatransfer java.xml java.prefs java.desktop java.instrument java.logging java.management java.security.sasl java.naming java.rmi java.management.rmi java.net.http java.scripting java.security.jgss java.transaction.xa java.sql java.sql.rowset java.xml.crypto java.se java.smartcardio jdk.accessibility jdk.internal.jvmstat jdk.attach jdk.charsets jdk.internal.opt jdk.zipfs jdk.compiler jdk.crypto.ec jdk.crypto.cryptoki jdk.crypto.mscapi jdk.dynalink jdk.internal.ed jdk.editpad jdk.hotspot.agent jdk.httpserver jdk.internal.le jdk.internal.vm.ci jdk.internal.vm.compiler jdk.internal.vm.compiler.management jdk.jartool jdk.javadoc jdk.jcmd jdk.management jdk.management.agent jdk.jconsole jdk.jdeps jdk.jdwp.agent jdk.jdi jdk.jfr jdk.jshell jdk.jsobject jdk.jstatd jdk.localedata jdk.management.jfr jdk.naming.dns jdk.naming.rmi jdk.net jdk.nio.mapmode jdk.random jdk.sctp jdk.security.auth jdk.security.jgss jdk.unsupported jdk.unsupported.desktop jdk.xml.dom" 

Environment Variables:
JAVA_HOME=C:\Program Files\Java\jdk-21.0.10
PATH=C:\Python314\Scripts\;C:\Python314\;C:\Program Files\Common Files\Oracle\Java\javapath;C:\WINDOWS\system32;C:\WINDOWS;C:\WINDOWS\System32\Wbem;C:\WINDOWS\System32\WindowsPowerShell\v1.0\;C:\WINDOWS\System32\OpenSSH\;C:\Program Files\nodejs\;C:\ProgramData\chocolatey\bin;C:\Users\Khaing\Downloads\maven-mvnd-1.0.3-windows-amd64\maven-mvnd-1.0.3-windows-amd64\bin;C:\Program Files\Git\cmd;C:\Users\Khaing\Downloads\gradle-9.3.0-all\gradle-9.3.0\bin;;C:\ProgramData\chocolatey\lib\maven\apache-maven-3.9.15\bin;C:\Program Files\Cloudflare\Cloudflare WARP\;C:\Program Files\GitHub CLI\;C:\WINDOWS\system32;C:\WINDOWS;C:\WINDOWS\System32\Wbem;C:\WINDOWS\System32\WindowsPowerShell\v1.0\;C:\WINDOWS\System32\OpenSSH\;C:\Program Files\Docker\Docker\resources\bin;C:\Users\Khaing\AppData\Local\Microsoft\WindowsApps;C:\Users\Khaing\AppData\Roaming\npm;C:\Users\Khaing\AppData\Local\Programs\Microsoft VS Code\bin;C:\Android\Sdk\platform-tools;C:\Android\Sdk\cmdline-tools\latest\bin;C:\Users\Khaing\AppData\Local\Pandoc\;%USERPROFILE%\AppData\Local\Microsoft\WindowsApps;
USERNAME=Khaing
OS=Windows_NT
PROCESSOR_IDENTIFIER=Intel64 Family 6 Model 142 Stepping 12, GenuineIntel
TMP=C:\Users\Khaing\AppData\Local\Temp
TEMP=C:\Users\Khaing\AppData\Local\Temp




Periodic native trim disabled

---------------  S Y S T E M  ---------------

OS:
 Windows 11 , 64 bit Build 26100 (10.0.26100.9444)
OS uptime: 0 days 3:58 hours
Hyper-V role detected

CPU: total 8 (initial active 8) (4 cores per cpu, 2 threads per core) family 6 model 142 stepping 12 microcode 0xde, cx8, cmov, fxsr, ht, mmx, 3dnowpref, sse, sse2, sse3, ssse3, sse4.1, sse4.2, popcnt, lzcnt, tsc, tscinvbit, avx, avx2, aes, erms, clmul, bmi1, bmi2, adx, fma, vzeroupper, clflush, clflushopt, hv, rdtscp, f16c
Processor Information for the first 8 processors :
  Max Mhz: 1800, Current Mhz: 1600, Mhz Limit: 1584

Memory: 4k page, system-wide physical 24467M (275M free)
TotalPageFile size 51716M (AvailPageFile size 5M)
current process WorkingSet (physical memory assigned to process): 312M, peak: 362M
current process commit charge ("private bytes"): 477M, peak: 545M

vm_info: OpenJDK 64-Bit Server VM (21.0.12.1+1-LTS) for windows-amd64 JRE (21.0.12.1+1-LTS), built on 2026-08-18T00:00:00Z by "admin" with MS VC++ 17.12 (VS2022)

END.
