#
# There is insufficient memory for the Java Runtime Environment to continue.
# Native memory allocation (malloc) failed to allocate 1122096 bytes. Error detail: Chunk::new
# Possible reasons:
#   The system is out of physical RAM or swap space
#   This process is running with CompressedOops enabled, and the Java Heap may be blocking the growth of the native heap
# Possible solutions:
#   Reduce memory load on the system
#   Increase physical memory or swap space
#   Check if swap backing store is full
#   Decrease Java heap size (-Xmx/-Xms)
#   Decrease number of Java threads
#   Decrease Java thread stack sizes (-Xss)
#   Set larger code cache with -XX:ReservedCodeCacheSize=
#   JVM is running with Unscaled Compressed Oops mode in which the Java heap is
#     placed in the first 4GB address space. The Java Heap base address is the
#     maximum limit for the native heap growth. Please use -XX:HeapBaseMinAddress
#     to set the Java Heap base and to place the Java Heap above 4GB virtual address.
# This output file may be truncated or incomplete.
#
#  Out of Memory Error (arena.cpp:168), pid=14816, tid=43332
#
# JRE version: OpenJDK Runtime Environment Temurin-21.0.12.1+1 (21.0.12.1+1) (build 21.0.12.1+1-LTS)
# Java VM: OpenJDK 64-Bit Server VM Temurin-21.0.12.1+1 (21.0.12.1+1-LTS, mixed mode, sharing, tiered, compressed oops, compressed class ptrs, g1 gc, windows-amd64)
# No core dump will be written. Minidumps are not enabled by default on client versions of Windows
#

---------------  S U M M A R Y ------------

Command Line: --add-opens=java.base/java.lang=ALL-UNNAMED --add-opens=java.base/java.lang.invoke=ALL-UNNAMED --add-opens=java.base/java.util=ALL-UNNAMED --add-opens=java.prefs/java.util.prefs=ALL-UNNAMED --add-exports=jdk.compiler/com.sun.tools.javac.api=ALL-UNNAMED --add-exports=jdk.compiler/com.sun.tools.javac.util=ALL-UNNAMED --add-opens=java.base/java.util=ALL-UNNAMED --add-opens=java.prefs/java.util.prefs=ALL-UNNAMED --add-opens=java.base/java.nio.charset=ALL-UNNAMED --add-opens=java.base/java.net=ALL-UNNAMED --add-opens=java.base/java.util.concurrent.atomic=ALL-UNNAMED --add-opens=java.xml/javax.xml.namespace=ALL-UNNAMED -Xmx1536m -Dfile.encoding=UTF-8 -Duser.country=US -Duser.language=en -Duser.variant -javaagent:C:\Users\Khaing\.gradle\wrapper\dists\gradle-8.14.3-all\10utluxaxniiv4wxiphsi49nj\gradle-8.14.3\lib\agents\gradle-instrumentation-agent-8.14.3.jar org.gradle.launcher.daemon.bootstrap.GradleDaemon 8.14.3

Host: Intel(R) Core(TM) i5-8265U CPU @ 1.60GHz, 8 cores, 23G,  Windows 11 , 64 bit Build 26100 (10.0.26100.9444)
Time: Mon Sep 21 11:12:34 2026 Myanmar Standard Time elapsed time: 2376.497551 seconds (0d 0h 39m 36s)

---------------  T H R E A D  ---------------

Current thread (0x000002b5c923ea90):  JavaThread "C2 CompilerThread0" daemon [_thread_in_native, id=43332, stack(0x000000dadd300000,0x000000dadd400000) (1024K)]


Current CompileTask:
C2:2376498 15529       4       org.gradle.internal.service.DefaultServiceRegistry$OwnServices::add (82 bytes)

Stack: [0x000000dadd300000,0x000000dadd400000]
Native frames: (J=compiled Java code, j=interpreted, Vv=VM code, C=native code)
V  [jvm.dll+0x6d83e9]
V  [jvm.dll+0x8b5736]
V  [jvm.dll+0x8b7cee]
V  [jvm.dll+0x8b83d3]
V  [jvm.dll+0x284596]
V  [jvm.dll+0xc685d]
V  [jvm.dll+0xc6da1]
V  [jvm.dll+0x3bf151]
V  [jvm.dll+0x38b6d2]
V  [jvm.dll+0x38ab1a]
V  [jvm.dll+0x24c700]
V  [jvm.dll+0x24bce0]
V  [jvm.dll+0x1cb4ae]
V  [jvm.dll+0x25baad]
V  [jvm.dll+0x25a03a]
V  [jvm.dll+0x3f8aae]
V  [jvm.dll+0x8600cd]
V  [jvm.dll+0x6d6c1d]
C  [ucrtbase.dll+0x2cd30]
C  [KERNEL32.DLL+0x2cd87]
C  [ntdll.dll+0xacaec]


---------------  P R O C E S S  ---------------

Threads class SMR info:
_java_thread_list=0x000002b612a23fc0, length=44, elements={
0x000002b5afff6980, 0x000002b5c9235ea0, 0x000002b5c9238cc0, 0x000002b5c923bde0,
0x000002b5c923c840, 0x000002b5c923d2a0, 0x000002b5c923dd00, 0x000002b5c923ea90,
0x000002b5c92576b0, 0x000002b5c9468b30, 0x000002b5c94fc120, 0x000002b60ff6a9f0,
0x000002b61009dff0, 0x000002b610086dd0, 0x000002b5c9803e40, 0x000002b60fa28340,
0x000002b60f815f60, 0x000002b60f813800, 0x000002b60f814520, 0x000002b60f8179a0,
0x000002b60f818030, 0x000002b60f816c80, 0x000002b60f817310, 0x000002b60f818d50,
0x000002b60f8193e0, 0x000002b60f819a70, 0x000002b60f81a100, 0x000002b60f81a790,
0x000002b610ed15d0, 0x000002b610ed7840, 0x000002b611cbb480, 0x000002b61499ff10,
0x000002b61499e4d0, 0x000002b6149a05a0, 0x000002b61499eb60, 0x000002b6149a1fe0,
0x000002b6149a12c0, 0x000002b61499f880, 0x000002b6149a0c30, 0x000002b6149a2670,
0x000002b61499f1f0, 0x000002b6149a4dd0, 0x000002b6149a6810, 0x000002b6149a3390
}

Java Threads: ( => current thread )
  0x000002b5afff6980 JavaThread "main"                              [_thread_blocked, id=26604, stack(0x000000dadc500000,0x000000dadc600000) (1024K)]
  0x000002b5c9235ea0 JavaThread "Reference Handler"          daemon [_thread_blocked, id=7608, stack(0x000000dadcd00000,0x000000dadce00000) (1024K)]
  0x000002b5c9238cc0 JavaThread "Finalizer"                  daemon [_thread_blocked, id=44036, stack(0x000000dadce00000,0x000000dadcf00000) (1024K)]
  0x000002b5c923bde0 JavaThread "Signal Dispatcher"          daemon [_thread_blocked, id=19520, stack(0x000000dadcf00000,0x000000dadd000000) (1024K)]
  0x000002b5c923c840 JavaThread "Attach Listener"            daemon [_thread_blocked, id=30928, stack(0x000000dadd000000,0x000000dadd100000) (1024K)]
  0x000002b5c923d2a0 JavaThread "Service Thread"             daemon [_thread_blocked, id=29024, stack(0x000000dadd100000,0x000000dadd200000) (1024K)]
  0x000002b5c923dd00 JavaThread "Monitor Deflation Thread"   daemon [_thread_blocked, id=44756, stack(0x000000dadd200000,0x000000dadd300000) (1024K)]
=>0x000002b5c923ea90 JavaThread "C2 CompilerThread0"         daemon [_thread_in_native, id=43332, stack(0x000000dadd300000,0x000000dadd400000) (1024K)]
  0x000002b5c92576b0 JavaThread "C1 CompilerThread0"         daemon [_thread_blocked, id=44628, stack(0x000000dadd400000,0x000000dadd500000) (1024K)]
  0x000002b5c9468b30 JavaThread "Common-Cleaner"             daemon [_thread_blocked, id=21964, stack(0x000000dadd500000,0x000000dadd600000) (1024K)]
  0x000002b5c94fc120 JavaThread "Notification Thread"        daemon [_thread_blocked, id=43676, stack(0x000000dadd600000,0x000000dadd700000) (1024K)]
  0x000002b60ff6a9f0 JavaThread "Daemon health stats"               [_thread_blocked, id=34012, stack(0x000000dadc300000,0x000000dadc400000) (1024K)]
  0x000002b61009dff0 JavaThread "Incoming local TCP Connector on port 61191"        [_thread_in_native, id=21468, stack(0x000000dadc400000,0x000000dadc500000) (1024K)]
  0x000002b610086dd0 JavaThread "Daemon periodic checks"            [_thread_blocked, id=36136, stack(0x000000dadde00000,0x000000daddf00000) (1024K)]
  0x000002b5c9803e40 JavaThread "Daemon"                            [_thread_blocked, id=42184, stack(0x000000dade000000,0x000000dade100000) (1024K)]
  0x000002b60fa28340 JavaThread "Daemon worker"                     [_thread_in_native, id=29008, stack(0x000000dade300000,0x000000dade400000) (1024K)]
  0x000002b60f815f60 JavaThread "Cache worker for journal cache (C:\Users\Khaing\.gradle\caches\journal-1)"        [_thread_blocked, id=40160, stack(0x000000dade700000,0x000000dade800000) (1024K)]
  0x000002b60f813800 JavaThread "File lock request listener"        [_thread_in_native, id=34368, stack(0x000000dade800000,0x000000dade900000) (1024K)]
  0x000002b60f814520 JavaThread "Cache worker for file hash cache (C:\Users\Khaing\.gradle\caches\8.14.3\fileHashes)"        [_thread_blocked, id=19784, stack(0x000000dadea00000,0x000000dadeb00000) (1024K)]
  0x000002b60f8179a0 JavaThread "File watcher server"        daemon [_thread_in_native, id=16160, stack(0x000000dadee00000,0x000000dadef00000) (1024K)]
  0x000002b60f818030 JavaThread "File watcher consumer"      daemon [_thread_blocked, id=1516, stack(0x000000dadef00000,0x000000dadf000000) (1024K)]
  0x000002b60f816c80 JavaThread "jar transforms"                    [_thread_blocked, id=21496, stack(0x000000dade900000,0x000000dadea00000) (1024K)]
  0x000002b60f817310 JavaThread "jar transforms Thread 2"           [_thread_blocked, id=23296, stack(0x000000dadf000000,0x000000dadf100000) (1024K)]
  0x000002b60f818d50 JavaThread "Cache worker for file content cache (C:\Users\Khaing\.gradle\caches\8.14.3\fileContent)"        [_thread_blocked, id=24664, stack(0x000000dadf200000,0x000000dadf300000) (1024K)]
  0x000002b60f8193e0 JavaThread "jar transforms Thread 3"           [_thread_blocked, id=44288, stack(0x000000dadf300000,0x000000dadf400000) (1024K)]
  0x000002b60f819a70 JavaThread "jar transforms Thread 4"           [_thread_blocked, id=34744, stack(0x000000dadf400000,0x000000dadf500000) (1024K)]
  0x000002b60f81a100 JavaThread "jar transforms Thread 5"           [_thread_blocked, id=37404, stack(0x000000dadf500000,0x000000dadf600000) (1024K)]
  0x000002b60f81a790 JavaThread "jar transforms Thread 6"           [_thread_blocked, id=40892, stack(0x000000dadf600000,0x000000dadf700000) (1024K)]
  0x000002b610ed15d0 JavaThread "jar transforms Thread 7"           [_thread_blocked, id=15036, stack(0x000000dadf900000,0x000000dadfa00000) (1024K)]
  0x000002b610ed7840 JavaThread "jar transforms Thread 8"           [_thread_blocked, id=25376, stack(0x000000dae0e00000,0x000000dae0f00000) (1024K)]
  0x000002b611cbb480 JavaThread "Memory manager"                    [_thread_blocked, id=45380, stack(0x000000dae0f00000,0x000000dae1000000) (1024K)]
  0x000002b61499ff10 JavaThread "VFS cleanup"                       [_thread_blocked, id=40696, stack(0x000000dadc200000,0x000000dadc300000) (1024K)]
  0x000002b61499e4d0 JavaThread "Handler for socket connection from /127.0.0.1:61191 to /127.0.0.1:61629"        [_thread_in_native, id=31736, stack(0x000000daddf00000,0x000000dade000000) (1024K)]
  0x000002b6149a05a0 JavaThread "Cancel handler"                    [_thread_blocked, id=4588, stack(0x000000dade100000,0x000000dade200000) (1024K)]
  0x000002b61499eb60 JavaThread "Daemon Thread 2"                   [_thread_blocked, id=22548, stack(0x000000dade200000,0x000000dade300000) (1024K)]
  0x000002b6149a1fe0 JavaThread "Asynchronous log dispatcher for DefaultDaemonConnection: socket connection from /127.0.0.1:61191 to /127.0.0.1:61629"        [_thread_blocked, id=7116, stack(0x000000dade500000,0x000000dade600000) (1024K)]
  0x000002b6149a12c0 JavaThread "Stdin handler"                     [_thread_blocked, id=36112, stack(0x000000dade600000,0x000000dade700000) (1024K)]
  0x000002b61499f880 JavaThread "Daemon client event forwarder"        [_thread_blocked, id=43248, stack(0x000000dadec00000,0x000000daded00000) (1024K)]
  0x000002b6149a0c30 JavaThread "Cache worker for file hash cache (C:\Users\Khaing\Projects\MyLittleKayv\android\.gradle\8.14.3\fileHashes)"        [_thread_blocked, id=30472, stack(0x000000dade400000,0x000000dade500000) (1024K)]
  0x000002b6149a2670 JavaThread "Cache worker for Build Output Cleanup Cache (C:\Users\Khaing\Projects\MyLittleKayv\android\.gradle\buildOutputCleanup)"        [_thread_blocked, id=18016, stack(0x000000daded00000,0x000000dadee00000) (1024K)]
  0x000002b61499f1f0 JavaThread "File lock release action executor Thread 5"        [_thread_blocked, id=2904, stack(0x000000dadf100000,0x000000dadf200000) (1024K)]
  0x000002b6149a4dd0 JavaThread "Cache worker for checksums cache (C:\Users\Khaing\Projects\MyLittleKayv\android\.gradle\8.14.3\checksums)"        [_thread_blocked, id=34228, stack(0x000000dadf700000,0x000000dadf800000) (1024K)]
  0x000002b6149a6810 JavaThread "Cache worker for cache directory md-supplier (C:\Users\Khaing\.gradle\caches\8.14.3\md-supplier)"        [_thread_blocked, id=22668, stack(0x000000dadf800000,0x000000dadf900000) (1024K)]
  0x000002b6149a3390 JavaThread "Cache worker for cache directory md-rule (C:\Users\Khaing\.gradle\caches\8.14.3\md-rule)"        [_thread_blocked, id=41520, stack(0x000000dadfa00000,0x000000dadfb00000) (1024K)]
Total: 44

Other Threads:
  0x000002b5c918c1b0 VMThread "VM Thread"                           [id=19652, stack(0x000000dadcc00000,0x000000dadcd00000) (1024K)]
  0x000002b5c92119e0 WatcherThread "VM Periodic Task Thread"        [id=45428, stack(0x000000dadcb00000,0x000000dadcc00000) (1024K)]
  0x000002b5b2405ad0 WorkerThread "GC Thread#0"                     [id=31144, stack(0x000000dadc600000,0x000000dadc700000) (1024K)]
  0x000002b5c942f3e0 WorkerThread "GC Thread#1"                     [id=43328, stack(0x000000dadd700000,0x000000dadd800000) (1024K)]
  0x000002b5c93d57e0 WorkerThread "GC Thread#2"                     [id=30992, stack(0x000000dadd800000,0x000000dadd900000) (1024K)]
  0x000002b5c97709a0 WorkerThread "GC Thread#3"                     [id=13072, stack(0x000000dadd900000,0x000000dadda00000) (1024K)]
  0x000002b5c958dd20 WorkerThread "GC Thread#4"                     [id=43380, stack(0x000000dadda00000,0x000000daddb00000) (1024K)]
  0x000002b5c958e0d0 WorkerThread "GC Thread#5"                     [id=43776, stack(0x000000daddb00000,0x000000daddc00000) (1024K)]
  0x000002b5c958e480 WorkerThread "GC Thread#6"                     [id=43096, stack(0x000000daddc00000,0x000000daddd00000) (1024K)]
  0x000002b5c96b2e30 WorkerThread "GC Thread#7"                     [id=43708, stack(0x000000daddd00000,0x000000dadde00000) (1024K)]
  0x000002b5b2412a50 ConcurrentGCThread "G1 Main Marker"            [id=12832, stack(0x000000dadc700000,0x000000dadc800000) (1024K)]
  0x000002b5b2413470 WorkerThread "G1 Conc#0"                       [id=45092, stack(0x000000dadc800000,0x000000dadc900000) (1024K)]
  0x000002b610798e00 WorkerThread "G1 Conc#1"                       [id=30356, stack(0x000000dadeb00000,0x000000dadec00000) (1024K)]
  0x000002b5c90c9780 ConcurrentGCThread "G1 Refine#0"               [id=43416, stack(0x000000dadc900000,0x000000dadca00000) (1024K)]
  0x000002b5c90d3280 ConcurrentGCThread "G1 Service"                [id=45928, stack(0x000000dadca00000,0x000000dadcb00000) (1024K)]
Total: 15

Threads with active compile tasks:
C2 CompilerThread0  2376570 15529       4       org.gradle.internal.service.DefaultServiceRegistry$OwnServices::add (82 bytes)
Total: 1

VM state: not at safepoint (normal execution)

VM Mutex/Monitor currently owned by a thread: None

Heap address: 0x00000000a0000000, size: 1536 MB, Compressed Oops mode: 32-bit

CDS archive(s) mapped at: [0x000002b5ca000000-0x000002b5caba0000-0x000002b5caba0000), size 12189696, SharedBaseAddress: 0x000002b5ca000000, ArchiveRelocationMode: 1.
Compressed class space mapped at: 0x000002b5cb000000-0x000002b60b000000, reserved size: 1073741824
Narrow klass base: 0x000002b5ca000000, Narrow klass shift: 0, Narrow klass range: 0x100000000

GC Precious Log:
 CardTable entry size: 512
 Card Set container configuration: InlinePtr #cards 5 size 8 Array Of Cards #cards 12 size 40 Howl #buckets 4 coarsen threshold 1843 Howl Bitmap #cards 512 size 80 coarsen threshold 460 Card regions per heap region 1 cards per card region 2048
 CPUs: 8 total, 8 available
 Memory: 24467M
 Large Page Support: Disabled
 NUMA Support: Disabled
 Compressed Oops: Enabled (32-bit)
 Heap Region Size: 1M
 Heap Min Capacity: 8M
 Heap Initial Capacity: 384M
 Heap Max Capacity: 1536M
 Pre-touch: Disabled
 Parallel Workers: 8
 Concurrent Workers: 2
 Concurrent Refinement Workers: 8
 Periodic GC: Disabled

Heap:
 garbage-first heap   total 217088K, used 181336K [0x00000000a0000000, 0x0000000100000000)
  region size 1024K, 46 young (47104K), 4 survivors (4096K)
 Metaspace       used 92989K, committed 94976K, reserved 1179648K
  class space    used 13144K, committed 14016K, reserved 1048576K

Heap Regions: E=young(eden), S=young(survivor), O=old, HS=humongous(starts), HC=humongous(continues), CS=collection set, F=free, TAMS=top-at-mark-start, PB=parsable bottom
|   0|0x00000000a0000000, 0x00000000a0100000, 0x00000000a0100000|100%|HS|  |TAMS 0x00000000a0000000| PB 0x00000000a0000000| Complete 
|   1|0x00000000a0100000, 0x00000000a0200000, 0x00000000a0200000|100%|HC|  |TAMS 0x00000000a0100000| PB 0x00000000a0100000| Complete 
|   2|0x00000000a0200000, 0x00000000a0300000, 0x00000000a0300000|100%|HC|  |TAMS 0x00000000a0200000| PB 0x00000000a0200000| Complete 
|   3|0x00000000a0300000, 0x00000000a0400000, 0x00000000a0400000|100%| O|  |TAMS 0x00000000a0300000| PB 0x00000000a0300000| Untracked 
|   4|0x00000000a0400000, 0x00000000a0500000, 0x00000000a0500000|100%| O|  |TAMS 0x00000000a0400000| PB 0x00000000a0400000| Untracked 
|   5|0x00000000a0500000, 0x00000000a0600000, 0x00000000a0600000|100%| O|  |TAMS 0x00000000a0500000| PB 0x00000000a0500000| Untracked 
|   6|0x00000000a0600000, 0x00000000a0700000, 0x00000000a0700000|100%|HS|  |TAMS 0x00000000a0600000| PB 0x00000000a0600000| Complete 
|   7|0x00000000a0700000, 0x00000000a0800000, 0x00000000a0800000|100%| O|  |TAMS 0x00000000a0700000| PB 0x00000000a0700000| Untracked 
|   8|0x00000000a0800000, 0x00000000a0900000, 0x00000000a0900000|100%| O|  |TAMS 0x00000000a0800000| PB 0x00000000a0800000| Untracked 
|   9|0x00000000a0900000, 0x00000000a0a00000, 0x00000000a0a00000|100%| O|  |TAMS 0x00000000a0900000| PB 0x00000000a0900000| Untracked 
|  10|0x00000000a0a00000, 0x00000000a0b00000, 0x00000000a0b00000|100%| O|  |TAMS 0x00000000a0a00000| PB 0x00000000a0a00000| Untracked 
|  11|0x00000000a0b00000, 0x00000000a0c00000, 0x00000000a0c00000|100%| O|  |TAMS 0x00000000a0b00000| PB 0x00000000a0b00000| Untracked 
|  12|0x00000000a0c00000, 0x00000000a0d00000, 0x00000000a0d00000|100%| O|  |TAMS 0x00000000a0c00000| PB 0x00000000a0c00000| Untracked 
|  13|0x00000000a0d00000, 0x00000000a0e00000, 0x00000000a0e00000|100%| O|  |TAMS 0x00000000a0d00000| PB 0x00000000a0d00000| Untracked 
|  14|0x00000000a0e00000, 0x00000000a0f00000, 0x00000000a0f00000|100%| O|  |TAMS 0x00000000a0e00000| PB 0x00000000a0e00000| Untracked 
|  15|0x00000000a0f00000, 0x00000000a1000000, 0x00000000a1000000|100%| O|  |TAMS 0x00000000a0f00000| PB 0x00000000a0f00000| Untracked 
|  16|0x00000000a1000000, 0x00000000a1100000, 0x00000000a1100000|100%| O|  |TAMS 0x00000000a1000000| PB 0x00000000a1000000| Untracked 
|  17|0x00000000a1100000, 0x00000000a1200000, 0x00000000a1200000|100%| O|  |TAMS 0x00000000a1100000| PB 0x00000000a1100000| Untracked 
|  18|0x00000000a1200000, 0x00000000a1300000, 0x00000000a1300000|100%| O|  |TAMS 0x00000000a1200000| PB 0x00000000a1200000| Untracked 
|  19|0x00000000a1300000, 0x00000000a1400000, 0x00000000a1400000|100%| O|  |TAMS 0x00000000a1300000| PB 0x00000000a1300000| Untracked 
|  20|0x00000000a1400000, 0x00000000a1500000, 0x00000000a1500000|100%| O|  |TAMS 0x00000000a1400000| PB 0x00000000a1400000| Untracked 
|  21|0x00000000a1500000, 0x00000000a1600000, 0x00000000a1600000|100%| O|  |TAMS 0x00000000a1500000| PB 0x00000000a1500000| Untracked 
|  22|0x00000000a1600000, 0x00000000a1700000, 0x00000000a1700000|100%| O|  |TAMS 0x00000000a1600000| PB 0x00000000a1600000| Untracked 
|  23|0x00000000a1700000, 0x00000000a1800000, 0x00000000a1800000|100%| O|  |TAMS 0x00000000a1700000| PB 0x00000000a1700000| Untracked 
|  24|0x00000000a1800000, 0x00000000a1900000, 0x00000000a1900000|100%| O|  |TAMS 0x00000000a1800000| PB 0x00000000a1800000| Untracked 
|  25|0x00000000a1900000, 0x00000000a1a00000, 0x00000000a1a00000|100%| O|  |TAMS 0x00000000a1900000| PB 0x00000000a1900000| Untracked 
|  26|0x00000000a1a00000, 0x00000000a1b00000, 0x00000000a1b00000|100%| O|  |TAMS 0x00000000a1a00000| PB 0x00000000a1a00000| Untracked 
|  27|0x00000000a1b00000, 0x00000000a1c00000, 0x00000000a1c00000|100%| O|  |TAMS 0x00000000a1b00000| PB 0x00000000a1b00000| Untracked 
|  28|0x00000000a1c00000, 0x00000000a1d00000, 0x00000000a1d00000|100%| O|  |TAMS 0x00000000a1c00000| PB 0x00000000a1c00000| Untracked 
|  29|0x00000000a1d00000, 0x00000000a1e00000, 0x00000000a1e00000|100%| O|  |TAMS 0x00000000a1d00000| PB 0x00000000a1d00000| Untracked 
|  30|0x00000000a1e00000, 0x00000000a1f00000, 0x00000000a1f00000|100%| O|  |TAMS 0x00000000a1e00000| PB 0x00000000a1e00000| Untracked 
|  31|0x00000000a1f00000, 0x00000000a2000000, 0x00000000a2000000|100%| O|  |TAMS 0x00000000a1f00000| PB 0x00000000a1f00000| Untracked 
|  32|0x00000000a2000000, 0x00000000a2000000, 0x00000000a2100000|  0%| F|  |TAMS 0x00000000a2000000| PB 0x00000000a2000000| Untracked 
|  33|0x00000000a2100000, 0x00000000a2200000, 0x00000000a2200000|100%| O|  |TAMS 0x00000000a2100000| PB 0x00000000a2100000| Untracked 
|  34|0x00000000a2200000, 0x00000000a2300000, 0x00000000a2300000|100%| O|  |TAMS 0x00000000a2200000| PB 0x00000000a2200000| Untracked 
|  35|0x00000000a2300000, 0x00000000a2400000, 0x00000000a2400000|100%| O|  |TAMS 0x00000000a2300000| PB 0x00000000a2300000| Untracked 
|  36|0x00000000a2400000, 0x00000000a2500000, 0x00000000a2500000|100%| O|  |TAMS 0x00000000a2400000| PB 0x00000000a2400000| Untracked 
|  37|0x00000000a2500000, 0x00000000a2600000, 0x00000000a2600000|100%| O|  |TAMS 0x00000000a2500000| PB 0x00000000a2500000| Untracked 
|  38|0x00000000a2600000, 0x00000000a2700000, 0x00000000a2700000|100%| O|  |TAMS 0x00000000a2600000| PB 0x00000000a2600000| Untracked 
|  39|0x00000000a2700000, 0x00000000a2800000, 0x00000000a2800000|100%| O|  |TAMS 0x00000000a2700000| PB 0x00000000a2700000| Untracked 
|  40|0x00000000a2800000, 0x00000000a2900000, 0x00000000a2900000|100%| O|  |TAMS 0x00000000a2800000| PB 0x00000000a2800000| Untracked 
|  41|0x00000000a2900000, 0x00000000a2a00000, 0x00000000a2a00000|100%| O|  |TAMS 0x00000000a2900000| PB 0x00000000a2900000| Untracked 
|  42|0x00000000a2a00000, 0x00000000a2b00000, 0x00000000a2b00000|100%| O|  |TAMS 0x00000000a2a00000| PB 0x00000000a2a00000| Untracked 
|  43|0x00000000a2b00000, 0x00000000a2c00000, 0x00000000a2c00000|100%| O|  |TAMS 0x00000000a2b00000| PB 0x00000000a2b00000| Untracked 
|  44|0x00000000a2c00000, 0x00000000a2d00000, 0x00000000a2d00000|100%|HS|  |TAMS 0x00000000a2c00000| PB 0x00000000a2c00000| Complete 
|  45|0x00000000a2d00000, 0x00000000a2e00000, 0x00000000a2e00000|100%| O|  |TAMS 0x00000000a2d00000| PB 0x00000000a2d00000| Untracked 
|  46|0x00000000a2e00000, 0x00000000a2f00000, 0x00000000a2f00000|100%|HS|  |TAMS 0x00000000a2e00000| PB 0x00000000a2e00000| Complete 
|  47|0x00000000a2f00000, 0x00000000a3000000, 0x00000000a3000000|100%|HS|  |TAMS 0x00000000a2f00000| PB 0x00000000a2f00000| Complete 
|  48|0x00000000a3000000, 0x00000000a3100000, 0x00000000a3100000|100%| O|  |TAMS 0x00000000a3000000| PB 0x00000000a3000000| Untracked 
|  49|0x00000000a3100000, 0x00000000a3200000, 0x00000000a3200000|100%| O|  |TAMS 0x00000000a3100000| PB 0x00000000a3100000| Untracked 
|  50|0x00000000a3200000, 0x00000000a3300000, 0x00000000a3300000|100%|HS|  |TAMS 0x00000000a3200000| PB 0x00000000a3200000| Complete 
|  51|0x00000000a3300000, 0x00000000a3400000, 0x00000000a3400000|100%| O|  |TAMS 0x00000000a3300000| PB 0x00000000a3300000| Untracked 
|  52|0x00000000a3400000, 0x00000000a3500000, 0x00000000a3500000|100%| O|  |TAMS 0x00000000a3400000| PB 0x00000000a3400000| Untracked 
|  53|0x00000000a3500000, 0x00000000a3600000, 0x00000000a3600000|100%|HS|  |TAMS 0x00000000a3500000| PB 0x00000000a3500000| Complete 
|  54|0x00000000a3600000, 0x00000000a3700000, 0x00000000a3700000|100%| O|  |TAMS 0x00000000a3600000| PB 0x00000000a3600000| Untracked 
|  55|0x00000000a3700000, 0x00000000a3800000, 0x00000000a3800000|100%| O|  |TAMS 0x00000000a3700000| PB 0x00000000a3700000| Untracked 
|  56|0x00000000a3800000, 0x00000000a3900000, 0x00000000a3900000|100%|HS|  |TAMS 0x00000000a3800000| PB 0x00000000a3800000| Complete 
|  57|0x00000000a3900000, 0x00000000a3a00000, 0x00000000a3a00000|100%| O|  |TAMS 0x00000000a3900000| PB 0x00000000a3900000| Untracked 
|  58|0x00000000a3a00000, 0x00000000a3b00000, 0x00000000a3b00000|100%| O|  |TAMS 0x00000000a3a00000| PB 0x00000000a3a00000| Untracked 
|  59|0x00000000a3b00000, 0x00000000a3c00000, 0x00000000a3c00000|100%| O|  |TAMS 0x00000000a3b00000| PB 0x00000000a3b00000| Untracked 
|  60|0x00000000a3c00000, 0x00000000a3d00000, 0x00000000a3d00000|100%| O|  |TAMS 0x00000000a3c00000| PB 0x00000000a3c00000| Untracked 
|  61|0x00000000a3d00000, 0x00000000a3e00000, 0x00000000a3e00000|100%| O|  |TAMS 0x00000000a3d00000| PB 0x00000000a3d00000| Untracked 
|  62|0x00000000a3e00000, 0x00000000a3f00000, 0x00000000a3f00000|100%| O|  |TAMS 0x00000000a3e00000| PB 0x00000000a3e00000| Untracked 
|  63|0x00000000a3f00000, 0x00000000a4000000, 0x00000000a4000000|100%| O|  |TAMS 0x00000000a3f00000| PB 0x00000000a3f00000| Untracked 
|  64|0x00000000a4000000, 0x00000000a4100000, 0x00000000a4100000|100%| O|  |TAMS 0x00000000a4000000| PB 0x00000000a4000000| Untracked 
|  65|0x00000000a4100000, 0x00000000a4200000, 0x00000000a4200000|100%|HS|  |TAMS 0x00000000a4100000| PB 0x00000000a4100000| Complete 
|  66|0x00000000a4200000, 0x00000000a4300000, 0x00000000a4300000|100%| O|  |TAMS 0x00000000a4200000| PB 0x00000000a4200000| Untracked 
|  67|0x00000000a4300000, 0x00000000a4400000, 0x00000000a4400000|100%| O|  |TAMS 0x00000000a4300000| PB 0x00000000a4300000| Untracked 
|  68|0x00000000a4400000, 0x00000000a4500000, 0x00000000a4500000|100%| O|  |TAMS 0x00000000a4400000| PB 0x00000000a4400000| Untracked 
|  69|0x00000000a4500000, 0x00000000a4600000, 0x00000000a4600000|100%| O|  |TAMS 0x00000000a4500000| PB 0x00000000a4500000| Untracked 
|  70|0x00000000a4600000, 0x00000000a4700000, 0x00000000a4700000|100%| O|  |TAMS 0x00000000a4600000| PB 0x00000000a4600000| Untracked 
|  71|0x00000000a4700000, 0x00000000a4800000, 0x00000000a4800000|100%| O|  |TAMS 0x00000000a4700000| PB 0x00000000a4700000| Untracked 
|  72|0x00000000a4800000, 0x00000000a4900000, 0x00000000a4900000|100%| O|  |TAMS 0x00000000a4800000| PB 0x00000000a4800000| Untracked 
|  73|0x00000000a4900000, 0x00000000a4a00000, 0x00000000a4a00000|100%| O|  |TAMS 0x00000000a4900000| PB 0x00000000a4900000| Untracked 
|  74|0x00000000a4a00000, 0x00000000a4b00000, 0x00000000a4b00000|100%| O|  |TAMS 0x00000000a4a00000| PB 0x00000000a4a00000| Untracked 
|  75|0x00000000a4b00000, 0x00000000a4c00000, 0x00000000a4c00000|100%| O|  |TAMS 0x00000000a4b00000| PB 0x00000000a4b00000| Untracked 
|  76|0x00000000a4c00000, 0x00000000a4d00000, 0x00000000a4d00000|100%| O|  |TAMS 0x00000000a4c00000| PB 0x00000000a4c00000| Untracked 
|  77|0x00000000a4d00000, 0x00000000a4e00000, 0x00000000a4e00000|100%| O|  |TAMS 0x00000000a4d00000| PB 0x00000000a4d00000| Untracked 
|  78|0x00000000a4e00000, 0x00000000a4f00000, 0x00000000a4f00000|100%| O|  |TAMS 0x00000000a4e00000| PB 0x00000000a4e00000| Untracked 
|  79|0x00000000a4f00000, 0x00000000a5000000, 0x00000000a5000000|100%| O|  |TAMS 0x00000000a4f00000| PB 0x00000000a4f00000| Untracked 
|  80|0x00000000a5000000, 0x00000000a5100000, 0x00000000a5100000|100%| O|  |TAMS 0x00000000a5000000| PB 0x00000000a5000000| Untracked 
|  81|0x00000000a5100000, 0x00000000a5200000, 0x00000000a5200000|100%| O|  |TAMS 0x00000000a5100000| PB 0x00000000a5100000| Untracked 
|  82|0x00000000a5200000, 0x00000000a5300000, 0x00000000a5300000|100%| O|  |TAMS 0x00000000a5200000| PB 0x00000000a5200000| Untracked 
|  83|0x00000000a5300000, 0x00000000a5400000, 0x00000000a5400000|100%| O|  |TAMS 0x00000000a5300000| PB 0x00000000a5300000| Untracked 
|  84|0x00000000a5400000, 0x00000000a5500000, 0x00000000a5500000|100%| O|  |TAMS 0x00000000a5400000| PB 0x00000000a5400000| Untracked 
|  85|0x00000000a5500000, 0x00000000a5600000, 0x00000000a5600000|100%| O|  |TAMS 0x00000000a5500000| PB 0x00000000a5500000| Untracked 
|  86|0x00000000a5600000, 0x00000000a5700000, 0x00000000a5700000|100%| O|  |TAMS 0x00000000a5600000| PB 0x00000000a5600000| Untracked 
|  87|0x00000000a5700000, 0x00000000a5800000, 0x00000000a5800000|100%| O|  |TAMS 0x00000000a5700000| PB 0x00000000a5700000| Untracked 
|  88|0x00000000a5800000, 0x00000000a5900000, 0x00000000a5900000|100%| O|  |TAMS 0x00000000a5800000| PB 0x00000000a5800000| Untracked 
|  89|0x00000000a5900000, 0x00000000a5a00000, 0x00000000a5a00000|100%| O|  |TAMS 0x00000000a5900000| PB 0x00000000a5900000| Untracked 
|  90|0x00000000a5a00000, 0x00000000a5b00000, 0x00000000a5b00000|100%| O|  |TAMS 0x00000000a5a00000| PB 0x00000000a5a00000| Untracked 
|  91|0x00000000a5b00000, 0x00000000a5c00000, 0x00000000a5c00000|100%| O|  |TAMS 0x00000000a5b00000| PB 0x00000000a5b00000| Untracked 
|  92|0x00000000a5c00000, 0x00000000a5d00000, 0x00000000a5d00000|100%| O|  |TAMS 0x00000000a5c00000| PB 0x00000000a5c00000| Untracked 
|  93|0x00000000a5d00000, 0x00000000a5e00000, 0x00000000a5e00000|100%| O|  |TAMS 0x00000000a5d00000| PB 0x00000000a5d00000| Untracked 
|  94|0x00000000a5e00000, 0x00000000a5f00000, 0x00000000a5f00000|100%| O|  |TAMS 0x00000000a5e00000| PB 0x00000000a5e00000| Untracked 
|  95|0x00000000a5f00000, 0x00000000a6000000, 0x00000000a6000000|100%| O|  |TAMS 0x00000000a5f00000| PB 0x00000000a5f00000| Untracked 
|  96|0x00000000a6000000, 0x00000000a6100000, 0x00000000a6100000|100%|HS|  |TAMS 0x00000000a6000000| PB 0x00000000a6000000| Complete 
|  97|0x00000000a6100000, 0x00000000a6200000, 0x00000000a6200000|100%|HC|  |TAMS 0x00000000a6100000| PB 0x00000000a6100000| Complete 
|  98|0x00000000a6200000, 0x00000000a6300000, 0x00000000a6300000|100%|HS|  |TAMS 0x00000000a6200000| PB 0x00000000a6200000| Complete 
|  99|0x00000000a6300000, 0x00000000a6400000, 0x00000000a6400000|100%|HC|  |TAMS 0x00000000a6300000| PB 0x00000000a6300000| Complete 
| 100|0x00000000a6400000, 0x00000000a6500000, 0x00000000a6500000|100%| O|  |TAMS 0x00000000a6400000| PB 0x00000000a6400000| Untracked 
| 101|0x00000000a6500000, 0x00000000a6600000, 0x00000000a6600000|100%| O|  |TAMS 0x00000000a6500000| PB 0x00000000a6500000| Untracked 
| 102|0x00000000a6600000, 0x00000000a6700000, 0x00000000a6700000|100%| O|  |TAMS 0x00000000a6600000| PB 0x00000000a6600000| Untracked 
| 103|0x00000000a6700000, 0x00000000a6800000, 0x00000000a6800000|100%| O|  |TAMS 0x00000000a6700000| PB 0x00000000a6700000| Untracked 
| 104|0x00000000a6800000, 0x00000000a6900000, 0x00000000a6900000|100%| O|  |TAMS 0x00000000a6800000| PB 0x00000000a6800000| Untracked 
| 105|0x00000000a6900000, 0x00000000a6a00000, 0x00000000a6a00000|100%| O|  |TAMS 0x00000000a6900000| PB 0x00000000a6900000| Untracked 
| 106|0x00000000a6a00000, 0x00000000a6b00000, 0x00000000a6b00000|100%| O|  |TAMS 0x00000000a6a00000| PB 0x00000000a6a00000| Untracked 
| 107|0x00000000a6b00000, 0x00000000a6c00000, 0x00000000a6c00000|100%| O|  |TAMS 0x00000000a6b00000| PB 0x00000000a6b00000| Untracked 
| 108|0x00000000a6c00000, 0x00000000a6d00000, 0x00000000a6d00000|100%| O|  |TAMS 0x00000000a6c00000| PB 0x00000000a6c00000| Untracked 
| 109|0x00000000a6d00000, 0x00000000a6e00000, 0x00000000a6e00000|100%| O|  |TAMS 0x00000000a6d00000| PB 0x00000000a6d00000| Untracked 
| 110|0x00000000a6e00000, 0x00000000a6f00000, 0x00000000a6f00000|100%| O|  |TAMS 0x00000000a6e00000| PB 0x00000000a6e00000| Untracked 
| 111|0x00000000a6f00000, 0x00000000a7000000, 0x00000000a7000000|100%| O|  |TAMS 0x00000000a6f00000| PB 0x00000000a6f00000| Untracked 
| 112|0x00000000a7000000, 0x00000000a7100000, 0x00000000a7100000|100%| O|  |TAMS 0x00000000a7000000| PB 0x00000000a7000000| Untracked 
| 113|0x00000000a7100000, 0x00000000a7200000, 0x00000000a7200000|100%| O|  |TAMS 0x00000000a7100000| PB 0x00000000a7100000| Untracked 
| 114|0x00000000a7200000, 0x00000000a7300000, 0x00000000a7300000|100%| O|  |TAMS 0x00000000a7200000| PB 0x00000000a7200000| Untracked 
| 115|0x00000000a7300000, 0x00000000a7400000, 0x00000000a7400000|100%| O|  |TAMS 0x00000000a7300000| PB 0x00000000a7300000| Untracked 
| 116|0x00000000a7400000, 0x00000000a7500000, 0x00000000a7500000|100%| O|  |TAMS 0x00000000a7400000| PB 0x00000000a7400000| Untracked 
| 117|0x00000000a7500000, 0x00000000a7600000, 0x00000000a7600000|100%| O|  |TAMS 0x00000000a7500000| PB 0x00000000a7500000| Untracked 
| 118|0x00000000a7600000, 0x00000000a7700000, 0x00000000a7700000|100%| O|  |TAMS 0x00000000a7600000| PB 0x00000000a7600000| Untracked 
| 119|0x00000000a7700000, 0x00000000a7800000, 0x00000000a7800000|100%| O|  |TAMS 0x00000000a7700000| PB 0x00000000a7700000| Untracked 
| 120|0x00000000a7800000, 0x00000000a7900000, 0x00000000a7900000|100%| O|  |TAMS 0x00000000a7800000| PB 0x00000000a7800000| Untracked 
| 121|0x00000000a7900000, 0x00000000a7a00000, 0x00000000a7a00000|100%| O|  |TAMS 0x00000000a7900000| PB 0x00000000a7900000| Untracked 
| 122|0x00000000a7a00000, 0x00000000a7b00000, 0x00000000a7b00000|100%| O|  |TAMS 0x00000000a7a00000| PB 0x00000000a7a00000| Untracked 
| 123|0x00000000a7b00000, 0x00000000a7c00000, 0x00000000a7c00000|100%| O|  |TAMS 0x00000000a7b00000| PB 0x00000000a7b00000| Untracked 
| 124|0x00000000a7c00000, 0x00000000a7d00000, 0x00000000a7d00000|100%| O|  |TAMS 0x00000000a7c00000| PB 0x00000000a7c00000| Untracked 
| 125|0x00000000a7d00000, 0x00000000a7e00000, 0x00000000a7e00000|100%| O|  |TAMS 0x00000000a7d00000| PB 0x00000000a7d00000| Untracked 
| 126|0x00000000a7e00000, 0x00000000a7f00000, 0x00000000a7f00000|100%| O|  |TAMS 0x00000000a7e00000| PB 0x00000000a7e00000| Untracked 
| 127|0x00000000a7f00000, 0x00000000a7f62040, 0x00000000a8000000| 38%| O|  |TAMS 0x00000000a7f00000| PB 0x00000000a7f00000| Untracked 
| 128|0x00000000a8000000, 0x00000000a8000000, 0x00000000a8100000|  0%| F|  |TAMS 0x00000000a8000000| PB 0x00000000a8000000| Untracked 
| 129|0x00000000a8100000, 0x00000000a8100000, 0x00000000a8200000|  0%| F|  |TAMS 0x00000000a8100000| PB 0x00000000a8100000| Untracked 
| 130|0x00000000a8200000, 0x00000000a8200000, 0x00000000a8300000|  0%| F|  |TAMS 0x00000000a8200000| PB 0x00000000a8200000| Untracked 
| 131|0x00000000a8300000, 0x00000000a8300000, 0x00000000a8400000|  0%| F|  |TAMS 0x00000000a8300000| PB 0x00000000a8300000| Untracked 
| 132|0x00000000a8400000, 0x00000000a8400000, 0x00000000a8500000|  0%| F|  |TAMS 0x00000000a8400000| PB 0x00000000a8400000| Untracked 
| 133|0x00000000a8500000, 0x00000000a8500000, 0x00000000a8600000|  0%| F|  |TAMS 0x00000000a8500000| PB 0x00000000a8500000| Untracked 
| 134|0x00000000a8600000, 0x00000000a8600000, 0x00000000a8700000|  0%| F|  |TAMS 0x00000000a8600000| PB 0x00000000a8600000| Untracked 
| 135|0x00000000a8700000, 0x00000000a8700000, 0x00000000a8800000|  0%| F|  |TAMS 0x00000000a8700000| PB 0x00000000a8700000| Untracked 
| 136|0x00000000a8800000, 0x00000000a8800000, 0x00000000a8900000|  0%| F|  |TAMS 0x00000000a8800000| PB 0x00000000a8800000| Untracked 
| 137|0x00000000a8900000, 0x00000000a8900000, 0x00000000a8a00000|  0%| F|  |TAMS 0x00000000a8900000| PB 0x00000000a8900000| Untracked 
| 138|0x00000000a8a00000, 0x00000000a8ab4260, 0x00000000a8b00000| 70%| S|CS|TAMS 0x00000000a8a00000| PB 0x00000000a8a00000| Complete 
| 139|0x00000000a8b00000, 0x00000000a8c00000, 0x00000000a8c00000|100%| S|CS|TAMS 0x00000000a8b00000| PB 0x00000000a8b00000| Complete 
| 140|0x00000000a8c00000, 0x00000000a8d00000, 0x00000000a8d00000|100%| S|CS|TAMS 0x00000000a8c00000| PB 0x00000000a8c00000| Complete 
| 141|0x00000000a8d00000, 0x00000000a8e00000, 0x00000000a8e00000|100%| S|CS|TAMS 0x00000000a8d00000| PB 0x00000000a8d00000| Complete 
| 142|0x00000000a8e00000, 0x00000000a8e00000, 0x00000000a8f00000|  0%| F|  |TAMS 0x00000000a8e00000| PB 0x00000000a8e00000| Untracked 
| 143|0x00000000a8f00000, 0x00000000a8f00000, 0x00000000a9000000|  0%| F|  |TAMS 0x00000000a8f00000| PB 0x00000000a8f00000| Untracked 
| 144|0x00000000a9000000, 0x00000000a9000000, 0x00000000a9100000|  0%| F|  |TAMS 0x00000000a9000000| PB 0x00000000a9000000| Untracked 
| 145|0x00000000a9100000, 0x00000000a9100000, 0x00000000a9200000|  0%| F|  |TAMS 0x00000000a9100000| PB 0x00000000a9100000| Untracked 
| 146|0x00000000a9200000, 0x00000000a9200000, 0x00000000a9300000|  0%| F|  |TAMS 0x00000000a9200000| PB 0x00000000a9200000| Untracked 
| 147|0x00000000a9300000, 0x00000000a9300000, 0x00000000a9400000|  0%| F|  |TAMS 0x00000000a9300000| PB 0x00000000a9300000| Untracked 
| 148|0x00000000a9400000, 0x00000000a9400000, 0x00000000a9500000|  0%| F|  |TAMS 0x00000000a9400000| PB 0x00000000a9400000| Untracked 
| 149|0x00000000a9500000, 0x00000000a9500000, 0x00000000a9600000|  0%| F|  |TAMS 0x00000000a9500000| PB 0x00000000a9500000| Untracked 
| 150|0x00000000a9600000, 0x00000000a9600000, 0x00000000a9700000|  0%| F|  |TAMS 0x00000000a9600000| PB 0x00000000a9600000| Untracked 
| 151|0x00000000a9700000, 0x00000000a9700000, 0x00000000a9800000|  0%| F|  |TAMS 0x00000000a9700000| PB 0x00000000a9700000| Untracked 
| 152|0x00000000a9800000, 0x00000000a9800000, 0x00000000a9900000|  0%| F|  |TAMS 0x00000000a9800000| PB 0x00000000a9800000| Untracked 
| 153|0x00000000a9900000, 0x00000000a9900000, 0x00000000a9a00000|  0%| F|  |TAMS 0x00000000a9900000| PB 0x00000000a9900000| Untracked 
| 154|0x00000000a9a00000, 0x00000000a9a00000, 0x00000000a9b00000|  0%| F|  |TAMS 0x00000000a9a00000| PB 0x00000000a9a00000| Untracked 
| 155|0x00000000a9b00000, 0x00000000a9b00000, 0x00000000a9c00000|  0%| F|  |TAMS 0x00000000a9b00000| PB 0x00000000a9b00000| Untracked 
| 156|0x00000000a9c00000, 0x00000000a9c00000, 0x00000000a9d00000|  0%| F|  |TAMS 0x00000000a9c00000| PB 0x00000000a9c00000| Untracked 
| 157|0x00000000a9d00000, 0x00000000a9d00000, 0x00000000a9e00000|  0%| F|  |TAMS 0x00000000a9d00000| PB 0x00000000a9d00000| Untracked 
| 158|0x00000000a9e00000, 0x00000000a9e00000, 0x00000000a9f00000|  0%| F|  |TAMS 0x00000000a9e00000| PB 0x00000000a9e00000| Untracked 
| 159|0x00000000a9f00000, 0x00000000a9f00000, 0x00000000aa000000|  0%| F|  |TAMS 0x00000000a9f00000| PB 0x00000000a9f00000| Untracked 
| 160|0x00000000aa000000, 0x00000000aa000000, 0x00000000aa100000|  0%| F|  |TAMS 0x00000000aa000000| PB 0x00000000aa000000| Untracked 
| 161|0x00000000aa100000, 0x00000000aa100000, 0x00000000aa200000|  0%| F|  |TAMS 0x00000000aa100000| PB 0x00000000aa100000| Untracked 
| 162|0x00000000aa200000, 0x00000000aa200000, 0x00000000aa300000|  0%| F|  |TAMS 0x00000000aa200000| PB 0x00000000aa200000| Untracked 
| 163|0x00000000aa300000, 0x00000000aa300000, 0x00000000aa400000|  0%| F|  |TAMS 0x00000000aa300000| PB 0x00000000aa300000| Untracked 
| 164|0x00000000aa400000, 0x00000000aa500000, 0x00000000aa500000|100%| E|  |TAMS 0x00000000aa400000| PB 0x00000000aa400000| Complete 
| 165|0x00000000aa500000, 0x00000000aa600000, 0x00000000aa600000|100%| E|CS|TAMS 0x00000000aa500000| PB 0x00000000aa500000| Complete 
| 166|0x00000000aa600000, 0x00000000aa700000, 0x00000000aa700000|100%| E|CS|TAMS 0x00000000aa600000| PB 0x00000000aa600000| Complete 
| 167|0x00000000aa700000, 0x00000000aa800000, 0x00000000aa800000|100%| E|CS|TAMS 0x00000000aa700000| PB 0x00000000aa700000| Complete 
| 168|0x00000000aa800000, 0x00000000aa900000, 0x00000000aa900000|100%| E|CS|TAMS 0x00000000aa800000| PB 0x00000000aa800000| Complete 
| 169|0x00000000aa900000, 0x00000000aaa00000, 0x00000000aaa00000|100%| E|CS|TAMS 0x00000000aa900000| PB 0x00000000aa900000| Complete 
| 170|0x00000000aaa00000, 0x00000000aab00000, 0x00000000aab00000|100%| E|CS|TAMS 0x00000000aaa00000| PB 0x00000000aaa00000| Complete 
| 171|0x00000000aab00000, 0x00000000aac00000, 0x00000000aac00000|100%| E|CS|TAMS 0x00000000aab00000| PB 0x00000000aab00000| Complete 
| 172|0x00000000aac00000, 0x00000000aad00000, 0x00000000aad00000|100%| E|CS|TAMS 0x00000000aac00000| PB 0x00000000aac00000| Complete 
| 173|0x00000000aad00000, 0x00000000aae00000, 0x00000000aae00000|100%| E|CS|TAMS 0x00000000aad00000| PB 0x00000000aad00000| Complete 
| 174|0x00000000aae00000, 0x00000000aaf00000, 0x00000000aaf00000|100%| E|CS|TAMS 0x00000000aae00000| PB 0x00000000aae00000| Complete 
| 175|0x00000000aaf00000, 0x00000000ab000000, 0x00000000ab000000|100%| E|CS|TAMS 0x00000000aaf00000| PB 0x00000000aaf00000| Complete 
| 176|0x00000000ab000000, 0x00000000ab100000, 0x00000000ab100000|100%| E|CS|TAMS 0x00000000ab000000| PB 0x00000000ab000000| Complete 
| 177|0x00000000ab100000, 0x00000000ab200000, 0x00000000ab200000|100%| E|CS|TAMS 0x00000000ab100000| PB 0x00000000ab100000| Complete 
| 178|0x00000000ab200000, 0x00000000ab300000, 0x00000000ab300000|100%| E|CS|TAMS 0x00000000ab200000| PB 0x00000000ab200000| Complete 
| 179|0x00000000ab300000, 0x00000000ab400000, 0x00000000ab400000|100%| E|CS|TAMS 0x00000000ab300000| PB 0x00000000ab300000| Complete 
| 180|0x00000000ab400000, 0x00000000ab500000, 0x00000000ab500000|100%| E|CS|TAMS 0x00000000ab400000| PB 0x00000000ab400000| Complete 
| 181|0x00000000ab500000, 0x00000000ab600000, 0x00000000ab600000|100%| E|CS|TAMS 0x00000000ab500000| PB 0x00000000ab500000| Complete 
| 182|0x00000000ab600000, 0x00000000ab700000, 0x00000000ab700000|100%| E|CS|TAMS 0x00000000ab600000| PB 0x00000000ab600000| Complete 
| 183|0x00000000ab700000, 0x00000000ab800000, 0x00000000ab800000|100%| E|CS|TAMS 0x00000000ab700000| PB 0x00000000ab700000| Complete 
| 184|0x00000000ab800000, 0x00000000ab900000, 0x00000000ab900000|100%| E|CS|TAMS 0x00000000ab800000| PB 0x00000000ab800000| Complete 
| 185|0x00000000ab900000, 0x00000000aba00000, 0x00000000aba00000|100%| E|CS|TAMS 0x00000000ab900000| PB 0x00000000ab900000| Complete 
| 186|0x00000000aba00000, 0x00000000abb00000, 0x00000000abb00000|100%| E|CS|TAMS 0x00000000aba00000| PB 0x00000000aba00000| Complete 
| 187|0x00000000abb00000, 0x00000000abc00000, 0x00000000abc00000|100%| E|CS|TAMS 0x00000000abb00000| PB 0x00000000abb00000| Complete 
| 188|0x00000000abc00000, 0x00000000abd00000, 0x00000000abd00000|100%| E|CS|TAMS 0x00000000abc00000| PB 0x00000000abc00000| Complete 
| 281|0x00000000b1900000, 0x00000000b1a00000, 0x00000000b1a00000|100%| E|CS|TAMS 0x00000000b1900000| PB 0x00000000b1900000| Complete 
| 282|0x00000000b1a00000, 0x00000000b1b00000, 0x00000000b1b00000|100%| E|CS|TAMS 0x00000000b1a00000| PB 0x00000000b1a00000| Complete 
| 283|0x00000000b1b00000, 0x00000000b1c00000, 0x00000000b1c00000|100%| E|CS|TAMS 0x00000000b1b00000| PB 0x00000000b1b00000| Complete 
| 284|0x00000000b1c00000, 0x00000000b1d00000, 0x00000000b1d00000|100%| E|CS|TAMS 0x00000000b1c00000| PB 0x00000000b1c00000| Complete 
| 285|0x00000000b1d00000, 0x00000000b1e00000, 0x00000000b1e00000|100%| E|CS|TAMS 0x00000000b1d00000| PB 0x00000000b1d00000| Complete 
| 286|0x00000000b1e00000, 0x00000000b1f00000, 0x00000000b1f00000|100%| E|CS|TAMS 0x00000000b1e00000| PB 0x00000000b1e00000| Complete 
| 287|0x00000000b1f00000, 0x00000000b2000000, 0x00000000b2000000|100%| E|CS|TAMS 0x00000000b1f00000| PB 0x00000000b1f00000| Complete 
| 288|0x00000000b2000000, 0x00000000b2100000, 0x00000000b2100000|100%| E|CS|TAMS 0x00000000b2000000| PB 0x00000000b2000000| Complete 
| 289|0x00000000b2100000, 0x00000000b2200000, 0x00000000b2200000|100%| E|CS|TAMS 0x00000000b2100000| PB 0x00000000b2100000| Complete 
| 290|0x00000000b2200000, 0x00000000b2300000, 0x00000000b2300000|100%| E|CS|TAMS 0x00000000b2200000| PB 0x00000000b2200000| Complete 
| 291|0x00000000b2300000, 0x00000000b2400000, 0x00000000b2400000|100%| E|CS|TAMS 0x00000000b2300000| PB 0x00000000b2300000| Complete 
| 292|0x00000000b2400000, 0x00000000b2500000, 0x00000000b2500000|100%| E|CS|TAMS 0x00000000b2400000| PB 0x00000000b2400000| Complete 
| 383|0x00000000b7f00000, 0x00000000b8000000, 0x00000000b8000000|100%| E|CS|TAMS 0x00000000b7f00000| PB 0x00000000b7f00000| Complete 
|1526|0x00000000ff600000, 0x00000000ff700000, 0x00000000ff700000|100%| O|  |TAMS 0x00000000ff600000| PB 0x00000000ff600000| Untracked 
|1527|0x00000000ff700000, 0x00000000ff800000, 0x00000000ff800000|100%| O|  |TAMS 0x00000000ff700000| PB 0x00000000ff700000| Untracked 
|1528|0x00000000ff800000, 0x00000000ff900000, 0x00000000ff900000|100%| O|  |TAMS 0x00000000ff800000| PB 0x00000000ff800000| Untracked 
|1529|0x00000000ff900000, 0x00000000ffa00000, 0x00000000ffa00000|100%| O|  |TAMS 0x00000000ff900000| PB 0x00000000ff900000| Untracked 
|1530|0x00000000ffa00000, 0x00000000ffb00000, 0x00000000ffb00000|100%| E|CS|TAMS 0x00000000ffa00000| PB 0x00000000ffa00000| Complete 
|1531|0x00000000ffb00000, 0x00000000ffc00000, 0x00000000ffc00000|100%| E|CS|TAMS 0x00000000ffb00000| PB 0x00000000ffb00000| Complete 
|1532|0x00000000ffc00000, 0x00000000ffd00000, 0x00000000ffd00000|100%| O|  |TAMS 0x00000000ffc00000| PB 0x00000000ffc00000| Untracked 
|1533|0x00000000ffd00000, 0x00000000ffe00000, 0x00000000ffe00000|100%| E|CS|TAMS 0x00000000ffd00000| PB 0x00000000ffd00000| Complete 
|1534|0x00000000ffe00000, 0x00000000fff00000, 0x00000000fff00000|100%| E|CS|TAMS 0x00000000ffe00000| PB 0x00000000ffe00000| Complete 
|1535|0x00000000fff00000, 0x0000000100000000, 0x0000000100000000|100%| O|  |TAMS 0x00000000fff00000| PB 0x00000000fff00000| Untracked 

Card table byte_map: [0x000002b5c4c00000,0x000002b5c4f00000] _byte_map_base: 0x000002b5c4700000

Marking Bits: (CMBitMap*) 0x000002b5b24060f0
 Bits: [0x000002b5c4f00000, 0x000002b5c6700000)

Polling page: 0x000002b5b0160000

Metaspace:

Usage:
  Non-class:     77.97 MB used.
      Class:     12.84 MB used.
       Both:     90.81 MB used.

Virtual space:
  Non-class space:      128.00 MB reserved,      79.06 MB ( 62%) committed,  2 nodes.
      Class space:        1.00 GB reserved,      13.69 MB (  1%) committed,  1 nodes.
             Both:        1.12 GB reserved,      92.75 MB (  8%) committed. 

Chunk freelists:
   Non-Class:  570.00 KB
       Class:  2.33 MB
        Both:  2.89 MB

MaxMetaspaceSize: unlimited
CompressedClassSpaceSize: 1.00 GB
Initial GC threshold: 21.00 MB
Current GC threshold: 149.69 MB
CDS: on
 - commit_granule_bytes: 65536.
 - commit_granule_words: 8192.
 - virtual_space_node_default_size: 8388608.
 - enlarge_chunks_in_place: 1.
 - use_allocation_guard: 0.


Internal statistics:

num_allocs_failed_limit: 6.
num_arena_births: 4586.
num_arena_deaths: 1756.
num_vsnodes_births: 3.
num_vsnodes_deaths: 0.
num_space_committed: 1484.
num_space_uncommitted: 0.
num_chunks_returned_to_freelist: 2014.
num_chunks_taken_from_freelist: 9991.
num_chunk_merges: 694.
num_chunk_splits: 5861.
num_chunks_enlarged: 3646.
num_inconsistent_stats: 0.

CodeHeap 'non-profiled nmethods': size=120000Kb used=9362Kb max_used=9362Kb free=110637Kb
 bounds [0x000002b5bd090000, 0x000002b5bd9c0000, 0x000002b5c45c0000]
CodeHeap 'profiled nmethods': size=120000Kb used=21110Kb max_used=21110Kb free=98889Kb
 bounds [0x000002b5b55c0000, 0x000002b5b6a60000, 0x000002b5bcaf0000]
CodeHeap 'non-nmethods': size=5760Kb used=2737Kb max_used=2809Kb free=3022Kb
 bounds [0x000002b5bcaf0000, 0x000002b5bcdc0000, 0x000002b5bd090000]
CodeCache: size=245760Kb, used=33209Kb, max_used=33281Kb, free=212548Kb
 total_blobs=12263, nmethods=11267, adapters=899, full_count=0
Compilation: enabled, stopped_count=0, restarted_count=0

Compilation events (20 events):
Event: 2372.625 Thread 0x000002b5c923ea90 nmethod 15520 0x000002b5bd9af810 code [0x000002b5bd9af9a0, 0x000002b5bd9afc10]
Event: 2373.307 Thread 0x000002b5c923ea90 15522   !   4       org.gradle.internal.classloader.FilteringClassLoader::loadClass (62 bytes)
Event: 2373.314 Thread 0x000002b5c92576b0 15523   !   3       org.gradle.internal.logging.services.DefaultLoggingManager$StartableLoggingSystem::stop (47 bytes)
Event: 2373.315 Thread 0x000002b5c92576b0 nmethod 15523 0x000002b5b6a54990 code [0x000002b5b6a54b40, 0x000002b5b6a54df0]
Event: 2373.433 Thread 0x000002b5c92576b0 15524       3       java.lang.invoke.MethodType::asSpreaderType (173 bytes)
Event: 2373.436 Thread 0x000002b5c92576b0 nmethod 15524 0x000002b5b6a54f10 code [0x000002b5b6a551e0, 0x000002b5b6a56038]
Event: 2373.460 Thread 0x000002b5c92576b0 15525       1       org.gradle.cache.IndexedCacheParameters::getCacheName (5 bytes)
Event: 2373.460 Thread 0x000002b5c92576b0 nmethod 15525 0x000002b5bd9afc90 code [0x000002b5bd9afe20, 0x000002b5bd9afee8]
Event: 2373.462 Thread 0x000002b5c923ea90 nmethod 15522 0x000002b5bd9aff90 code [0x000002b5bd9b0420, 0x000002b5bd9b25c0]
Event: 2374.841 Thread 0x000002b5c92576b0 15526       3       org.gradle.internal.service.DefaultServiceRegistry$ThisAsService::getService (28 bytes)
Event: 2374.842 Thread 0x000002b5c92576b0 nmethod 15526 0x000002b5b6a56510 code [0x000002b5b6a566e0, 0x000002b5b6a56a68]
Event: 2375.547 Thread 0x000002b5c92576b0 15527       3       org.gradle.initialization.DefaultProjectDescriptor::hashCode (22 bytes)
Event: 2375.548 Thread 0x000002b5c92576b0 nmethod 15527 0x000002b5b6a56b90 code [0x000002b5b6a56d60, 0x000002b5b6a572e0]
Event: 2375.823 Thread 0x000002b5c92576b0 15528       3       org.gradle.internal.service.DefaultServiceRegistry$ThisAsService::requiredBy (1 bytes)
Event: 2375.823 Thread 0x000002b5c92576b0 nmethod 15528 0x000002b5b6416310 code [0x000002b5b64164a0, 0x000002b5b64165a8]
Event: 2376.146 Thread 0x000002b5c923ea90 15529       4       org.gradle.internal.service.DefaultServiceRegistry$OwnServices::add (82 bytes)
Event: 2376.146 Thread 0x000002b5c92576b0 15530       3       org.gradle.internal.service.DefaultServiceRegistry$1::addProvider (10 bytes)
Event: 2376.147 Thread 0x000002b5c92576b0 nmethod 15530 0x000002b5b6a57410 code [0x000002b5b6a57620, 0x000002b5b6a57bb0]
Event: 2376.460 Thread 0x000002b5c92576b0 15532       3       java.lang.invoke.LambdaForm$DMH/0x000002b5cb0f0800::invokeVirtual (20 bytes)
Event: 2376.461 Thread 0x000002b5c92576b0 nmethod 15532 0x000002b5b6a57e10 code [0x000002b5b6a57fe0, 0x000002b5b6a58528]

GC Heap History (20 events):
Event: 1771.825 GC heap before
{Heap before GC invocations=60 (full 0):
 garbage-first heap   total 162816K, used 148125K [0x00000000a0000000, 0x0000000100000000)
  region size 1024K, 51 young (52224K), 5 survivors (5120K)
 Metaspace       used 78107K, committed 80192K, reserved 1179648K
  class space    used 11009K, committed 12032K, reserved 1048576K
}
Event: 1771.834 GC heap after
{Heap after GC invocations=61 (full 0):
 garbage-first heap   total 162816K, used 101376K [0x00000000a0000000, 0x0000000100000000)
  region size 1024K, 1 young (1024K), 1 survivors (1024K)
 Metaspace       used 78107K, committed 80192K, reserved 1179648K
  class space    used 11009K, committed 12032K, reserved 1048576K
}
Event: 1904.537 GC heap before
{Heap before GC invocations=61 (full 0):
 garbage-first heap   total 162816K, used 149504K [0x00000000a0000000, 0x0000000100000000)
  region size 1024K, 49 young (50176K), 1 survivors (1024K)
 Metaspace       used 78115K, committed 80192K, reserved 1179648K
  class space    used 11010K, committed 12032K, reserved 1048576K
}
Event: 1904.546 GC heap after
{Heap after GC invocations=62 (full 0):
 garbage-first heap   total 162816K, used 104567K [0x00000000a0000000, 0x0000000100000000)
  region size 1024K, 5 young (5120K), 5 survivors (5120K)
 Metaspace       used 78115K, committed 80192K, reserved 1179648K
  class space    used 11010K, committed 12032K, reserved 1048576K
}
Event: 1909.086 GC heap before
{Heap before GC invocations=63 (full 0):
 garbage-first heap   total 176128K, used 148599K [0x00000000a0000000, 0x0000000100000000)
  region size 1024K, 49 young (50176K), 5 survivors (5120K)
 Metaspace       used 76923K, committed 80192K, reserved 1179648K
  class space    used 10736K, committed 12032K, reserved 1048576K
}
Event: 1909.094 GC heap after
{Heap after GC invocations=64 (full 0):
 garbage-first heap   total 176128K, used 105987K [0x00000000a0000000, 0x0000000100000000)
  region size 1024K, 5 young (5120K), 5 survivors (5120K)
 Metaspace       used 76923K, committed 80192K, reserved 1179648K
  class space    used 10736K, committed 12032K, reserved 1048576K
}
Event: 1927.075 GC heap before
{Heap before GC invocations=64 (full 0):
 garbage-first heap   total 176128K, used 166403K [0x00000000a0000000, 0x0000000100000000)
  region size 1024K, 60 young (61440K), 5 survivors (5120K)
 Metaspace       used 79264K, committed 81088K, reserved 1179648K
  class space    used 11068K, committed 12032K, reserved 1048576K
}
Event: 1927.082 GC heap after
{Heap after GC invocations=65 (full 0):
 garbage-first heap   total 176128K, used 108435K [0x00000000a0000000, 0x0000000100000000)
  region size 1024K, 4 young (4096K), 4 survivors (4096K)
 Metaspace       used 79264K, committed 81088K, reserved 1179648K
  class space    used 11068K, committed 12032K, reserved 1048576K
}
Event: 1931.691 GC heap before
{Heap before GC invocations=65 (full 0):
 garbage-first heap   total 176128K, used 162707K [0x00000000a0000000, 0x0000000100000000)
  region size 1024K, 58 young (59392K), 4 survivors (4096K)
 Metaspace       used 85074K, committed 86720K, reserved 1179648K
  class space    used 11934K, committed 12672K, reserved 1048576K
}
Event: 1931.697 GC heap after
{Heap after GC invocations=66 (full 0):
 garbage-first heap   total 176128K, used 110630K [0x00000000a0000000, 0x0000000100000000)
  region size 1024K, 7 young (7168K), 7 survivors (7168K)
 Metaspace       used 85074K, committed 86720K, reserved 1179648K
  class space    used 11934K, committed 12672K, reserved 1048576K
}
Event: 1936.280 GC heap before
{Heap before GC invocations=67 (full 0):
 garbage-first heap   total 186368K, used 163878K [0x00000000a0000000, 0x0000000100000000)
  region size 1024K, 59 young (60416K), 7 survivors (7168K)
 Metaspace       used 88252K, committed 89856K, reserved 1179648K
  class space    used 12398K, committed 13120K, reserved 1048576K
}
Event: 1936.292 GC heap after
{Heap after GC invocations=68 (full 0):
 garbage-first heap   total 186368K, used 113555K [0x00000000a0000000, 0x0000000100000000)
  region size 1024K, 6 young (6144K), 6 survivors (6144K)
 Metaspace       used 88252K, committed 89856K, reserved 1179648K
  class space    used 12398K, committed 13120K, reserved 1048576K
}
Event: 1948.468 GC heap before
{Heap before GC invocations=68 (full 0):
 garbage-first heap   total 186368K, used 173971K [0x00000000a0000000, 0x0000000100000000)
  region size 1024K, 65 young (66560K), 6 survivors (6144K)
 Metaspace       used 89561K, committed 91200K, reserved 1179648K
  class space    used 12566K, committed 13312K, reserved 1048576K
}
Event: 1948.486 GC heap after
{Heap after GC invocations=69 (full 0):
 garbage-first heap   total 189440K, used 119739K [0x00000000a0000000, 0x0000000100000000)
  region size 1024K, 9 young (9216K), 9 survivors (9216K)
 Metaspace       used 89561K, committed 91200K, reserved 1179648K
  class space    used 12566K, committed 13312K, reserved 1048576K
}
Event: 1960.772 GC heap before
{Heap before GC invocations=69 (full 0):
 garbage-first heap   total 189440K, used 175035K [0x00000000a0000000, 0x0000000100000000)
  region size 1024K, 63 young (64512K), 9 survivors (9216K)
 Metaspace       used 90178K, committed 91968K, reserved 1179648K
  class space    used 12639K, committed 13440K, reserved 1048576K
}
Event: 1960.793 GC heap after
{Heap after GC invocations=70 (full 0):
 garbage-first heap   total 194560K, used 129220K [0x00000000a0000000, 0x0000000100000000)
  region size 1024K, 8 young (8192K), 8 survivors (8192K)
 Metaspace       used 90178K, committed 91968K, reserved 1179648K
  class space    used 12639K, committed 13440K, reserved 1048576K
}
Event: 1967.672 GC heap before
{Heap before GC invocations=71 (full 0):
 garbage-first heap   total 217088K, used 176324K [0x00000000a0000000, 0x0000000100000000)
  region size 1024K, 54 young (55296K), 8 survivors (8192K)
 Metaspace       used 90568K, committed 92352K, reserved 1179648K
  class space    used 12688K, committed 13504K, reserved 1048576K
}
Event: 1967.688 GC heap after
{Heap after GC invocations=72 (full 0):
 garbage-first heap   total 217088K, used 136803K [0x00000000a0000000, 0x0000000100000000)
  region size 1024K, 7 young (7168K), 7 survivors (7168K)
 Metaspace       used 90568K, committed 92352K, reserved 1179648K
  class space    used 12688K, committed 13504K, reserved 1048576K
}
Event: 2292.043 GC heap before
{Heap before GC invocations=72 (full 0):
 garbage-first heap   total 217088K, used 192099K [0x00000000a0000000, 0x0000000100000000)
  region size 1024K, 62 young (63488K), 7 survivors (7168K)
 Metaspace       used 92254K, committed 94080K, reserved 1179648K
  class space    used 13016K, committed 13824K, reserved 1048576K
}
Event: 2292.146 GC heap after
{Heap after GC invocations=73 (full 0):
 garbage-first heap   total 217088K, used 139352K [0x00000000a0000000, 0x0000000100000000)
  region size 1024K, 4 young (4096K), 4 survivors (4096K)
 Metaspace       used 92254K, committed 94080K, reserved 1179648K
  class space    used 13016K, committed 13824K, reserved 1048576K
}

Dll operation events (20 events):
Event: 4.336 Attempting to load shared library C:\Users\Khaing\.vscode\extensions\redhat.java-1.56.0-win32-x64\jre\21.0.12.1-win32-x86_64\bin\nio.dll
Event: 4.387 Loaded shared library C:\Users\Khaing\.vscode\extensions\redhat.java-1.56.0-win32-x64\jre\21.0.12.1-win32-x86_64\bin\nio.dll
Event: 4.564 Attempting to load shared library C:\Users\Khaing\.vscode\extensions\redhat.java-1.56.0-win32-x64\jre\21.0.12.1-win32-x86_64\bin\zip.dll
Event: 4.564 Loaded shared library C:\Users\Khaing\.vscode\extensions\redhat.java-1.56.0-win32-x64\jre\21.0.12.1-win32-x86_64\bin\zip.dll
Event: 37.543 Attempting to load shared library C:\Users\Khaing\.vscode\extensions\redhat.java-1.56.0-win32-x64\jre\21.0.12.1-win32-x86_64\bin\jimage.dll
Event: 37.543 Loaded shared library C:\Users\Khaing\.vscode\extensions\redhat.java-1.56.0-win32-x64\jre\21.0.12.1-win32-x86_64\bin\jimage.dll
Event: 44.229 Attempting to load shared library C:\Users\Khaing\.vscode\extensions\redhat.java-1.56.0-win32-x64\jre\21.0.12.1-win32-x86_64\bin\verify.dll
Event: 44.241 Loaded shared library C:\Users\Khaing\.vscode\extensions\redhat.java-1.56.0-win32-x64\jre\21.0.12.1-win32-x86_64\bin\verify.dll
Event: 44.848 Attempting to load shared library C:\Users\Khaing\.gradle\native\1def1411415f61bf3af743bc5b6707747c0891f09f0c88961ee8f79bc544acac\windows-amd64\native-platform.dll
Event: 44.865 Loaded shared library C:\Users\Khaing\.gradle\native\1def1411415f61bf3af743bc5b6707747c0891f09f0c88961ee8f79bc544acac\windows-amd64\native-platform.dll
Event: 44.961 Attempting to load shared library C:\Users\Khaing\.gradle\native\0.2.7\x86_64-windows-gnu\gradle-fileevents.dll
Event: 44.970 Loaded shared library C:\Users\Khaing\.gradle\native\0.2.7\x86_64-windows-gnu\gradle-fileevents.dll
Event: 87.769 Attempting to load shared library C:\Users\Khaing\.vscode\extensions\redhat.java-1.56.0-win32-x64\jre\21.0.12.1-win32-x86_64\bin\management.dll
Event: 88.001 Loaded shared library C:\Users\Khaing\.vscode\extensions\redhat.java-1.56.0-win32-x64\jre\21.0.12.1-win32-x86_64\bin\management.dll
Event: 88.221 Attempting to load shared library C:\Users\Khaing\.vscode\extensions\redhat.java-1.56.0-win32-x64\jre\21.0.12.1-win32-x86_64\bin\management_ext.dll
Event: 88.323 Loaded shared library C:\Users\Khaing\.vscode\extensions\redhat.java-1.56.0-win32-x64\jre\21.0.12.1-win32-x86_64\bin\management_ext.dll
Event: 90.538 Attempting to load shared library C:\Users\Khaing\.vscode\extensions\redhat.java-1.56.0-win32-x64\jre\21.0.12.1-win32-x86_64\bin\extnet.dll
Event: 90.580 Loaded shared library C:\Users\Khaing\.vscode\extensions\redhat.java-1.56.0-win32-x64\jre\21.0.12.1-win32-x86_64\bin\extnet.dll
Event: 92.018 Attempting to load shared library C:\Users\Khaing\.vscode\extensions\redhat.java-1.56.0-win32-x64\jre\21.0.12.1-win32-x86_64\bin\sunmscapi.dll
Event: 92.097 Loaded shared library C:\Users\Khaing\.vscode\extensions\redhat.java-1.56.0-win32-x64\jre\21.0.12.1-win32-x86_64\bin\sunmscapi.dll

Deoptimization events (20 events):
Event: 2375.618 Thread 0x000002b60fa28340 Uncommon trap: trap_request=0xffffffc6 fr.pc=0x000002b5bd78fc98 relative=0x0000000000002278
Event: 2375.618 Thread 0x000002b60fa28340 Uncommon trap: reason=bimorphic_or_optimized_type_check action=maybe_recompile pc=0x000002b5bd78fc98 method=com.google.common.cache.LocalCache$LocalManualCache$1.load(Ljava/lang/Object;)Ljava/lang/Object; @ 4 c2
Event: 2375.618 Thread 0x000002b60fa28340 DEOPT PACKING pc=0x000002b5bd78fc98 sp=0x000000dade3fae00
Event: 2375.618 Thread 0x000002b60fa28340 DEOPT UNPACKING pc=0x000002b5bcb44422 sp=0x000000dade3fad18 mode 2
Event: 2375.619 Thread 0x000002b60fa28340 Uncommon trap: trap_request=0xffffffc6 fr.pc=0x000002b5bd78fc98 relative=0x0000000000002278
Event: 2375.619 Thread 0x000002b60fa28340 Uncommon trap: reason=bimorphic_or_optimized_type_check action=maybe_recompile pc=0x000002b5bd78fc98 method=com.google.common.cache.LocalCache$LocalManualCache$1.load(Ljava/lang/Object;)Ljava/lang/Object; @ 4 c2
Event: 2375.619 Thread 0x000002b60fa28340 DEOPT PACKING pc=0x000002b5bd78fc98 sp=0x000000dade3fad10
Event: 2375.619 Thread 0x000002b60fa28340 DEOPT UNPACKING pc=0x000002b5bcb44422 sp=0x000000dade3fac28 mode 2
Event: 2375.619 Thread 0x000002b60fa28340 Uncommon trap: trap_request=0xffffffde fr.pc=0x000002b5bd885ec0 relative=0x0000000000000180
Event: 2375.619 Thread 0x000002b60fa28340 Uncommon trap: reason=class_check action=maybe_recompile pc=0x000002b5bd885ec0 method=com.google.common.cache.LocalCache$Segment.getLiveValue(Lcom/google/common/cache/ReferenceEntry;J)Ljava/lang/Object; @ 21 c2
Event: 2375.619 Thread 0x000002b60fa28340 DEOPT PACKING pc=0x000002b5bd885ec0 sp=0x000000dade3fa710
Event: 2375.619 Thread 0x000002b60fa28340 DEOPT UNPACKING pc=0x000002b5bcb44422 sp=0x000000dade3fa6a8 mode 2
Event: 2375.619 Thread 0x000002b60fa28340 Uncommon trap: trap_request=0xffffffc6 fr.pc=0x000002b5bd78fc98 relative=0x0000000000002278
Event: 2375.619 Thread 0x000002b60fa28340 Uncommon trap: reason=bimorphic_or_optimized_type_check action=maybe_recompile pc=0x000002b5bd78fc98 method=com.google.common.cache.LocalCache$LocalManualCache$1.load(Ljava/lang/Object;)Ljava/lang/Object; @ 4 c2
Event: 2375.619 Thread 0x000002b60fa28340 DEOPT PACKING pc=0x000002b5bd78fc98 sp=0x000000dade3fad10
Event: 2375.619 Thread 0x000002b60fa28340 DEOPT UNPACKING pc=0x000002b5bcb44422 sp=0x000000dade3fac28 mode 2
Event: 2375.619 Thread 0x000002b60fa28340 Uncommon trap: trap_request=0xffffffde fr.pc=0x000002b5bd885ec0 relative=0x0000000000000180
Event: 2375.619 Thread 0x000002b60fa28340 Uncommon trap: reason=class_check action=maybe_recompile pc=0x000002b5bd885ec0 method=com.google.common.cache.LocalCache$Segment.getLiveValue(Lcom/google/common/cache/ReferenceEntry;J)Ljava/lang/Object; @ 21 c2
Event: 2375.619 Thread 0x000002b60fa28340 DEOPT PACKING pc=0x000002b5bd885ec0 sp=0x000000dade3fa640
Event: 2375.619 Thread 0x000002b60fa28340 DEOPT UNPACKING pc=0x000002b5bcb44422 sp=0x000000dade3fa5d8 mode 2

Classes loaded (20 events):
Event: 1970.345 Loading class java/util/TreeMap$KeySpliterator
Event: 1970.345 Loading class java/util/TreeMap$TreeMapSpliterator
Event: 1970.345 Loading class java/util/TreeMap$TreeMapSpliterator done
Event: 1970.345 Loading class java/util/TreeMap$KeySpliterator done
Event: 1970.543 Loading class java/beans/ParameterDescriptor
Event: 1970.543 Loading class java/beans/ParameterDescriptor done
Event: 1971.078 Loading class java/util/concurrent/ConcurrentLinkedQueue$Itr
Event: 1971.080 Loading class java/util/concurrent/ConcurrentLinkedQueue$Itr done
Event: 1971.146 Loading class java/lang/AbstractMethodError
Event: 1971.146 Loading class java/lang/AbstractMethodError done
Event: 1972.964 Loading class sun/reflect/misc/MethodUtil
Event: 1972.964 Loading class sun/reflect/misc/MethodUtil done
Event: 1972.964 Loading class sun/reflect/misc/MethodUtil$1
Event: 1972.965 Loading class sun/reflect/misc/MethodUtil$1 done
Event: 2342.829 Loading class java/time/Instant$1
Event: 2342.829 Loading class java/time/Instant$1 done
Event: 2343.811 Loading class java/util/concurrent/CompletableFuture$AsyncRun
Event: 2343.814 Loading class java/util/concurrent/CompletableFuture$AsyncRun done
Event: 2358.519 Loading class jdk/internal/math/FormattedFPDecimal
Event: 2358.521 Loading class jdk/internal/math/FormattedFPDecimal done

Classes unloaded (20 events):
Event: 1904.863 Thread 0x000002b5c918c1b0 Unloading class 0x000002b5cb1c8c00 'java/lang/invoke/LambdaForm$MH+0x000002b5cb1c8c00'
Event: 1904.863 Thread 0x000002b5c918c1b0 Unloading class 0x000002b5cb1c8800 'java/lang/invoke/LambdaForm$MH+0x000002b5cb1c8800'
Event: 1904.863 Thread 0x000002b5c918c1b0 Unloading class 0x000002b5cb1c8400 'java/lang/invoke/LambdaForm$MH+0x000002b5cb1c8400'
Event: 1904.863 Thread 0x000002b5c918c1b0 Unloading class 0x000002b5cb1c6400 'java/lang/invoke/LambdaForm$MH+0x000002b5cb1c6400'
Event: 1904.863 Thread 0x000002b5c918c1b0 Unloading class 0x000002b5cb1c4800 'java/lang/invoke/LambdaForm$MH+0x000002b5cb1c4800'
Event: 1904.863 Thread 0x000002b5c918c1b0 Unloading class 0x000002b5cb1c4400 'java/lang/invoke/LambdaForm$MH+0x000002b5cb1c4400'
Event: 1904.863 Thread 0x000002b5c918c1b0 Unloading class 0x000002b5cb1a0800 'java/lang/invoke/LambdaForm$MH+0x000002b5cb1a0800'
Event: 1904.863 Thread 0x000002b5c918c1b0 Unloading class 0x000002b5cb1a0400 'java/lang/invoke/LambdaForm$MH+0x000002b5cb1a0400'
Event: 1904.863 Thread 0x000002b5c918c1b0 Unloading class 0x000002b5cb190c00 'java/lang/invoke/LambdaForm$MH+0x000002b5cb190c00'
Event: 1904.863 Thread 0x000002b5c918c1b0 Unloading class 0x000002b5cb190800 'java/lang/invoke/LambdaForm$MH+0x000002b5cb190800'
Event: 1904.863 Thread 0x000002b5c918c1b0 Unloading class 0x000002b5cb190400 'java/lang/invoke/LambdaForm$MH+0x000002b5cb190400'
Event: 1904.863 Thread 0x000002b5c918c1b0 Unloading class 0x000002b5cb152c00 'java/lang/invoke/LambdaForm$MH+0x000002b5cb152c00'
Event: 1904.863 Thread 0x000002b5c918c1b0 Unloading class 0x000002b5cb152800 'java/lang/invoke/LambdaForm$MH+0x000002b5cb152800'
Event: 1904.863 Thread 0x000002b5c918c1b0 Unloading class 0x000002b5cb152400 'java/lang/invoke/LambdaForm$MH+0x000002b5cb152400'
Event: 1904.863 Thread 0x000002b5c918c1b0 Unloading class 0x000002b5cb151000 'java/lang/invoke/LambdaForm$MH+0x000002b5cb151000'
Event: 1904.863 Thread 0x000002b5c918c1b0 Unloading class 0x000002b5cb14d800 'java/lang/invoke/LambdaForm$MH+0x000002b5cb14d800'
Event: 1904.863 Thread 0x000002b5c918c1b0 Unloading class 0x000002b5cb14c000 'java/lang/invoke/LambdaForm$MH+0x000002b5cb14c000'
Event: 1904.863 Thread 0x000002b5c918c1b0 Unloading class 0x000002b5cb0f3800 'java/lang/invoke/LambdaForm$MH+0x000002b5cb0f3800'
Event: 1904.863 Thread 0x000002b5c918c1b0 Unloading class 0x000002b5cb0f1000 'java/lang/invoke/LambdaForm$MH+0x000002b5cb0f1000'
Event: 1904.863 Thread 0x000002b5c918c1b0 Unloading class 0x000002b5cb0e4800 'java/lang/invoke/LambdaForm$MH+0x000002b5cb0e4800'

Classes redefined (0 events):
No events

Internal exceptions (20 events):
Event: 1972.965 Thread 0x000002b60fa28340 Implicit null exception at 0x000002b5bd56b488 to 0x000002b5bd56b50c
Event: 1972.968 Thread 0x000002b60fa28340 Exception <a 'java/lang/NoSuchMethodError'{0x00000000ab45d020}: 'long java.lang.invoke.DelegatingMethodHandle$Holder.reinvoke_L(java.lang.Object, java.lang.Object)'> (0x00000000ab45d020) 
thrown [s\src\hotspot\share\interpreter\linkResolver.cpp, line 773]
Event: 2341.235 Thread 0x000002b60fa28340 Exception <a 'java/lang/NoSuchMethodError'{0x00000000b1919700}: 'void java.lang.invoke.DirectMethodHandle$Holder.invokeInterface(java.lang.Object, java.lang.Object, java.lang.Object, int)'> (0x00000000b1919700) 
thrown [s\src\hotspot\share\interpreter\linkResolver.cpp, line 773]
Event: 2341.240 Thread 0x000002b60fa28340 Exception <a 'java/lang/IncompatibleClassChangeError'{0x00000000b191d240}: Found class java.lang.Object, but interface was expected> (0x00000000b191d240) 
thrown [s\src\hotspot\share\interpreter\linkResolver.cpp, line 840]
Event: 2341.242 Thread 0x000002b60fa28340 Exception <a 'java/lang/NoSuchMethodError'{0x00000000b1921638}: 'void java.lang.invoke.DelegatingMethodHandle$Holder.reinvoke_L(java.lang.Object, java.lang.Object, java.lang.Object, int)'> (0x00000000b1921638) 
thrown [s\src\hotspot\share\interpreter\linkResolver.cpp, line 773]
Event: 2341.284 Thread 0x000002b60fa28340 Exception <a 'sun/nio/fs/WindowsException'{0x00000000b193acf8}> (0x00000000b193acf8) 
thrown [s\src\hotspot\share\prims\jni.cpp, line 520]
Event: 2341.311 Thread 0x000002b60fa28340 Implicit null exception at 0x000002b5bd32717c to 0x000002b5bd3271a8
Event: 2341.333 Thread 0x000002b60fa28340 Implicit null exception at 0x000002b5bd8534b5 to 0x000002b5bd853667
Event: 2342.011 Thread 0x000002b60fa28340 Exception <a 'java/lang/IncompatibleClassChangeError'{0x00000000abbe49d0}: Found class java.lang.Object, but interface was expected> (0x00000000abbe49d0) 
thrown [s\src\hotspot\share\interpreter\linkResolver.cpp, line 840]
Event: 2342.241 Thread 0x000002b60fa28340 Implicit null exception at 0x000002b5bd0e2140 to 0x000002b5bd0e21a0
Event: 2342.246 Thread 0x000002b60fa28340 Exception <a 'java/lang/IncompatibleClassChangeError'{0x00000000aba8e6c0}: Found class java.lang.Object, but interface was expected> (0x00000000aba8e6c0) 
thrown [s\src\hotspot\share\interpreter\linkResolver.cpp, line 840]
Event: 2359.868 Thread 0x000002b60fa28340 Exception <a 'java/lang/NoSuchMethodError'{0x00000000aad60d30}: 'java.lang.Object java.lang.invoke.DelegatingMethodHandle$Holder.reinvoke_L(java.lang.Object, java.lang.Object, java.lang.Object, java.lang.Object, java.lang.Object, java.lang.Object, java.lang.Object, java.lang.Object, java.lang.Object, java.lang.Object, java.lang.Object, java.lang.Object, java.lang.Object, java.lang.Object, java.lang.Object, java.lang.Object, java.lang.Object, java.lang.Object, java.lang.Object, java.lang.Object, java.lang.O
Event: 2370.926 Thread 0x000002b60fa28340 Exception <a 'sun/nio/fs/WindowsException'{0x00000000aa812040}> (0x00000000aa812040) 
thrown [s\src\hotspot\share\prims\jni.cpp, line 520]
Event: 2370.944 Thread 0x000002b60fa28340 Exception <a 'sun/nio/fs/WindowsException'{0x00000000aa813520}> (0x00000000aa813520) 
thrown [s\src\hotspot\share\prims\jni.cpp, line 520]
Event: 2370.963 Thread 0x000002b60fa28340 Exception <a 'sun/nio/fs/WindowsException'{0x00000000aa8149f0}> (0x00000000aa8149f0) 
thrown [s\src\hotspot\share\prims\jni.cpp, line 520]
Event: 2370.988 Thread 0x000002b60fa28340 Exception <a 'sun/nio/fs/WindowsException'{0x00000000aa815eb0}> (0x00000000aa815eb0) 
thrown [s\src\hotspot\share\prims\jni.cpp, line 520]
Event: 2372.503 Thread 0x000002b60fa28340 Exception <a 'java/lang/ClassNotFoundException'{0x00000000aa783208}: settings_blwe5ckwf2ncdtrf2lccmk1brBeanInfo> (0x00000000aa783208) 
thrown [s\src\hotspot\share\classfile\systemDictionary.cpp, line 313]
Event: 2372.543 Thread 0x000002b60fa28340 Exception <a 'java/lang/ClassNotFoundException'{0x00000000aa7892a0}: settings_blwe5ckwf2ncdtrf2lccmk1brCustomizer> (0x00000000aa7892a0) 
thrown [s\src\hotspot\share\classfile\systemDictionary.cpp, line 313]
Event: 2373.309 Thread 0x000002b60fa28340 Exception <a 'java/lang/ClassNotFoundException'{0x00000000aa696658}: capacitor_settings_11tpdrg4zrjciqnqzhdiywgusBeanInfo> (0x00000000aa696658) 
thrown [s\src\hotspot\share\classfile\systemDictionary.cpp, line 313]
Event: 2373.311 Thread 0x000002b60fa28340 Exception <a 'java/lang/ClassNotFoundException'{0x00000000aa69cc58}: capacitor_settings_11tpdrg4zrjciqnqzhdiywgusCustomizer> (0x00000000aa69cc58) 
thrown [s\src\hotspot\share\classfile\systemDictionary.cpp, line 313]

ZGC Phase Switch (0 events):
No events

VM Operations (20 events):
Event: 2358.420 Executing safepoint VM operation: Cleanup
Event: 2358.467 Executing safepoint VM operation: Cleanup done
Event: 2359.473 Executing safepoint VM operation: Cleanup
Event: 2359.473 Executing safepoint VM operation: Cleanup done
Event: 2360.475 Executing safepoint VM operation: Cleanup
Event: 2360.475 Executing safepoint VM operation: Cleanup done
Event: 2362.485 Executing safepoint VM operation: Cleanup
Event: 2362.485 Executing safepoint VM operation: Cleanup done
Event: 2363.487 Executing safepoint VM operation: Cleanup
Event: 2363.487 Executing safepoint VM operation: Cleanup done
Event: 2370.535 Executing safepoint VM operation: Cleanup
Event: 2370.535 Executing safepoint VM operation: Cleanup done
Event: 2371.541 Executing safepoint VM operation: Cleanup
Event: 2371.541 Executing safepoint VM operation: Cleanup done
Event: 2372.546 Executing safepoint VM operation: Cleanup
Event: 2372.546 Executing safepoint VM operation: Cleanup done
Event: 2373.549 Executing safepoint VM operation: Cleanup
Event: 2373.549 Executing safepoint VM operation: Cleanup done
Event: 2374.555 Executing safepoint VM operation: Cleanup
Event: 2374.555 Executing safepoint VM operation: Cleanup done

Memory protections (0 events):
No events

Nmethod flushes (20 events):
Event: 1961.048 Thread 0x000002b5c918c1b0 flushing  nmethod 0x000002b5b56b8290
Event: 1961.048 Thread 0x000002b5c918c1b0 flushing  nmethod 0x000002b5b56d0e10
Event: 1961.048 Thread 0x000002b5c918c1b0 flushing  nmethod 0x000002b5b5ae4490
Event: 1961.048 Thread 0x000002b5c918c1b0 flushing  nmethod 0x000002b5b5c9d210
Event: 1961.048 Thread 0x000002b5c918c1b0 flushing  nmethod 0x000002b5b5f6e310
Event: 1961.048 Thread 0x000002b5c918c1b0 flushing  nmethod 0x000002b5b61d4510
Event: 1961.048 Thread 0x000002b5c918c1b0 flushing  nmethod 0x000002b5b61d4b10
Event: 1961.048 Thread 0x000002b5c918c1b0 flushing  nmethod 0x000002b5b62d3790
Event: 1961.048 Thread 0x000002b5c918c1b0 flushing  nmethod 0x000002b5b55f9d90
Event: 1961.048 Thread 0x000002b5c918c1b0 flushing  nmethod 0x000002b5b5609d10
Event: 1961.048 Thread 0x000002b5c918c1b0 flushing  nmethod 0x000002b5b5972d10
Event: 1961.048 Thread 0x000002b5c918c1b0 flushing  nmethod 0x000002b5b59f9910
Event: 1961.048 Thread 0x000002b5c918c1b0 flushing  nmethod 0x000002b5b5b83590
Event: 1961.048 Thread 0x000002b5c918c1b0 flushing  nmethod 0x000002b5b5d0c310
Event: 1961.048 Thread 0x000002b5c918c1b0 flushing  nmethod 0x000002b5b5e2a490
Event: 1961.048 Thread 0x000002b5c918c1b0 flushing  nmethod 0x000002b5b5ed4110
Event: 1961.048 Thread 0x000002b5c918c1b0 flushing  nmethod 0x000002b5b6062390
Event: 1961.048 Thread 0x000002b5c918c1b0 flushing  nmethod 0x000002b5b6107d90
Event: 1961.048 Thread 0x000002b5c918c1b0 flushing  nmethod 0x000002b5b628cf10
Event: 1961.048 Thread 0x000002b5c918c1b0 flushing  nmethod 0x000002b5b670ca90

Events (20 events):
Event: 2343.075 Thread 0x000002b60fa27620 Thread exited: 0x000002b60fa27620
Event: 2343.816 Thread 0x000002b5c9803e40 Thread added: 0x000002b61499ff10
Event: 2343.818 Thread 0x000002b60fa27cb0 Thread exited: 0x000002b60fa27cb0
Event: 2343.880 Thread 0x000002b5c9ad38e0 Thread exited: 0x000002b5c9ad38e0
Event: 2357.793 Thread 0x000002b5c9803e40 Thread added: 0x000002b61499e4d0
Event: 2358.097 Thread 0x000002b5c9803e40 Thread added: 0x000002b6149a05a0
Event: 2358.259 Thread 0x000002b61009dff0 Thread added: 0x000002b61499eb60
Event: 2358.330 Thread 0x000002b61499eb60 Thread added: 0x000002b6149a0c30
Event: 2358.516 Thread 0x000002b60fa28340 Thread added: 0x000002b6149a1fe0
Event: 2358.526 Thread 0x000002b60fa28340 Thread added: 0x000002b6149a12c0
Event: 2358.529 Thread 0x000002b60fa28340 Thread added: 0x000002b61499f880
Event: 2358.847 Thread 0x000002b61499eb60 Thread added: 0x000002b6149a2670
Event: 2358.863 Thread 0x000002b6149a2670 Thread exited: 0x000002b6149a2670
Event: 2358.864 Thread 0x000002b6149a0c30 Thread exited: 0x000002b6149a0c30
Event: 2359.252 Thread 0x000002b60fa28340 Thread added: 0x000002b6149a0c30
Event: 2359.617 Thread 0x000002b60fa28340 Thread added: 0x000002b6149a2670
Event: 2362.144 Thread 0x000002b60f813800 Thread added: 0x000002b61499f1f0
Event: 2370.597 Thread 0x000002b60fa28340 Thread added: 0x000002b6149a4dd0
Event: 2373.461 Thread 0x000002b60fa28340 Thread added: 0x000002b6149a6810
Event: 2373.815 Thread 0x000002b60fa28340 Thread added: 0x000002b6149a3390


Dynamic libraries:
0x00007ff73f560000 - 0x00007ff73f56e000 	C:\Users\Khaing\.vscode\extensions\redhat.java-1.56.0-win32-x64\jre\21.0.12.1-win32-x86_64\bin\java.exe
0x00007ffc138e0000 - 0x00007ffc13b47000 	C:\WINDOWS\SYSTEM32\ntdll.dll
0x00007ffc13060000 - 0x00007ffc1312b000 	C:\WINDOWS\System32\KERNEL32.DLL
0x00007ffc10ca0000 - 0x00007ffc110a2000 	C:\WINDOWS\System32\KERNELBASE.dll
0x00007ffc111e0000 - 0x00007ffc1132c000 	C:\WINDOWS\System32\ucrtbase.dll
0x00007ffc07af0000 - 0x00007ffc07b08000 	C:\Users\Khaing\.vscode\extensions\redhat.java-1.56.0-win32-x64\jre\21.0.12.1-win32-x86_64\bin\jli.dll
0x00007ffc12230000 - 0x00007ffc123ff000 	C:\WINDOWS\System32\USER32.dll
0x00007ffc10bc0000 - 0x00007ffc10be7000 	C:\WINDOWS\System32\win32u.dll
0x00007ffc13030000 - 0x00007ffc1305b000 	C:\WINDOWS\System32\GDI32.dll
0x00007ffc110b0000 - 0x00007ffc111d9000 	C:\WINDOWS\System32\gdi32full.dll
0x00007ffc10bf0000 - 0x00007ffc10c93000 	C:\WINDOWS\System32\msvcp_win.dll
0x00007ffbfe620000 - 0x00007ffbfe63e000 	C:\Users\Khaing\.vscode\extensions\redhat.java-1.56.0-win32-x64\jre\21.0.12.1-win32-x86_64\bin\VCRUNTIME140.dll
0x00007ffbf8a40000 - 0x00007ffbf8cd0000 	C:\WINDOWS\WinSxS\amd64_microsoft.windows.common-controls_6595b64144ccf1df_6.0.26100.9278_none_3e0d1ba8e3303201\COMCTL32.dll
0x00007ffc13430000 - 0x00007ffc134d9000 	C:\WINDOWS\System32\msvcrt.dll
0x00007ffc12dd0000 - 0x00007ffc12e01000 	C:\WINDOWS\System32\IMM32.DLL
0x00007ffc0b3e0000 - 0x00007ffc0b3ec000 	C:\Users\Khaing\.vscode\extensions\redhat.java-1.56.0-win32-x64\jre\21.0.12.1-win32-x86_64\bin\vcruntime140_1.dll
0x00007ffbfe590000 - 0x00007ffbfe61d000 	C:\Users\Khaing\.vscode\extensions\redhat.java-1.56.0-win32-x64\jre\21.0.12.1-win32-x86_64\bin\msvcp140.dll
0x00007ffb90bd0000 - 0x00007ffb91972000 	C:\Users\Khaing\.vscode\extensions\redhat.java-1.56.0-win32-x64\jre\21.0.12.1-win32-x86_64\bin\server\jvm.dll
0x00007ffc134e0000 - 0x00007ffc1359c000 	C:\WINDOWS\System32\ADVAPI32.dll
0x00007ffc11950000 - 0x00007ffc119f9000 	C:\WINDOWS\System32\sechost.dll
0x00007ffc11630000 - 0x00007ffc11748000 	C:\WINDOWS\System32\RPCRT4.dll
0x00007ffc11a00000 - 0x00007ffc11a80000 	C:\WINDOWS\System32\WS2_32.dll
0x00007ffbfe9c0000 - 0x00007ffbfe9f6000 	C:\WINDOWS\SYSTEM32\WINMM.dll
0x00007ffc075a0000 - 0x00007ffc075ab000 	C:\WINDOWS\SYSTEM32\VERSION.dll
0x00007ffc10990000 - 0x00007ffc109ee000 	C:\WINDOWS\SYSTEM32\POWRPROF.dll
0x00007ffc10970000 - 0x00007ffc10985000 	C:\WINDOWS\SYSTEM32\UMPDC.dll
0x00007ffc0f6c0000 - 0x00007ffc0f6db000 	C:\WINDOWS\SYSTEM32\kernel.appcore.dll
0x00007ffc07fc0000 - 0x00007ffc07fca000 	C:\Users\Khaing\.vscode\extensions\redhat.java-1.56.0-win32-x64\jre\21.0.12.1-win32-x86_64\bin\jimage.dll
0x00007ffc0df00000 - 0x00007ffc0e14c000 	C:\WINDOWS\SYSTEM32\DBGHELP.DLL
0x00007ffc125b0000 - 0x00007ffc12935000 	C:\WINDOWS\System32\combase.dll
0x00007ffc13160000 - 0x00007ffc13239000 	C:\WINDOWS\System32\OLEAUT32.dll
0x00007ffbfed90000 - 0x00007ffbfedcb000 	C:\WINDOWS\SYSTEM32\dbgcore.DLL
0x00007ffc113f0000 - 0x00007ffc1149c000 	C:\WINDOWS\System32\bcryptPrimitives.dll
0x00007ffc04680000 - 0x00007ffc0468f000 	C:\Users\Khaing\.vscode\extensions\redhat.java-1.56.0-win32-x64\jre\21.0.12.1-win32-x86_64\bin\instrument.dll
0x00007ffbfe540000 - 0x00007ffbfe560000 	C:\Users\Khaing\.vscode\extensions\redhat.java-1.56.0-win32-x64\jre\21.0.12.1-win32-x86_64\bin\java.dll
0x00007ffc11a90000 - 0x00007ffc12228000 	C:\WINDOWS\System32\SHELL32.dll
0x00007ffc0e260000 - 0x00007ffc0eb0e000 	C:\WINDOWS\SYSTEM32\windows.storage.dll
0x00007ffc135b0000 - 0x00007ffc136ab000 	C:\WINDOWS\System32\SHCORE.dll
0x00007ffc13830000 - 0x00007ffc13896000 	C:\WINDOWS\System32\shlwapi.dll
0x00007ffc10a50000 - 0x00007ffc10a79000 	C:\WINDOWS\SYSTEM32\profapi.dll
0x00007ffbfe350000 - 0x00007ffbfe368000 	C:\Users\Khaing\.vscode\extensions\redhat.java-1.56.0-win32-x64\jre\21.0.12.1-win32-x86_64\bin\zip.dll
0x00007ffc01a10000 - 0x00007ffc01a20000 	C:\Users\Khaing\.vscode\extensions\redhat.java-1.56.0-win32-x64\jre\21.0.12.1-win32-x86_64\bin\net.dll
0x00007ffc0f6e0000 - 0x00007ffc0f80a000 	C:\WINDOWS\SYSTEM32\WINHTTP.dll
0x00007ffc0fd60000 - 0x00007ffc0fdcc000 	C:\WINDOWS\system32\mswsock.dll
0x00007ffbfe330000 - 0x00007ffbfe346000 	C:\Users\Khaing\.vscode\extensions\redhat.java-1.56.0-win32-x64\jre\21.0.12.1-win32-x86_64\bin\nio.dll
0x00007ffbfe4f0000 - 0x00007ffbfe500000 	C:\Users\Khaing\.vscode\extensions\redhat.java-1.56.0-win32-x64\jre\21.0.12.1-win32-x86_64\bin\verify.dll
0x00007ffbe2300000 - 0x00007ffbe2327000 	C:\Users\Khaing\.gradle\native\1def1411415f61bf3af743bc5b6707747c0891f09f0c88961ee8f79bc544acac\windows-amd64\native-platform.dll
0x00007ffbea480000 - 0x00007ffbea4f8000 	C:\Users\Khaing\.gradle\native\0.2.7\x86_64-windows-gnu\gradle-fileevents.dll
0x00007ffc04720000 - 0x00007ffc0472a000 	C:\Users\Khaing\.vscode\extensions\redhat.java-1.56.0-win32-x64\jre\21.0.12.1-win32-x86_64\bin\management.dll
0x00007ffc046a0000 - 0x00007ffc046ac000 	C:\Users\Khaing\.vscode\extensions\redhat.java-1.56.0-win32-x64\jre\21.0.12.1-win32-x86_64\bin\management_ext.dll
0x00007ffc13810000 - 0x00007ffc13818000 	C:\WINDOWS\System32\PSAPI.DLL
0x00007ffc0ee70000 - 0x00007ffc0eea3000 	C:\WINDOWS\SYSTEM32\IPHLPAPI.DLL
0x00007ffc135a0000 - 0x00007ffc135aa000 	C:\WINDOWS\System32\NSI.dll
0x00007ffc0b420000 - 0x00007ffc0b429000 	C:\Users\Khaing\.vscode\extensions\redhat.java-1.56.0-win32-x64\jre\21.0.12.1-win32-x86_64\bin\extnet.dll
0x00007ffc10150000 - 0x00007ffc1016b000 	C:\WINDOWS\SYSTEM32\CRYPTSP.dll
0x00007ffc0f620000 - 0x00007ffc0f659000 	C:\WINDOWS\system32\rsaenh.dll
0x00007ffc0fe00000 - 0x00007ffc0fe34000 	C:\WINDOWS\SYSTEM32\USERENV.dll
0x00007ffc10a20000 - 0x00007ffc10a4a000 	C:\WINDOWS\SYSTEM32\bcrypt.dll
0x00007ffc0ffb0000 - 0x00007ffc0ffbc000 	C:\WINDOWS\SYSTEM32\CRYPTBASE.dll
0x00007ffc012c0000 - 0x00007ffc012ce000 	C:\Users\Khaing\.vscode\extensions\redhat.java-1.56.0-win32-x64\jre\21.0.12.1-win32-x86_64\bin\sunmscapi.dll
0x00007ffc114a0000 - 0x00007ffc1161e000 	C:\WINDOWS\System32\CRYPT32.dll
0x00007ffc102f0000 - 0x00007ffc10320000 	C:\WINDOWS\SYSTEM32\ncrypt.dll
0x00007ffc102a0000 - 0x00007ffc102df000 	C:\WINDOWS\SYSTEM32\NTASN1.dll
0x00007ffbec0f0000 - 0x00007ffbec0f8000 	C:\WINDOWS\system32\wshunix.dll

JVMTI agents:
C:\Users\Khaing\.gradle\wrapper\dists\gradle-8.14.3-all\10utluxaxniiv4wxiphsi49nj\gradle-8.14.3\lib\agents\gradle-instrumentation-agent-8.14.3.jar path:C:\Users\Khaing\.vscode\extensions\redhat.java-1.56.0-win32-x64\jre\21.0.12.1-win32-x86_64\bin\instrument.dll, loaded, initialized, instrumentlib options:none

dbghelp: loaded successfully - version: 4.0.5 - missing functions: none
symbol engine: initialized successfully - sym options: 0x614 - pdb path: .;C:\Users\Khaing\.vscode\extensions\redhat.java-1.56.0-win32-x64\jre\21.0.12.1-win32-x86_64\bin;C:\WINDOWS\SYSTEM32;C:\WINDOWS\WinSxS\amd64_microsoft.windows.common-controls_6595b64144ccf1df_6.0.26100.9278_none_3e0d1ba8e3303201;C:\Users\Khaing\.vscode\extensions\redhat.java-1.56.0-win32-x64\jre\21.0.12.1-win32-x86_64\bin\server;C:\Users\Khaing\.gradle\native\1def1411415f61bf3af743bc5b6707747c0891f09f0c88961ee8f79bc544acac\windows-amd64;C:\Users\Khaing\.gradle\native\0.2.7\x86_64-windows-gnu

VM Arguments:
jvm_args: --add-opens=java.base/java.lang=ALL-UNNAMED --add-opens=java.base/java.lang.invoke=ALL-UNNAMED --add-opens=java.base/java.util=ALL-UNNAMED --add-opens=java.prefs/java.util.prefs=ALL-UNNAMED --add-exports=jdk.compiler/com.sun.tools.javac.api=ALL-UNNAMED --add-exports=jdk.compiler/com.sun.tools.javac.util=ALL-UNNAMED --add-opens=java.base/java.util=ALL-UNNAMED --add-opens=java.prefs/java.util.prefs=ALL-UNNAMED --add-opens=java.base/java.nio.charset=ALL-UNNAMED --add-opens=java.base/java.net=ALL-UNNAMED --add-opens=java.base/java.util.concurrent.atomic=ALL-UNNAMED --add-opens=java.xml/javax.xml.namespace=ALL-UNNAMED -Xmx1536m -Dfile.encoding=UTF-8 -Duser.country=US -Duser.language=en -Duser.variant -javaagent:C:\Users\Khaing\.gradle\wrapper\dists\gradle-8.14.3-all\10utluxaxniiv4wxiphsi49nj\gradle-8.14.3\lib\agents\gradle-instrumentation-agent-8.14.3.jar 
java_command: org.gradle.launcher.daemon.bootstrap.GradleDaemon 8.14.3
java_class_path (initial): C:\Users\Khaing\.gradle\wrapper\dists\gradle-8.14.3-all\10utluxaxniiv4wxiphsi49nj\gradle-8.14.3\lib\gradle-daemon-main-8.14.3.jar
Launcher Type: SUN_STANDARD

[Global flags]
     intx CICompilerCount                          = 4                                         {product} {ergonomic}
     uint ConcGCThreads                            = 2                                         {product} {ergonomic}
     uint G1ConcRefinementThreads                  = 8                                         {product} {ergonomic}
   size_t G1HeapRegionSize                         = 1048576                                   {product} {ergonomic}
    uintx GCDrainStackTargetSize                   = 64                                        {product} {ergonomic}
   size_t InitialHeapSize                          = 402653184                                 {product} {ergonomic}
   size_t MarkStackSize                            = 4194304                                   {product} {ergonomic}
   size_t MaxHeapSize                              = 1610612736                                {product} {command line}
   size_t MaxNewSize                               = 965738496                                 {product} {ergonomic}
   size_t MinHeapDeltaBytes                        = 1048576                                   {product} {ergonomic}
   size_t MinHeapSize                              = 8388608                                   {product} {ergonomic}
    uintx NonNMethodCodeHeapSize                   = 5839372                                {pd product} {ergonomic}
    uintx NonProfiledCodeHeapSize                  = 122909434                              {pd product} {ergonomic}
    uintx ProfiledCodeHeapSize                     = 122909434                              {pd product} {ergonomic}
    uintx ReservedCodeCacheSize                    = 251658240                              {pd product} {ergonomic}
     bool SegmentedCodeCache                       = true                                      {product} {ergonomic}
   size_t SoftMaxHeapSize                          = 1610612736                             {manageable} {ergonomic}
     bool UseCompressedOops                        = true                           {product lp64_product} {ergonomic}
     bool UseG1GC                                  = true                                      {product} {ergonomic}
     bool UseLargePagesIndividualAllocation        = false                                  {pd product} {ergonomic}

Logging:
Log output configuration:
 #0: stdout all=warning uptime,level,tags foldmultilines=false
 #1: stderr all=off uptime,level,tags foldmultilines=false

Release file:
JAVA_VERSION="21.0.12.1" 
MODULES="java.base java.compiler java.datatransfer java.xml java.prefs java.desktop java.instrument java.logging java.management java.security.sasl java.naming java.rmi java.management.rmi java.net.http java.scripting java.security.jgss java.transaction.xa java.sql java.sql.rowset java.xml.crypto java.se java.smartcardio jdk.accessibility jdk.internal.jvmstat jdk.attach jdk.charsets jdk.internal.opt jdk.zipfs jdk.compiler jdk.crypto.ec jdk.crypto.cryptoki jdk.crypto.mscapi jdk.dynalink jdk.internal.ed jdk.editpad jdk.hotspot.agent jdk.httpserver jdk.internal.le jdk.internal.vm.ci jdk.internal.vm.compiler jdk.internal.vm.compiler.management jdk.jartool jdk.javadoc jdk.jcmd jdk.management jdk.management.agent jdk.jconsole jdk.jdeps jdk.jdwp.agent jdk.jdi jdk.jfr jdk.jshell jdk.jsobject jdk.jstatd jdk.localedata jdk.management.jfr jdk.naming.dns jdk.naming.rmi jdk.net jdk.nio.mapmode jdk.random jdk.sctp jdk.security.auth jdk.security.jgss jdk.unsupported jdk.unsupported.desktop jdk.xml.dom" 

Environment Variables:
JAVA_HOME=C:\Program Files\Java\jdk-21.0.10
PATH=C:\Python314\Scripts\;C:\Python314\;C:\Program Files\Common Files\Oracle\Java\javapath;C:\WINDOWS\system32;C:\WINDOWS;C:\WINDOWS\System32\Wbem;C:\WINDOWS\System32\WindowsPowerShell\v1.0\;C:\WINDOWS\System32\OpenSSH\;C:\Program Files\nodejs\;C:\ProgramData\chocolatey\bin;C:\Users\Khaing\Downloads\maven-mvnd-1.0.3-windows-amd64\maven-mvnd-1.0.3-windows-amd64\bin;C:\Program Files\Git\cmd;C:\Users\Khaing\Downloads\gradle-9.3.0-all\gradle-9.3.0\bin;;C:\ProgramData\chocolatey\lib\maven\apache-maven-3.9.15\bin;C:\Program Files\Cloudflare\Cloudflare WARP\;C:\Program Files\GitHub CLI\;C:\WINDOWS\system32;C:\WINDOWS;C:\WINDOWS\System32\Wbem;C:\WINDOWS\System32\WindowsPowerShell\v1.0\;C:\WINDOWS\System32\OpenSSH\;C:\Program Files\Docker\Docker\resources\bin;C:\Users\Khaing\AppData\Local\Microsoft\WindowsApps;C:\Users\Khaing\AppData\Roaming\npm;C:\Users\Khaing\AppData\Local\Programs\Microsoft VS Code\bin;C:\Android\Sdk\platform-tools;C:\Android\Sdk\cmdline-tools\latest\bin;C:\Users\Khaing\AppData\Local\Pandoc\;%USERPROFILE%\AppData\Local\Microsoft\WindowsApps;
USERNAME=Khaing
OS=Windows_NT
PROCESSOR_IDENTIFIER=Intel64 Family 6 Model 142 Stepping 12, GenuineIntel
TMP=C:\Users\Khaing\AppData\Local\Temp
TEMP=C:\Users\Khaing\AppData\Local\Temp




Periodic native trim disabled

---------------  S Y S T E M  ---------------

OS:
 Windows 11 , 64 bit Build 26100 (10.0.26100.9444)
OS uptime: 0 days 2:57 hours
Hyper-V role detected

CPU: total 8 (initial active 8) (4 cores per cpu, 2 threads per core) family 6 model 142 stepping 12 microcode 0xde, cx8, cmov, fxsr, ht, mmx, 3dnowpref, sse, sse2, sse3, ssse3, sse4.1, sse4.2, popcnt, lzcnt, tsc, tscinvbit, avx, avx2, aes, erms, clmul, bmi1, bmi2, adx, fma, vzeroupper, clflush, clflushopt, hv, rdtscp, f16c
Processor Information for the first 8 processors :
  Max Mhz: 1800, Current Mhz: 1600, Mhz Limit: 1584

Memory: 4k page, system-wide physical 24467M (247M free)
TotalPageFile size 51716M (AvailPageFile size 6M)
current process WorkingSet (physical memory assigned to process): 249M, peak: 423M
current process commit charge ("private bytes"): 520M, peak: 551M

vm_info: OpenJDK 64-Bit Server VM (21.0.12.1+1-LTS) for windows-amd64 JRE (21.0.12.1+1-LTS), built on 2026-08-18T00:00:00Z by "admin" with MS VC++ 17.12 (VS2022)

END.
