#
# There is insufficient memory for the Java Runtime Environment to continue.
# Native memory allocation (malloc) failed to allocate 153664 bytes. Error detail: Chunk::new
# Possible reasons:
#   The system is out of physical RAM or swap space
#   This process is running with CompressedOops enabled, and the Java Heap may be blocking the growth of the native heap
# Possible solutions:
#   Reduce memory load on the system
#   Increase physical memory or swap space
#   Check if swap backing store is full
#   Decrease Java heap size (-Xmx/-Xms)
#   Decrease number of Java threads
#   Decrease Java thread stack sizes (-Xss)
#   Set larger code cache with -XX:ReservedCodeCacheSize=
#   JVM is running with Unscaled Compressed Oops mode in which the Java heap is
#     placed in the first 4GB address space. The Java Heap base address is the
#     maximum limit for the native heap growth. Please use -XX:HeapBaseMinAddress
#     to set the Java Heap base and to place the Java Heap above 4GB virtual address.
# This output file may be truncated or incomplete.
#
#  Out of Memory Error (arena.cpp:168), pid=7428, tid=21972
#
# JRE version: OpenJDK Runtime Environment Temurin-21.0.12.1+1 (21.0.12.1+1) (build 21.0.12.1+1-LTS)
# Java VM: OpenJDK 64-Bit Server VM Temurin-21.0.12.1+1 (21.0.12.1+1-LTS, mixed mode, sharing, tiered, compressed oops, compressed class ptrs, g1 gc, windows-amd64)
# No core dump will be written. Minidumps are not enabled by default on client versions of Windows
#

---------------  S U M M A R Y ------------

Command Line: --add-opens=java.base/java.lang=ALL-UNNAMED --add-opens=java.base/java.lang.invoke=ALL-UNNAMED --add-opens=java.base/java.util=ALL-UNNAMED --add-opens=java.prefs/java.util.prefs=ALL-UNNAMED --add-exports=jdk.compiler/com.sun.tools.javac.api=ALL-UNNAMED --add-exports=jdk.compiler/com.sun.tools.javac.util=ALL-UNNAMED --add-opens=java.base/java.util=ALL-UNNAMED --add-opens=java.prefs/java.util.prefs=ALL-UNNAMED --add-opens=java.base/java.nio.charset=ALL-UNNAMED --add-opens=java.base/java.net=ALL-UNNAMED --add-opens=java.base/java.util.concurrent.atomic=ALL-UNNAMED --add-opens=java.xml/javax.xml.namespace=ALL-UNNAMED -Xmx1536m -Dfile.encoding=UTF-8 -Duser.country=US -Duser.language=en -Duser.variant -javaagent:C:\Users\Khaing\.gradle\wrapper\dists\gradle-8.14.3-all\10utluxaxniiv4wxiphsi49nj\gradle-8.14.3\lib\agents\gradle-instrumentation-agent-8.14.3.jar org.gradle.launcher.daemon.bootstrap.GradleDaemon 8.14.3

Host: Intel(R) Core(TM) i5-8265U CPU @ 1.60GHz, 8 cores, 23G,  Windows 11 , 64 bit Build 26100 (10.0.26100.9444)
Time: Mon Sep 21 12:11:04 2026 Myanmar Standard Time elapsed time: 182.925798 seconds (0d 0h 3m 2s)

---------------  T H R E A D  ---------------

Current thread (0x0000020e9493b700):  JavaThread "C2 CompilerThread0" daemon [_thread_in_native, id=21972, stack(0x0000007e59500000,0x0000007e59600000) (1024K)]


Current CompileTask:
C2:182926 6378   !   4       java.util.concurrent.LinkedBlockingQueue::poll (128 bytes)

Stack: [0x0000007e59500000,0x0000007e59600000]
Native frames: (J=compiled Java code, j=interpreted, Vv=VM code, C=native code)
V  [jvm.dll+0x6d83e9]
V  [jvm.dll+0x8b5736]
V  [jvm.dll+0x8b7cee]
V  [jvm.dll+0x8b83d3]
V  [jvm.dll+0x284596]
V  [jvm.dll+0xc685d]
V  [jvm.dll+0xc6da1]
V  [jvm.dll+0x3bf18b]
V  [jvm.dll+0x38b6d2]
V  [jvm.dll+0x38ab1a]
V  [jvm.dll+0x24c700]
V  [jvm.dll+0x24bce0]
V  [jvm.dll+0x1cb4ae]
V  [jvm.dll+0x25baad]
V  [jvm.dll+0x25a03a]
V  [jvm.dll+0x3f8aae]
V  [jvm.dll+0x8600cd]
V  [jvm.dll+0x6d6c1d]
C  [ucrtbase.dll+0x2cd30]
C  [KERNEL32.DLL+0x2cd87]
C  [ntdll.dll+0xacaec]


---------------  P R O C E S S  ---------------

Threads class SMR info:
_java_thread_list=0x0000020edab0aa40, length=40, elements={
0x0000020efda3ea40, 0x0000020e94931630, 0x0000020e94932eb0, 0x0000020e94936a40,
0x0000020e949394b0, 0x0000020e94939f10, 0x0000020e9493a970, 0x0000020e9493b700,
0x0000020e9494ae90, 0x0000020e94b607d0, 0x0000020e94baab70, 0x0000020edb703a40,
0x0000020eda519f60, 0x0000020eda515020, 0x0000020eda4bcd40, 0x0000020eda4bd3b0,
0x0000020eda526aa0, 0x0000020eda529200, 0x0000020eda529890, 0x0000020eda526410,
0x0000020eda527e50, 0x0000020eda528b70, 0x0000020eda5277c0, 0x0000020eda5284e0,
0x0000020eda527130, 0x0000020edd3f6320, 0x0000020edd3f76d0, 0x0000020edd3f8a80,
0x0000020edd3f69b0, 0x0000020edd3f7d60, 0x0000020edd3f83f0, 0x0000020edd3fb1e0,
0x0000020edd3f9e30, 0x0000020edd3fab50, 0x0000020edd3fcc20, 0x0000020edd3fa4c0,
0x0000020edd3fbf00, 0x0000020edd3fc590, 0x0000020edd3f97a0, 0x0000020edb9f4790
}

Java Threads: ( => current thread )
  0x0000020efda3ea40 JavaThread "main"                              [_thread_blocked, id=12780, stack(0x0000007e58700000,0x0000007e58800000) (1024K)]
  0x0000020e94931630 JavaThread "Reference Handler"          daemon [_thread_blocked, id=18636, stack(0x0000007e58f00000,0x0000007e59000000) (1024K)]
  0x0000020e94932eb0 JavaThread "Finalizer"                  daemon [_thread_blocked, id=26584, stack(0x0000007e59000000,0x0000007e59100000) (1024K)]
  0x0000020e94936a40 JavaThread "Signal Dispatcher"          daemon [_thread_blocked, id=13328, stack(0x0000007e59100000,0x0000007e59200000) (1024K)]
  0x0000020e949394b0 JavaThread "Attach Listener"            daemon [_thread_blocked, id=23424, stack(0x0000007e59200000,0x0000007e59300000) (1024K)]
  0x0000020e94939f10 JavaThread "Service Thread"             daemon [_thread_blocked, id=48636, stack(0x0000007e59300000,0x0000007e59400000) (1024K)]
  0x0000020e9493a970 JavaThread "Monitor Deflation Thread"   daemon [_thread_blocked, id=48856, stack(0x0000007e59400000,0x0000007e59500000) (1024K)]
=>0x0000020e9493b700 JavaThread "C2 CompilerThread0"         daemon [_thread_in_native, id=21972, stack(0x0000007e59500000,0x0000007e59600000) (1024K)]
  0x0000020e9494ae90 JavaThread "C1 CompilerThread0"         daemon [_thread_blocked, id=25620, stack(0x0000007e59600000,0x0000007e59700000) (1024K)]
  0x0000020e94b607d0 JavaThread "Common-Cleaner"             daemon [_thread_blocked, id=21720, stack(0x0000007e59700000,0x0000007e59800000) (1024K)]
  0x0000020e94baab70 JavaThread "Notification Thread"        daemon [_thread_blocked, id=24964, stack(0x0000007e59800000,0x0000007e59900000) (1024K)]
  0x0000020edb703a40 JavaThread "Daemon health stats"               [_thread_blocked, id=34832, stack(0x0000007e5a000000,0x0000007e5a100000) (1024K)]
  0x0000020eda519f60 JavaThread "Incoming local TCP Connector on port 58075"        [_thread_in_native, id=18192, stack(0x0000007e5a100000,0x0000007e5a200000) (1024K)]
  0x0000020eda515020 JavaThread "Daemon periodic checks"            [_thread_blocked, id=30036, stack(0x0000007e5a200000,0x0000007e5a300000) (1024K)]
  0x0000020eda4bcd40 JavaThread "Daemon"                            [_thread_blocked, id=27852, stack(0x0000007e5a300000,0x0000007e5a400000) (1024K)]
  0x0000020eda4bd3b0 JavaThread "Handler for socket connection from /127.0.0.1:58075 to /127.0.0.1:62427"        [_thread_in_native, id=28780, stack(0x0000007e5a400000,0x0000007e5a500000) (1024K)]
  0x0000020eda526aa0 JavaThread "Cancel handler"                    [_thread_blocked, id=21784, stack(0x0000007e5a500000,0x0000007e5a600000) (1024K)]
  0x0000020eda529200 JavaThread "Daemon worker"                     [_thread_blocked, id=39776, stack(0x0000007e5a600000,0x0000007e5a700000) (1024K)]
  0x0000020eda529890 JavaThread "Asynchronous log dispatcher for DefaultDaemonConnection: socket connection from /127.0.0.1:58075 to /127.0.0.1:62427"        [_thread_blocked, id=26744, stack(0x0000007e5a700000,0x0000007e5a800000) (1024K)]
  0x0000020eda526410 JavaThread "Stdin handler"                     [_thread_blocked, id=46528, stack(0x0000007e5a800000,0x0000007e5a900000) (1024K)]
  0x0000020eda527e50 JavaThread "Daemon client event forwarder"        [_thread_blocked, id=21688, stack(0x0000007e5a900000,0x0000007e5aa00000) (1024K)]
  0x0000020eda528b70 JavaThread "Cache worker for journal cache (C:\Users\Khaing\.gradle\caches\journal-1)"        [_thread_blocked, id=24544, stack(0x0000007e5aa00000,0x0000007e5ab00000) (1024K)]
  0x0000020eda5277c0 JavaThread "File lock request listener"        [_thread_in_native, id=46064, stack(0x0000007e5ab00000,0x0000007e5ac00000) (1024K)]
  0x0000020eda5284e0 JavaThread "Cache worker for file hash cache (C:\Users\Khaing\.gradle\caches\8.14.3\fileHashes)"        [_thread_blocked, id=6092, stack(0x0000007e5ac00000,0x0000007e5ad00000) (1024K)]
  0x0000020eda527130 JavaThread "File lock release action executor"        [_thread_blocked, id=18736, stack(0x0000007e5ad00000,0x0000007e5ae00000) (1024K)]
  0x0000020edd3f6320 JavaThread "Cache worker for file hash cache (C:\Users\Khaing\Projects\MyLittleKayv\android\.gradle\8.14.3\fileHashes)"        [_thread_blocked, id=41936, stack(0x0000007e5af00000,0x0000007e5b000000) (1024K)]
  0x0000020edd3f76d0 JavaThread "Cache worker for Build Output Cleanup Cache (C:\Users\Khaing\Projects\MyLittleKayv\android\.gradle\buildOutputCleanup)"        [_thread_blocked, id=23600, stack(0x0000007e5b000000,0x0000007e5b100000) (1024K)]
  0x0000020edd3f8a80 JavaThread "File watcher server"        daemon [_thread_in_native, id=35844, stack(0x0000007e5b100000,0x0000007e5b200000) (1024K)]
  0x0000020edd3f69b0 JavaThread "File watcher consumer"      daemon [_thread_blocked, id=1552, stack(0x0000007e5b200000,0x0000007e5b300000) (1024K)]
  0x0000020edd3f7d60 JavaThread "jar transforms"                    [_thread_blocked, id=43640, stack(0x0000007e5b300000,0x0000007e5b400000) (1024K)]
  0x0000020edd3f83f0 JavaThread "jar transforms Thread 2"           [_thread_blocked, id=21600, stack(0x0000007e5b400000,0x0000007e5b500000) (1024K)]
  0x0000020edd3fb1e0 JavaThread "Cache worker for checksums cache (C:\Users\Khaing\Projects\MyLittleKayv\android\.gradle\8.14.3\checksums)"        [_thread_blocked, id=4708, stack(0x0000007e5b500000,0x0000007e5b600000) (1024K)]
  0x0000020edd3f9e30 JavaThread "Cache worker for file content cache (C:\Users\Khaing\.gradle\caches\8.14.3\fileContent)"        [_thread_blocked, id=28320, stack(0x0000007e5b600000,0x0000007e5b700000) (1024K)]
  0x0000020edd3fab50 JavaThread "jar transforms Thread 3"           [_thread_blocked, id=15628, stack(0x0000007e5b700000,0x0000007e5b800000) (1024K)]
  0x0000020edd3fcc20 JavaThread "jar transforms Thread 4"           [_thread_blocked, id=30268, stack(0x0000007e5b800000,0x0000007e5b900000) (1024K)]
  0x0000020edd3fa4c0 JavaThread "jar transforms Thread 5"           [_thread_blocked, id=23172, stack(0x0000007e5b900000,0x0000007e5ba00000) (1024K)]
  0x0000020edd3fbf00 JavaThread "jar transforms Thread 6"           [_thread_blocked, id=38788, stack(0x0000007e5ba00000,0x0000007e5bb00000) (1024K)]
  0x0000020edd3fc590 JavaThread "Cache worker for cache directory md-supplier (C:\Users\Khaing\.gradle\caches\8.14.3\md-supplier)"        [_thread_blocked, id=23504, stack(0x0000007e5bb00000,0x0000007e5bc00000) (1024K)]
  0x0000020edd3f97a0 JavaThread "Cache worker for cache directory md-rule (C:\Users\Khaing\.gradle\caches\8.14.3\md-rule)"        [_thread_blocked, id=10232, stack(0x0000007e5bc00000,0x0000007e5bd00000) (1024K)]
  0x0000020edb9f4790 JavaThread "jar transforms Thread 7"           [_thread_blocked, id=21984, stack(0x0000007e5bd00000,0x0000007e5be00000) (1024K)]
Total: 40

Other Threads:
  0x0000020e94886f00 VMThread "VM Thread"                           [id=21696, stack(0x0000007e58e00000,0x0000007e58f00000) (1024K)]
  0x0000020e949119e0 WatcherThread "VM Periodic Task Thread"        [id=35916, stack(0x0000007e58d00000,0x0000007e58e00000) (1024K)]
  0x0000020efda86eb0 WorkerThread "GC Thread#0"                     [id=39580, stack(0x0000007e58800000,0x0000007e58900000) (1024K)]
  0x0000020eda0782f0 WorkerThread "GC Thread#1"                     [id=19768, stack(0x0000007e59900000,0x0000007e59a00000) (1024K)]
  0x0000020eda0786a0 WorkerThread "GC Thread#2"                     [id=44880, stack(0x0000007e59a00000,0x0000007e59b00000) (1024K)]
  0x0000020eda078a50 WorkerThread "GC Thread#3"                     [id=37368, stack(0x0000007e59b00000,0x0000007e59c00000) (1024K)]
  0x0000020eda078e00 WorkerThread "GC Thread#4"                     [id=44200, stack(0x0000007e59c00000,0x0000007e59d00000) (1024K)]
  0x0000020eda0791b0 WorkerThread "GC Thread#5"                     [id=39204, stack(0x0000007e59d00000,0x0000007e59e00000) (1024K)]
  0x0000020eda079560 WorkerThread "GC Thread#6"                     [id=39532, stack(0x0000007e59e00000,0x0000007e59f00000) (1024K)]
  0x0000020eda079910 WorkerThread "GC Thread#7"                     [id=35720, stack(0x0000007e59f00000,0x0000007e5a000000) (1024K)]
  0x0000020efda93e30 ConcurrentGCThread "G1 Main Marker"            [id=39436, stack(0x0000007e58900000,0x0000007e58a00000) (1024K)]
  0x0000020efda94850 WorkerThread "G1 Conc#0"                       [id=36000, stack(0x0000007e58a00000,0x0000007e58b00000) (1024K)]
  0x0000020edc1f5030 WorkerThread "G1 Conc#1"                       [id=47948, stack(0x0000007e5ae00000,0x0000007e5af00000) (1024K)]
  0x0000020e947c9780 ConcurrentGCThread "G1 Refine#0"               [id=24712, stack(0x0000007e58b00000,0x0000007e58c00000) (1024K)]
  0x0000020e947ca110 ConcurrentGCThread "G1 Service"                [id=46280, stack(0x0000007e58c00000,0x0000007e58d00000) (1024K)]
Total: 15

Threads with active compile tasks:
C2 CompilerThread0  183000 6378   !   4       java.util.concurrent.LinkedBlockingQueue::poll (128 bytes)
Total: 1

VM state: not at safepoint (normal execution)

VM Mutex/Monitor currently owned by a thread: None

Heap address: 0x00000000a0000000, size: 1536 MB, Compressed Oops mode: 32-bit

CDS archive(s) mapped at: [0x0000020e95000000-0x0000020e95ba0000-0x0000020e95ba0000), size 12189696, SharedBaseAddress: 0x0000020e95000000, ArchiveRelocationMode: 1.
Compressed class space mapped at: 0x0000020e96000000-0x0000020ed6000000, reserved size: 1073741824
Narrow klass base: 0x0000020e95000000, Narrow klass shift: 0, Narrow klass range: 0x100000000

GC Precious Log:
 CardTable entry size: 512
 Card Set container configuration: InlinePtr #cards 5 size 8 Array Of Cards #cards 12 size 40 Howl #buckets 4 coarsen threshold 1843 Howl Bitmap #cards 512 size 80 coarsen threshold 460 Card regions per heap region 1 cards per card region 2048
 CPUs: 8 total, 8 available
 Memory: 24467M
 Large Page Support: Disabled
 NUMA Support: Disabled
 Compressed Oops: Enabled (32-bit)
 Heap Region Size: 1M
 Heap Min Capacity: 8M
 Heap Initial Capacity: 384M
 Heap Max Capacity: 1536M
 Pre-touch: Disabled
 Parallel Workers: 8
 Concurrent Workers: 2
 Concurrent Refinement Workers: 8
 Periodic GC: Disabled

Heap:
 garbage-first heap   total 81920K, used 73263K [0x00000000a0000000, 0x0000000100000000)
  region size 1024K, 34 young (34816K), 3 survivors (3072K)
 Metaspace       used 48902K, committed 50624K, reserved 1114112K
  class space    used 7065K, committed 7872K, reserved 1048576K

Heap Regions: E=young(eden), S=young(survivor), O=old, HS=humongous(starts), HC=humongous(continues), CS=collection set, F=free, TAMS=top-at-mark-start, PB=parsable bottom
|   0|0x00000000a0000000, 0x00000000a0100000, 0x00000000a0100000|100%|HS|  |TAMS 0x00000000a0000000| PB 0x00000000a0000000| Complete 
|   1|0x00000000a0100000, 0x00000000a0200000, 0x00000000a0200000|100%|HC|  |TAMS 0x00000000a0100000| PB 0x00000000a0100000| Complete 
|   2|0x00000000a0200000, 0x00000000a0300000, 0x00000000a0300000|100%|HC|  |TAMS 0x00000000a0200000| PB 0x00000000a0200000| Complete 
|   3|0x00000000a0300000, 0x00000000a0400000, 0x00000000a0400000|100%| O|  |TAMS 0x00000000a0300000| PB 0x00000000a0300000| Untracked 
|   4|0x00000000a0400000, 0x00000000a0500000, 0x00000000a0500000|100%| O|  |TAMS 0x00000000a0400000| PB 0x00000000a0400000| Untracked 
|   5|0x00000000a0500000, 0x00000000a0600000, 0x00000000a0600000|100%| O|  |TAMS 0x00000000a0500000| PB 0x00000000a0500000| Untracked 
|   6|0x00000000a0600000, 0x00000000a0700000, 0x00000000a0700000|100%|HS|  |TAMS 0x00000000a0600000| PB 0x00000000a0600000| Complete 
|   7|0x00000000a0700000, 0x00000000a0800000, 0x00000000a0800000|100%| O|  |TAMS 0x00000000a0700000| PB 0x00000000a0700000| Untracked 
|   8|0x00000000a0800000, 0x00000000a0900000, 0x00000000a0900000|100%| O|  |TAMS 0x00000000a0800000| PB 0x00000000a0800000| Untracked 
|   9|0x00000000a0900000, 0x00000000a0a00000, 0x00000000a0a00000|100%| O|  |TAMS 0x00000000a0900000| PB 0x00000000a0900000| Untracked 
|  10|0x00000000a0a00000, 0x00000000a0b00000, 0x00000000a0b00000|100%| O|  |TAMS 0x00000000a0a00000| PB 0x00000000a0a00000| Untracked 
|  11|0x00000000a0b00000, 0x00000000a0c00000, 0x00000000a0c00000|100%| O|  |TAMS 0x00000000a0b00000| PB 0x00000000a0b00000| Untracked 
|  12|0x00000000a0c00000, 0x00000000a0d00000, 0x00000000a0d00000|100%| O|  |TAMS 0x00000000a0c00000| PB 0x00000000a0c00000| Untracked 
|  13|0x00000000a0d00000, 0x00000000a0e00000, 0x00000000a0e00000|100%| O|  |TAMS 0x00000000a0d00000| PB 0x00000000a0d00000| Untracked 
|  14|0x00000000a0e00000, 0x00000000a0f00000, 0x00000000a0f00000|100%| O|  |TAMS 0x00000000a0e00000| PB 0x00000000a0e00000| Untracked 
|  15|0x00000000a0f00000, 0x00000000a1000000, 0x00000000a1000000|100%| O|  |TAMS 0x00000000a0f00000| PB 0x00000000a0f00000| Untracked 
|  16|0x00000000a1000000, 0x00000000a1100000, 0x00000000a1100000|100%| O|  |TAMS 0x00000000a1000000| PB 0x00000000a1000000| Untracked 
|  17|0x00000000a1100000, 0x00000000a1200000, 0x00000000a1200000|100%| O|  |TAMS 0x00000000a1100000| PB 0x00000000a1100000| Untracked 
|  18|0x00000000a1200000, 0x00000000a1300000, 0x00000000a1300000|100%| O|  |TAMS 0x00000000a1200000| PB 0x00000000a1200000| Untracked 
|  19|0x00000000a1300000, 0x00000000a1400000, 0x00000000a1400000|100%| O|  |TAMS 0x00000000a1300000| PB 0x00000000a1300000| Untracked 
|  20|0x00000000a1400000, 0x00000000a1500000, 0x00000000a1500000|100%| O|  |TAMS 0x00000000a1400000| PB 0x00000000a1400000| Untracked 
|  21|0x00000000a1500000, 0x00000000a1600000, 0x00000000a1600000|100%| O|  |TAMS 0x00000000a1500000| PB 0x00000000a1500000| Untracked 
|  22|0x00000000a1600000, 0x00000000a1700000, 0x00000000a1700000|100%| O|  |TAMS 0x00000000a1600000| PB 0x00000000a1600000| Untracked 
|  23|0x00000000a1700000, 0x00000000a1800000, 0x00000000a1800000|100%| O|  |TAMS 0x00000000a1700000| PB 0x00000000a1700000| Untracked 
|  24|0x00000000a1800000, 0x00000000a1900000, 0x00000000a1900000|100%| O|  |TAMS 0x00000000a1800000| PB 0x00000000a1800000| Untracked 
|  25|0x00000000a1900000, 0x00000000a1a00000, 0x00000000a1a00000|100%| O|  |TAMS 0x00000000a1900000| PB 0x00000000a1900000| Untracked 
|  26|0x00000000a1a00000, 0x00000000a1b00000, 0x00000000a1b00000|100%| O|  |TAMS 0x00000000a1a00000| PB 0x00000000a1a00000| Untracked 
|  27|0x00000000a1b00000, 0x00000000a1c00000, 0x00000000a1c00000|100%| O|Cm|TAMS 0x00000000a1b00000| PB 0x00000000a1b00000| Complete 
|  28|0x00000000a1c00000, 0x00000000a1d00000, 0x00000000a1d00000|100%| O|  |TAMS 0x00000000a1c00000| PB 0x00000000a1c00000| Untracked 
|  29|0x00000000a1d00000, 0x00000000a1e00000, 0x00000000a1e00000|100%| O|  |TAMS 0x00000000a1d00000| PB 0x00000000a1d00000| Untracked 
|  30|0x00000000a1e00000, 0x00000000a1f00000, 0x00000000a1f00000|100%| O|  |TAMS 0x00000000a1e00000| PB 0x00000000a1e00000| Untracked 
|  31|0x00000000a1f00000, 0x00000000a2000000, 0x00000000a2000000|100%| O|  |TAMS 0x00000000a1f00000| PB 0x00000000a1f00000| Untracked 
|  32|0x00000000a2000000, 0x00000000a2100000, 0x00000000a2100000|100%| O|  |TAMS 0x00000000a2000000| PB 0x00000000a2000000| Untracked 
|  33|0x00000000a2100000, 0x00000000a2200000, 0x00000000a2200000|100%| O|  |TAMS 0x00000000a2100000| PB 0x00000000a2100000| Untracked 
|  34|0x00000000a2200000, 0x00000000a2300000, 0x00000000a2300000|100%| O|  |TAMS 0x00000000a2200000| PB 0x00000000a2200000| Untracked 
|  35|0x00000000a2300000, 0x00000000a2400000, 0x00000000a2400000|100%| O|  |TAMS 0x00000000a2300000| PB 0x00000000a2300000| Untracked 
|  36|0x00000000a2400000, 0x00000000a2500000, 0x00000000a2500000|100%| O|  |TAMS 0x00000000a2400000| PB 0x00000000a2400000| Untracked 
|  37|0x00000000a2500000, 0x00000000a2600000, 0x00000000a2600000|100%| O|  |TAMS 0x00000000a2500000| PB 0x00000000a2500000| Untracked 
|  38|0x00000000a2600000, 0x00000000a2700000, 0x00000000a2700000|100%| O|  |TAMS 0x00000000a2600000| PB 0x00000000a2600000| Untracked 
|  39|0x00000000a2700000, 0x00000000a275fc20, 0x00000000a2800000| 37%| O|  |TAMS 0x00000000a2700000| PB 0x00000000a2700000| Untracked 
|  40|0x00000000a2800000, 0x00000000a2800000, 0x00000000a2900000|  0%| F|  |TAMS 0x00000000a2800000| PB 0x00000000a2800000| Untracked 
|  41|0x00000000a2900000, 0x00000000a2900000, 0x00000000a2a00000|  0%| F|  |TAMS 0x00000000a2900000| PB 0x00000000a2900000| Untracked 
|  42|0x00000000a2a00000, 0x00000000a2a2c360, 0x00000000a2b00000| 17%| S|CS|TAMS 0x00000000a2a00000| PB 0x00000000a2a00000| Complete 
|  43|0x00000000a2b00000, 0x00000000a2c00000, 0x00000000a2c00000|100%| S|CS|TAMS 0x00000000a2b00000| PB 0x00000000a2b00000| Complete 
|  44|0x00000000a2c00000, 0x00000000a2c00000, 0x00000000a2d00000|  0%| F|  |TAMS 0x00000000a2c00000| PB 0x00000000a2c00000| Untracked 
|  45|0x00000000a2d00000, 0x00000000a2d00000, 0x00000000a2e00000|  0%| F|  |TAMS 0x00000000a2d00000| PB 0x00000000a2d00000| Untracked 
|  46|0x00000000a2e00000, 0x00000000a2e00000, 0x00000000a2f00000|  0%| F|  |TAMS 0x00000000a2e00000| PB 0x00000000a2e00000| Untracked 
|  47|0x00000000a2f00000, 0x00000000a3000000, 0x00000000a3000000|100%| S|CS|TAMS 0x00000000a2f00000| PB 0x00000000a2f00000| Complete 
|  48|0x00000000a3000000, 0x00000000a3000000, 0x00000000a3100000|  0%| F|  |TAMS 0x00000000a3000000| PB 0x00000000a3000000| Untracked 
|  49|0x00000000a3100000, 0x00000000a3200000, 0x00000000a3200000|100%| E|  |TAMS 0x00000000a3100000| PB 0x00000000a3100000| Complete 
|  50|0x00000000a3200000, 0x00000000a3300000, 0x00000000a3300000|100%| E|CS|TAMS 0x00000000a3200000| PB 0x00000000a3200000| Complete 
|  51|0x00000000a3300000, 0x00000000a3400000, 0x00000000a3400000|100%| E|CS|TAMS 0x00000000a3300000| PB 0x00000000a3300000| Complete 
|  52|0x00000000a3400000, 0x00000000a3500000, 0x00000000a3500000|100%| E|CS|TAMS 0x00000000a3400000| PB 0x00000000a3400000| Complete 
|  53|0x00000000a3500000, 0x00000000a3600000, 0x00000000a3600000|100%| E|CS|TAMS 0x00000000a3500000| PB 0x00000000a3500000| Complete 
|  54|0x00000000a3600000, 0x00000000a3700000, 0x00000000a3700000|100%| E|CS|TAMS 0x00000000a3600000| PB 0x00000000a3600000| Complete 
|  55|0x00000000a3700000, 0x00000000a3800000, 0x00000000a3800000|100%| E|CS|TAMS 0x00000000a3700000| PB 0x00000000a3700000| Complete 
|  56|0x00000000a3800000, 0x00000000a3900000, 0x00000000a3900000|100%| E|CS|TAMS 0x00000000a3800000| PB 0x00000000a3800000| Complete 
|  57|0x00000000a3900000, 0x00000000a3a00000, 0x00000000a3a00000|100%| E|CS|TAMS 0x00000000a3900000| PB 0x00000000a3900000| Complete 
|  58|0x00000000a3a00000, 0x00000000a3b00000, 0x00000000a3b00000|100%| E|CS|TAMS 0x00000000a3a00000| PB 0x00000000a3a00000| Complete 
|  59|0x00000000a3b00000, 0x00000000a3c00000, 0x00000000a3c00000|100%| E|CS|TAMS 0x00000000a3b00000| PB 0x00000000a3b00000| Complete 
|  60|0x00000000a3c00000, 0x00000000a3d00000, 0x00000000a3d00000|100%| E|CS|TAMS 0x00000000a3c00000| PB 0x00000000a3c00000| Complete 
|  61|0x00000000a3d00000, 0x00000000a3e00000, 0x00000000a3e00000|100%| E|CS|TAMS 0x00000000a3d00000| PB 0x00000000a3d00000| Complete 
|  62|0x00000000a3e00000, 0x00000000a3f00000, 0x00000000a3f00000|100%| E|CS|TAMS 0x00000000a3e00000| PB 0x00000000a3e00000| Complete 
|  63|0x00000000a3f00000, 0x00000000a4000000, 0x00000000a4000000|100%| E|CS|TAMS 0x00000000a3f00000| PB 0x00000000a3f00000| Complete 
|  64|0x00000000a4000000, 0x00000000a4100000, 0x00000000a4100000|100%| E|CS|TAMS 0x00000000a4000000| PB 0x00000000a4000000| Complete 
|  65|0x00000000a4100000, 0x00000000a4200000, 0x00000000a4200000|100%| E|CS|TAMS 0x00000000a4100000| PB 0x00000000a4100000| Complete 
|  66|0x00000000a4200000, 0x00000000a4300000, 0x00000000a4300000|100%| E|CS|TAMS 0x00000000a4200000| PB 0x00000000a4200000| Complete 
| 276|0x00000000b1400000, 0x00000000b1500000, 0x00000000b1500000|100%| E|CS|TAMS 0x00000000b1400000| PB 0x00000000b1400000| Complete 
| 277|0x00000000b1500000, 0x00000000b1600000, 0x00000000b1600000|100%| E|CS|TAMS 0x00000000b1500000| PB 0x00000000b1500000| Complete 
| 278|0x00000000b1600000, 0x00000000b1700000, 0x00000000b1700000|100%| E|CS|TAMS 0x00000000b1600000| PB 0x00000000b1600000| Complete 
| 279|0x00000000b1700000, 0x00000000b1800000, 0x00000000b1800000|100%| E|CS|TAMS 0x00000000b1700000| PB 0x00000000b1700000| Complete 
| 280|0x00000000b1800000, 0x00000000b1900000, 0x00000000b1900000|100%| E|CS|TAMS 0x00000000b1800000| PB 0x00000000b1800000| Complete 
| 281|0x00000000b1900000, 0x00000000b1a00000, 0x00000000b1a00000|100%| E|CS|TAMS 0x00000000b1900000| PB 0x00000000b1900000| Complete 
| 282|0x00000000b1a00000, 0x00000000b1b00000, 0x00000000b1b00000|100%| E|CS|TAMS 0x00000000b1a00000| PB 0x00000000b1a00000| Complete 
| 283|0x00000000b1b00000, 0x00000000b1c00000, 0x00000000b1c00000|100%| E|CS|TAMS 0x00000000b1b00000| PB 0x00000000b1b00000| Complete 
| 284|0x00000000b1c00000, 0x00000000b1d00000, 0x00000000b1d00000|100%| E|CS|TAMS 0x00000000b1c00000| PB 0x00000000b1c00000| Complete 
| 285|0x00000000b1d00000, 0x00000000b1e00000, 0x00000000b1e00000|100%| E|CS|TAMS 0x00000000b1d00000| PB 0x00000000b1d00000| Complete 
| 286|0x00000000b1e00000, 0x00000000b1f00000, 0x00000000b1f00000|100%| E|CS|TAMS 0x00000000b1e00000| PB 0x00000000b1e00000| Complete 
| 287|0x00000000b1f00000, 0x00000000b2000000, 0x00000000b2000000|100%| E|CS|TAMS 0x00000000b1f00000| PB 0x00000000b1f00000| Complete 
| 383|0x00000000b7f00000, 0x00000000b8000000, 0x00000000b8000000|100%| E|CS|TAMS 0x00000000b7f00000| PB 0x00000000b7f00000| Complete 

Card table byte_map: [0x0000020efe130000,0x0000020efe430000] _byte_map_base: 0x0000020efdc30000

Marking Bits: (CMBitMap*) 0x0000020efda874d0
 Bits: [0x0000020efe430000, 0x0000020effc30000)

Polling page: 0x0000020efba50000

Metaspace:

Usage:
  Non-class:     40.86 MB used.
      Class:      6.90 MB used.
       Both:     47.76 MB used.

Virtual space:
  Non-class space:       64.00 MB reserved,      41.75 MB ( 65%) committed,  1 nodes.
      Class space:        1.00 GB reserved,       7.69 MB ( <1%) committed,  1 nodes.
             Both:        1.06 GB reserved,      49.44 MB (  5%) committed. 

Chunk freelists:
   Non-Class:  6.09 MB
       Class:  8.12 MB
        Both:  14.22 MB

MaxMetaspaceSize: unlimited
CompressedClassSpaceSize: 1.00 GB
Initial GC threshold: 21.00 MB
Current GC threshold: 82.31 MB
CDS: on
 - commit_granule_bytes: 65536.
 - commit_granule_words: 8192.
 - virtual_space_node_default_size: 8388608.
 - enlarge_chunks_in_place: 1.
 - use_allocation_guard: 0.


Internal statistics:

num_allocs_failed_limit: 6.
num_arena_births: 3028.
num_arena_deaths: 0.
num_vsnodes_births: 2.
num_vsnodes_deaths: 0.
num_space_committed: 791.
num_space_uncommitted: 0.
num_chunks_returned_to_freelist: 6.
num_chunks_taken_from_freelist: 5345.
num_chunk_merges: 6.
num_chunk_splits: 3463.
num_chunks_enlarged: 2127.
num_inconsistent_stats: 0.

CodeHeap 'non-profiled nmethods': size=120000Kb used=3424Kb max_used=3520Kb free=116575Kb
 bounds [0x0000020e8ac10000, 0x0000020e8af90000, 0x0000020e92140000]
CodeHeap 'profiled nmethods': size=120000Kb used=10690Kb max_used=11007Kb free=109309Kb
 bounds [0x0000020e83140000, 0x0000020e83c00000, 0x0000020e8a670000]
CodeHeap 'non-nmethods': size=5760Kb used=2592Kb max_used=2672Kb free=3167Kb
 bounds [0x0000020e8a670000, 0x0000020e8a930000, 0x0000020e8ac10000]
CodeCache: size=245760Kb, used=16706Kb, max_used=17199Kb, free=229051Kb
 total_blobs=6507, nmethods=5644, adapters=767, full_count=0
Compilation: enabled, stopped_count=0, restarted_count=0

Compilation events (20 events):
Event: 173.715 Thread 0x0000020e9493b700 nmethod 6367 0x0000020e8ac7e290 code [0x0000020e8ac7e4e0, 0x0000020e8ac7ee58]
Event: 173.715 Thread 0x0000020e9493b700 6368       4       org.gradle.internal.serialize.InputStreamBackedDecoder::readBytes (11 bytes)
Event: 173.718 Thread 0x0000020e9493b700 nmethod 6368 0x0000020e8ac7dd10 code [0x0000020e8ac7dea0, 0x0000020e8ac7e090]
Event: 174.835 Thread 0x0000020e9493b700 6370   !   4       java.lang.Thread::sleep (82 bytes)
Event: 174.837 Thread 0x0000020e9493b700 nmethod 6370 0x0000020e8ae02c10 code [0x0000020e8ae02dc0, 0x0000020e8ae02f60]
Event: 175.534 Thread 0x0000020e9493b700 6371       4       java.util.stream.AbstractPipeline::wrapAndCopyInto (18 bytes)
Event: 175.547 Thread 0x0000020e9493b700 nmethod 6371 0x0000020e8ac7d010 code [0x0000020e8ac7d220, 0x0000020e8ac7d740]
Event: 175.547 Thread 0x0000020e9493b700 6372       4       java.util.stream.AbstractPipeline::copyInto (54 bytes)
Event: 175.556 Thread 0x0000020e9493b700 nmethod 6372 0x0000020e8ad6ce90 code [0x0000020e8ad6d080, 0x0000020e8ad6d438]
Event: 175.597 Thread 0x0000020e9494ae90 6373       3       org.gradle.internal.component.external.model.DefaultImmutableCapability::defaultCapabilityForComponent (26 bytes)
Event: 175.598 Thread 0x0000020e9494ae90 nmethod 6373 0x0000020e834f8b10 code [0x0000020e834f8d00, 0x0000020e834f9118]
Event: 175.598 Thread 0x0000020e9494ae90 6374       3       org.gradle.api.internal.artifacts.DefaultModuleVersionIdentifier::getGroup (10 bytes)
Event: 175.598 Thread 0x0000020e9494ae90 nmethod 6374 0x0000020e83591310 code [0x0000020e835914c0, 0x0000020e83591640]
Event: 175.760 Thread 0x0000020e9493b700 6375   !   4       sun.nio.ch.DatagramChannelImpl::blockingReceive (363 bytes)
Event: 175.887 Thread 0x0000020e9493b700 nmethod 6375 0x0000020e8ad76d10 code [0x0000020e8ad77120, 0x0000020e8ad79d78]
Event: 177.954 Thread 0x0000020e9493b700 6376       4       java.util.concurrent.locks.AbstractQueuedSynchronizer$ConditionObject::awaitNanos (202 bytes)
Event: 178.028 Thread 0x0000020e9493b700 nmethod 6376 0x0000020e8ae0a290 code [0x0000020e8ae0a580, 0x0000020e8ae0bb00]
Event: 182.320 Thread 0x0000020e9494ae90 6377   !   3       java.util.concurrent.ThreadPoolExecutor::getTask (177 bytes)
Event: 182.321 Thread 0x0000020e9494ae90 nmethod 6377 0x0000020e832c9210 code [0x0000020e832c94c0, 0x0000020e832ca2f0]
Event: 182.906 Thread 0x0000020e9493b700 6378   !   4       java.util.concurrent.LinkedBlockingQueue::poll (128 bytes)

GC Heap History (20 events):
Event: 29.925 GC heap before
{Heap before GC invocations=2 (full 0):
 garbage-first heap   total 393216K, used 65257K [0x00000000a0000000, 0x0000000100000000)
  region size 1024K, 56 young (57344K), 5 survivors (5120K)
 Metaspace       used 5715K, committed 5952K, reserved 1114112K
  class space    used 769K, committed 832K, reserved 1048576K
}
Event: 29.934 GC heap after
{Heap after GC invocations=3 (full 0):
 garbage-first heap   total 393216K, used 17489K [0x00000000a0000000, 0x0000000100000000)
  region size 1024K, 6 young (6144K), 6 survivors (6144K)
 Metaspace       used 5715K, committed 5952K, reserved 1114112K
  class space    used 769K, committed 832K, reserved 1048576K
}
Event: 40.706 GC heap before
{Heap before GC invocations=3 (full 0):
 garbage-first heap   total 393216K, used 108625K [0x00000000a0000000, 0x0000000100000000)
  region size 1024K, 96 young (98304K), 6 survivors (6144K)
 Metaspace       used 20763K, committed 21504K, reserved 1114112K
  class space    used 3058K, committed 3456K, reserved 1048576K
}
Event: 40.721 GC heap after
{Heap after GC invocations=4 (full 0):
 garbage-first heap   total 393216K, used 24299K [0x00000000a0000000, 0x0000000100000000)
  region size 1024K, 12 young (12288K), 12 survivors (12288K)
 Metaspace       used 20763K, committed 21504K, reserved 1114112K
  class space    used 3058K, committed 3456K, reserved 1048576K
}
Event: 43.857 GC heap before
{Heap before GC invocations=5 (full 0):
 garbage-first heap   total 81920K, used 60139K [0x00000000a0000000, 0x0000000100000000)
  region size 1024K, 48 young (49152K), 12 survivors (12288K)
 Metaspace       used 25407K, committed 26368K, reserved 1114112K
  class space    used 3819K, committed 4288K, reserved 1048576K
}
Event: 43.870 GC heap after
{Heap after GC invocations=6 (full 0):
 garbage-first heap   total 81920K, used 26606K [0x00000000a0000000, 0x0000000100000000)
  region size 1024K, 3 young (3072K), 3 survivors (3072K)
 Metaspace       used 25407K, committed 26368K, reserved 1114112K
  class space    used 3819K, committed 4288K, reserved 1048576K
}
Event: 47.961 GC heap before
{Heap before GC invocations=6 (full 0):
 garbage-first heap   total 81920K, used 65518K [0x00000000a0000000, 0x0000000100000000)
  region size 1024K, 42 young (43008K), 3 survivors (3072K)
 Metaspace       used 32710K, committed 33664K, reserved 1114112K
  class space    used 4720K, committed 5184K, reserved 1048576K
}
Event: 47.970 GC heap after
{Heap after GC invocations=7 (full 0):
 garbage-first heap   total 81920K, used 31358K [0x00000000a0000000, 0x0000000100000000)
  region size 1024K, 6 young (6144K), 6 survivors (6144K)
 Metaspace       used 32710K, committed 33664K, reserved 1114112K
  class space    used 4720K, committed 5184K, reserved 1048576K
}
Event: 49.608 GC heap before
{Heap before GC invocations=7 (full 0):
 garbage-first heap   total 81920K, used 67198K [0x00000000a0000000, 0x0000000100000000)
  region size 1024K, 38 young (38912K), 6 survivors (6144K)
 Metaspace       used 34927K, committed 35968K, reserved 1114112K
  class space    used 4964K, committed 5504K, reserved 1048576K
}
Event: 49.616 GC heap after
{Heap after GC invocations=8 (full 0):
 garbage-first heap   total 81920K, used 33429K [0x00000000a0000000, 0x0000000100000000)
  region size 1024K, 3 young (3072K), 3 survivors (3072K)
 Metaspace       used 34927K, committed 35968K, reserved 1114112K
  class space    used 4964K, committed 5504K, reserved 1048576K
}
Event: 52.182 GC heap before
{Heap before GC invocations=9 (full 0):
 garbage-first heap   total 81920K, used 68245K [0x00000000a0000000, 0x0000000100000000)
  region size 1024K, 37 young (37888K), 3 survivors (3072K)
 Metaspace       used 38640K, committed 39936K, reserved 1114112K
  class space    used 5570K, committed 6208K, reserved 1048576K
}
Event: 52.187 GC heap after
{Heap after GC invocations=10 (full 0):
 garbage-first heap   total 81920K, used 35995K [0x00000000a0000000, 0x0000000100000000)
  region size 1024K, 3 young (3072K), 3 survivors (3072K)
 Metaspace       used 38640K, committed 39936K, reserved 1114112K
  class space    used 5570K, committed 6208K, reserved 1048576K
}
Event: 54.486 GC heap before
{Heap before GC invocations=10 (full 0):
 garbage-first heap   total 81920K, used 69787K [0x00000000a0000000, 0x0000000100000000)
  region size 1024K, 36 young (36864K), 3 survivors (3072K)
 Metaspace       used 42424K, committed 43904K, reserved 1114112K
  class space    used 6189K, committed 6912K, reserved 1048576K
}
Event: 54.493 GC heap after
{Heap after GC invocations=11 (full 0):
 garbage-first heap   total 81920K, used 38260K [0x00000000a0000000, 0x0000000100000000)
  region size 1024K, 5 young (5120K), 5 survivors (5120K)
 Metaspace       used 42424K, committed 43904K, reserved 1114112K
  class space    used 6189K, committed 6912K, reserved 1048576K
}
Event: 56.811 GC heap before
{Heap before GC invocations=11 (full 0):
 garbage-first heap   total 81920K, used 73076K [0x00000000a0000000, 0x0000000100000000)
  region size 1024K, 37 young (37888K), 5 survivors (5120K)
 Metaspace       used 45616K, committed 47296K, reserved 1114112K
  class space    used 6592K, committed 7424K, reserved 1048576K
}
Event: 56.819 GC heap after
{Heap after GC invocations=12 (full 0):
 garbage-first heap   total 81920K, used 40720K [0x00000000a0000000, 0x0000000100000000)
  region size 1024K, 5 young (5120K), 5 survivors (5120K)
 Metaspace       used 45616K, committed 47296K, reserved 1114112K
  class space    used 6592K, committed 7424K, reserved 1048576K
}
Event: 65.839 GC heap before
{Heap before GC invocations=12 (full 0):
 garbage-first heap   total 81920K, used 72464K [0x00000000a0000000, 0x0000000100000000)
  region size 1024K, 36 young (36864K), 5 survivors (5120K)
 Metaspace       used 48749K, committed 50432K, reserved 1114112K
  class space    used 7063K, committed 7872K, reserved 1048576K
}
Event: 65.845 GC heap after
{Heap after GC invocations=13 (full 0):
 garbage-first heap   total 81920K, used 41893K [0x00000000a0000000, 0x0000000100000000)
  region size 1024K, 4 young (4096K), 4 survivors (4096K)
 Metaspace       used 48749K, committed 50432K, reserved 1114112K
  class space    used 7063K, committed 7872K, reserved 1048576K
}
Event: 120.963 GC heap before
{Heap before GC invocations=13 (full 0):
 garbage-first heap   total 81920K, used 73637K [0x00000000a0000000, 0x0000000100000000)
  region size 1024K, 35 young (35840K), 4 survivors (4096K)
 Metaspace       used 48884K, committed 50560K, reserved 1114112K
  class space    used 7064K, committed 7872K, reserved 1048576K
}
Event: 120.968 GC heap after
{Heap after GC invocations=14 (full 0):
 garbage-first heap   total 81920K, used 42543K [0x00000000a0000000, 0x0000000100000000)
  region size 1024K, 3 young (3072K), 3 survivors (3072K)
 Metaspace       used 48884K, committed 50560K, reserved 1114112K
  class space    used 7064K, committed 7872K, reserved 1048576K
}

Dll operation events (20 events):
Event: 1.453 Attempting to load shared library C:\Users\Khaing\.vscode\extensions\redhat.java-1.56.0-win32-x64\jre\21.0.12.1-win32-x86_64\bin\nio.dll
Event: 1.521 Loaded shared library C:\Users\Khaing\.vscode\extensions\redhat.java-1.56.0-win32-x64\jre\21.0.12.1-win32-x86_64\bin\nio.dll
Event: 1.593 Attempting to load shared library C:\Users\Khaing\.vscode\extensions\redhat.java-1.56.0-win32-x64\jre\21.0.12.1-win32-x86_64\bin\zip.dll
Event: 1.593 Loaded shared library C:\Users\Khaing\.vscode\extensions\redhat.java-1.56.0-win32-x64\jre\21.0.12.1-win32-x86_64\bin\zip.dll
Event: 9.790 Attempting to load shared library C:\Users\Khaing\.vscode\extensions\redhat.java-1.56.0-win32-x64\jre\21.0.12.1-win32-x86_64\bin\jimage.dll
Event: 9.791 Loaded shared library C:\Users\Khaing\.vscode\extensions\redhat.java-1.56.0-win32-x64\jre\21.0.12.1-win32-x86_64\bin\jimage.dll
Event: 13.056 Attempting to load shared library C:\Users\Khaing\.vscode\extensions\redhat.java-1.56.0-win32-x64\jre\21.0.12.1-win32-x86_64\bin\verify.dll
Event: 13.077 Loaded shared library C:\Users\Khaing\.vscode\extensions\redhat.java-1.56.0-win32-x64\jre\21.0.12.1-win32-x86_64\bin\verify.dll
Event: 13.535 Attempting to load shared library C:\Users\Khaing\.gradle\native\1def1411415f61bf3af743bc5b6707747c0891f09f0c88961ee8f79bc544acac\windows-amd64\native-platform.dll
Event: 13.544 Loaded shared library C:\Users\Khaing\.gradle\native\1def1411415f61bf3af743bc5b6707747c0891f09f0c88961ee8f79bc544acac\windows-amd64\native-platform.dll
Event: 13.604 Attempting to load shared library C:\Users\Khaing\.gradle\native\0.2.7\x86_64-windows-gnu\gradle-fileevents.dll
Event: 13.614 Loaded shared library C:\Users\Khaing\.gradle\native\0.2.7\x86_64-windows-gnu\gradle-fileevents.dll
Event: 30.144 Attempting to load shared library C:\Users\Khaing\.vscode\extensions\redhat.java-1.56.0-win32-x64\jre\21.0.12.1-win32-x86_64\bin\management.dll
Event: 30.172 Loaded shared library C:\Users\Khaing\.vscode\extensions\redhat.java-1.56.0-win32-x64\jre\21.0.12.1-win32-x86_64\bin\management.dll
Event: 30.180 Attempting to load shared library C:\Users\Khaing\.vscode\extensions\redhat.java-1.56.0-win32-x64\jre\21.0.12.1-win32-x86_64\bin\management_ext.dll
Event: 30.198 Loaded shared library C:\Users\Khaing\.vscode\extensions\redhat.java-1.56.0-win32-x64\jre\21.0.12.1-win32-x86_64\bin\management_ext.dll
Event: 32.015 Attempting to load shared library C:\Users\Khaing\.vscode\extensions\redhat.java-1.56.0-win32-x64\jre\21.0.12.1-win32-x86_64\bin\extnet.dll
Event: 32.024 Loaded shared library C:\Users\Khaing\.vscode\extensions\redhat.java-1.56.0-win32-x64\jre\21.0.12.1-win32-x86_64\bin\extnet.dll
Event: 33.690 Attempting to load shared library C:\Users\Khaing\.vscode\extensions\redhat.java-1.56.0-win32-x64\jre\21.0.12.1-win32-x86_64\bin\sunmscapi.dll
Event: 33.731 Loaded shared library C:\Users\Khaing\.vscode\extensions\redhat.java-1.56.0-win32-x64\jre\21.0.12.1-win32-x86_64\bin\sunmscapi.dll

Deoptimization events (20 events):
Event: 63.579 Thread 0x0000020eda529200 Uncommon trap: trap_request=0xffffffc6 fr.pc=0x0000020e8ad26d8c relative=0x000000000000152c
Event: 63.579 Thread 0x0000020eda529200 Uncommon trap: reason=bimorphic_or_optimized_type_check action=maybe_recompile pc=0x0000020e8ad26d8c method=java.util.concurrent.ConcurrentHashMap.computeIfAbsent(Ljava/lang/Object;Ljava/util/function/Function;)Ljava/lang/Object; @ 241 c2
Event: 63.579 Thread 0x0000020eda529200 DEOPT PACKING pc=0x0000020e8ad26d8c sp=0x0000007e5a6f7c20
Event: 63.579 Thread 0x0000020eda529200 DEOPT UNPACKING pc=0x0000020e8a6c4422 sp=0x0000007e5a6f7bb8 mode 2
Event: 63.579 Thread 0x0000020eda529200 Uncommon trap: trap_request=0xffffffc6 fr.pc=0x0000020e8ad26d8c relative=0x000000000000152c
Event: 63.579 Thread 0x0000020eda529200 Uncommon trap: reason=bimorphic_or_optimized_type_check action=maybe_recompile pc=0x0000020e8ad26d8c method=java.util.concurrent.ConcurrentHashMap.computeIfAbsent(Ljava/lang/Object;Ljava/util/function/Function;)Ljava/lang/Object; @ 241 c2
Event: 63.579 Thread 0x0000020eda529200 DEOPT PACKING pc=0x0000020e8ad26d8c sp=0x0000007e5a6f7c10
Event: 63.579 Thread 0x0000020eda529200 DEOPT UNPACKING pc=0x0000020e8a6c4422 sp=0x0000007e5a6f7ba8 mode 2
Event: 63.579 Thread 0x0000020eda529200 Uncommon trap: trap_request=0xffffffc6 fr.pc=0x0000020e8ad26d8c relative=0x000000000000152c
Event: 63.579 Thread 0x0000020eda529200 Uncommon trap: reason=bimorphic_or_optimized_type_check action=maybe_recompile pc=0x0000020e8ad26d8c method=java.util.concurrent.ConcurrentHashMap.computeIfAbsent(Ljava/lang/Object;Ljava/util/function/Function;)Ljava/lang/Object; @ 241 c2
Event: 63.579 Thread 0x0000020eda529200 DEOPT PACKING pc=0x0000020e8ad26d8c sp=0x0000007e5a6f7c00
Event: 63.579 Thread 0x0000020eda529200 DEOPT UNPACKING pc=0x0000020e8a6c4422 sp=0x0000007e5a6f7b98 mode 2
Event: 65.619 Thread 0x0000020eda529200 Uncommon trap: trap_request=0xffffff45 fr.pc=0x0000020e8ac9aff0 relative=0x00000000000001d0
Event: 65.619 Thread 0x0000020eda529200 Uncommon trap: reason=unstable_if action=reinterpret pc=0x0000020e8ac9aff0 method=java.util.concurrent.locks.ReentrantLock$NonfairSync.initialTryLock()Z @ 25 c2
Event: 65.619 Thread 0x0000020eda529200 DEOPT PACKING pc=0x0000020e8ac9aff0 sp=0x0000007e5a6f77b0
Event: 65.619 Thread 0x0000020eda529200 DEOPT UNPACKING pc=0x0000020e8a6c4422 sp=0x0000007e5a6f7698 mode 2
Event: 66.775 Thread 0x0000020eda529200 Uncommon trap: trap_request=0xffffff45 fr.pc=0x0000020e8ad0ea3c relative=0x000000000000019c
Event: 66.775 Thread 0x0000020eda529200 Uncommon trap: reason=unstable_if action=reinterpret pc=0x0000020e8ad0ea3c method=java.util.concurrent.locks.ReentrantLock$NonfairSync.initialTryLock()Z @ 25 c2
Event: 66.775 Thread 0x0000020eda529200 DEOPT PACKING pc=0x0000020e8ad0ea3c sp=0x0000007e5a6f7700
Event: 66.775 Thread 0x0000020eda529200 DEOPT UNPACKING pc=0x0000020e8a6c4422 sp=0x0000007e5a6f76a0 mode 2

Classes loaded (20 events):
Event: 54.210 Loading class java/util/PrimitiveIterator$OfInt
Event: 54.210 Loading class java/util/PrimitiveIterator
Event: 54.210 Loading class java/util/PrimitiveIterator done
Event: 54.210 Loading class java/util/PrimitiveIterator$OfInt done
Event: 54.216 Loading class java/util/concurrent/RecursiveAction
Event: 54.217 Loading class java/util/concurrent/RecursiveAction done
Event: 55.786 Loading class java/util/AbstractCollectionBeanInfo
Event: 55.786 Loading class java/util/AbstractCollectionBeanInfo done
Event: 55.786 Loading class java/util/AbstractCollectionBeanInfo
Event: 55.786 Loading class java/util/AbstractCollectionBeanInfo done
Event: 55.787 Loading class java/util/AbstractCollectionCustomizer
Event: 55.787 Loading class java/util/AbstractCollectionCustomizer done
Event: 55.789 Loading class java/util/AbstractCollectionCustomizer
Event: 55.789 Loading class java/util/AbstractCollectionCustomizer done
Event: 55.798 Loading class sun/reflect/generics/reflectiveObjects/GenericArrayTypeImpl
Event: 55.798 Loading class sun/reflect/generics/reflectiveObjects/GenericArrayTypeImpl done
Event: 57.979 Loading class java/io/DeleteOnExitHook
Event: 57.979 Loading class java/io/DeleteOnExitHook done
Event: 57.979 Loading class java/io/DeleteOnExitHook$1
Event: 57.979 Loading class java/io/DeleteOnExitHook$1 done

Classes unloaded (0 events):
No events

Classes redefined (0 events):
No events

Internal exceptions (20 events):
Event: 56.745 Thread 0x0000020eda529200 Exception <a 'java/lang/NoSuchMethodError'{0x00000000a3055458}: 'java.lang.Object java.lang.invoke.DirectMethodHandle$Holder.newInvokeSpecial(java.lang.Object, long)'> (0x00000000a3055458) 
thrown [s\src\hotspot\share\interpreter\linkResolver.cpp, line 773]
Event: 56.802 Thread 0x0000020eda529200 Exception <a 'java/lang/NoSuchMethodError'{0x00000000a30bb360}: 'java.lang.Object java.lang.invoke.DirectMethodHandle$Holder.newInvokeSpecial(java.lang.Object, java.lang.Object, java.lang.Object, java.lang.Object, java.lang.Object, long, java.lang.Object)'> (0x00000000a30bb360) 
thrown [s\src\hotspot\share\interpreter\linkResolver.cpp, line 773]
Event: 56.803 Thread 0x0000020eda529200 Exception <a 'java/lang/NoSuchMethodError'{0x00000000a30c3c98}: 'java.lang.Object java.lang.invoke.Invokers$Holder.linkToTargetMethod(java.lang.Object, java.lang.Object, java.lang.Object, java.lang.Object, long, java.lang.Object, java.lang.Object)'> (0x00000000a30c3c98) 
thrown [s\src\hotspot\share\interpreter\linkResolver.cpp, line 773]
Event: 56.837 Thread 0x0000020eda529200 Exception <a 'java/lang/NoSuchMethodError'{0x00000000b7f09930}: 'java.lang.Object java.lang.invoke.DirectMethodHandle$Holder.newInvokeSpecial(java.lang.Object, java.lang.Object, java.lang.Object, long, java.lang.Object)'> (0x00000000b7f09930) 
thrown [s\src\hotspot\share\interpreter\linkResolver.cpp, line 773]
Event: 56.838 Thread 0x0000020eda529200 Exception <a 'java/lang/NoSuchMethodError'{0x00000000b7f0e9f0}: 'java.lang.Object java.lang.invoke.DirectMethodHandle$Holder.invokeSpecial(java.lang.Object, java.lang.Object, java.lang.Object, java.lang.Object, long, java.lang.Object)'> (0x00000000b7f0e9f0) 
thrown [s\src\hotspot\share\interpreter\linkResolver.cpp, line 773]
Event: 56.838 Thread 0x0000020eda529200 Exception <a 'java/lang/NoSuchMethodError'{0x00000000b7f131a0}: 'java.lang.Object java.lang.invoke.Invokers$Holder.linkToTargetMethod(java.lang.Object, java.lang.Object, long, java.lang.Object, java.lang.Object)'> (0x00000000b7f131a0) 
thrown [s\src\hotspot\share\interpreter\linkResolver.cpp, line 773]
Event: 56.956 Thread 0x0000020eda529200 Exception <a 'java/lang/NoSuchMethodError'{0x00000000b1e61708}: 'java.lang.Object java.lang.invoke.DirectMethodHandle$Holder.newInvokeSpecial(java.lang.Object, java.lang.Object, java.lang.Object, java.lang.Object, java.lang.Object, java.lang.Object, java.lang.Object, java.lang.Object, java.lang.Object, java.lang.Object, java.lang.Object, java.lang.Object, java.lang.Object, java.lang.Object, java.lang.Object, java.lang.Object, java.lang.Object, java.lang.Object, java.lang.Object, java.lang.Object, java.lang
Event: 56.957 Thread 0x0000020eda529200 Exception <a 'java/lang/NoSuchMethodError'{0x00000000b1e69538}: 'java.lang.Object java.lang.invoke.DirectMethodHandle$Holder.invokeSpecial(java.lang.Object, java.lang.Object, java.lang.Object, java.lang.Object, java.lang.Object, java.lang.Object, java.lang.Object, java.lang.Object, java.lang.Object, java.lang.Object, java.lang.Object, java.lang.Object, java.lang.Object, java.lang.Object, java.lang.Object, java.lang.Object, java.lang.Object, java.lang.Object, java.lang.Object, java.lang.Object, java.lang.Ob
Event: 56.958 Thread 0x0000020eda529200 Exception <a 'java/lang/NoSuchMethodError'{0x00000000b1e6fac8}: 'java.lang.Object java.lang.invoke.DelegatingMethodHandle$Holder.reinvoke_L(java.lang.Object, java.lang.Object, java.lang.Object, java.lang.Object, java.lang.Object, java.lang.Object, java.lang.Object, java.lang.Object, java.lang.Object, java.lang.Object, java.lang.Object, java.lang.Object, java.lang.Object, java.lang.Object, java.lang.Object, java.lang.Object, java.lang.Object, java.lang.Object, java.lang.Object, java.lang.Object, java.lang.O
Event: 57.097 Thread 0x0000020eda529200 Exception <a 'java/lang/ClassNotFoundException'{0x00000000b1b97ed0}: org/gradle/api/internal/artifacts/dsl/dependencies/DefaultDependencyHandler_DecoratedBeanInfo> (0x00000000b1b97ed0) 
thrown [s\src\hotspot\share\classfile\systemDictionary.cpp, line 313]
Event: 57.101 Thread 0x0000020eda529200 Exception <a 'java/lang/ClassNotFoundException'{0x00000000b1babf50}: org/gradle/api/internal/artifacts/dsl/dependencies/DefaultDependencyHandlerBeanInfo> (0x00000000b1babf50) 
thrown [s\src\hotspot\share\classfile\systemDictionary.cpp, line 313]
Event: 57.105 Thread 0x0000020eda529200 Exception <a 'java/lang/ClassNotFoundException'{0x00000000b1bbff90}: org/gradle/api/internal/artifacts/dsl/dependencies/DefaultDependencyHandlerCustomizer> (0x00000000b1bbff90) 
thrown [s\src\hotspot\share\classfile\systemDictionary.cpp, line 313]
Event: 57.128 Thread 0x0000020eda529200 Exception <a 'java/lang/ClassNotFoundException'{0x00000000b1a17638}: org/gradle/api/internal/artifacts/dsl/dependencies/DefaultDependencyHandler_DecoratedCustomizer> (0x00000000b1a17638) 
thrown [s\src\hotspot\share\classfile\systemDictionary.cpp, line 313]
Event: 57.207 Thread 0x0000020eda529200 Exception <a 'java/lang/NoSuchMethodError'{0x00000000b183b1b8}: 'java.lang.Object java.lang.invoke.DirectMethodHandle$Holder.newInvokeSpecial(java.lang.Object, int, java.lang.Object)'> (0x00000000b183b1b8) 
thrown [s\src\hotspot\share\interpreter\linkResolver.cpp, line 773]
Event: 57.699 Thread 0x0000020eda529200 Exception <a 'java/lang/NoSuchMethodError'{0x00000000a42a4850}: 'java.lang.Object java.lang.invoke.DirectMethodHandle$Holder.newInvokeSpecial(java.lang.Object, java.lang.Object, java.lang.Object, int)'> (0x00000000a42a4850) 
thrown [s\src\hotspot\share\interpreter\linkResolver.cpp, line 773]
Event: 57.700 Thread 0x0000020eda529200 Exception <a 'java/lang/NoSuchMethodError'{0x00000000a42a8e18}: 'java.lang.Object java.lang.invoke.Invokers$Holder.linkToTargetMethod(java.lang.Object, java.lang.Object, int, java.lang.Object)'> (0x00000000a42a8e18) 
thrown [s\src\hotspot\share\interpreter\linkResolver.cpp, line 773]
Event: 57.883 Thread 0x0000020eda529200 Exception <a 'java/lang/NoSuchMethodError'{0x00000000a3f86290}: 'java.lang.Object java.lang.invoke.DirectMethodHandle$Holder.invokeSpecial(java.lang.Object, java.lang.Object, long, java.lang.Object, java.lang.Object)'> (0x00000000a3f86290) 
thrown [s\src\hotspot\share\interpreter\linkResolver.cpp, line 773]
Event: 57.935 Thread 0x0000020eda529200 Exception <a 'java/lang/NoSuchMethodError'{0x00000000a3e5e0c8}: 'java.lang.Object java.lang.invoke.DirectMethodHandle$Holder.newInvokeSpecial(java.lang.Object, java.lang.Object, java.lang.Object, int, java.lang.Object)'> (0x00000000a3e5e0c8) 
thrown [s\src\hotspot\share\interpreter\linkResolver.cpp, line 773]
Event: 57.936 Thread 0x0000020eda529200 Exception <a 'java/lang/NoSuchMethodError'{0x00000000a3e627f0}: 'java.lang.Object java.lang.invoke.Invokers$Holder.linkToTargetMethod(java.lang.Object, java.lang.Object, int, java.lang.Object, java.lang.Object)'> (0x00000000a3e627f0) 
thrown [s\src\hotspot\share\interpreter\linkResolver.cpp, line 773]
Event: 58.930 Thread 0x0000020eda529200 Exception <a 'java/lang/NoSuchMethodError'{0x00000000a39979e8}: 'int java.lang.invoke.DirectMethodHandle$Holder.invokeSpecialIFC(java.lang.Object, java.lang.Object, java.lang.Object)'> (0x00000000a39979e8) 
thrown [s\src\hotspot\share\interpreter\linkResolver.cpp, line 773]

ZGC Phase Switch (0 events):
No events

VM Operations (20 events):
Event: 133.139 Executing safepoint VM operation: Cleanup
Event: 133.139 Executing safepoint VM operation: Cleanup done
Event: 144.191 Executing safepoint VM operation: Cleanup
Event: 144.192 Executing safepoint VM operation: Cleanup done
Event: 145.196 Executing safepoint VM operation: Cleanup
Event: 145.196 Executing safepoint VM operation: Cleanup done
Event: 149.224 Executing safepoint VM operation: Cleanup
Event: 149.224 Executing safepoint VM operation: Cleanup done
Event: 152.245 Executing safepoint VM operation: Cleanup
Event: 152.245 Executing safepoint VM operation: Cleanup done
Event: 154.246 Executing safepoint VM operation: Cleanup
Event: 154.246 Executing safepoint VM operation: Cleanup done
Event: 161.304 Executing safepoint VM operation: Cleanup
Event: 161.304 Executing safepoint VM operation: Cleanup done
Event: 176.394 Executing safepoint VM operation: Cleanup
Event: 176.394 Executing safepoint VM operation: Cleanup done
Event: 180.581 Executing non-safepoint VM operation: HandshakeAllThreads (HandshakeForDeflation)
Event: 180.581 Executing non-safepoint VM operation: HandshakeAllThreads (HandshakeForDeflation) done
Event: 180.581 Executing non-safepoint VM operation: RendezvousGCThreads
Event: 180.581 Executing non-safepoint VM operation: RendezvousGCThreads done

Memory protections (0 events):
No events

Nmethod flushes (20 events):
Event: 121.033 Thread 0x0000020e94886f00 flushing  nmethod 0x0000020e8ae09110
Event: 121.033 Thread 0x0000020e94886f00 flushing  nmethod 0x0000020e8316f290
Event: 121.033 Thread 0x0000020e94886f00 flushing  nmethod 0x0000020e831b8890
Event: 121.033 Thread 0x0000020e94886f00 flushing  nmethod 0x0000020e8324f510
Event: 121.033 Thread 0x0000020e94886f00 flushing  nmethod 0x0000020e832a2a90
Event: 121.033 Thread 0x0000020e94886f00 flushing  nmethod 0x0000020e832fc390
Event: 121.033 Thread 0x0000020e94886f00 flushing  nmethod 0x0000020e832fd590
Event: 121.033 Thread 0x0000020e94886f00 flushing  nmethod 0x0000020e832fda90
Event: 121.033 Thread 0x0000020e94886f00 flushing  nmethod 0x0000020e832feb10
Event: 121.033 Thread 0x0000020e94886f00 flushing  nmethod 0x0000020e83337010
Event: 121.033 Thread 0x0000020e94886f00 flushing  nmethod 0x0000020e8342d590
Event: 121.033 Thread 0x0000020e94886f00 flushing  nmethod 0x0000020e8342ec10
Event: 121.033 Thread 0x0000020e94886f00 flushing  nmethod 0x0000020e835a5710
Event: 121.033 Thread 0x0000020e94886f00 flushing  nmethod 0x0000020e835a6a90
Event: 121.033 Thread 0x0000020e94886f00 flushing  nmethod 0x0000020e835a7090
Event: 121.033 Thread 0x0000020e94886f00 flushing  nmethod 0x0000020e835a7b10
Event: 121.033 Thread 0x0000020e94886f00 flushing  nmethod 0x0000020e835ab890
Event: 121.033 Thread 0x0000020e94886f00 flushing  nmethod 0x0000020e835ac110
Event: 121.033 Thread 0x0000020e94886f00 flushing  nmethod 0x0000020e835ecd10
Event: 121.033 Thread 0x0000020e94886f00 flushing  nmethod 0x0000020e838bd790

Events (20 events):
Event: 34.872 Thread 0x0000020eda529200 Thread added: 0x0000020eda527e50
Event: 37.073 Thread 0x0000020eda529200 Thread added: 0x0000020eda528b70
Event: 37.121 Thread 0x0000020eda529200 Thread added: 0x0000020eda5277c0
Event: 37.475 Thread 0x0000020eda529200 Thread added: 0x0000020eda5284e0
Event: 37.584 Thread 0x0000020eda5277c0 Thread added: 0x0000020eda527130
Event: 41.301 Thread 0x0000020eda529200 Thread added: 0x0000020edd3f6320
Event: 41.405 Thread 0x0000020eda529200 Thread added: 0x0000020edd3f76d0
Event: 42.255 Thread 0x0000020eda529200 Thread added: 0x0000020edd3f8a80
Event: 42.952 Thread 0x0000020eda529200 Thread added: 0x0000020edd3f69b0
Event: 44.430 Thread 0x0000020eda529200 Thread added: 0x0000020edd3f7d60
Event: 44.808 Thread 0x0000020eda529200 Thread added: 0x0000020edd3f83f0
Event: 48.620 Thread 0x0000020eda529200 Thread added: 0x0000020edd3fb1e0
Event: 48.806 Thread 0x0000020eda529200 Thread added: 0x0000020edd3f9e30
Event: 50.188 Thread 0x0000020eda529200 Thread added: 0x0000020edd3fab50
Event: 50.422 Thread 0x0000020eda529200 Thread added: 0x0000020edd3fcc20
Event: 51.035 Thread 0x0000020eda529200 Thread added: 0x0000020edd3fa4c0
Event: 51.073 Thread 0x0000020eda529200 Thread added: 0x0000020edd3fbf00
Event: 51.766 Thread 0x0000020eda529200 Thread added: 0x0000020edd3fc590
Event: 52.064 Thread 0x0000020eda529200 Thread added: 0x0000020edd3f97a0
Event: 55.452 Thread 0x0000020eda529200 Thread added: 0x0000020edb9f4790


Dynamic libraries:
0x00007ff73f560000 - 0x00007ff73f56e000 	C:\Users\Khaing\.vscode\extensions\redhat.java-1.56.0-win32-x64\jre\21.0.12.1-win32-x86_64\bin\java.exe
0x00007ffc138e0000 - 0x00007ffc13b47000 	C:\WINDOWS\SYSTEM32\ntdll.dll
0x00007ffc13060000 - 0x00007ffc1312b000 	C:\WINDOWS\System32\KERNEL32.DLL
0x00007ffc10ca0000 - 0x00007ffc110a2000 	C:\WINDOWS\System32\KERNELBASE.dll
0x00007ffc111e0000 - 0x00007ffc1132c000 	C:\WINDOWS\System32\ucrtbase.dll
0x00007ffc07af0000 - 0x00007ffc07b08000 	C:\Users\Khaing\.vscode\extensions\redhat.java-1.56.0-win32-x64\jre\21.0.12.1-win32-x86_64\bin\jli.dll
0x00007ffc12230000 - 0x00007ffc123ff000 	C:\WINDOWS\System32\USER32.dll
0x00007ffc10bc0000 - 0x00007ffc10be7000 	C:\WINDOWS\System32\win32u.dll
0x00007ffbfe620000 - 0x00007ffbfe63e000 	C:\Users\Khaing\.vscode\extensions\redhat.java-1.56.0-win32-x64\jre\21.0.12.1-win32-x86_64\bin\VCRUNTIME140.dll
0x00007ffc13030000 - 0x00007ffc1305b000 	C:\WINDOWS\System32\GDI32.dll
0x00007ffc110b0000 - 0x00007ffc111d9000 	C:\WINDOWS\System32\gdi32full.dll
0x00007ffbf8a40000 - 0x00007ffbf8cd0000 	C:\WINDOWS\WinSxS\amd64_microsoft.windows.common-controls_6595b64144ccf1df_6.0.26100.9278_none_3e0d1ba8e3303201\COMCTL32.dll
0x00007ffc13430000 - 0x00007ffc134d9000 	C:\WINDOWS\System32\msvcrt.dll
0x00007ffc10bf0000 - 0x00007ffc10c93000 	C:\WINDOWS\System32\msvcp_win.dll
0x00007ffc12dd0000 - 0x00007ffc12e01000 	C:\WINDOWS\System32\IMM32.DLL
0x00007ffc0b3e0000 - 0x00007ffc0b3ec000 	C:\Users\Khaing\.vscode\extensions\redhat.java-1.56.0-win32-x64\jre\21.0.12.1-win32-x86_64\bin\vcruntime140_1.dll
0x00007ffbfe590000 - 0x00007ffbfe61d000 	C:\Users\Khaing\.vscode\extensions\redhat.java-1.56.0-win32-x64\jre\21.0.12.1-win32-x86_64\bin\msvcp140.dll
0x00007ffb90bd0000 - 0x00007ffb91972000 	C:\Users\Khaing\.vscode\extensions\redhat.java-1.56.0-win32-x64\jre\21.0.12.1-win32-x86_64\bin\server\jvm.dll
0x00007ffc134e0000 - 0x00007ffc1359c000 	C:\WINDOWS\System32\ADVAPI32.dll
0x00007ffc11950000 - 0x00007ffc119f9000 	C:\WINDOWS\System32\sechost.dll
0x00007ffc11630000 - 0x00007ffc11748000 	C:\WINDOWS\System32\RPCRT4.dll
0x00007ffc11a00000 - 0x00007ffc11a80000 	C:\WINDOWS\System32\WS2_32.dll
0x00007ffc10990000 - 0x00007ffc109ee000 	C:\WINDOWS\SYSTEM32\POWRPROF.dll
0x00007ffbfe9c0000 - 0x00007ffbfe9f6000 	C:\WINDOWS\SYSTEM32\WINMM.dll
0x00007ffc075a0000 - 0x00007ffc075ab000 	C:\WINDOWS\SYSTEM32\VERSION.dll
0x00007ffc10970000 - 0x00007ffc10985000 	C:\WINDOWS\SYSTEM32\UMPDC.dll
0x00007ffc0f6c0000 - 0x00007ffc0f6db000 	C:\WINDOWS\SYSTEM32\kernel.appcore.dll
0x00007ffc07fc0000 - 0x00007ffc07fca000 	C:\Users\Khaing\.vscode\extensions\redhat.java-1.56.0-win32-x64\jre\21.0.12.1-win32-x86_64\bin\jimage.dll
0x00007ffc0df00000 - 0x00007ffc0e14c000 	C:\WINDOWS\SYSTEM32\DBGHELP.DLL
0x00007ffc125b0000 - 0x00007ffc12935000 	C:\WINDOWS\System32\combase.dll
0x00007ffc13160000 - 0x00007ffc13239000 	C:\WINDOWS\System32\OLEAUT32.dll
0x00007ffbfed90000 - 0x00007ffbfedcb000 	C:\WINDOWS\SYSTEM32\dbgcore.DLL
0x00007ffc113f0000 - 0x00007ffc1149c000 	C:\WINDOWS\System32\bcryptPrimitives.dll
0x00007ffc04680000 - 0x00007ffc0468f000 	C:\Users\Khaing\.vscode\extensions\redhat.java-1.56.0-win32-x64\jre\21.0.12.1-win32-x86_64\bin\instrument.dll
0x00007ffbfe540000 - 0x00007ffbfe560000 	C:\Users\Khaing\.vscode\extensions\redhat.java-1.56.0-win32-x64\jre\21.0.12.1-win32-x86_64\bin\java.dll
0x00007ffc11a90000 - 0x00007ffc12228000 	C:\WINDOWS\System32\SHELL32.dll
0x00007ffc0e260000 - 0x00007ffc0eb0e000 	C:\WINDOWS\SYSTEM32\windows.storage.dll
0x00007ffc135b0000 - 0x00007ffc136ab000 	C:\WINDOWS\System32\SHCORE.dll
0x00007ffc13830000 - 0x00007ffc13896000 	C:\WINDOWS\System32\shlwapi.dll
0x00007ffc10a50000 - 0x00007ffc10a79000 	C:\WINDOWS\SYSTEM32\profapi.dll
0x00007ffbfe350000 - 0x00007ffbfe368000 	C:\Users\Khaing\.vscode\extensions\redhat.java-1.56.0-win32-x64\jre\21.0.12.1-win32-x86_64\bin\zip.dll
0x00007ffc01a10000 - 0x00007ffc01a20000 	C:\Users\Khaing\.vscode\extensions\redhat.java-1.56.0-win32-x64\jre\21.0.12.1-win32-x86_64\bin\net.dll
0x00007ffc0f6e0000 - 0x00007ffc0f80a000 	C:\WINDOWS\SYSTEM32\WINHTTP.dll
0x00007ffc0fd60000 - 0x00007ffc0fdcc000 	C:\WINDOWS\system32\mswsock.dll
0x00007ffbfe330000 - 0x00007ffbfe346000 	C:\Users\Khaing\.vscode\extensions\redhat.java-1.56.0-win32-x64\jre\21.0.12.1-win32-x86_64\bin\nio.dll
0x00007ffbfe4f0000 - 0x00007ffbfe500000 	C:\Users\Khaing\.vscode\extensions\redhat.java-1.56.0-win32-x64\jre\21.0.12.1-win32-x86_64\bin\verify.dll
0x00007ffbe2300000 - 0x00007ffbe2327000 	C:\Users\Khaing\.gradle\native\1def1411415f61bf3af743bc5b6707747c0891f09f0c88961ee8f79bc544acac\windows-amd64\native-platform.dll
0x00007ffbea480000 - 0x00007ffbea4f8000 	C:\Users\Khaing\.gradle\native\0.2.7\x86_64-windows-gnu\gradle-fileevents.dll
0x00007ffc04720000 - 0x00007ffc0472a000 	C:\Users\Khaing\.vscode\extensions\redhat.java-1.56.0-win32-x64\jre\21.0.12.1-win32-x86_64\bin\management.dll
0x00007ffc046a0000 - 0x00007ffc046ac000 	C:\Users\Khaing\.vscode\extensions\redhat.java-1.56.0-win32-x64\jre\21.0.12.1-win32-x86_64\bin\management_ext.dll
0x00007ffc13810000 - 0x00007ffc13818000 	C:\WINDOWS\System32\PSAPI.DLL
0x00007ffc0ee70000 - 0x00007ffc0eea3000 	C:\WINDOWS\SYSTEM32\IPHLPAPI.DLL
0x00007ffc135a0000 - 0x00007ffc135aa000 	C:\WINDOWS\System32\NSI.dll
0x00007ffc0b420000 - 0x00007ffc0b429000 	C:\Users\Khaing\.vscode\extensions\redhat.java-1.56.0-win32-x64\jre\21.0.12.1-win32-x86_64\bin\extnet.dll
0x00007ffc10150000 - 0x00007ffc1016b000 	C:\WINDOWS\SYSTEM32\CRYPTSP.dll
0x00007ffc0f620000 - 0x00007ffc0f659000 	C:\WINDOWS\system32\rsaenh.dll
0x00007ffc0fe00000 - 0x00007ffc0fe34000 	C:\WINDOWS\SYSTEM32\USERENV.dll
0x00007ffc10a20000 - 0x00007ffc10a4a000 	C:\WINDOWS\SYSTEM32\bcrypt.dll
0x00007ffc0ffb0000 - 0x00007ffc0ffbc000 	C:\WINDOWS\SYSTEM32\CRYPTBASE.dll
0x00007ffc012c0000 - 0x00007ffc012ce000 	C:\Users\Khaing\.vscode\extensions\redhat.java-1.56.0-win32-x64\jre\21.0.12.1-win32-x86_64\bin\sunmscapi.dll
0x00007ffc114a0000 - 0x00007ffc1161e000 	C:\WINDOWS\System32\CRYPT32.dll
0x00007ffc102f0000 - 0x00007ffc10320000 	C:\WINDOWS\SYSTEM32\ncrypt.dll
0x00007ffc102a0000 - 0x00007ffc102df000 	C:\WINDOWS\SYSTEM32\NTASN1.dll
0x00007ffbec0f0000 - 0x00007ffbec0f8000 	C:\WINDOWS\system32\wshunix.dll

JVMTI agents:
C:\Users\Khaing\.gradle\wrapper\dists\gradle-8.14.3-all\10utluxaxniiv4wxiphsi49nj\gradle-8.14.3\lib\agents\gradle-instrumentation-agent-8.14.3.jar path:C:\Users\Khaing\.vscode\extensions\redhat.java-1.56.0-win32-x64\jre\21.0.12.1-win32-x86_64\bin\instrument.dll, loaded, initialized, instrumentlib options:none

dbghelp: loaded successfully - version: 4.0.5 - missing functions: none
symbol engine: initialized successfully - sym options: 0x614 - pdb path: .;C:\Users\Khaing\.vscode\extensions\redhat.java-1.56.0-win32-x64\jre\21.0.12.1-win32-x86_64\bin;C:\WINDOWS\SYSTEM32;C:\WINDOWS\WinSxS\amd64_microsoft.windows.common-controls_6595b64144ccf1df_6.0.26100.9278_none_3e0d1ba8e3303201;C:\Users\Khaing\.vscode\extensions\redhat.java-1.56.0-win32-x64\jre\21.0.12.1-win32-x86_64\bin\server;C:\Users\Khaing\.gradle\native\1def1411415f61bf3af743bc5b6707747c0891f09f0c88961ee8f79bc544acac\windows-amd64;C:\Users\Khaing\.gradle\native\0.2.7\x86_64-windows-gnu

VM Arguments:
jvm_args: --add-opens=java.base/java.lang=ALL-UNNAMED --add-opens=java.base/java.lang.invoke=ALL-UNNAMED --add-opens=java.base/java.util=ALL-UNNAMED --add-opens=java.prefs/java.util.prefs=ALL-UNNAMED --add-exports=jdk.compiler/com.sun.tools.javac.api=ALL-UNNAMED --add-exports=jdk.compiler/com.sun.tools.javac.util=ALL-UNNAMED --add-opens=java.base/java.util=ALL-UNNAMED --add-opens=java.prefs/java.util.prefs=ALL-UNNAMED --add-opens=java.base/java.nio.charset=ALL-UNNAMED --add-opens=java.base/java.net=ALL-UNNAMED --add-opens=java.base/java.util.concurrent.atomic=ALL-UNNAMED --add-opens=java.xml/javax.xml.namespace=ALL-UNNAMED -Xmx1536m -Dfile.encoding=UTF-8 -Duser.country=US -Duser.language=en -Duser.variant -javaagent:C:\Users\Khaing\.gradle\wrapper\dists\gradle-8.14.3-all\10utluxaxniiv4wxiphsi49nj\gradle-8.14.3\lib\agents\gradle-instrumentation-agent-8.14.3.jar 
java_command: org.gradle.launcher.daemon.bootstrap.GradleDaemon 8.14.3
java_class_path (initial): C:\Users\Khaing\.gradle\wrapper\dists\gradle-8.14.3-all\10utluxaxniiv4wxiphsi49nj\gradle-8.14.3\lib\gradle-daemon-main-8.14.3.jar
Launcher Type: SUN_STANDARD

[Global flags]
     intx CICompilerCount                          = 4                                         {product} {ergonomic}
     uint ConcGCThreads                            = 2                                         {product} {ergonomic}
     uint G1ConcRefinementThreads                  = 8                                         {product} {ergonomic}
   size_t G1HeapRegionSize                         = 1048576                                   {product} {ergonomic}
    uintx GCDrainStackTargetSize                   = 64                                        {product} {ergonomic}
   size_t InitialHeapSize                          = 402653184                                 {product} {ergonomic}
   size_t MarkStackSize                            = 4194304                                   {product} {ergonomic}
   size_t MaxHeapSize                              = 1610612736                                {product} {command line}
   size_t MaxNewSize                               = 965738496                                 {product} {ergonomic}
   size_t MinHeapDeltaBytes                        = 1048576                                   {product} {ergonomic}
   size_t MinHeapSize                              = 8388608                                   {product} {ergonomic}
    uintx NonNMethodCodeHeapSize                   = 5839372                                {pd product} {ergonomic}
    uintx NonProfiledCodeHeapSize                  = 122909434                              {pd product} {ergonomic}
    uintx ProfiledCodeHeapSize                     = 122909434                              {pd product} {ergonomic}
    uintx ReservedCodeCacheSize                    = 251658240                              {pd product} {ergonomic}
     bool SegmentedCodeCache                       = true                                      {product} {ergonomic}
   size_t SoftMaxHeapSize                          = 1610612736                             {manageable} {ergonomic}
     bool UseCompressedOops                        = true                           {product lp64_product} {ergonomic}
     bool UseG1GC                                  = true                                      {product} {ergonomic}
     bool UseLargePagesIndividualAllocation        = false                                  {pd product} {ergonomic}

Logging:
Log output configuration:
 #0: stdout all=warning uptime,level,tags foldmultilines=false
 #1: stderr all=off uptime,level,tags foldmultilines=false

Release file:
JAVA_VERSION="21.0.12.1" 
MODULES="java.base java.compiler java.datatransfer java.xml java.prefs java.desktop java.instrument java.logging java.management java.security.sasl java.naming java.rmi java.management.rmi java.net.http java.scripting java.security.jgss java.transaction.xa java.sql java.sql.rowset java.xml.crypto java.se java.smartcardio jdk.accessibility jdk.internal.jvmstat jdk.attach jdk.charsets jdk.internal.opt jdk.zipfs jdk.compiler jdk.crypto.ec jdk.crypto.cryptoki jdk.crypto.mscapi jdk.dynalink jdk.internal.ed jdk.editpad jdk.hotspot.agent jdk.httpserver jdk.internal.le jdk.internal.vm.ci jdk.internal.vm.compiler jdk.internal.vm.compiler.management jdk.jartool jdk.javadoc jdk.jcmd jdk.management jdk.management.agent jdk.jconsole jdk.jdeps jdk.jdwp.agent jdk.jdi jdk.jfr jdk.jshell jdk.jsobject jdk.jstatd jdk.localedata jdk.management.jfr jdk.naming.dns jdk.naming.rmi jdk.net jdk.nio.mapmode jdk.random jdk.sctp jdk.security.auth jdk.security.jgss jdk.unsupported jdk.unsupported.desktop jdk.xml.dom" 

Environment Variables:
JAVA_HOME=C:\Program Files\Java\jdk-21.0.10
PATH=C:\Python314\Scripts\;C:\Python314\;C:\Program Files\Common Files\Oracle\Java\javapath;C:\WINDOWS\system32;C:\WINDOWS;C:\WINDOWS\System32\Wbem;C:\WINDOWS\System32\WindowsPowerShell\v1.0\;C:\WINDOWS\System32\OpenSSH\;C:\Program Files\nodejs\;C:\ProgramData\chocolatey\bin;C:\Users\Khaing\Downloads\maven-mvnd-1.0.3-windows-amd64\maven-mvnd-1.0.3-windows-amd64\bin;C:\Program Files\Git\cmd;C:\Users\Khaing\Downloads\gradle-9.3.0-all\gradle-9.3.0\bin;;C:\ProgramData\chocolatey\lib\maven\apache-maven-3.9.15\bin;C:\Program Files\Cloudflare\Cloudflare WARP\;C:\Program Files\GitHub CLI\;C:\WINDOWS\system32;C:\WINDOWS;C:\WINDOWS\System32\Wbem;C:\WINDOWS\System32\WindowsPowerShell\v1.0\;C:\WINDOWS\System32\OpenSSH\;C:\Program Files\Docker\Docker\resources\bin;C:\Users\Khaing\AppData\Local\Microsoft\WindowsApps;C:\Users\Khaing\AppData\Roaming\npm;C:\Users\Khaing\AppData\Local\Programs\Microsoft VS Code\bin;C:\Android\Sdk\platform-tools;C:\Android\Sdk\cmdline-tools\latest\bin;C:\Users\Khaing\AppData\Local\Pandoc\;%USERPROFILE%\AppData\Local\Microsoft\WindowsApps;
USERNAME=Khaing
OS=Windows_NT
PROCESSOR_IDENTIFIER=Intel64 Family 6 Model 142 Stepping 12, GenuineIntel
TMP=C:\Users\Khaing\AppData\Local\Temp
TEMP=C:\Users\Khaing\AppData\Local\Temp




Periodic native trim disabled

---------------  S Y S T E M  ---------------

OS:
 Windows 11 , 64 bit Build 26100 (10.0.26100.9444)
OS uptime: 0 days 3:55 hours
Hyper-V role detected

CPU: total 8 (initial active 8) (4 cores per cpu, 2 threads per core) family 6 model 142 stepping 12 microcode 0xde, cx8, cmov, fxsr, ht, mmx, 3dnowpref, sse, sse2, sse3, ssse3, sse4.1, sse4.2, popcnt, lzcnt, tsc, tscinvbit, avx, avx2, aes, erms, clmul, bmi1, bmi2, adx, fma, vzeroupper, clflush, clflushopt, hv, rdtscp, f16c
Processor Information for the first 8 processors :
  Max Mhz: 1800, Current Mhz: 1600, Mhz Limit: 1584

Memory: 4k page, system-wide physical 24467M (446M free)
TotalPageFile size 51716M (AvailPageFile size 443M)
current process WorkingSet (physical memory assigned to process): 234M, peak: 256M
current process commit charge ("private bytes"): 272M, peak: 556M

vm_info: OpenJDK 64-Bit Server VM (21.0.12.1+1-LTS) for windows-amd64 JRE (21.0.12.1+1-LTS), built on 2026-08-18T00:00:00Z by "admin" with MS VC++ 17.12 (VS2022)

END.
