#
# There is insufficient memory for the Java Runtime Environment to continue.
# Native memory allocation (malloc) failed to allocate 54096 bytes. Error detail: Chunk::new
# Possible reasons:
#   The system is out of physical RAM or swap space
#   This process is running with CompressedOops enabled, and the Java Heap may be blocking the growth of the native heap
# Possible solutions:
#   Reduce memory load on the system
#   Increase physical memory or swap space
#   Check if swap backing store is full
#   Decrease Java heap size (-Xmx/-Xms)
#   Decrease number of Java threads
#   Decrease Java thread stack sizes (-Xss)
#   Set larger code cache with -XX:ReservedCodeCacheSize=
#   JVM is running with Unscaled Compressed Oops mode in which the Java heap is
#     placed in the first 4GB address space. The Java Heap base address is the
#     maximum limit for the native heap growth. Please use -XX:HeapBaseMinAddress
#     to set the Java Heap base and to place the Java Heap above 4GB virtual address.
# This output file may be truncated or incomplete.
#
#  Out of Memory Error (arena.cpp:168), pid=36928, tid=29468
#
# JRE version: OpenJDK Runtime Environment Temurin-21.0.12.1+1 (21.0.12.1+1) (build 21.0.12.1+1-LTS)
# Java VM: OpenJDK 64-Bit Server VM Temurin-21.0.12.1+1 (21.0.12.1+1-LTS, mixed mode, sharing, tiered, compressed oops, compressed class ptrs, g1 gc, windows-amd64)
# No core dump will be written. Minidumps are not enabled by default on client versions of Windows
#

---------------  S U M M A R Y ------------

Command Line: --add-opens=java.base/java.lang=ALL-UNNAMED --add-opens=java.base/java.lang.invoke=ALL-UNNAMED --add-opens=java.base/java.util=ALL-UNNAMED --add-opens=java.prefs/java.util.prefs=ALL-UNNAMED --add-exports=jdk.compiler/com.sun.tools.javac.api=ALL-UNNAMED --add-exports=jdk.compiler/com.sun.tools.javac.util=ALL-UNNAMED --add-opens=java.base/java.util=ALL-UNNAMED --add-opens=java.prefs/java.util.prefs=ALL-UNNAMED --add-opens=java.base/java.nio.charset=ALL-UNNAMED --add-opens=java.base/java.net=ALL-UNNAMED --add-opens=java.base/java.util.concurrent.atomic=ALL-UNNAMED --add-opens=java.xml/javax.xml.namespace=ALL-UNNAMED -Xmx1536m -Dfile.encoding=UTF-8 -Duser.country=US -Duser.language=en -Duser.variant -javaagent:C:\Users\Khaing\.gradle\wrapper\dists\gradle-8.14.3-all\10utluxaxniiv4wxiphsi49nj\gradle-8.14.3\lib\agents\gradle-instrumentation-agent-8.14.3.jar org.gradle.launcher.daemon.bootstrap.GradleDaemon 8.14.3

Host: Intel(R) Core(TM) i5-8265U CPU @ 1.60GHz, 8 cores, 23G,  Windows 11 , 64 bit Build 26100 (10.0.26100.9444)
Time: Mon Sep 21 12:14:49 2026 Myanmar Standard Time elapsed time: 372.642498 seconds (0d 0h 6m 12s)

---------------  T H R E A D  ---------------

Current thread (0x00000219fd81a160):  JavaThread "C2 CompilerThread0" daemon [_thread_in_native, id=29468, stack(0x000000c03da00000,0x000000c03db00000) (1024K)]


Current CompileTask:
C2:372643 7821       4       sun.nio.fs.WindowsPathParser::normalize (233 bytes)

Stack: [0x000000c03da00000,0x000000c03db00000]
Native frames: (J=compiled Java code, j=interpreted, Vv=VM code, C=native code)
V  [jvm.dll+0x6d83e9]
V  [jvm.dll+0x8b5736]
V  [jvm.dll+0x8b7cee]
V  [jvm.dll+0x8b83d3]
V  [jvm.dll+0x284596]
V  [jvm.dll+0xc685d]
V  [jvm.dll+0xc6da1]
V  [jvm.dll+0x5df599]
V  [jvm.dll+0x38b701]
V  [jvm.dll+0x38ab1a]
V  [jvm.dll+0x24c700]
V  [jvm.dll+0x24bce0]
V  [jvm.dll+0x1cb4ae]
V  [jvm.dll+0x25baad]
V  [jvm.dll+0x25a03a]
V  [jvm.dll+0x3f8aae]
V  [jvm.dll+0x8600cd]
V  [jvm.dll+0x6d6c1d]
C  [ucrtbase.dll+0x2cd30]
C  [KERNEL32.DLL+0x2cd87]
C  [ntdll.dll+0xacaec]


---------------  P R O C E S S  ---------------

Threads class SMR info:
_java_thread_list=0x00000219c6f84480, length=54, elements={
0x00000219e69aec70, 0x00000219fd80f720, 0x00000219fd810bb0, 0x00000219fd816460,
0x00000219fd816ad0, 0x00000219fd819150, 0x00000219fd8197c0, 0x00000219fd81a160,
0x00000219fd81fab0, 0x00000219fdad6c90, 0x00000219fda9b0c0, 0x00000219ff302d40,
0x00000219fd8ee880, 0x00000219fe0d7840, 0x00000219fe41ef70, 0x00000219fe41c810,
0x00000219fe41f600, 0x00000219fe41e8e0, 0x00000219fe41fc90, 0x00000219fe41cea0,
0x00000219fe41e250, 0x00000219fe41d530, 0x00000219fe41dbc0, 0x00000219c52d47e0,
0x00000219c52d3430, 0x00000219c52d3ac0, 0x00000219c52d5500, 0x00000219c52d4150,
0x00000219c52d2080, 0x00000219c52d5b90, 0x00000219c52d2710, 0x00000219c52d75d0,
0x00000219c52d8980, 0x00000219c52d6220, 0x00000219c52d96a0, 0x00000219c52d6f40,
0x00000219c52d9010, 0x00000219c52d68b0, 0x00000219c52d7c60, 0x00000219c64e04c0,
0x00000219c64dea80, 0x00000219c64e1f00, 0x00000219c64e3940, 0x00000219c64e3fd0,
0x00000219c64e4660, 0x00000219c64e11e0, 0x00000219c64e2c20, 0x00000219c64e32b0,
0x00000219c64e2590, 0x00000219c64e4cf0, 0x00000219c64e1870, 0x00000219c64e5380,
0x00000219c64e5a10, 0x00000219c64e60a0
}

Java Threads: ( => current thread )
  0x00000219e69aec70 JavaThread "main"                              [_thread_blocked, id=40792, stack(0x000000c03cc00000,0x000000c03cd00000) (1024K)]
  0x00000219fd80f720 JavaThread "Reference Handler"          daemon [_thread_blocked, id=42972, stack(0x000000c03d400000,0x000000c03d500000) (1024K)]
  0x00000219fd810bb0 JavaThread "Finalizer"                  daemon [_thread_blocked, id=30228, stack(0x000000c03d500000,0x000000c03d600000) (1024K)]
  0x00000219fd816460 JavaThread "Signal Dispatcher"          daemon [_thread_blocked, id=48272, stack(0x000000c03d600000,0x000000c03d700000) (1024K)]
  0x00000219fd816ad0 JavaThread "Attach Listener"            daemon [_thread_blocked, id=4404, stack(0x000000c03d700000,0x000000c03d800000) (1024K)]
  0x00000219fd819150 JavaThread "Service Thread"             daemon [_thread_blocked, id=32820, stack(0x000000c03d800000,0x000000c03d900000) (1024K)]
  0x00000219fd8197c0 JavaThread "Monitor Deflation Thread"   daemon [_thread_blocked, id=42000, stack(0x000000c03d900000,0x000000c03da00000) (1024K)]
=>0x00000219fd81a160 JavaThread "C2 CompilerThread0"         daemon [_thread_in_native, id=29468, stack(0x000000c03da00000,0x000000c03db00000) (1024K)]
  0x00000219fd81fab0 JavaThread "C1 CompilerThread0"         daemon [_thread_blocked, id=48852, stack(0x000000c03db00000,0x000000c03dc00000) (1024K)]
  0x00000219fdad6c90 JavaThread "Common-Cleaner"             daemon [_thread_blocked, id=29212, stack(0x000000c03dc00000,0x000000c03dd00000) (1024K)]
  0x00000219fda9b0c0 JavaThread "Notification Thread"        daemon [_thread_blocked, id=34572, stack(0x000000c03dd00000,0x000000c03de00000) (1024K)]
  0x00000219ff302d40 JavaThread "Daemon health stats"               [_thread_blocked, id=25912, stack(0x000000c03e500000,0x000000c03e600000) (1024K)]
  0x00000219fd8ee880 JavaThread "Incoming local TCP Connector on port 61723"        [_thread_in_native, id=42344, stack(0x000000c03e600000,0x000000c03e700000) (1024K)]
  0x00000219fe0d7840 JavaThread "Daemon periodic checks"            [_thread_blocked, id=46452, stack(0x000000c03e700000,0x000000c03e800000) (1024K)]
  0x00000219fe41ef70 JavaThread "Daemon"                            [_thread_blocked, id=28448, stack(0x000000c03e800000,0x000000c03e900000) (1024K)]
  0x00000219fe41c810 JavaThread "Handler for socket connection from /127.0.0.1:61723 to /127.0.0.1:55013"        [_thread_in_native, id=10184, stack(0x000000c03e900000,0x000000c03ea00000) (1024K)]
  0x00000219fe41f600 JavaThread "Cancel handler"                    [_thread_blocked, id=29848, stack(0x000000c03ea00000,0x000000c03eb00000) (1024K)]
  0x00000219fe41e8e0 JavaThread "Daemon worker"                     [_thread_in_native, id=15892, stack(0x000000c03eb00000,0x000000c03ec00000) (1024K)]
  0x00000219fe41fc90 JavaThread "Asynchronous log dispatcher for DefaultDaemonConnection: socket connection from /127.0.0.1:61723 to /127.0.0.1:55013"        [_thread_blocked, id=35772, stack(0x000000c03ec00000,0x000000c03ed00000) (1024K)]
  0x00000219fe41cea0 JavaThread "Stdin handler"                     [_thread_blocked, id=34796, stack(0x000000c03ed00000,0x000000c03ee00000) (1024K)]
  0x00000219fe41e250 JavaThread "Daemon client event forwarder"        [_thread_blocked, id=45452, stack(0x000000c03ee00000,0x000000c03ef00000) (1024K)]
  0x00000219fe41d530 JavaThread "Cache worker for journal cache (C:\Users\Khaing\.gradle\caches\journal-1)"        [_thread_blocked, id=43688, stack(0x000000c03ef00000,0x000000c03f000000) (1024K)]
  0x00000219fe41dbc0 JavaThread "File lock request listener"        [_thread_in_native, id=26408, stack(0x000000c03f000000,0x000000c03f100000) (1024K)]
  0x00000219c52d47e0 JavaThread "File lock release action executor"        [_thread_blocked, id=23584, stack(0x000000c03f100000,0x000000c03f200000) (1024K)]
  0x00000219c52d3430 JavaThread "Cache worker for file hash cache (C:\Users\Khaing\.gradle\caches\8.14.3\fileHashes)"        [_thread_in_native, id=12776, stack(0x000000c03f200000,0x000000c03f300000) (1024K)]
  0x00000219c52d3ac0 JavaThread "Cache worker for file hash cache (C:\Users\Khaing\Projects\MyLittleKayv\android\.gradle\8.14.3\fileHashes)"        [_thread_blocked, id=45796, stack(0x000000c03f400000,0x000000c03f500000) (1024K)]
  0x00000219c52d5500 JavaThread "Cache worker for Build Output Cleanup Cache (C:\Users\Khaing\Projects\MyLittleKayv\android\.gradle\buildOutputCleanup)"        [_thread_blocked, id=34340, stack(0x000000c03f500000,0x000000c03f600000) (1024K)]
  0x00000219c52d4150 JavaThread "File watcher server"        daemon [_thread_in_native, id=48144, stack(0x000000c03f600000,0x000000c03f700000) (1024K)]
  0x00000219c52d2080 JavaThread "File watcher consumer"      daemon [_thread_blocked, id=9340, stack(0x000000c03f700000,0x000000c03f800000) (1024K)]
  0x00000219c52d5b90 JavaThread "jar transforms"                    [_thread_blocked, id=30812, stack(0x000000c03f800000,0x000000c03f900000) (1024K)]
  0x00000219c52d2710 JavaThread "jar transforms Thread 2"           [_thread_blocked, id=18596, stack(0x000000c03f900000,0x000000c03fa00000) (1024K)]
  0x00000219c52d75d0 JavaThread "Cache worker for checksums cache (C:\Users\Khaing\Projects\MyLittleKayv\android\.gradle\8.14.3\checksums)"        [_thread_blocked, id=32228, stack(0x000000c03fa00000,0x000000c03fb00000) (1024K)]
  0x00000219c52d8980 JavaThread "Cache worker for file content cache (C:\Users\Khaing\.gradle\caches\8.14.3\fileContent)"        [_thread_blocked, id=29020, stack(0x000000c03fb00000,0x000000c03fc00000) (1024K)]
  0x00000219c52d6220 JavaThread "jar transforms Thread 3"           [_thread_blocked, id=36476, stack(0x000000c03fc00000,0x000000c03fd00000) (1024K)]
  0x00000219c52d96a0 JavaThread "jar transforms Thread 4"           [_thread_blocked, id=22392, stack(0x000000c03fd00000,0x000000c03fe00000) (1024K)]
  0x00000219c52d6f40 JavaThread "jar transforms Thread 5"           [_thread_blocked, id=46904, stack(0x000000c03fe00000,0x000000c03ff00000) (1024K)]
  0x00000219c52d9010 JavaThread "jar transforms Thread 6"           [_thread_blocked, id=24464, stack(0x000000c03ff00000,0x000000c040000000) (1024K)]
  0x00000219c52d68b0 JavaThread "Cache worker for cache directory md-supplier (C:\Users\Khaing\.gradle\caches\8.14.3\md-supplier)"        [_thread_blocked, id=26388, stack(0x000000c040000000,0x000000c040100000) (1024K)]
  0x00000219c52d7c60 JavaThread "Cache worker for cache directory md-rule (C:\Users\Khaing\.gradle\caches\8.14.3\md-rule)"        [_thread_blocked, id=31388, stack(0x000000c040100000,0x000000c040200000) (1024K)]
  0x00000219c64e04c0 JavaThread "jar transforms Thread 7"           [_thread_blocked, id=25560, stack(0x000000c040200000,0x000000c040300000) (1024K)]
  0x00000219c64dea80 JavaThread "Unconstrained build operations"        [_thread_blocked, id=33924, stack(0x000000c03cb00000,0x000000c03cc00000) (1024K)]
  0x00000219c64e1f00 JavaThread "Unconstrained build operations Thread 2"        [_thread_blocked, id=42552, stack(0x000000c040300000,0x000000c040400000) (1024K)]
  0x00000219c64e3940 JavaThread "Unconstrained build operations Thread 3"        [_thread_blocked, id=37388, stack(0x000000c040400000,0x000000c040500000) (1024K)]
  0x00000219c64e3fd0 JavaThread "Unconstrained build operations Thread 4"        [_thread_blocked, id=33384, stack(0x000000c040500000,0x000000c040600000) (1024K)]
  0x00000219c64e4660 JavaThread "Unconstrained build operations Thread 5"        [_thread_blocked, id=40508, stack(0x000000c040600000,0x000000c040700000) (1024K)]
  0x00000219c64e11e0 JavaThread "Unconstrained build operations Thread 6"        [_thread_blocked, id=24380, stack(0x000000c040700000,0x000000c040800000) (1024K)]
  0x00000219c64e2c20 JavaThread "Unconstrained build operations Thread 7"        [_thread_blocked, id=1268, stack(0x000000c040800000,0x000000c040900000) (1024K)]
  0x00000219c64e32b0 JavaThread "Unconstrained build operations Thread 8"        [_thread_in_native, id=13864, stack(0x000000c040900000,0x000000c040a00000) (1024K)]
  0x00000219c64e2590 JavaThread "Unconstrained build operations Thread 9"        [_thread_in_native, id=32276, stack(0x000000c040a00000,0x000000c040b00000) (1024K)]
  0x00000219c64e4cf0 JavaThread "Unconstrained build operations Thread 10"        [_thread_in_native, id=27716, stack(0x000000c040b00000,0x000000c040c00000) (1024K)]
  0x00000219c64e1870 JavaThread "Unconstrained build operations Thread 11"        [_thread_in_native, id=20112, stack(0x000000c040c00000,0x000000c040d00000) (1024K)]
  0x00000219c64e5380 JavaThread "Unconstrained build operations Thread 12"        [_thread_in_native, id=2096, stack(0x000000c040d00000,0x000000c040e00000) (1024K)]
  0x00000219c64e5a10 JavaThread "Unconstrained build operations Thread 13"        [_thread_in_native, id=22696, stack(0x000000c040e00000,0x000000c040f00000) (1024K)]
  0x00000219c64e60a0 JavaThread "Unconstrained build operations Thread 14"        [_thread_in_native, id=21024, stack(0x000000c040f00000,0x000000c041000000) (1024K)]
Total: 54

Other Threads:
  0x00000219fd769ef0 VMThread "VM Thread"                           [id=39536, stack(0x000000c03d300000,0x000000c03d400000) (1024K)]
  0x00000219fd759b50 WatcherThread "VM Periodic Task Thread"        [id=23736, stack(0x000000c03d200000,0x000000c03d300000) (1024K)]
  0x00000219e69f7970 WorkerThread "GC Thread#0"                     [id=22684, stack(0x000000c03cd00000,0x000000c03ce00000) (1024K)]
  0x00000219fdbcbff0 WorkerThread "GC Thread#1"                     [id=46112, stack(0x000000c03de00000,0x000000c03df00000) (1024K)]
  0x00000219fdb4abc0 WorkerThread "GC Thread#2"                     [id=27828, stack(0x000000c03df00000,0x000000c03e000000) (1024K)]
  0x00000219fdb4af70 WorkerThread "GC Thread#3"                     [id=33308, stack(0x000000c03e000000,0x000000c03e100000) (1024K)]
  0x00000219fdb4b320 WorkerThread "GC Thread#4"                     [id=23016, stack(0x000000c03e100000,0x000000c03e200000) (1024K)]
  0x00000219fdb4b6d0 WorkerThread "GC Thread#5"                     [id=43568, stack(0x000000c03e200000,0x000000c03e300000) (1024K)]
  0x00000219fdd56b70 WorkerThread "GC Thread#6"                     [id=48468, stack(0x000000c03e300000,0x000000c03e400000) (1024K)]
  0x00000219fdd56f20 WorkerThread "GC Thread#7"                     [id=44060, stack(0x000000c03e400000,0x000000c03e500000) (1024K)]
  0x00000219e6a04870 ConcurrentGCThread "G1 Main Marker"            [id=14944, stack(0x000000c03ce00000,0x000000c03cf00000) (1024K)]
  0x00000219e6a05290 WorkerThread "G1 Conc#0"                       [id=4784, stack(0x000000c03cf00000,0x000000c03d000000) (1024K)]
  0x00000219c602d6b0 WorkerThread "G1 Conc#1"                       [id=46016, stack(0x000000c03f300000,0x000000c03f400000) (1024K)]
  0x00000219fd6af740 ConcurrentGCThread "G1 Refine#0"               [id=29332, stack(0x000000c03d000000,0x000000c03d100000) (1024K)]
  0x00000219fd6aff70 ConcurrentGCThread "G1 Service"                [id=29740, stack(0x000000c03d100000,0x000000c03d200000) (1024K)]
Total: 15

Threads with active compile tasks:
C2 CompilerThread0  372732 7821       4       sun.nio.fs.WindowsPathParser::normalize (233 bytes)
Total: 1

VM state: not at safepoint (normal execution)

VM Mutex/Monitor currently owned by a thread: None

Heap address: 0x00000000a0000000, size: 1536 MB, Compressed Oops mode: 32-bit

CDS archive(s) mapped at: [0x0000021980000000-0x0000021980ba0000-0x0000021980ba0000), size 12189696, SharedBaseAddress: 0x0000021980000000, ArchiveRelocationMode: 1.
Compressed class space mapped at: 0x0000021981000000-0x00000219c1000000, reserved size: 1073741824
Narrow klass base: 0x0000021980000000, Narrow klass shift: 0, Narrow klass range: 0x100000000

GC Precious Log:
 CardTable entry size: 512
 Card Set container configuration: InlinePtr #cards 5 size 8 Array Of Cards #cards 12 size 40 Howl #buckets 4 coarsen threshold 1843 Howl Bitmap #cards 512 size 80 coarsen threshold 460 Card regions per heap region 1 cards per card region 2048
 CPUs: 8 total, 8 available
 Memory: 24467M
 Large Page Support: Disabled
 NUMA Support: Disabled
 Compressed Oops: Enabled (32-bit)
 Heap Region Size: 1M
 Heap Min Capacity: 8M
 Heap Initial Capacity: 384M
 Heap Max Capacity: 1536M
 Pre-touch: Disabled
 Parallel Workers: 8
 Concurrent Workers: 2
 Concurrent Refinement Workers: 8
 Periodic GC: Disabled

Heap:
 garbage-first heap   total 84992K, used 47603K [0x00000000a0000000, 0x0000000100000000)
  region size 1024K, 6 young (6144K), 5 survivors (5120K)
 Metaspace       used 50537K, committed 52224K, reserved 1114112K
  class space    used 7275K, committed 8128K, reserved 1048576K

Heap Regions: E=young(eden), S=young(survivor), O=old, HS=humongous(starts), HC=humongous(continues), CS=collection set, F=free, TAMS=top-at-mark-start, PB=parsable bottom
|   0|0x00000000a0000000, 0x00000000a0100000, 0x00000000a0100000|100%|HS|  |TAMS 0x00000000a0000000| PB 0x00000000a0000000| Complete 
|   1|0x00000000a0100000, 0x00000000a0200000, 0x00000000a0200000|100%|HC|  |TAMS 0x00000000a0100000| PB 0x00000000a0100000| Complete 
|   2|0x00000000a0200000, 0x00000000a0300000, 0x00000000a0300000|100%|HC|  |TAMS 0x00000000a0200000| PB 0x00000000a0200000| Complete 
|   3|0x00000000a0300000, 0x00000000a0400000, 0x00000000a0400000|100%| O|  |TAMS 0x00000000a0300000| PB 0x00000000a0300000| Untracked 
|   4|0x00000000a0400000, 0x00000000a0500000, 0x00000000a0500000|100%| O|  |TAMS 0x00000000a0400000| PB 0x00000000a0400000| Untracked 
|   5|0x00000000a0500000, 0x00000000a0600000, 0x00000000a0600000|100%| O|  |TAMS 0x00000000a0500000| PB 0x00000000a0500000| Untracked 
|   6|0x00000000a0600000, 0x00000000a0700000, 0x00000000a0700000|100%|HS|  |TAMS 0x00000000a0600000| PB 0x00000000a0600000| Complete 
|   7|0x00000000a0700000, 0x00000000a0800000, 0x00000000a0800000|100%| O|  |TAMS 0x00000000a0700000| PB 0x00000000a0700000| Untracked 
|   8|0x00000000a0800000, 0x00000000a0900000, 0x00000000a0900000|100%| O|  |TAMS 0x00000000a0800000| PB 0x00000000a0800000| Untracked 
|   9|0x00000000a0900000, 0x00000000a0a00000, 0x00000000a0a00000|100%| O|  |TAMS 0x00000000a0900000| PB 0x00000000a0900000| Untracked 
|  10|0x00000000a0a00000, 0x00000000a0b00000, 0x00000000a0b00000|100%| O|  |TAMS 0x00000000a0a00000| PB 0x00000000a0a00000| Untracked 
|  11|0x00000000a0b00000, 0x00000000a0c00000, 0x00000000a0c00000|100%| O|  |TAMS 0x00000000a0b00000| PB 0x00000000a0b00000| Untracked 
|  12|0x00000000a0c00000, 0x00000000a0d00000, 0x00000000a0d00000|100%| O|  |TAMS 0x00000000a0c00000| PB 0x00000000a0c00000| Untracked 
|  13|0x00000000a0d00000, 0x00000000a0e00000, 0x00000000a0e00000|100%| O|  |TAMS 0x00000000a0d00000| PB 0x00000000a0d00000| Untracked 
|  14|0x00000000a0e00000, 0x00000000a0f00000, 0x00000000a0f00000|100%| O|  |TAMS 0x00000000a0e00000| PB 0x00000000a0e00000| Untracked 
|  15|0x00000000a0f00000, 0x00000000a1000000, 0x00000000a1000000|100%| O|  |TAMS 0x00000000a0f00000| PB 0x00000000a0f00000| Untracked 
|  16|0x00000000a1000000, 0x00000000a1100000, 0x00000000a1100000|100%| O|  |TAMS 0x00000000a1000000| PB 0x00000000a1000000| Untracked 
|  17|0x00000000a1100000, 0x00000000a1200000, 0x00000000a1200000|100%| O|  |TAMS 0x00000000a1100000| PB 0x00000000a1100000| Untracked 
|  18|0x00000000a1200000, 0x00000000a1300000, 0x00000000a1300000|100%| O|  |TAMS 0x00000000a1200000| PB 0x00000000a1200000| Untracked 
|  19|0x00000000a1300000, 0x00000000a1400000, 0x00000000a1400000|100%| O|  |TAMS 0x00000000a1300000| PB 0x00000000a1300000| Untracked 
|  20|0x00000000a1400000, 0x00000000a1500000, 0x00000000a1500000|100%| O|  |TAMS 0x00000000a1400000| PB 0x00000000a1400000| Untracked 
|  21|0x00000000a1500000, 0x00000000a1600000, 0x00000000a1600000|100%| O|  |TAMS 0x00000000a1500000| PB 0x00000000a1500000| Untracked 
|  22|0x00000000a1600000, 0x00000000a1700000, 0x00000000a1700000|100%| O|  |TAMS 0x00000000a1600000| PB 0x00000000a1600000| Untracked 
|  23|0x00000000a1700000, 0x00000000a1800000, 0x00000000a1800000|100%| O|  |TAMS 0x00000000a1700000| PB 0x00000000a1700000| Untracked 
|  24|0x00000000a1800000, 0x00000000a1900000, 0x00000000a1900000|100%| O|  |TAMS 0x00000000a1800000| PB 0x00000000a1800000| Untracked 
|  25|0x00000000a1900000, 0x00000000a1900000, 0x00000000a1a00000|  0%| F|  |TAMS 0x00000000a1900000| PB 0x00000000a1900000| Untracked 
|  26|0x00000000a1a00000, 0x00000000a1b00000, 0x00000000a1b00000|100%| O|  |TAMS 0x00000000a1a00000| PB 0x00000000a1a00000| Untracked 
|  27|0x00000000a1b00000, 0x00000000a1c00000, 0x00000000a1c00000|100%| O|  |TAMS 0x00000000a1b00000| PB 0x00000000a1b00000| Untracked 
|  28|0x00000000a1c00000, 0x00000000a1d00000, 0x00000000a1d00000|100%| O|  |TAMS 0x00000000a1c00000| PB 0x00000000a1c00000| Untracked 
|  29|0x00000000a1d00000, 0x00000000a1e00000, 0x00000000a1e00000|100%| O|  |TAMS 0x00000000a1d00000| PB 0x00000000a1d00000| Untracked 
|  30|0x00000000a1e00000, 0x00000000a1f00000, 0x00000000a1f00000|100%| O|  |TAMS 0x00000000a1e00000| PB 0x00000000a1e00000| Untracked 
|  31|0x00000000a1f00000, 0x00000000a2000000, 0x00000000a2000000|100%| O|  |TAMS 0x00000000a1f00000| PB 0x00000000a1f00000| Untracked 
|  32|0x00000000a2000000, 0x00000000a2100000, 0x00000000a2100000|100%| O|  |TAMS 0x00000000a2000000| PB 0x00000000a2000000| Untracked 
|  33|0x00000000a2100000, 0x00000000a2200000, 0x00000000a2200000|100%| O|  |TAMS 0x00000000a2100000| PB 0x00000000a2100000| Untracked 
|  34|0x00000000a2200000, 0x00000000a2300000, 0x00000000a2300000|100%| O|  |TAMS 0x00000000a2200000| PB 0x00000000a2200000| Untracked 
|  35|0x00000000a2300000, 0x00000000a2400000, 0x00000000a2400000|100%| O|  |TAMS 0x00000000a2300000| PB 0x00000000a2300000| Untracked 
|  36|0x00000000a2400000, 0x00000000a2500000, 0x00000000a2500000|100%| O|  |TAMS 0x00000000a2400000| PB 0x00000000a2400000| Untracked 
|  37|0x00000000a2500000, 0x00000000a2600000, 0x00000000a2600000|100%| O|  |TAMS 0x00000000a2500000| PB 0x00000000a2500000| Untracked 
|  38|0x00000000a2600000, 0x00000000a2700000, 0x00000000a2700000|100%| O|  |TAMS 0x00000000a2600000| PB 0x00000000a2600000| Untracked 
|  39|0x00000000a2700000, 0x00000000a2800000, 0x00000000a2800000|100%| O|  |TAMS 0x00000000a2700000| PB 0x00000000a2700000| Untracked 
|  40|0x00000000a2800000, 0x00000000a2900000, 0x00000000a2900000|100%| O|  |TAMS 0x00000000a2800000| PB 0x00000000a2800000| Untracked 
|  41|0x00000000a2900000, 0x00000000a2a00000, 0x00000000a2a00000|100%| O|  |TAMS 0x00000000a2900000| PB 0x00000000a2900000| Untracked 
|  42|0x00000000a2a00000, 0x00000000a2b00000, 0x00000000a2b00000|100%| S|CS|TAMS 0x00000000a2a00000| PB 0x00000000a2a00000| Complete 
|  43|0x00000000a2b00000, 0x00000000a2b00000, 0x00000000a2c00000|  0%| F|  |TAMS 0x00000000a2b00000| PB 0x00000000a2b00000| Untracked 
|  44|0x00000000a2c00000, 0x00000000a2c00000, 0x00000000a2d00000|  0%| F|  |TAMS 0x00000000a2c00000| PB 0x00000000a2c00000| Untracked 
|  45|0x00000000a2d00000, 0x00000000a2d00000, 0x00000000a2e00000|  0%| F|  |TAMS 0x00000000a2d00000| PB 0x00000000a2d00000| Untracked 
|  46|0x00000000a2e00000, 0x00000000a2f00000, 0x00000000a2f00000|100%| S|CS|TAMS 0x00000000a2e00000| PB 0x00000000a2e00000| Complete 
|  47|0x00000000a2f00000, 0x00000000a3000000, 0x00000000a3000000|100%| S|CS|TAMS 0x00000000a2f00000| PB 0x00000000a2f00000| Complete 
|  48|0x00000000a3000000, 0x00000000a3100000, 0x00000000a3100000|100%| S|CS|TAMS 0x00000000a3000000| PB 0x00000000a3000000| Complete 
|  49|0x00000000a3100000, 0x00000000a3100000, 0x00000000a3200000|  0%| F|  |TAMS 0x00000000a3100000| PB 0x00000000a3100000| Untracked 
|  50|0x00000000a3200000, 0x00000000a3200000, 0x00000000a3300000|  0%| F|  |TAMS 0x00000000a3200000| PB 0x00000000a3200000| Untracked 
|  51|0x00000000a3300000, 0x00000000a3300000, 0x00000000a3400000|  0%| F|  |TAMS 0x00000000a3300000| PB 0x00000000a3300000| Untracked 
|  52|0x00000000a3400000, 0x00000000a3400000, 0x00000000a3500000|  0%| F|  |TAMS 0x00000000a3400000| PB 0x00000000a3400000| Untracked 
|  53|0x00000000a3500000, 0x00000000a3500000, 0x00000000a3600000|  0%| F|  |TAMS 0x00000000a3500000| PB 0x00000000a3500000| Untracked 
|  54|0x00000000a3600000, 0x00000000a3600000, 0x00000000a3700000|  0%| F|  |TAMS 0x00000000a3600000| PB 0x00000000a3600000| Untracked 
|  55|0x00000000a3700000, 0x00000000a3700000, 0x00000000a3800000|  0%| F|  |TAMS 0x00000000a3700000| PB 0x00000000a3700000| Untracked 
|  56|0x00000000a3800000, 0x00000000a3800000, 0x00000000a3900000|  0%| F|  |TAMS 0x00000000a3800000| PB 0x00000000a3800000| Untracked 
|  57|0x00000000a3900000, 0x00000000a3900000, 0x00000000a3a00000|  0%| F|  |TAMS 0x00000000a3900000| PB 0x00000000a3900000| Untracked 
|  58|0x00000000a3a00000, 0x00000000a3a00000, 0x00000000a3b00000|  0%| F|  |TAMS 0x00000000a3a00000| PB 0x00000000a3a00000| Untracked 
|  59|0x00000000a3b00000, 0x00000000a3b00000, 0x00000000a3c00000|  0%| F|  |TAMS 0x00000000a3b00000| PB 0x00000000a3b00000| Untracked 
|  60|0x00000000a3c00000, 0x00000000a3c00000, 0x00000000a3d00000|  0%| F|  |TAMS 0x00000000a3c00000| PB 0x00000000a3c00000| Untracked 
|  61|0x00000000a3d00000, 0x00000000a3d00000, 0x00000000a3e00000|  0%| F|  |TAMS 0x00000000a3d00000| PB 0x00000000a3d00000| Untracked 
|  62|0x00000000a3e00000, 0x00000000a3e00000, 0x00000000a3f00000|  0%| F|  |TAMS 0x00000000a3e00000| PB 0x00000000a3e00000| Untracked 
|  63|0x00000000a3f00000, 0x00000000a3f00000, 0x00000000a4000000|  0%| F|  |TAMS 0x00000000a3f00000| PB 0x00000000a3f00000| Untracked 
|  64|0x00000000a4000000, 0x00000000a4000000, 0x00000000a4100000|  0%| F|  |TAMS 0x00000000a4000000| PB 0x00000000a4000000| Untracked 
|  65|0x00000000a4100000, 0x00000000a4100000, 0x00000000a4200000|  0%| F|  |TAMS 0x00000000a4100000| PB 0x00000000a4100000| Untracked 
|  66|0x00000000a4200000, 0x00000000a4200000, 0x00000000a4300000|  0%| F|  |TAMS 0x00000000a4200000| PB 0x00000000a4200000| Untracked 
|  67|0x00000000a4300000, 0x00000000a4300000, 0x00000000a4400000|  0%| F|  |TAMS 0x00000000a4300000| PB 0x00000000a4300000| Untracked 
|  68|0x00000000a4400000, 0x00000000a4500000, 0x00000000a4500000|100%| S|CS|TAMS 0x00000000a4400000| PB 0x00000000a4400000| Complete 
| 277|0x00000000b1500000, 0x00000000b1500000, 0x00000000b1600000|  0%| F|  |TAMS 0x00000000b1500000| PB 0x00000000b1500000| Untracked 
| 278|0x00000000b1600000, 0x00000000b1600000, 0x00000000b1700000|  0%| F|  |TAMS 0x00000000b1600000| PB 0x00000000b1600000| Untracked 
| 279|0x00000000b1700000, 0x00000000b1700000, 0x00000000b1800000|  0%| F|  |TAMS 0x00000000b1700000| PB 0x00000000b1700000| Untracked 
| 280|0x00000000b1800000, 0x00000000b1800000, 0x00000000b1900000|  0%| F|  |TAMS 0x00000000b1800000| PB 0x00000000b1800000| Untracked 
| 281|0x00000000b1900000, 0x00000000b1900000, 0x00000000b1a00000|  0%| F|  |TAMS 0x00000000b1900000| PB 0x00000000b1900000| Untracked 
| 282|0x00000000b1a00000, 0x00000000b1a00000, 0x00000000b1b00000|  0%| F|  |TAMS 0x00000000b1a00000| PB 0x00000000b1a00000| Untracked 
| 283|0x00000000b1b00000, 0x00000000b1b00000, 0x00000000b1c00000|  0%| F|  |TAMS 0x00000000b1b00000| PB 0x00000000b1b00000| Untracked 
| 284|0x00000000b1c00000, 0x00000000b1c00000, 0x00000000b1d00000|  0%| F|  |TAMS 0x00000000b1c00000| PB 0x00000000b1c00000| Untracked 
| 285|0x00000000b1d00000, 0x00000000b1d00000, 0x00000000b1e00000|  0%| F|  |TAMS 0x00000000b1d00000| PB 0x00000000b1d00000| Untracked 
| 286|0x00000000b1e00000, 0x00000000b1e00000, 0x00000000b1f00000|  0%| F|  |TAMS 0x00000000b1e00000| PB 0x00000000b1e00000| Untracked 
| 287|0x00000000b1f00000, 0x00000000b1f00000, 0x00000000b2000000|  0%| F|  |TAMS 0x00000000b1f00000| PB 0x00000000b1f00000| Untracked 
| 288|0x00000000b2000000, 0x00000000b2000000, 0x00000000b2100000|  0%| F|  |TAMS 0x00000000b2000000| PB 0x00000000b2000000| Untracked 
| 383|0x00000000b7f00000, 0x00000000b7ff8128, 0x00000000b8000000| 96%| E|  |TAMS 0x00000000b7f00000| PB 0x00000000b7f00000| Complete 
|1535|0x00000000fff00000, 0x00000000fff7cc50, 0x0000000100000000| 48%| O|  |TAMS 0x00000000fff00000| PB 0x00000000fff00000| Untracked 

Card table byte_map: [0x00000219f91e0000,0x00000219f94e0000] _byte_map_base: 0x00000219f8ce0000

Marking Bits: (CMBitMap*) 0x00000219e69f7f90
 Bits: [0x00000219f94e0000, 0x00000219face0000)

Polling page: 0x00000219e4880000

Metaspace:

Usage:
  Non-class:     42.25 MB used.
      Class:      7.10 MB used.
       Both:     49.35 MB used.

Virtual space:
  Non-class space:       64.00 MB reserved,      43.06 MB ( 67%) committed,  1 nodes.
      Class space:        1.00 GB reserved,       7.94 MB ( <1%) committed,  1 nodes.
             Both:        1.06 GB reserved,      51.00 MB (  5%) committed. 

Chunk freelists:
   Non-Class:  4.00 MB
       Class:  8.08 MB
        Both:  12.08 MB

MaxMetaspaceSize: unlimited
CompressedClassSpaceSize: 1.00 GB
Initial GC threshold: 21.00 MB
Current GC threshold: 82.81 MB
CDS: on
 - commit_granule_bytes: 65536.
 - commit_granule_words: 8192.
 - virtual_space_node_default_size: 8388608.
 - enlarge_chunks_in_place: 1.
 - use_allocation_guard: 0.


Internal statistics:

num_allocs_failed_limit: 6.
num_arena_births: 3082.
num_arena_deaths: 0.
num_vsnodes_births: 2.
num_vsnodes_deaths: 0.
num_space_committed: 816.
num_space_uncommitted: 0.
num_chunks_returned_to_freelist: 6.
num_chunks_taken_from_freelist: 5512.
num_chunk_merges: 6.
num_chunk_splits: 3563.
num_chunks_enlarged: 2154.
num_inconsistent_stats: 0.

CodeHeap 'non-profiled nmethods': size=120000Kb used=4068Kb max_used=4068Kb free=115931Kb
 bounds [0x00000219f1680000, 0x00000219f1a80000, 0x00000219f8bb0000]
CodeHeap 'profiled nmethods': size=120000Kb used=12402Kb max_used=12402Kb free=107597Kb
 bounds [0x00000219e9bb0000, 0x00000219ea7d0000, 0x00000219f10e0000]
CodeHeap 'non-nmethods': size=5760Kb used=2597Kb max_used=2683Kb free=3162Kb
 bounds [0x00000219f10e0000, 0x00000219f13a0000, 0x00000219f1680000]
CodeCache: size=245760Kb, used=19067Kb, max_used=19153Kb, free=226690Kb
 total_blobs=7607, nmethods=6740, adapters=771, full_count=0
Compilation: enabled, stopped_count=0, restarted_count=0

Compilation events (20 events):
Event: 372.628 Thread 0x00000219fd81fab0 nmethod 7837 0x00000219ea7afe10 code [0x00000219ea7affc0, 0x00000219ea7b01e0]
Event: 372.629 Thread 0x00000219fd81fab0 7838       3       java.lang.System$2::decodeASCII (11 bytes)
Event: 372.630 Thread 0x00000219fd81fab0 nmethod 7838 0x00000219ea7b0290 code [0x00000219ea7b0440, 0x00000219ea7b0588]
Event: 372.630 Thread 0x00000219fd81fab0 7839       3       java.lang.String::decodeASCII (46 bytes)
Event: 372.630 Thread 0x00000219fd81fab0 nmethod 7839 0x00000219ea7b0690 code [0x00000219ea7b0860, 0x00000219ea7b0b08]
Event: 372.630 Thread 0x00000219fd81fab0 7840       3       sun.nio.cs.UTF_8$Decoder::xflow (31 bytes)
Event: 372.631 Thread 0x00000219fd81fab0 nmethod 7840 0x00000219ea7b0c90 code [0x00000219ea7b0e80, 0x00000219ea7b13d8]
Event: 372.631 Thread 0x00000219fd81fab0 7844       3       org.gradle.internal.operations.DefaultBuildOperationListenerManager$1::started (47 bytes)
Event: 372.631 Thread 0x00000219fd81fab0 nmethod 7844 0x00000219ea7b1590 code [0x00000219ea7b1780, 0x00000219ea7b1ce0]
Event: 372.631 Thread 0x00000219fd81fab0 7841       3       org.gradle.internal.operations.BuildOperationDescriptor::<init> (50 bytes)
Event: 372.631 Thread 0x00000219fd81fab0 nmethod 7841 0x00000219ea7b1e90 code [0x00000219ea7b2060, 0x00000219ea7b2460]
Event: 372.631 Thread 0x00000219fd81fab0 7842       3       org.gradle.internal.service.scopes.WorkerSharedGlobalScopeServices::lambda$createBuildOperationRunner$0 (11 bytes)
Event: 372.632 Thread 0x00000219fd81fab0 nmethod 7842 0x00000219ea7b2590 code [0x00000219ea7b2740, 0x00000219ea7b2a60]
Event: 372.632 Thread 0x00000219fd81fab0 7843       3       org.gradle.internal.operations.OperationStartEvent::<init> (10 bytes)
Event: 372.632 Thread 0x00000219fd81fab0 nmethod 7843 0x00000219ea7b2b90 code [0x00000219ea7b2d40, 0x00000219ea7b2ea8]
Event: 372.632 Thread 0x00000219fd81fab0 7846   !   3       org.gradle.internal.operations.DefaultBuildOperationRunner$2::execute (110 bytes)
Event: 372.633 Thread 0x00000219fd81fab0 nmethod 7846 0x00000219ea7b2f90 code [0x00000219ea7b31c0, 0x00000219ea7b3a18]
Event: 372.633 Thread 0x00000219fd81fab0 7845       3       org.gradle.internal.operations.BuildOperationProgressEventListenerAdapter::<init> (20 bytes)
Event: 372.633 Thread 0x00000219fd81fab0 nmethod 7845 0x00000219ea7b3e90 code [0x00000219ea7b4040, 0x00000219ea7b42c0]
Event: 372.633 Thread 0x00000219fd81fab0 7847       3       org.gradle.internal.operations.BuildOperationProgressEventListenerAdapter::start (53 bytes)

GC Heap History (20 events):
Event: 44.084 GC heap before
{Heap before GC invocations=9 (full 0):
 garbage-first heap   total 81920K, used 69136K [0x00000000a0000000, 0x0000000100000000)
  region size 1024K, 37 young (37888K), 4 survivors (4096K)
 Metaspace       used 38581K, committed 39872K, reserved 1114112K
  class space    used 5556K, committed 6208K, reserved 1048576K
}
Event: 44.092 GC heap after
{Heap after GC invocations=10 (full 0):
 garbage-first heap   total 81920K, used 37991K [0x00000000a0000000, 0x0000000100000000)
  region size 1024K, 3 young (3072K), 3 survivors (3072K)
 Metaspace       used 38581K, committed 39872K, reserved 1114112K
  class space    used 5556K, committed 6208K, reserved 1048576K
}
Event: 47.771 GC heap before
{Heap before GC invocations=10 (full 0):
 garbage-first heap   total 81920K, used 70759K [0x00000000a0000000, 0x0000000100000000)
  region size 1024K, 35 young (35840K), 3 survivors (3072K)
 Metaspace       used 42077K, committed 43584K, reserved 1114112K
  class space    used 6138K, committed 6848K, reserved 1048576K
}
Event: 47.778 GC heap after
{Heap after GC invocations=11 (full 0):
 garbage-first heap   total 81920K, used 40211K [0x00000000a0000000, 0x0000000100000000)
  region size 1024K, 5 young (5120K), 5 survivors (5120K)
 Metaspace       used 42077K, committed 43584K, reserved 1114112K
  class space    used 6138K, committed 6848K, reserved 1048576K
}
Event: 48.773 GC heap before
{Heap before GC invocations=11 (full 0):
 garbage-first heap   total 81920K, used 48403K [0x00000000a0000000, 0x0000000100000000)
  region size 1024K, 14 young (14336K), 5 survivors (5120K)
 Metaspace       used 43183K, committed 44672K, reserved 1114112K
  class space    used 6288K, committed 6976K, reserved 1048576K
}
Event: 48.779 GC heap after
{Heap after GC invocations=12 (full 0):
 garbage-first heap   total 81920K, used 41659K [0x00000000a0000000, 0x0000000100000000)
  region size 1024K, 3 young (3072K), 3 survivors (3072K)
 Metaspace       used 43183K, committed 44672K, reserved 1114112K
  class space    used 6288K, committed 6976K, reserved 1048576K
}
Event: 53.812 GC heap before
{Heap before GC invocations=13 (full 0):
 garbage-first heap   total 81920K, used 74427K [0x00000000a0000000, 0x0000000100000000)
  region size 1024K, 34 young (34816K), 3 survivors (3072K)
 Metaspace       used 46134K, committed 47744K, reserved 1114112K
  class space    used 6702K, committed 7488K, reserved 1048576K
}
Event: 53.817 GC heap after
{Heap after GC invocations=14 (full 0):
 garbage-first heap   total 81920K, used 42924K [0x00000000a0000000, 0x0000000100000000)
  region size 1024K, 5 young (5120K), 5 survivors (5120K)
 Metaspace       used 46134K, committed 47744K, reserved 1114112K
  class space    used 6702K, committed 7488K, reserved 1048576K
}
Event: 75.531 GC heap before
{Heap before GC invocations=14 (full 0):
 garbage-first heap   total 81920K, used 74668K [0x00000000a0000000, 0x0000000100000000)
  region size 1024K, 36 young (36864K), 5 survivors (5120K)
 Metaspace       used 48757K, committed 50432K, reserved 1114112K
  class space    used 7078K, committed 7872K, reserved 1048576K
}
Event: 75.538 GC heap after
{Heap after GC invocations=15 (full 0):
 garbage-first heap   total 81920K, used 42492K [0x00000000a0000000, 0x0000000100000000)
  region size 1024K, 4 young (4096K), 4 survivors (4096K)
 Metaspace       used 48757K, committed 50432K, reserved 1114112K
  class space    used 7078K, committed 7872K, reserved 1048576K
}
Event: 131.718 GC heap before
{Heap before GC invocations=15 (full 0):
 garbage-first heap   total 81920K, used 74236K [0x00000000a0000000, 0x0000000100000000)
  region size 1024K, 35 young (35840K), 4 survivors (4096K)
 Metaspace       used 48856K, committed 50496K, reserved 1114112K
  class space    used 7079K, committed 7872K, reserved 1048576K
}
Event: 131.723 GC heap after
{Heap after GC invocations=16 (full 0):
 garbage-first heap   total 81920K, used 43422K [0x00000000a0000000, 0x0000000100000000)
  region size 1024K, 2 young (2048K), 2 survivors (2048K)
 Metaspace       used 48856K, committed 50496K, reserved 1114112K
  class space    used 7079K, committed 7872K, reserved 1048576K
}
Event: 190.234 GC heap before
{Heap before GC invocations=17 (full 0):
 garbage-first heap   total 81920K, used 75166K [0x00000000a0000000, 0x0000000100000000)
  region size 1024K, 33 young (33792K), 2 survivors (2048K)
 Metaspace       used 48897K, committed 50560K, reserved 1114112K
  class space    used 7080K, committed 7872K, reserved 1048576K
}
Event: 190.237 GC heap after
{Heap after GC invocations=18 (full 0):
 garbage-first heap   total 81920K, used 43564K [0x00000000a0000000, 0x0000000100000000)
  region size 1024K, 3 young (3072K), 3 survivors (3072K)
 Metaspace       used 48897K, committed 50560K, reserved 1114112K
  class space    used 7080K, committed 7872K, reserved 1048576K
}
Event: 242.667 GC heap before
{Heap before GC invocations=18 (full 0):
 garbage-first heap   total 81920K, used 75308K [0x00000000a0000000, 0x0000000100000000)
  region size 1024K, 34 young (34816K), 3 survivors (3072K)
 Metaspace       used 48979K, committed 50624K, reserved 1114112K
  class space    used 7086K, committed 7872K, reserved 1048576K
}
Event: 242.672 GC heap after
{Heap after GC invocations=19 (full 0):
 garbage-first heap   total 81920K, used 43296K [0x00000000a0000000, 0x0000000100000000)
  region size 1024K, 3 young (3072K), 3 survivors (3072K)
 Metaspace       used 48979K, committed 50624K, reserved 1114112K
  class space    used 7086K, committed 7872K, reserved 1048576K
}
Event: 287.536 GC heap before
{Heap before GC invocations=19 (full 0):
 garbage-first heap   total 81920K, used 76064K [0x00000000a0000000, 0x0000000100000000)
  region size 1024K, 35 young (35840K), 3 survivors (3072K)
 Metaspace       used 49112K, committed 50880K, reserved 1114112K
  class space    used 7091K, committed 7936K, reserved 1048576K
}
Event: 287.541 GC heap after
{Heap after GC invocations=20 (full 0):
 garbage-first heap   total 81920K, used 44052K [0x00000000a0000000, 0x0000000100000000)
  region size 1024K, 4 young (4096K), 4 survivors (4096K)
 Metaspace       used 49112K, committed 50880K, reserved 1114112K
  class space    used 7091K, committed 7936K, reserved 1048576K
}
Event: 321.662 GC heap before
{Heap before GC invocations=21 (full 0):
 garbage-first heap   total 81920K, used 76820K [0x00000000a0000000, 0x0000000100000000)
  region size 1024K, 36 young (36864K), 4 survivors (4096K)
 Metaspace       used 49686K, committed 51392K, reserved 1114112K
  class space    used 7162K, committed 8000K, reserved 1048576K
}
Event: 321.671 GC heap after
{Heap after GC invocations=22 (full 0):
 garbage-first heap   total 82944K, used 45018K [0x00000000a0000000, 0x0000000100000000)
  region size 1024K, 4 young (4096K), 4 survivors (4096K)
 Metaspace       used 49686K, committed 51392K, reserved 1114112K
  class space    used 7162K, committed 8000K, reserved 1048576K
}

Dll operation events (20 events):
Event: 1.146 Attempting to load shared library C:\Users\Khaing\.vscode\extensions\redhat.java-1.56.0-win32-x64\jre\21.0.12.1-win32-x86_64\bin\nio.dll
Event: 1.154 Loaded shared library C:\Users\Khaing\.vscode\extensions\redhat.java-1.56.0-win32-x64\jre\21.0.12.1-win32-x86_64\bin\nio.dll
Event: 1.227 Attempting to load shared library C:\Users\Khaing\.vscode\extensions\redhat.java-1.56.0-win32-x64\jre\21.0.12.1-win32-x86_64\bin\zip.dll
Event: 1.227 Loaded shared library C:\Users\Khaing\.vscode\extensions\redhat.java-1.56.0-win32-x64\jre\21.0.12.1-win32-x86_64\bin\zip.dll
Event: 5.046 Attempting to load shared library C:\Users\Khaing\.vscode\extensions\redhat.java-1.56.0-win32-x64\jre\21.0.12.1-win32-x86_64\bin\jimage.dll
Event: 5.046 Loaded shared library C:\Users\Khaing\.vscode\extensions\redhat.java-1.56.0-win32-x64\jre\21.0.12.1-win32-x86_64\bin\jimage.dll
Event: 7.098 Attempting to load shared library C:\Users\Khaing\.vscode\extensions\redhat.java-1.56.0-win32-x64\jre\21.0.12.1-win32-x86_64\bin\verify.dll
Event: 7.106 Loaded shared library C:\Users\Khaing\.vscode\extensions\redhat.java-1.56.0-win32-x64\jre\21.0.12.1-win32-x86_64\bin\verify.dll
Event: 7.416 Attempting to load shared library C:\Users\Khaing\.gradle\native\1def1411415f61bf3af743bc5b6707747c0891f09f0c88961ee8f79bc544acac\windows-amd64\native-platform.dll
Event: 7.426 Loaded shared library C:\Users\Khaing\.gradle\native\1def1411415f61bf3af743bc5b6707747c0891f09f0c88961ee8f79bc544acac\windows-amd64\native-platform.dll
Event: 7.469 Attempting to load shared library C:\Users\Khaing\.gradle\native\0.2.7\x86_64-windows-gnu\gradle-fileevents.dll
Event: 7.486 Loaded shared library C:\Users\Khaing\.gradle\native\0.2.7\x86_64-windows-gnu\gradle-fileevents.dll
Event: 19.451 Attempting to load shared library C:\Users\Khaing\.vscode\extensions\redhat.java-1.56.0-win32-x64\jre\21.0.12.1-win32-x86_64\bin\management.dll
Event: 19.478 Loaded shared library C:\Users\Khaing\.vscode\extensions\redhat.java-1.56.0-win32-x64\jre\21.0.12.1-win32-x86_64\bin\management.dll
Event: 19.486 Attempting to load shared library C:\Users\Khaing\.vscode\extensions\redhat.java-1.56.0-win32-x64\jre\21.0.12.1-win32-x86_64\bin\management_ext.dll
Event: 19.502 Loaded shared library C:\Users\Khaing\.vscode\extensions\redhat.java-1.56.0-win32-x64\jre\21.0.12.1-win32-x86_64\bin\management_ext.dll
Event: 21.627 Attempting to load shared library C:\Users\Khaing\.vscode\extensions\redhat.java-1.56.0-win32-x64\jre\21.0.12.1-win32-x86_64\bin\extnet.dll
Event: 21.635 Loaded shared library C:\Users\Khaing\.vscode\extensions\redhat.java-1.56.0-win32-x64\jre\21.0.12.1-win32-x86_64\bin\extnet.dll
Event: 24.428 Attempting to load shared library C:\Users\Khaing\.vscode\extensions\redhat.java-1.56.0-win32-x64\jre\21.0.12.1-win32-x86_64\bin\sunmscapi.dll
Event: 24.467 Loaded shared library C:\Users\Khaing\.vscode\extensions\redhat.java-1.56.0-win32-x64\jre\21.0.12.1-win32-x86_64\bin\sunmscapi.dll

Deoptimization events (20 events):
Event: 334.016 Thread 0x00000219fe41e8e0 DEOPT PACKING pc=0x00000219f1a2cb64 sp=0x000000c03ebf8d10
Event: 334.016 Thread 0x00000219fe41e8e0 DEOPT UNPACKING pc=0x00000219f1134422 sp=0x000000c03ebf8ca0 mode 2
Event: 335.901 Thread 0x00000219fe41e8e0 Uncommon trap: trap_request=0xffffff45 fr.pc=0x00000219f1801940 relative=0x0000000000000280
Event: 335.901 Thread 0x00000219fe41e8e0 Uncommon trap: reason=unstable_if action=reinterpret pc=0x00000219f1801940 method=java.util.concurrent.ConcurrentHashMap.get(Ljava/lang/Object;)Ljava/lang/Object; @ 86 c2
Event: 335.901 Thread 0x00000219fe41e8e0 DEOPT PACKING pc=0x00000219f1801940 sp=0x000000c03ebf5ec0
Event: 335.901 Thread 0x00000219fe41e8e0 DEOPT UNPACKING pc=0x00000219f1134422 sp=0x000000c03ebf5e38 mode 2
Event: 336.137 Thread 0x00000219fe41e8e0 Uncommon trap: trap_request=0xffffff45 fr.pc=0x00000219f1a475c8 relative=0x0000000000000348
Event: 336.137 Thread 0x00000219fe41e8e0 Uncommon trap: reason=unstable_if action=reinterpret pc=0x00000219f1a475c8 method=org.gradle.internal.snapshot.PathUtil.equalChars(CCLorg/gradle/internal/snapshot/CaseSensitivity;)Z @ 40 c2
Event: 336.137 Thread 0x00000219fe41e8e0 DEOPT PACKING pc=0x00000219f1a475c8 sp=0x000000c03ebf4bf0
Event: 336.137 Thread 0x00000219fe41e8e0 DEOPT UNPACKING pc=0x00000219f1134422 sp=0x000000c03ebf4b80 mode 2
Event: 364.204 Thread 0x00000219c64e60a0 Uncommon trap: trap_request=0xffffff54 fr.pc=0x00000219f1820104 relative=0x0000000000003164
Event: 364.204 Thread 0x00000219c64e60a0 Uncommon trap: reason=speculate_null_assert action=make_not_entrant pc=0x00000219f1820104 method=jdk.internal.util.ReferencedKeyMap.internKey(Ljdk/internal/util/ReferencedKeyMap;Ljava/lang/Object;)Ljava/lang/Object; @ 28 c2
Event: 364.204 Thread 0x00000219c64e60a0 DEOPT PACKING pc=0x00000219f1820104 sp=0x000000c040ffca00
Event: 364.204 Thread 0x00000219c64e60a0 DEOPT UNPACKING pc=0x00000219f1134422 sp=0x000000c040ffc8b0 mode 2
Event: 364.235 Thread 0x00000219c64e5a10 Uncommon trap: trap_request=0xffffff45 fr.pc=0x00000219f1a0c8d0 relative=0x0000000000001230
Event: 364.235 Thread 0x00000219c64e5a10 Uncommon trap: reason=unstable_if action=reinterpret pc=0x00000219f1a0c8d0 method=java.util.concurrent.ConcurrentHashMap.computeIfAbsent(Ljava/lang/Object;Ljava/util/function/Function;)Ljava/lang/Object; @ 279 c2
Event: 364.235 Thread 0x00000219c64e5a10 DEOPT PACKING pc=0x00000219f1a0c8d0 sp=0x000000c040efe320
Event: 364.235 Thread 0x00000219c64e5a10 DEOPT UNPACKING pc=0x00000219f1134422 sp=0x000000c040efe298 mode 2
Event: 372.602 Thread 0x00000219c64e1870 DEOPT PACKING pc=0x00000219ea4753ce sp=0x000000c040cfd5e0
Event: 372.603 Thread 0x00000219c64e1870 DEOPT UNPACKING pc=0x00000219f1134bc2 sp=0x000000c040cfcb60 mode 0

Classes loaded (20 events):
Event: 334.154 Loading class jdk/internal/reflect/UTF8
Event: 334.155 Loading class jdk/internal/reflect/UTF8 done
Event: 334.159 Loading class jdk/internal/reflect/Label
Event: 334.160 Loading class jdk/internal/reflect/Label done
Event: 334.160 Loading class jdk/internal/reflect/Label$PatchInfo
Event: 334.160 Loading class jdk/internal/reflect/Label$PatchInfo done
Event: 334.160 Loading class jdk/internal/reflect/MethodAccessorGenerator$1
Event: 334.160 Loading class jdk/internal/reflect/MethodAccessorGenerator$1 done
Event: 334.160 Loading class jdk/internal/reflect/ClassDefiner
Event: 334.161 Loading class jdk/internal/reflect/ClassDefiner done
Event: 334.161 Loading class jdk/internal/reflect/ClassDefiner$1
Event: 334.161 Loading class jdk/internal/reflect/ClassDefiner$1 done
Event: 334.162 Loading class jdk/internal/reflect/SerializationConstructorAccessorImpl
Event: 334.162 Loading class jdk/internal/reflect/SerializationConstructorAccessorImpl done
Event: 364.220 Loading class java/nio/channels/Channels
Event: 364.221 Loading class java/nio/channels/Channels done
Event: 364.221 Loading class sun/nio/ch/Streams
Event: 364.221 Loading class sun/nio/ch/Streams done
Event: 364.221 Loading class sun/nio/ch/ChannelInputStream
Event: 364.222 Loading class sun/nio/ch/ChannelInputStream done

Classes unloaded (0 events):
No events

Classes redefined (0 events):
No events

Internal exceptions (20 events):
Event: 53.695 Thread 0x00000219fe41e8e0 Exception <a 'java/lang/NoSuchMethodError'{0x00000000a300efa8}: 'java.lang.Object java.lang.invoke.DirectMethodHandle$Holder.invokeSpecial(java.lang.Object, java.lang.Object, java.lang.Object, java.lang.Object, java.lang.Object, java.lang.Object, java.lang.Object, java.lang.Object, java.lang.Object, java.lang.Object, java.lang.Object, java.lang.Object, java.lang.Object, java.lang.Object, java.lang.Object, java.lang.Object, java.lang.Object, java.lang.Object, java.lang.Object, java.lang.Object, java.lang.Ob
Event: 53.695 Thread 0x00000219fe41e8e0 Exception <a 'java/lang/NoSuchMethodError'{0x00000000a3015538}: 'java.lang.Object java.lang.invoke.DelegatingMethodHandle$Holder.reinvoke_L(java.lang.Object, java.lang.Object, java.lang.Object, java.lang.Object, java.lang.Object, java.lang.Object, java.lang.Object, java.lang.Object, java.lang.Object, java.lang.Object, java.lang.Object, java.lang.Object, java.lang.Object, java.lang.Object, java.lang.Object, java.lang.Object, java.lang.Object, java.lang.Object, java.lang.Object, java.lang.Object, java.lang.O
Event: 53.834 Thread 0x00000219fe41e8e0 Exception <a 'java/lang/ClassNotFoundException'{0x00000000b7f36690}: org/gradle/api/internal/artifacts/dsl/dependencies/DefaultDependencyHandler_DecoratedBeanInfo> (0x00000000b7f36690) 
thrown [s\src\hotspot\share\classfile\systemDictionary.cpp, line 313]
Event: 53.836 Thread 0x00000219fe41e8e0 Exception <a 'java/lang/ClassNotFoundException'{0x00000000b7f4a710}: org/gradle/api/internal/artifacts/dsl/dependencies/DefaultDependencyHandlerBeanInfo> (0x00000000b7f4a710) 
thrown [s\src\hotspot\share\classfile\systemDictionary.cpp, line 313]
Event: 53.837 Thread 0x00000219fe41e8e0 Exception <a 'java/lang/ClassNotFoundException'{0x00000000b7f5e750}: org/gradle/api/internal/artifacts/dsl/dependencies/DefaultDependencyHandlerCustomizer> (0x00000000b7f5e750) 
thrown [s\src\hotspot\share\classfile\systemDictionary.cpp, line 313]
Event: 53.843 Thread 0x00000219fe41e8e0 Exception <a 'java/lang/ClassNotFoundException'{0x00000000b7fb6e80}: org/gradle/api/internal/artifacts/dsl/dependencies/DefaultDependencyHandler_DecoratedCustomizer> (0x00000000b7fb6e80) 
thrown [s\src\hotspot\share\classfile\systemDictionary.cpp, line 313]
Event: 53.950 Thread 0x00000219fe41e8e0 Exception <a 'java/lang/NoSuchMethodError'{0x00000000b1fcd2b8}: 'java.lang.Object java.lang.invoke.DirectMethodHandle$Holder.newInvokeSpecial(java.lang.Object, int, java.lang.Object)'> (0x00000000b1fcd2b8) 
thrown [s\src\hotspot\share\interpreter\linkResolver.cpp, line 773]
Event: 54.484 Thread 0x00000219fe41e8e0 Exception <a 'java/lang/NoSuchMethodError'{0x00000000b1967238}: 'java.lang.Object java.lang.invoke.DirectMethodHandle$Holder.newInvokeSpecial(java.lang.Object, java.lang.Object, java.lang.Object, int)'> (0x00000000b1967238) 
thrown [s\src\hotspot\share\interpreter\linkResolver.cpp, line 773]
Event: 54.484 Thread 0x00000219fe41e8e0 Exception <a 'java/lang/NoSuchMethodError'{0x00000000b196b800}: 'java.lang.Object java.lang.invoke.Invokers$Holder.linkToTargetMethod(java.lang.Object, java.lang.Object, int, java.lang.Object)'> (0x00000000b196b800) 
thrown [s\src\hotspot\share\interpreter\linkResolver.cpp, line 773]
Event: 54.652 Thread 0x00000219fe41e8e0 Exception <a 'java/lang/NoSuchMethodError'{0x00000000b16340a8}: 'java.lang.Object java.lang.invoke.DirectMethodHandle$Holder.invokeSpecial(java.lang.Object, java.lang.Object, long, java.lang.Object, java.lang.Object)'> (0x00000000b16340a8) 
thrown [s\src\hotspot\share\interpreter\linkResolver.cpp, line 773]
Event: 54.699 Thread 0x00000219fe41e8e0 Exception <a 'java/lang/NoSuchMethodError'{0x00000000b150db48}: 'java.lang.Object java.lang.invoke.DirectMethodHandle$Holder.newInvokeSpecial(java.lang.Object, java.lang.Object, java.lang.Object, int, java.lang.Object)'> (0x00000000b150db48) 
thrown [s\src\hotspot\share\interpreter\linkResolver.cpp, line 773]
Event: 54.699 Thread 0x00000219fe41e8e0 Exception <a 'java/lang/NoSuchMethodError'{0x00000000b1512270}: 'java.lang.Object java.lang.invoke.Invokers$Holder.linkToTargetMethod(java.lang.Object, java.lang.Object, int, java.lang.Object, java.lang.Object)'> (0x00000000b1512270) 
thrown [s\src\hotspot\share\interpreter\linkResolver.cpp, line 773]
Event: 55.279 Thread 0x00000219fe41e8e0 Exception <a 'java/lang/NoSuchMethodError'{0x00000000a3ff6780}: 'int java.lang.invoke.DirectMethodHandle$Holder.invokeSpecialIFC(java.lang.Object, java.lang.Object, java.lang.Object)'> (0x00000000a3ff6780) 
thrown [s\src\hotspot\share\interpreter\linkResolver.cpp, line 773]
Event: 316.630 Thread 0x00000219fe41e8e0 Exception <a 'java/lang/NoSuchMethodError'{0x00000000a35e8d50}: 'java.lang.Object java.lang.invoke.DirectMethodHandle$Holder.newInvokeSpecial(java.lang.Object, java.lang.Object, long, java.lang.Object)'> (0x00000000a35e8d50) 
thrown [s\src\hotspot\share\interpreter\linkResolver.cpp, line 773]
Event: 316.632 Thread 0x00000219fe41e8e0 Exception <a 'java/lang/NoSuchMethodError'{0x00000000a35eda60}: 'java.lang.Object java.lang.invoke.DirectMethodHandle$Holder.invokeSpecial(java.lang.Object, java.lang.Object, java.lang.Object, long, java.lang.Object)'> (0x00000000a35eda60) 
thrown [s\src\hotspot\share\interpreter\linkResolver.cpp, line 773]
Event: 316.632 Thread 0x00000219fe41e8e0 Exception <a 'java/lang/NoSuchMethodError'{0x00000000a35f2100}: 'java.lang.Object java.lang.invoke.Invokers$Holder.linkToTargetMethod(java.lang.Object, long, java.lang.Object, java.lang.Object)'> (0x00000000a35f2100) 
thrown [s\src\hotspot\share\interpreter\linkResolver.cpp, line 773]
Event: 316.833 Thread 0x00000219fe41e8e0 Exception <a 'java/lang/NoSuchMethodError'{0x00000000a341d868}: 'void java.lang.invoke.DirectMethodHandle$Holder.invokeStatic(java.lang.Object, java.lang.Object, java.lang.Object, int, java.lang.Object)'> (0x00000000a341d868) 
thrown [s\src\hotspot\share\interpreter\linkResolver.cpp, line 773]
Event: 317.022 Thread 0x00000219fe41e8e0 Exception <a 'java/lang/NoSuchMethodError'{0x00000000a3351730}: 'int java.lang.invoke.DirectMethodHandle$Holder.invokeInterface(java.lang.Object, java.lang.Object, java.lang.Object, java.lang.Object, java.lang.Object)'> (0x00000000a3351730) 
thrown [s\src\hotspot\share\interpreter\linkResolver.cpp, line 773]
Event: 334.266 Thread 0x00000219fe41e8e0 Exception <a 'java/lang/NoSuchMethodError'{0x00000000b19f0ec8}: 'java.lang.Object java.lang.invoke.DirectMethodHandle$Holder.newInvokeSpecial(java.lang.Object, java.lang.Object, java.lang.Object, java.lang.Object, int, java.lang.Object)'> (0x00000000b19f0ec8) 
thrown [s\src\hotspot\share\interpreter\linkResolver.cpp, line 773]
Event: 334.267 Thread 0x00000219fe41e8e0 Exception <a 'java/lang/NoSuchMethodError'{0x00000000b19f93f8}: 'java.lang.Object java.lang.invoke.Invokers$Holder.linkToTargetMethod(java.lang.Object, java.lang.Object, java.lang.Object, int, java.lang.Object, java.lang.Object)'> (0x00000000b19f93f8) 
thrown [s\src\hotspot\share\interpreter\linkResolver.cpp, line 773]

ZGC Phase Switch (0 events):
No events

VM Operations (20 events):
Event: 333.925 Executing non-safepoint VM operation: HandshakeAllThreads (Deoptimize)
Event: 333.925 Executing non-safepoint VM operation: HandshakeAllThreads (Deoptimize) done
Event: 334.253 Executing non-safepoint VM operation: HandshakeAllThreads (Deoptimize)
Event: 334.253 Executing non-safepoint VM operation: HandshakeAllThreads (Deoptimize) done
Event: 335.268 Executing safepoint VM operation: Cleanup
Event: 335.268 Executing safepoint VM operation: Cleanup done
Event: 336.277 Executing safepoint VM operation: Cleanup
Event: 336.278 Executing safepoint VM operation: Cleanup done
Event: 337.278 Executing safepoint VM operation: Cleanup
Event: 337.278 Executing safepoint VM operation: Cleanup done
Event: 360.739 Executing non-safepoint VM operation: HandshakeAllThreads (HandshakeForDeflation)
Event: 360.739 Executing non-safepoint VM operation: HandshakeAllThreads (HandshakeForDeflation) done
Event: 360.740 Executing non-safepoint VM operation: RendezvousGCThreads
Event: 360.740 Executing non-safepoint VM operation: RendezvousGCThreads done
Event: 363.764 Executing safepoint VM operation: Cleanup
Event: 363.764 Executing safepoint VM operation: Cleanup done
Event: 364.766 Executing safepoint VM operation: Cleanup
Event: 364.766 Executing safepoint VM operation: Cleanup done
Event: 370.829 Executing safepoint VM operation: Cleanup
Event: 370.829 Executing safepoint VM operation: Cleanup done

Memory protections (0 events):
No events

Nmethod flushes (20 events):
Event: 287.618 Thread 0x00000219fd769ef0 flushing  nmethod 0x00000219ea4dc210
Event: 287.618 Thread 0x00000219fd769ef0 flushing  nmethod 0x00000219ea4def90
Event: 287.618 Thread 0x00000219fd769ef0 flushing  nmethod 0x00000219ea4df490
Event: 287.618 Thread 0x00000219fd769ef0 flushing  nmethod 0x00000219e9d1ce90
Event: 287.619 Thread 0x00000219fd769ef0 flushing  nmethod 0x00000219e9d1f890
Event: 287.619 Thread 0x00000219fd769ef0 flushing  nmethod 0x00000219e9d58b90
Event: 287.619 Thread 0x00000219fd769ef0 flushing  nmethod 0x00000219e9d97010
Event: 287.619 Thread 0x00000219fd769ef0 flushing  nmethod 0x00000219e9e1a710
Event: 287.619 Thread 0x00000219fd769ef0 flushing  nmethod 0x00000219e9e81910
Event: 287.619 Thread 0x00000219fd769ef0 flushing  nmethod 0x00000219e9eefa10
Event: 287.619 Thread 0x00000219fd769ef0 flushing  nmethod 0x00000219e9ef1590
Event: 287.619 Thread 0x00000219fd769ef0 flushing  nmethod 0x00000219e9ef1a10
Event: 287.619 Thread 0x00000219fd769ef0 flushing  nmethod 0x00000219ea0e4c10
Event: 287.619 Thread 0x00000219fd769ef0 flushing  nmethod 0x00000219ea27f790
Event: 287.619 Thread 0x00000219fd769ef0 flushing  nmethod 0x00000219ea2c7990
Event: 287.619 Thread 0x00000219fd769ef0 flushing  nmethod 0x00000219ea33fe90
Event: 287.619 Thread 0x00000219fd769ef0 flushing  nmethod 0x00000219ea341590
Event: 287.619 Thread 0x00000219fd769ef0 flushing  nmethod 0x00000219ea35d390
Event: 287.619 Thread 0x00000219fd769ef0 flushing  nmethod 0x00000219ea3ca810
Event: 287.619 Thread 0x00000219fd769ef0 flushing  nmethod 0x00000219ea43f910

Events (20 events):
Event: 40.886 Thread 0x00000219fe41e8e0 Thread added: 0x00000219c52d96a0
Event: 42.285 Thread 0x00000219fe41e8e0 Thread added: 0x00000219c52d6f40
Event: 42.368 Thread 0x00000219fe41e8e0 Thread added: 0x00000219c52d9010
Event: 43.588 Thread 0x00000219fe41e8e0 Thread added: 0x00000219c52d68b0
Event: 44.141 Thread 0x00000219fe41e8e0 Thread added: 0x00000219c52d7c60
Event: 51.703 Thread 0x00000219fe41e8e0 Thread added: 0x00000219c64e04c0
Event: 317.099 Thread 0x00000219fe41e8e0 Thread added: 0x00000219c64dea80
Event: 317.099 Thread 0x00000219fe41e8e0 Thread added: 0x00000219c64e1f00
Event: 317.100 Thread 0x00000219fe41e8e0 Thread added: 0x00000219c64e3940
Event: 317.101 Thread 0x00000219fe41e8e0 Thread added: 0x00000219c64e3fd0
Event: 317.102 Thread 0x00000219fe41e8e0 Thread added: 0x00000219c64e4660
Event: 317.103 Thread 0x00000219fe41e8e0 Thread added: 0x00000219c64e11e0
Event: 317.104 Thread 0x00000219fe41e8e0 Thread added: 0x00000219c64e2c20
Event: 335.855 Thread 0x00000219fe41e8e0 Thread added: 0x00000219c64e32b0
Event: 335.870 Thread 0x00000219fe41e8e0 Thread added: 0x00000219c64e2590
Event: 335.880 Thread 0x00000219fe41e8e0 Thread added: 0x00000219c64e4cf0
Event: 335.888 Thread 0x00000219fe41e8e0 Thread added: 0x00000219c64e1870
Event: 335.897 Thread 0x00000219fe41e8e0 Thread added: 0x00000219c64e5380
Event: 335.902 Thread 0x00000219fe41e8e0 Thread added: 0x00000219c64e5a10
Event: 335.906 Thread 0x00000219fe41e8e0 Thread added: 0x00000219c64e60a0


Dynamic libraries:
0x00007ff73f560000 - 0x00007ff73f56e000 	C:\Users\Khaing\.vscode\extensions\redhat.java-1.56.0-win32-x64\jre\21.0.12.1-win32-x86_64\bin\java.exe
0x00007ffc138e0000 - 0x00007ffc13b47000 	C:\WINDOWS\SYSTEM32\ntdll.dll
0x00007ffc13060000 - 0x00007ffc1312b000 	C:\WINDOWS\System32\KERNEL32.DLL
0x00007ffc10ca0000 - 0x00007ffc110a2000 	C:\WINDOWS\System32\KERNELBASE.dll
0x00007ffc111e0000 - 0x00007ffc1132c000 	C:\WINDOWS\System32\ucrtbase.dll
0x00007ffc07af0000 - 0x00007ffc07b08000 	C:\Users\Khaing\.vscode\extensions\redhat.java-1.56.0-win32-x64\jre\21.0.12.1-win32-x86_64\bin\jli.dll
0x00007ffc12230000 - 0x00007ffc123ff000 	C:\WINDOWS\System32\USER32.dll
0x00007ffc10bc0000 - 0x00007ffc10be7000 	C:\WINDOWS\System32\win32u.dll
0x00007ffc13030000 - 0x00007ffc1305b000 	C:\WINDOWS\System32\GDI32.dll
0x00007ffc110b0000 - 0x00007ffc111d9000 	C:\WINDOWS\System32\gdi32full.dll
0x00007ffc10bf0000 - 0x00007ffc10c93000 	C:\WINDOWS\System32\msvcp_win.dll
0x00007ffbfe620000 - 0x00007ffbfe63e000 	C:\Users\Khaing\.vscode\extensions\redhat.java-1.56.0-win32-x64\jre\21.0.12.1-win32-x86_64\bin\VCRUNTIME140.dll
0x00007ffbf8a40000 - 0x00007ffbf8cd0000 	C:\WINDOWS\WinSxS\amd64_microsoft.windows.common-controls_6595b64144ccf1df_6.0.26100.9278_none_3e0d1ba8e3303201\COMCTL32.dll
0x00007ffc13430000 - 0x00007ffc134d9000 	C:\WINDOWS\System32\msvcrt.dll
0x00007ffc12dd0000 - 0x00007ffc12e01000 	C:\WINDOWS\System32\IMM32.DLL
0x00007ffc0b3e0000 - 0x00007ffc0b3ec000 	C:\Users\Khaing\.vscode\extensions\redhat.java-1.56.0-win32-x64\jre\21.0.12.1-win32-x86_64\bin\vcruntime140_1.dll
0x00007ffbfe590000 - 0x00007ffbfe61d000 	C:\Users\Khaing\.vscode\extensions\redhat.java-1.56.0-win32-x64\jre\21.0.12.1-win32-x86_64\bin\msvcp140.dll
0x00007ffb90bd0000 - 0x00007ffb91972000 	C:\Users\Khaing\.vscode\extensions\redhat.java-1.56.0-win32-x64\jre\21.0.12.1-win32-x86_64\bin\server\jvm.dll
0x00007ffc134e0000 - 0x00007ffc1359c000 	C:\WINDOWS\System32\ADVAPI32.dll
0x00007ffc11950000 - 0x00007ffc119f9000 	C:\WINDOWS\System32\sechost.dll
0x00007ffc11630000 - 0x00007ffc11748000 	C:\WINDOWS\System32\RPCRT4.dll
0x00007ffc11a00000 - 0x00007ffc11a80000 	C:\WINDOWS\System32\WS2_32.dll
0x00007ffbfe9c0000 - 0x00007ffbfe9f6000 	C:\WINDOWS\SYSTEM32\WINMM.dll
0x00007ffc10990000 - 0x00007ffc109ee000 	C:\WINDOWS\SYSTEM32\POWRPROF.dll
0x00007ffc075a0000 - 0x00007ffc075ab000 	C:\WINDOWS\SYSTEM32\VERSION.dll
0x00007ffc10970000 - 0x00007ffc10985000 	C:\WINDOWS\SYSTEM32\UMPDC.dll
0x00007ffc0f6c0000 - 0x00007ffc0f6db000 	C:\WINDOWS\SYSTEM32\kernel.appcore.dll
0x00007ffc07fc0000 - 0x00007ffc07fca000 	C:\Users\Khaing\.vscode\extensions\redhat.java-1.56.0-win32-x64\jre\21.0.12.1-win32-x86_64\bin\jimage.dll
0x00007ffc0df00000 - 0x00007ffc0e14c000 	C:\WINDOWS\SYSTEM32\DBGHELP.DLL
0x00007ffc125b0000 - 0x00007ffc12935000 	C:\WINDOWS\System32\combase.dll
0x00007ffc13160000 - 0x00007ffc13239000 	C:\WINDOWS\System32\OLEAUT32.dll
0x00007ffbfed90000 - 0x00007ffbfedcb000 	C:\WINDOWS\SYSTEM32\dbgcore.DLL
0x00007ffc113f0000 - 0x00007ffc1149c000 	C:\WINDOWS\System32\bcryptPrimitives.dll
0x00007ffc04680000 - 0x00007ffc0468f000 	C:\Users\Khaing\.vscode\extensions\redhat.java-1.56.0-win32-x64\jre\21.0.12.1-win32-x86_64\bin\instrument.dll
0x00007ffbfe540000 - 0x00007ffbfe560000 	C:\Users\Khaing\.vscode\extensions\redhat.java-1.56.0-win32-x64\jre\21.0.12.1-win32-x86_64\bin\java.dll
0x00007ffc11a90000 - 0x00007ffc12228000 	C:\WINDOWS\System32\SHELL32.dll
0x00007ffc0e260000 - 0x00007ffc0eb0e000 	C:\WINDOWS\SYSTEM32\windows.storage.dll
0x00007ffc135b0000 - 0x00007ffc136ab000 	C:\WINDOWS\System32\SHCORE.dll
0x00007ffc13830000 - 0x00007ffc13896000 	C:\WINDOWS\System32\shlwapi.dll
0x00007ffc10a50000 - 0x00007ffc10a79000 	C:\WINDOWS\SYSTEM32\profapi.dll
0x00007ffbfe350000 - 0x00007ffbfe368000 	C:\Users\Khaing\.vscode\extensions\redhat.java-1.56.0-win32-x64\jre\21.0.12.1-win32-x86_64\bin\zip.dll
0x00007ffc01a10000 - 0x00007ffc01a20000 	C:\Users\Khaing\.vscode\extensions\redhat.java-1.56.0-win32-x64\jre\21.0.12.1-win32-x86_64\bin\net.dll
0x00007ffc0f6e0000 - 0x00007ffc0f80a000 	C:\WINDOWS\SYSTEM32\WINHTTP.dll
0x00007ffc0fd60000 - 0x00007ffc0fdcc000 	C:\WINDOWS\system32\mswsock.dll
0x00007ffbfe330000 - 0x00007ffbfe346000 	C:\Users\Khaing\.vscode\extensions\redhat.java-1.56.0-win32-x64\jre\21.0.12.1-win32-x86_64\bin\nio.dll
0x00007ffbfe4f0000 - 0x00007ffbfe500000 	C:\Users\Khaing\.vscode\extensions\redhat.java-1.56.0-win32-x64\jre\21.0.12.1-win32-x86_64\bin\verify.dll
0x00007ffbe2300000 - 0x00007ffbe2327000 	C:\Users\Khaing\.gradle\native\1def1411415f61bf3af743bc5b6707747c0891f09f0c88961ee8f79bc544acac\windows-amd64\native-platform.dll
0x00007ffbea480000 - 0x00007ffbea4f8000 	C:\Users\Khaing\.gradle\native\0.2.7\x86_64-windows-gnu\gradle-fileevents.dll
0x00007ffc04720000 - 0x00007ffc0472a000 	C:\Users\Khaing\.vscode\extensions\redhat.java-1.56.0-win32-x64\jre\21.0.12.1-win32-x86_64\bin\management.dll
0x00007ffc046a0000 - 0x00007ffc046ac000 	C:\Users\Khaing\.vscode\extensions\redhat.java-1.56.0-win32-x64\jre\21.0.12.1-win32-x86_64\bin\management_ext.dll
0x00007ffc13810000 - 0x00007ffc13818000 	C:\WINDOWS\System32\PSAPI.DLL
0x00007ffc0ee70000 - 0x00007ffc0eea3000 	C:\WINDOWS\SYSTEM32\IPHLPAPI.DLL
0x00007ffc135a0000 - 0x00007ffc135aa000 	C:\WINDOWS\System32\NSI.dll
0x00007ffc0b420000 - 0x00007ffc0b429000 	C:\Users\Khaing\.vscode\extensions\redhat.java-1.56.0-win32-x64\jre\21.0.12.1-win32-x86_64\bin\extnet.dll
0x00007ffc10150000 - 0x00007ffc1016b000 	C:\WINDOWS\SYSTEM32\CRYPTSP.dll
0x00007ffc0f620000 - 0x00007ffc0f659000 	C:\WINDOWS\system32\rsaenh.dll
0x00007ffc0fe00000 - 0x00007ffc0fe34000 	C:\WINDOWS\SYSTEM32\USERENV.dll
0x00007ffc10a20000 - 0x00007ffc10a4a000 	C:\WINDOWS\SYSTEM32\bcrypt.dll
0x00007ffc0ffb0000 - 0x00007ffc0ffbc000 	C:\WINDOWS\SYSTEM32\CRYPTBASE.dll
0x00007ffc012c0000 - 0x00007ffc012ce000 	C:\Users\Khaing\.vscode\extensions\redhat.java-1.56.0-win32-x64\jre\21.0.12.1-win32-x86_64\bin\sunmscapi.dll
0x00007ffc114a0000 - 0x00007ffc1161e000 	C:\WINDOWS\System32\CRYPT32.dll
0x00007ffc102f0000 - 0x00007ffc10320000 	C:\WINDOWS\SYSTEM32\ncrypt.dll
0x00007ffc102a0000 - 0x00007ffc102df000 	C:\WINDOWS\SYSTEM32\NTASN1.dll
0x00007ffbec0f0000 - 0x00007ffbec0f8000 	C:\WINDOWS\system32\wshunix.dll

JVMTI agents:
C:\Users\Khaing\.gradle\wrapper\dists\gradle-8.14.3-all\10utluxaxniiv4wxiphsi49nj\gradle-8.14.3\lib\agents\gradle-instrumentation-agent-8.14.3.jar path:C:\Users\Khaing\.vscode\extensions\redhat.java-1.56.0-win32-x64\jre\21.0.12.1-win32-x86_64\bin\instrument.dll, loaded, initialized, instrumentlib options:none

dbghelp: loaded successfully - version: 4.0.5 - missing functions: none
symbol engine: initialized successfully - sym options: 0x614 - pdb path: .;C:\Users\Khaing\.vscode\extensions\redhat.java-1.56.0-win32-x64\jre\21.0.12.1-win32-x86_64\bin;C:\WINDOWS\SYSTEM32;C:\WINDOWS\WinSxS\amd64_microsoft.windows.common-controls_6595b64144ccf1df_6.0.26100.9278_none_3e0d1ba8e3303201;C:\Users\Khaing\.vscode\extensions\redhat.java-1.56.0-win32-x64\jre\21.0.12.1-win32-x86_64\bin\server;C:\Users\Khaing\.gradle\native\1def1411415f61bf3af743bc5b6707747c0891f09f0c88961ee8f79bc544acac\windows-amd64;C:\Users\Khaing\.gradle\native\0.2.7\x86_64-windows-gnu

VM Arguments:
jvm_args: --add-opens=java.base/java.lang=ALL-UNNAMED --add-opens=java.base/java.lang.invoke=ALL-UNNAMED --add-opens=java.base/java.util=ALL-UNNAMED --add-opens=java.prefs/java.util.prefs=ALL-UNNAMED --add-exports=jdk.compiler/com.sun.tools.javac.api=ALL-UNNAMED --add-exports=jdk.compiler/com.sun.tools.javac.util=ALL-UNNAMED --add-opens=java.base/java.util=ALL-UNNAMED --add-opens=java.prefs/java.util.prefs=ALL-UNNAMED --add-opens=java.base/java.nio.charset=ALL-UNNAMED --add-opens=java.base/java.net=ALL-UNNAMED --add-opens=java.base/java.util.concurrent.atomic=ALL-UNNAMED --add-opens=java.xml/javax.xml.namespace=ALL-UNNAMED -Xmx1536m -Dfile.encoding=UTF-8 -Duser.country=US -Duser.language=en -Duser.variant -javaagent:C:\Users\Khaing\.gradle\wrapper\dists\gradle-8.14.3-all\10utluxaxniiv4wxiphsi49nj\gradle-8.14.3\lib\agents\gradle-instrumentation-agent-8.14.3.jar 
java_command: org.gradle.launcher.daemon.bootstrap.GradleDaemon 8.14.3
java_class_path (initial): C:\Users\Khaing\.gradle\wrapper\dists\gradle-8.14.3-all\10utluxaxniiv4wxiphsi49nj\gradle-8.14.3\lib\gradle-daemon-main-8.14.3.jar
Launcher Type: SUN_STANDARD

[Global flags]
     intx CICompilerCount                          = 4                                         {product} {ergonomic}
     uint ConcGCThreads                            = 2                                         {product} {ergonomic}
     uint G1ConcRefinementThreads                  = 8                                         {product} {ergonomic}
   size_t G1HeapRegionSize                         = 1048576                                   {product} {ergonomic}
    uintx GCDrainStackTargetSize                   = 64                                        {product} {ergonomic}
   size_t InitialHeapSize                          = 402653184                                 {product} {ergonomic}
   size_t MarkStackSize                            = 4194304                                   {product} {ergonomic}
   size_t MaxHeapSize                              = 1610612736                                {product} {command line}
   size_t MaxNewSize                               = 965738496                                 {product} {ergonomic}
   size_t MinHeapDeltaBytes                        = 1048576                                   {product} {ergonomic}
   size_t MinHeapSize                              = 8388608                                   {product} {ergonomic}
    uintx NonNMethodCodeHeapSize                   = 5839372                                {pd product} {ergonomic}
    uintx NonProfiledCodeHeapSize                  = 122909434                              {pd product} {ergonomic}
    uintx ProfiledCodeHeapSize                     = 122909434                              {pd product} {ergonomic}
    uintx ReservedCodeCacheSize                    = 251658240                              {pd product} {ergonomic}
     bool SegmentedCodeCache                       = true                                      {product} {ergonomic}
   size_t SoftMaxHeapSize                          = 1610612736                             {manageable} {ergonomic}
     bool UseCompressedOops                        = true                           {product lp64_product} {ergonomic}
     bool UseG1GC                                  = true                                      {product} {ergonomic}
     bool UseLargePagesIndividualAllocation        = false                                  {pd product} {ergonomic}

Logging:
Log output configuration:
 #0: stdout all=warning uptime,level,tags foldmultilines=false
 #1: stderr all=off uptime,level,tags foldmultilines=false

Release file:
JAVA_VERSION="21.0.12.1" 
MODULES="java.base java.compiler java.datatransfer java.xml java.prefs java.desktop java.instrument java.logging java.management java.security.sasl java.naming java.rmi java.management.rmi java.net.http java.scripting java.security.jgss java.transaction.xa java.sql java.sql.rowset java.xml.crypto java.se java.smartcardio jdk.accessibility jdk.internal.jvmstat jdk.attach jdk.charsets jdk.internal.opt jdk.zipfs jdk.compiler jdk.crypto.ec jdk.crypto.cryptoki jdk.crypto.mscapi jdk.dynalink jdk.internal.ed jdk.editpad jdk.hotspot.agent jdk.httpserver jdk.internal.le jdk.internal.vm.ci jdk.internal.vm.compiler jdk.internal.vm.compiler.management jdk.jartool jdk.javadoc jdk.jcmd jdk.management jdk.management.agent jdk.jconsole jdk.jdeps jdk.jdwp.agent jdk.jdi jdk.jfr jdk.jshell jdk.jsobject jdk.jstatd jdk.localedata jdk.management.jfr jdk.naming.dns jdk.naming.rmi jdk.net jdk.nio.mapmode jdk.random jdk.sctp jdk.security.auth jdk.security.jgss jdk.unsupported jdk.unsupported.desktop jdk.xml.dom" 

Environment Variables:
JAVA_HOME=C:\Program Files\Java\jdk-21.0.10
PATH=C:\Python314\Scripts\;C:\Python314\;C:\Program Files\Common Files\Oracle\Java\javapath;C:\WINDOWS\system32;C:\WINDOWS;C:\WINDOWS\System32\Wbem;C:\WINDOWS\System32\WindowsPowerShell\v1.0\;C:\WINDOWS\System32\OpenSSH\;C:\Program Files\nodejs\;C:\ProgramData\chocolatey\bin;C:\Users\Khaing\Downloads\maven-mvnd-1.0.3-windows-amd64\maven-mvnd-1.0.3-windows-amd64\bin;C:\Program Files\Git\cmd;C:\Users\Khaing\Downloads\gradle-9.3.0-all\gradle-9.3.0\bin;;C:\ProgramData\chocolatey\lib\maven\apache-maven-3.9.15\bin;C:\Program Files\Cloudflare\Cloudflare WARP\;C:\Program Files\GitHub CLI\;C:\WINDOWS\system32;C:\WINDOWS;C:\WINDOWS\System32\Wbem;C:\WINDOWS\System32\WindowsPowerShell\v1.0\;C:\WINDOWS\System32\OpenSSH\;C:\Program Files\Docker\Docker\resources\bin;C:\Users\Khaing\AppData\Local\Microsoft\WindowsApps;C:\Users\Khaing\AppData\Roaming\npm;C:\Users\Khaing\AppData\Local\Programs\Microsoft VS Code\bin;C:\Android\Sdk\platform-tools;C:\Android\Sdk\cmdline-tools\latest\bin;C:\Users\Khaing\AppData\Local\Pandoc\;%USERPROFILE%\AppData\Local\Microsoft\WindowsApps;
USERNAME=Khaing
OS=Windows_NT
PROCESSOR_IDENTIFIER=Intel64 Family 6 Model 142 Stepping 12, GenuineIntel
TMP=C:\Users\Khaing\AppData\Local\Temp
TEMP=C:\Users\Khaing\AppData\Local\Temp




Periodic native trim disabled

---------------  S Y S T E M  ---------------

OS:
 Windows 11 , 64 bit Build 26100 (10.0.26100.9444)
OS uptime: 0 days 3:59 hours
Hyper-V role detected

CPU: total 8 (initial active 8) (4 cores per cpu, 2 threads per core) family 6 model 142 stepping 12 microcode 0xde, cx8, cmov, fxsr, ht, mmx, 3dnowpref, sse, sse2, sse3, ssse3, sse4.1, sse4.2, popcnt, lzcnt, tsc, tscinvbit, avx, avx2, aes, erms, clmul, bmi1, bmi2, adx, fma, vzeroupper, clflush, clflushopt, hv, rdtscp, f16c
Processor Information for the first 8 processors :
  Max Mhz: 1800, Current Mhz: 1600, Mhz Limit: 1584

Memory: 4k page, system-wide physical 24467M (348M free)
TotalPageFile size 51716M (AvailPageFile size 7M)
current process WorkingSet (physical memory assigned to process): 175M, peak: 257M
current process commit charge ("private bytes"): 291M, peak: 553M

vm_info: OpenJDK 64-Bit Server VM (21.0.12.1+1-LTS) for windows-amd64 JRE (21.0.12.1+1-LTS), built on 2026-08-18T00:00:00Z by "admin" with MS VC++ 17.12 (VS2022)

END.
