#
# There is insufficient memory for the Java Runtime Environment to continue.
# Native memory allocation (malloc) failed to allocate 1085536 bytes. Error detail: Chunk::new
# Possible reasons:
#   The system is out of physical RAM or swap space
#   This process is running with CompressedOops enabled, and the Java Heap may be blocking the growth of the native heap
# Possible solutions:
#   Reduce memory load on the system
#   Increase physical memory or swap space
#   Check if swap backing store is full
#   Decrease Java heap size (-Xmx/-Xms)
#   Decrease number of Java threads
#   Decrease Java thread stack sizes (-Xss)
#   Set larger code cache with -XX:ReservedCodeCacheSize=
#   JVM is running with Unscaled Compressed Oops mode in which the Java heap is
#     placed in the first 4GB address space. The Java Heap base address is the
#     maximum limit for the native heap growth. Please use -XX:HeapBaseMinAddress
#     to set the Java Heap base and to place the Java Heap above 4GB virtual address.
# This output file may be truncated or incomplete.
#
#  Out of Memory Error (arena.cpp:168), pid=30996, tid=34236
#
# JRE version: OpenJDK Runtime Environment Temurin-21.0.12.1+1 (21.0.12.1+1) (build 21.0.12.1+1-LTS)
# Java VM: OpenJDK 64-Bit Server VM Temurin-21.0.12.1+1 (21.0.12.1+1-LTS, mixed mode, sharing, tiered, compressed oops, compressed class ptrs, g1 gc, windows-amd64)
# No core dump will be written. Minidumps are not enabled by default on client versions of Windows
#

---------------  S U M M A R Y ------------

Command Line: --add-opens=java.base/java.lang=ALL-UNNAMED --add-opens=java.base/java.lang.invoke=ALL-UNNAMED --add-opens=java.base/java.util=ALL-UNNAMED --add-opens=java.prefs/java.util.prefs=ALL-UNNAMED --add-exports=jdk.compiler/com.sun.tools.javac.api=ALL-UNNAMED --add-exports=jdk.compiler/com.sun.tools.javac.util=ALL-UNNAMED --add-opens=java.base/java.util=ALL-UNNAMED --add-opens=java.prefs/java.util.prefs=ALL-UNNAMED --add-opens=java.base/java.nio.charset=ALL-UNNAMED --add-opens=java.base/java.net=ALL-UNNAMED --add-opens=java.base/java.util.concurrent.atomic=ALL-UNNAMED --add-opens=java.xml/javax.xml.namespace=ALL-UNNAMED -Xmx1536m -Dfile.encoding=UTF-8 -Duser.country=US -Duser.language=en -Duser.variant -javaagent:C:\Users\Khaing\.gradle\wrapper\dists\gradle-8.14.3-all\10utluxaxniiv4wxiphsi49nj\gradle-8.14.3\lib\agents\gradle-instrumentation-agent-8.14.3.jar org.gradle.launcher.daemon.bootstrap.GradleDaemon 8.14.3

Host: Intel(R) Core(TM) i5-8265U CPU @ 1.60GHz, 8 cores, 23G,  Windows 11 , 64 bit Build 26100 (10.0.26100.9444)
Time: Mon Sep 21 12:14:58 2026 Myanmar Standard Time elapsed time: 359.057450 seconds (0d 0h 5m 59s)

---------------  T H R E A D  ---------------

Current thread (0x0000023169bdcfd0):  JavaThread "C2 CompilerThread0" daemon [_thread_in_native, id=34236, stack(0x000000a68c500000,0x000000a68c600000) (1024K)]


Current CompileTask:
C2:359057 7429       4       java.lang.invoke.MethodType::makeImpl (109 bytes)

Stack: [0x000000a68c500000,0x000000a68c600000]
Native frames: (J=compiled Java code, j=interpreted, Vv=VM code, C=native code)
V  [jvm.dll+0x6d83e9]
V  [jvm.dll+0x8b5736]
V  [jvm.dll+0x8b7cee]
V  [jvm.dll+0x8b83d3]
V  [jvm.dll+0x284596]
V  [jvm.dll+0xc685d]
V  [jvm.dll+0xc6da1]
V  [jvm.dll+0x2fb5ae]
V  [jvm.dll+0x5fee94]
V  [jvm.dll+0x255d67]
V  [jvm.dll+0x25612d]
V  [jvm.dll+0x24e6a0]
V  [jvm.dll+0x24bbe6]
V  [jvm.dll+0x1cb4ae]
V  [jvm.dll+0x25baad]
V  [jvm.dll+0x25a03a]
V  [jvm.dll+0x3f8aae]
V  [jvm.dll+0x8600cd]
V  [jvm.dll+0x6d6c1d]
C  [ucrtbase.dll+0x2cd30]
C  [KERNEL32.DLL+0x2cd87]
C  [ntdll.dll+0xacaec]


---------------  P R O C E S S  ---------------

Threads class SMR info:
_java_thread_list=0x0000023170018e40, length=47, elements={
0x0000023152d6ea40, 0x0000023169bd12b0, 0x0000023169bd2c30, 0x0000023169bda320,
0x0000023169bdad80, 0x0000023169bdb7e0, 0x0000023169bdc240, 0x0000023169bdcfd0,
0x0000023169be81e0, 0x0000023169e95da0, 0x0000023169e0cee0, 0x000002316f843ef0,
0x000002316eccba60, 0x0000023169d5bf70, 0x000002316f821ba0, 0x000002316f822210,
0x000002316f82def0, 0x000002316f82be20, 0x000002316f82ec10, 0x000002316f82f2a0,
0x000002316f82d860, 0x000002316f82c4b0, 0x000002316f82e580, 0x000002316f82cb40,
0x000002316f82d1d0, 0x000002317023e790, 0x000002317023da70, 0x000002317023e100,
0x000002317023ee20, 0x000002317023f4b0, 0x000002317023fb40, 0x0000023170240860,
0x000002317023d3e0, 0x0000023170242fc0, 0x0000023170243650, 0x0000023170241c10,
0x00000231702422a0, 0x0000023170242930, 0x0000023170243ce0, 0x0000023170240ef0,
0x0000023171b1cf00, 0x0000023171b1e2b0, 0x0000023171b1dc20, 0x0000023171b1d590,
0x0000023171b210a0, 0x0000023171b20a10, 0x0000023171b1f660
}

Java Threads: ( => current thread )
  0x0000023152d6ea40 JavaThread "main"                              [_thread_blocked, id=34224, stack(0x000000a68b700000,0x000000a68b800000) (1024K)]
  0x0000023169bd12b0 JavaThread "Reference Handler"          daemon [_thread_blocked, id=39304, stack(0x000000a68bf00000,0x000000a68c000000) (1024K)]
  0x0000023169bd2c30 JavaThread "Finalizer"                  daemon [_thread_blocked, id=34352, stack(0x000000a68c000000,0x000000a68c100000) (1024K)]
  0x0000023169bda320 JavaThread "Signal Dispatcher"          daemon [_thread_blocked, id=35380, stack(0x000000a68c100000,0x000000a68c200000) (1024K)]
  0x0000023169bdad80 JavaThread "Attach Listener"            daemon [_thread_blocked, id=17880, stack(0x000000a68c200000,0x000000a68c300000) (1024K)]
  0x0000023169bdb7e0 JavaThread "Service Thread"             daemon [_thread_blocked, id=17292, stack(0x000000a68c300000,0x000000a68c400000) (1024K)]
  0x0000023169bdc240 JavaThread "Monitor Deflation Thread"   daemon [_thread_blocked, id=48368, stack(0x000000a68c400000,0x000000a68c500000) (1024K)]
=>0x0000023169bdcfd0 JavaThread "C2 CompilerThread0"         daemon [_thread_in_native, id=34236, stack(0x000000a68c500000,0x000000a68c600000) (1024K)]
  0x0000023169be81e0 JavaThread "C1 CompilerThread0"         daemon [_thread_blocked, id=26220, stack(0x000000a68c600000,0x000000a68c700000) (1024K)]
  0x0000023169e95da0 JavaThread "Common-Cleaner"             daemon [_thread_blocked, id=45672, stack(0x000000a68c700000,0x000000a68c800000) (1024K)]
  0x0000023169e0cee0 JavaThread "Notification Thread"        daemon [_thread_blocked, id=29452, stack(0x000000a68c800000,0x000000a68c900000) (1024K)]
  0x000002316f843ef0 JavaThread "Daemon health stats"               [_thread_blocked, id=25732, stack(0x000000a68d000000,0x000000a68d100000) (1024K)]
  0x000002316eccba60 JavaThread "Incoming local TCP Connector on port 58007"        [_thread_in_native, id=36992, stack(0x000000a68d100000,0x000000a68d200000) (1024K)]
  0x0000023169d5bf70 JavaThread "Daemon periodic checks"            [_thread_blocked, id=8044, stack(0x000000a68d200000,0x000000a68d300000) (1024K)]
  0x000002316f821ba0 JavaThread "Daemon"                            [_thread_blocked, id=33812, stack(0x000000a68d300000,0x000000a68d400000) (1024K)]
  0x000002316f822210 JavaThread "Handler for socket connection from /127.0.0.1:58007 to /127.0.0.1:58008"        [_thread_in_native, id=42608, stack(0x000000a68d400000,0x000000a68d500000) (1024K)]
  0x000002316f82def0 JavaThread "Cancel handler"                    [_thread_blocked, id=7400, stack(0x000000a68d500000,0x000000a68d600000) (1024K)]
  0x000002316f82be20 JavaThread "Daemon worker"                     [_thread_in_vm, id=15936, stack(0x000000a68d600000,0x000000a68d700000) (1024K)]
  0x000002316f82ec10 JavaThread "Asynchronous log dispatcher for DefaultDaemonConnection: socket connection from /127.0.0.1:58007 to /127.0.0.1:58008"        [_thread_blocked, id=40192, stack(0x000000a68d700000,0x000000a68d800000) (1024K)]
  0x000002316f82f2a0 JavaThread "Stdin handler"                     [_thread_blocked, id=39064, stack(0x000000a68d800000,0x000000a68d900000) (1024K)]
  0x000002316f82d860 JavaThread "Daemon client event forwarder"        [_thread_blocked, id=16780, stack(0x000000a68d900000,0x000000a68da00000) (1024K)]
  0x000002316f82c4b0 JavaThread "Cache worker for journal cache (C:\Users\Khaing\.gradle\caches\journal-1)"        [_thread_blocked, id=40136, stack(0x000000a68da00000,0x000000a68db00000) (1024K)]
  0x000002316f82e580 JavaThread "File lock request listener"        [_thread_in_native, id=35480, stack(0x000000a68db00000,0x000000a68dc00000) (1024K)]
  0x000002316f82cb40 JavaThread "Cache worker for file hash cache (C:\Users\Khaing\.gradle\caches\8.14.3\fileHashes)"        [_thread_blocked, id=28988, stack(0x000000a68dc00000,0x000000a68dd00000) (1024K)]
  0x000002316f82d1d0 JavaThread "File lock release action executor"        [_thread_blocked, id=22116, stack(0x000000a68dd00000,0x000000a68de00000) (1024K)]
  0x000002317023e790 JavaThread "Cache worker for file hash cache (C:\Users\Khaing\Projects\MyLittleKayv\android\.gradle\8.14.3\fileHashes)"        [_thread_blocked, id=17868, stack(0x000000a68df00000,0x000000a68e000000) (1024K)]
  0x000002317023da70 JavaThread "Cache worker for Build Output Cleanup Cache (C:\Users\Khaing\Projects\MyLittleKayv\android\.gradle\buildOutputCleanup)"        [_thread_blocked, id=25012, stack(0x000000a68e000000,0x000000a68e100000) (1024K)]
  0x000002317023e100 JavaThread "File watcher server"        daemon [_thread_in_native, id=32836, stack(0x000000a68e100000,0x000000a68e200000) (1024K)]
  0x000002317023ee20 JavaThread "File watcher consumer"      daemon [_thread_blocked, id=15456, stack(0x000000a68e200000,0x000000a68e300000) (1024K)]
  0x000002317023f4b0 JavaThread "jar transforms"                    [_thread_blocked, id=48584, stack(0x000000a68e300000,0x000000a68e400000) (1024K)]
  0x000002317023fb40 JavaThread "jar transforms Thread 2"           [_thread_blocked, id=16764, stack(0x000000a68e400000,0x000000a68e500000) (1024K)]
  0x0000023170240860 JavaThread "Cache worker for checksums cache (C:\Users\Khaing\Projects\MyLittleKayv\android\.gradle\8.14.3\checksums)"        [_thread_blocked, id=19996, stack(0x000000a68e500000,0x000000a68e600000) (1024K)]
  0x000002317023d3e0 JavaThread "Cache worker for file content cache (C:\Users\Khaing\.gradle\caches\8.14.3\fileContent)"        [_thread_blocked, id=22816, stack(0x000000a68e600000,0x000000a68e700000) (1024K)]
  0x0000023170242fc0 JavaThread "jar transforms Thread 3"           [_thread_blocked, id=37456, stack(0x000000a68e700000,0x000000a68e800000) (1024K)]
  0x0000023170243650 JavaThread "jar transforms Thread 4"           [_thread_blocked, id=22864, stack(0x000000a68e800000,0x000000a68e900000) (1024K)]
  0x0000023170241c10 JavaThread "jar transforms Thread 5"           [_thread_blocked, id=35940, stack(0x000000a68e900000,0x000000a68ea00000) (1024K)]
  0x00000231702422a0 JavaThread "jar transforms Thread 6"           [_thread_blocked, id=34848, stack(0x000000a68ea00000,0x000000a68eb00000) (1024K)]
  0x0000023170242930 JavaThread "Cache worker for cache directory md-supplier (C:\Users\Khaing\.gradle\caches\8.14.3\md-supplier)"        [_thread_blocked, id=328, stack(0x000000a68eb00000,0x000000a68ec00000) (1024K)]
  0x0000023170243ce0 JavaThread "Cache worker for cache directory md-rule (C:\Users\Khaing\.gradle\caches\8.14.3\md-rule)"        [_thread_blocked, id=13168, stack(0x000000a68ec00000,0x000000a68ed00000) (1024K)]
  0x0000023170240ef0 JavaThread "jar transforms Thread 7"           [_thread_blocked, id=32004, stack(0x000000a68ed00000,0x000000a68ee00000) (1024K)]
  0x0000023171b1cf00 JavaThread "Unconstrained build operations"        [_thread_blocked, id=29380, stack(0x000000a68b400000,0x000000a68b500000) (1024K)]
  0x0000023171b1e2b0 JavaThread "Unconstrained build operations Thread 2"        [_thread_blocked, id=7616, stack(0x000000a68b500000,0x000000a68b600000) (1024K)]
  0x0000023171b1dc20 JavaThread "Unconstrained build operations Thread 3"        [_thread_blocked, id=41488, stack(0x000000a68b600000,0x000000a68b700000) (1024K)]
  0x0000023171b1d590 JavaThread "Unconstrained build operations Thread 4"        [_thread_blocked, id=176, stack(0x000000a68ee00000,0x000000a68ef00000) (1024K)]
  0x0000023171b210a0 JavaThread "Unconstrained build operations Thread 5"        [_thread_blocked, id=21628, stack(0x000000a68ef00000,0x000000a68f000000) (1024K)]
  0x0000023171b20a10 JavaThread "Unconstrained build operations Thread 6"        [_thread_blocked, id=45116, stack(0x000000a68f000000,0x000000a68f100000) (1024K)]
  0x0000023171b1f660 JavaThread "Unconstrained build operations Thread 7"        [_thread_blocked, id=21752, stack(0x000000a68f100000,0x000000a68f200000) (1024K)]
Total: 47

Other Threads:
  0x0000023169b26760 VMThread "VM Thread"                           [id=14068, stack(0x000000a68be00000,0x000000a68bf00000) (1024K)]
  0x0000023169bb19e0 WatcherThread "VM Periodic Task Thread"        [id=42616, stack(0x000000a68bd00000,0x000000a68be00000) (1024K)]
  0x0000023152db6f30 WorkerThread "GC Thread#0"                     [id=24776, stack(0x000000a68b800000,0x000000a68b900000) (1024K)]
  0x000002316e060a90 WorkerThread "GC Thread#1"                     [id=31580, stack(0x000000a68c900000,0x000000a68ca00000) (1024K)]
  0x000002316e070a90 WorkerThread "GC Thread#2"                     [id=33772, stack(0x000000a68ca00000,0x000000a68cb00000) (1024K)]
  0x000002316e070e40 WorkerThread "GC Thread#3"                     [id=23248, stack(0x000000a68cb00000,0x000000a68cc00000) (1024K)]
  0x000002316e0711f0 WorkerThread "GC Thread#4"                     [id=43760, stack(0x000000a68cc00000,0x000000a68cd00000) (1024K)]
  0x000002316e0715a0 WorkerThread "GC Thread#5"                     [id=26884, stack(0x000000a68cd00000,0x000000a68ce00000) (1024K)]
  0x000002316e071950 WorkerThread "GC Thread#6"                     [id=36312, stack(0x000000a68ce00000,0x000000a68cf00000) (1024K)]
  0x000002316e071d00 WorkerThread "GC Thread#7"                     [id=26720, stack(0x000000a68cf00000,0x000000a68d000000) (1024K)]
  0x0000023152dc4e40 ConcurrentGCThread "G1 Main Marker"            [id=32168, stack(0x000000a68b900000,0x000000a68ba00000) (1024K)]
  0x0000023152dc5860 WorkerThread "G1 Conc#0"                       [id=3604, stack(0x000000a68ba00000,0x000000a68bb00000) (1024K)]
  0x000002316ff5b8f0 WorkerThread "G1 Conc#1"                       [id=48132, stack(0x000000a68de00000,0x000000a68df00000) (1024K)]
  0x0000023169a6a790 ConcurrentGCThread "G1 Refine#0"               [id=32188, stack(0x000000a68bb00000,0x000000a68bc00000) (1024K)]
  0x0000023169a6b120 ConcurrentGCThread "G1 Service"                [id=36068, stack(0x000000a68bc00000,0x000000a68bd00000) (1024K)]
Total: 15

Threads with active compile tasks:
C2 CompilerThread0  359137 7429       4       java.lang.invoke.MethodType::makeImpl (109 bytes)
Total: 1

VM state: not at safepoint (normal execution)

VM Mutex/Monitor currently owned by a thread: None

Heap address: 0x00000000a0000000, size: 1536 MB, Compressed Oops mode: 32-bit

CDS archive(s) mapped at: [0x0000023100000000-0x0000023100ba0000-0x0000023100ba0000), size 12189696, SharedBaseAddress: 0x0000023100000000, ArchiveRelocationMode: 1.
Compressed class space mapped at: 0x0000023101000000-0x0000023141000000, reserved size: 1073741824
Narrow klass base: 0x0000023100000000, Narrow klass shift: 0, Narrow klass range: 0x100000000

GC Precious Log:
 CardTable entry size: 512
 Card Set container configuration: InlinePtr #cards 5 size 8 Array Of Cards #cards 12 size 40 Howl #buckets 4 coarsen threshold 1843 Howl Bitmap #cards 512 size 80 coarsen threshold 460 Card regions per heap region 1 cards per card region 2048
 CPUs: 8 total, 8 available
 Memory: 24467M
 Large Page Support: Disabled
 NUMA Support: Disabled
 Compressed Oops: Enabled (32-bit)
 Heap Region Size: 1M
 Heap Min Capacity: 8M
 Heap Initial Capacity: 384M
 Heap Max Capacity: 1536M
 Pre-touch: Disabled
 Parallel Workers: 8
 Concurrent Workers: 2
 Concurrent Refinement Workers: 8
 Periodic GC: Disabled

Heap:
 garbage-first heap   total 86016K, used 64736K [0x00000000a0000000, 0x0000000100000000)
  region size 1024K, 24 young (24576K), 3 survivors (3072K)
 Metaspace       used 50139K, committed 51840K, reserved 1114112K
  class space    used 7221K, committed 8064K, reserved 1048576K

Heap Regions: E=young(eden), S=young(survivor), O=old, HS=humongous(starts), HC=humongous(continues), CS=collection set, F=free, TAMS=top-at-mark-start, PB=parsable bottom
|   0|0x00000000a0000000, 0x00000000a0100000, 0x00000000a0100000|100%|HS|  |TAMS 0x00000000a0000000| PB 0x00000000a0000000| Complete 
|   1|0x00000000a0100000, 0x00000000a0200000, 0x00000000a0200000|100%|HC|  |TAMS 0x00000000a0100000| PB 0x00000000a0100000| Complete 
|   2|0x00000000a0200000, 0x00000000a0300000, 0x00000000a0300000|100%|HC|  |TAMS 0x00000000a0200000| PB 0x00000000a0200000| Complete 
|   3|0x00000000a0300000, 0x00000000a0400000, 0x00000000a0400000|100%| O|  |TAMS 0x00000000a0300000| PB 0x00000000a0300000| Untracked 
|   4|0x00000000a0400000, 0x00000000a0500000, 0x00000000a0500000|100%| O|  |TAMS 0x00000000a0400000| PB 0x00000000a0400000| Untracked 
|   5|0x00000000a0500000, 0x00000000a0600000, 0x00000000a0600000|100%| O|  |TAMS 0x00000000a0500000| PB 0x00000000a0500000| Untracked 
|   6|0x00000000a0600000, 0x00000000a0700000, 0x00000000a0700000|100%|HS|  |TAMS 0x00000000a0600000| PB 0x00000000a0600000| Complete 
|   7|0x00000000a0700000, 0x00000000a0800000, 0x00000000a0800000|100%| O|  |TAMS 0x00000000a0700000| PB 0x00000000a0700000| Untracked 
|   8|0x00000000a0800000, 0x00000000a0900000, 0x00000000a0900000|100%| O|  |TAMS 0x00000000a0800000| PB 0x00000000a0800000| Untracked 
|   9|0x00000000a0900000, 0x00000000a0a00000, 0x00000000a0a00000|100%| O|  |TAMS 0x00000000a0900000| PB 0x00000000a0900000| Untracked 
|  10|0x00000000a0a00000, 0x00000000a0b00000, 0x00000000a0b00000|100%| O|  |TAMS 0x00000000a0a00000| PB 0x00000000a0a00000| Untracked 
|  11|0x00000000a0b00000, 0x00000000a0c00000, 0x00000000a0c00000|100%| O|  |TAMS 0x00000000a0b00000| PB 0x00000000a0b00000| Untracked 
|  12|0x00000000a0c00000, 0x00000000a0d00000, 0x00000000a0d00000|100%| O|  |TAMS 0x00000000a0c00000| PB 0x00000000a0c00000| Untracked 
|  13|0x00000000a0d00000, 0x00000000a0e00000, 0x00000000a0e00000|100%| O|  |TAMS 0x00000000a0d00000| PB 0x00000000a0d00000| Untracked 
|  14|0x00000000a0e00000, 0x00000000a0f00000, 0x00000000a0f00000|100%| O|  |TAMS 0x00000000a0e00000| PB 0x00000000a0e00000| Untracked 
|  15|0x00000000a0f00000, 0x00000000a1000000, 0x00000000a1000000|100%| O|  |TAMS 0x00000000a0f00000| PB 0x00000000a0f00000| Untracked 
|  16|0x00000000a1000000, 0x00000000a1100000, 0x00000000a1100000|100%| O|  |TAMS 0x00000000a1000000| PB 0x00000000a1000000| Untracked 
|  17|0x00000000a1100000, 0x00000000a1200000, 0x00000000a1200000|100%| O|  |TAMS 0x00000000a1100000| PB 0x00000000a1100000| Untracked 
|  18|0x00000000a1200000, 0x00000000a1300000, 0x00000000a1300000|100%| O|  |TAMS 0x00000000a1200000| PB 0x00000000a1200000| Untracked 
|  19|0x00000000a1300000, 0x00000000a1400000, 0x00000000a1400000|100%| O|  |TAMS 0x00000000a1300000| PB 0x00000000a1300000| Untracked 
|  20|0x00000000a1400000, 0x00000000a1500000, 0x00000000a1500000|100%| O|  |TAMS 0x00000000a1400000| PB 0x00000000a1400000| Untracked 
|  21|0x00000000a1500000, 0x00000000a1600000, 0x00000000a1600000|100%| O|  |TAMS 0x00000000a1500000| PB 0x00000000a1500000| Untracked 
|  22|0x00000000a1600000, 0x00000000a1700000, 0x00000000a1700000|100%| O|  |TAMS 0x00000000a1600000| PB 0x00000000a1600000| Untracked 
|  23|0x00000000a1700000, 0x00000000a17382e0, 0x00000000a1800000| 21%| O|  |TAMS 0x00000000a1700000| PB 0x00000000a1700000| Untracked 
|  24|0x00000000a1800000, 0x00000000a1900000, 0x00000000a1900000|100%| O|  |TAMS 0x00000000a1800000| PB 0x00000000a1800000| Untracked 
|  25|0x00000000a1900000, 0x00000000a1a00000, 0x00000000a1a00000|100%| O|  |TAMS 0x00000000a1900000| PB 0x00000000a1900000| Untracked 
|  26|0x00000000a1a00000, 0x00000000a1b00000, 0x00000000a1b00000|100%| O|  |TAMS 0x00000000a1a00000| PB 0x00000000a1a00000| Untracked 
|  27|0x00000000a1b00000, 0x00000000a1c00000, 0x00000000a1c00000|100%| O|  |TAMS 0x00000000a1b00000| PB 0x00000000a1b00000| Untracked 
|  28|0x00000000a1c00000, 0x00000000a1d00000, 0x00000000a1d00000|100%| O|  |TAMS 0x00000000a1c00000| PB 0x00000000a1c00000| Untracked 
|  29|0x00000000a1d00000, 0x00000000a1e00000, 0x00000000a1e00000|100%| O|  |TAMS 0x00000000a1d00000| PB 0x00000000a1d00000| Untracked 
|  30|0x00000000a1e00000, 0x00000000a1f00000, 0x00000000a1f00000|100%| O|  |TAMS 0x00000000a1e00000| PB 0x00000000a1e00000| Untracked 
|  31|0x00000000a1f00000, 0x00000000a2000000, 0x00000000a2000000|100%| O|  |TAMS 0x00000000a1f00000| PB 0x00000000a1f00000| Untracked 
|  32|0x00000000a2000000, 0x00000000a2100000, 0x00000000a2100000|100%| O|  |TAMS 0x00000000a2000000| PB 0x00000000a2000000| Untracked 
|  33|0x00000000a2100000, 0x00000000a2200000, 0x00000000a2200000|100%| O|  |TAMS 0x00000000a2100000| PB 0x00000000a2100000| Untracked 
|  34|0x00000000a2200000, 0x00000000a2300000, 0x00000000a2300000|100%| O|Cm|TAMS 0x00000000a2200000| PB 0x00000000a2200000| Complete 
|  35|0x00000000a2300000, 0x00000000a2400000, 0x00000000a2400000|100%| O|  |TAMS 0x00000000a2300000| PB 0x00000000a2300000| Untracked 
|  36|0x00000000a2400000, 0x00000000a2500000, 0x00000000a2500000|100%| O|  |TAMS 0x00000000a2400000| PB 0x00000000a2400000| Untracked 
|  37|0x00000000a2500000, 0x00000000a2600000, 0x00000000a2600000|100%| O|  |TAMS 0x00000000a2500000| PB 0x00000000a2500000| Untracked 
|  38|0x00000000a2600000, 0x00000000a2700000, 0x00000000a2700000|100%| O|  |TAMS 0x00000000a2600000| PB 0x00000000a2600000| Untracked 
|  39|0x00000000a2700000, 0x00000000a2700000, 0x00000000a2800000|  0%| F|  |TAMS 0x00000000a2700000| PB 0x00000000a2700000| Untracked 
|  40|0x00000000a2800000, 0x00000000a2800000, 0x00000000a2900000|  0%| F|  |TAMS 0x00000000a2800000| PB 0x00000000a2800000| Untracked 
|  41|0x00000000a2900000, 0x00000000a2900000, 0x00000000a2a00000|  0%| F|  |TAMS 0x00000000a2900000| PB 0x00000000a2900000| Untracked 
|  42|0x00000000a2a00000, 0x00000000a2a00000, 0x00000000a2b00000|  0%| F|  |TAMS 0x00000000a2a00000| PB 0x00000000a2a00000| Untracked 
|  43|0x00000000a2b00000, 0x00000000a2c00000, 0x00000000a2c00000|100%| O|  |TAMS 0x00000000a2b00000| PB 0x00000000a2b00000| Untracked 
|  44|0x00000000a2c00000, 0x00000000a2d00000, 0x00000000a2d00000|100%| S|CS|TAMS 0x00000000a2c00000| PB 0x00000000a2c00000| Complete 
|  45|0x00000000a2d00000, 0x00000000a2e00000, 0x00000000a2e00000|100%| O|  |TAMS 0x00000000a2d00000| PB 0x00000000a2d00000| Untracked 
|  46|0x00000000a2e00000, 0x00000000a2f00000, 0x00000000a2f00000|100%| S|CS|TAMS 0x00000000a2e00000| PB 0x00000000a2e00000| Complete 
|  47|0x00000000a2f00000, 0x00000000a2f00000, 0x00000000a3000000|  0%| F|  |TAMS 0x00000000a2f00000| PB 0x00000000a2f00000| Untracked 
|  48|0x00000000a3000000, 0x00000000a3000000, 0x00000000a3100000|  0%| F|  |TAMS 0x00000000a3000000| PB 0x00000000a3000000| Untracked 
|  49|0x00000000a3100000, 0x00000000a3200000, 0x00000000a3200000|100%| S|CS|TAMS 0x00000000a3100000| PB 0x00000000a3100000| Complete 
|  50|0x00000000a3200000, 0x00000000a3200000, 0x00000000a3300000|  0%| F|  |TAMS 0x00000000a3200000| PB 0x00000000a3200000| Untracked 
|  51|0x00000000a3300000, 0x00000000a3300000, 0x00000000a3400000|  0%| F|  |TAMS 0x00000000a3300000| PB 0x00000000a3300000| Untracked 
|  52|0x00000000a3400000, 0x00000000a3400000, 0x00000000a3500000|  0%| F|  |TAMS 0x00000000a3400000| PB 0x00000000a3400000| Untracked 
|  53|0x00000000a3500000, 0x00000000a3500000, 0x00000000a3600000|  0%| F|  |TAMS 0x00000000a3500000| PB 0x00000000a3500000| Untracked 
|  54|0x00000000a3600000, 0x00000000a3600000, 0x00000000a3700000|  0%| F|  |TAMS 0x00000000a3600000| PB 0x00000000a3600000| Untracked 
|  55|0x00000000a3700000, 0x00000000a3700000, 0x00000000a3800000|  0%| F|  |TAMS 0x00000000a3700000| PB 0x00000000a3700000| Untracked 
|  56|0x00000000a3800000, 0x00000000a3800000, 0x00000000a3900000|  0%| F|  |TAMS 0x00000000a3800000| PB 0x00000000a3800000| Untracked 
|  57|0x00000000a3900000, 0x00000000a3900000, 0x00000000a3a00000|  0%| F|  |TAMS 0x00000000a3900000| PB 0x00000000a3900000| Untracked 
|  58|0x00000000a3a00000, 0x00000000a3a00000, 0x00000000a3b00000|  0%| F|  |TAMS 0x00000000a3a00000| PB 0x00000000a3a00000| Untracked 
|  59|0x00000000a3b00000, 0x00000000a3b00000, 0x00000000a3c00000|  0%| F|  |TAMS 0x00000000a3b00000| PB 0x00000000a3b00000| Untracked 
|  60|0x00000000a3c00000, 0x00000000a3c00000, 0x00000000a3d00000|  0%| F|  |TAMS 0x00000000a3c00000| PB 0x00000000a3c00000| Untracked 
|  61|0x00000000a3d00000, 0x00000000a3d00000, 0x00000000a3e00000|  0%| F|  |TAMS 0x00000000a3d00000| PB 0x00000000a3d00000| Untracked 
|  62|0x00000000a3e00000, 0x00000000a3e00000, 0x00000000a3f00000|  0%| F|  |TAMS 0x00000000a3e00000| PB 0x00000000a3e00000| Untracked 
|  63|0x00000000a3f00000, 0x00000000a3f7a4a8, 0x00000000a4000000| 47%| E|  |TAMS 0x00000000a3f00000| PB 0x00000000a3f00000| Complete 
|  64|0x00000000a4000000, 0x00000000a4100000, 0x00000000a4100000|100%| E|CS|TAMS 0x00000000a4000000| PB 0x00000000a4000000| Complete 
|  65|0x00000000a4100000, 0x00000000a4200000, 0x00000000a4200000|100%| E|CS|TAMS 0x00000000a4100000| PB 0x00000000a4100000| Complete 
|  66|0x00000000a4200000, 0x00000000a4300000, 0x00000000a4300000|100%| E|CS|TAMS 0x00000000a4200000| PB 0x00000000a4200000| Complete 
|  67|0x00000000a4300000, 0x00000000a4400000, 0x00000000a4400000|100%| E|CS|TAMS 0x00000000a4300000| PB 0x00000000a4300000| Complete 
| 278|0x00000000b1600000, 0x00000000b1700000, 0x00000000b1700000|100%| E|CS|TAMS 0x00000000b1600000| PB 0x00000000b1600000| Complete 
| 279|0x00000000b1700000, 0x00000000b1800000, 0x00000000b1800000|100%| E|CS|TAMS 0x00000000b1700000| PB 0x00000000b1700000| Complete 
| 280|0x00000000b1800000, 0x00000000b1900000, 0x00000000b1900000|100%| E|CS|TAMS 0x00000000b1800000| PB 0x00000000b1800000| Complete 
| 281|0x00000000b1900000, 0x00000000b1a00000, 0x00000000b1a00000|100%| E|CS|TAMS 0x00000000b1900000| PB 0x00000000b1900000| Complete 
| 282|0x00000000b1a00000, 0x00000000b1b00000, 0x00000000b1b00000|100%| E|CS|TAMS 0x00000000b1a00000| PB 0x00000000b1a00000| Complete 
| 283|0x00000000b1b00000, 0x00000000b1c00000, 0x00000000b1c00000|100%| E|CS|TAMS 0x00000000b1b00000| PB 0x00000000b1b00000| Complete 
| 284|0x00000000b1c00000, 0x00000000b1d00000, 0x00000000b1d00000|100%| E|CS|TAMS 0x00000000b1c00000| PB 0x00000000b1c00000| Complete 
| 285|0x00000000b1d00000, 0x00000000b1e00000, 0x00000000b1e00000|100%| E|CS|TAMS 0x00000000b1d00000| PB 0x00000000b1d00000| Complete 
| 286|0x00000000b1e00000, 0x00000000b1f00000, 0x00000000b1f00000|100%| E|CS|TAMS 0x00000000b1e00000| PB 0x00000000b1e00000| Complete 
| 287|0x00000000b1f00000, 0x00000000b2000000, 0x00000000b2000000|100%| E|CS|TAMS 0x00000000b1f00000| PB 0x00000000b1f00000| Complete 
| 288|0x00000000b2000000, 0x00000000b2100000, 0x00000000b2100000|100%| E|CS|TAMS 0x00000000b2000000| PB 0x00000000b2000000| Complete 
| 289|0x00000000b2100000, 0x00000000b2200000, 0x00000000b2200000|100%| E|CS|TAMS 0x00000000b2100000| PB 0x00000000b2100000| Complete 
| 290|0x00000000b2200000, 0x00000000b2300000, 0x00000000b2300000|100%| E|CS|TAMS 0x00000000b2200000| PB 0x00000000b2200000| Complete 
| 291|0x00000000b2300000, 0x00000000b2400000, 0x00000000b2400000|100%| E|CS|TAMS 0x00000000b2300000| PB 0x00000000b2300000| Complete 
| 292|0x00000000b2400000, 0x00000000b2500000, 0x00000000b2500000|100%| E|CS|TAMS 0x00000000b2400000| PB 0x00000000b2400000| Complete 
| 383|0x00000000b7f00000, 0x00000000b8000000, 0x00000000b8000000|100%| E|CS|TAMS 0x00000000b7f00000| PB 0x00000000b7f00000| Complete 

Card table byte_map: [0x00000231655a0000,0x00000231658a0000] _byte_map_base: 0x00000231650a0000

Marking Bits: (CMBitMap*) 0x0000023152db7550
 Bits: [0x00000231658a0000, 0x00000231670a0000)

Polling page: 0x0000023150be0000

Metaspace:

Usage:
  Non-class:     41.93 MB used.
      Class:      7.06 MB used.
       Both:     48.99 MB used.

Virtual space:
  Non-class space:       64.00 MB reserved,      42.75 MB ( 67%) committed,  1 nodes.
      Class space:        1.00 GB reserved,       7.88 MB ( <1%) committed,  1 nodes.
             Both:        1.06 GB reserved,      50.62 MB (  5%) committed. 

Chunk freelists:
   Non-Class:  5.27 MB
       Class:  7.97 MB
        Both:  13.24 MB

MaxMetaspaceSize: unlimited
CompressedClassSpaceSize: 1.00 GB
Initial GC threshold: 21.00 MB
Current GC threshold: 83.69 MB
CDS: on
 - commit_granule_bytes: 65536.
 - commit_granule_words: 8192.
 - virtual_space_node_default_size: 8388608.
 - enlarge_chunks_in_place: 1.
 - use_allocation_guard: 0.


Internal statistics:

num_allocs_failed_limit: 6.
num_arena_births: 3058.
num_arena_deaths: 0.
num_vsnodes_births: 2.
num_vsnodes_deaths: 0.
num_space_committed: 810.
num_space_uncommitted: 0.
num_chunks_returned_to_freelist: 6.
num_chunks_taken_from_freelist: 5493.
num_chunk_merges: 6.
num_chunk_splits: 3509.
num_chunks_enlarged: 2114.
num_inconsistent_stats: 0.

CodeHeap 'non-profiled nmethods': size=120000Kb used=3814Kb max_used=3901Kb free=116185Kb
 bounds [0x000002315da40000, 0x000002315de10000, 0x0000023164f70000]
CodeHeap 'profiled nmethods': size=120000Kb used=11470Kb max_used=12123Kb free=108529Kb
 bounds [0x0000023155f70000, 0x0000023156b50000, 0x000002315d4a0000]
CodeHeap 'non-nmethods': size=5760Kb used=2598Kb max_used=2670Kb free=3162Kb
 bounds [0x000002315d4a0000, 0x000002315d750000, 0x000002315da40000]
CodeCache: size=245760Kb, used=17882Kb, max_used=18694Kb, free=227876Kb
 total_blobs=7268, nmethods=6401, adapters=771, full_count=0
Compilation: enabled, stopped_count=0, restarted_count=0

Compilation events (20 events):
Event: 358.956 Thread 0x0000023169be81e0 7484       1       org.gradle.api.internal.artifacts.transform.ConsumerProvidedVariantFinder$CachedVariant::access$100 (5 bytes)
Event: 358.956 Thread 0x0000023169be81e0 nmethod 7484 0x000002315da75b10 code [0x000002315da75ca0, 0x000002315da75d50]
Event: 358.956 Thread 0x0000023169be81e0 7485       1       org.gradle.api.internal.artifacts.transform.ConsumerProvidedVariantFinder$CachedVariant::access$200 (5 bytes)
Event: 358.956 Thread 0x0000023169be81e0 nmethod 7485 0x000002315da75810 code [0x000002315da759a0, 0x000002315da75a50]
Event: 358.956 Thread 0x0000023169be81e0 7486       1       org.gradle.api.internal.artifacts.transform.TransformedVariant::getRoot (5 bytes)
Event: 358.956 Thread 0x0000023169be81e0 nmethod 7486 0x000002315da75510 code [0x000002315da756a0, 0x000002315da75768]
Event: 358.956 Thread 0x0000023169be81e0 7487       1       org.gradle.api.internal.artifacts.transform.TransformedVariant::getTransformedVariantDefinition (5 bytes)
Event: 358.956 Thread 0x0000023169be81e0 nmethod 7487 0x000002315da75210 code [0x000002315da753a0, 0x000002315da75468]
Event: 358.956 Thread 0x0000023169be81e0 7488       1       org.gradle.api.internal.artifacts.ivyservice.resolveengine.artifact.ArtifactBackedResolvedVariant::getIdentifier (5 bytes)
Event: 358.956 Thread 0x0000023169be81e0 nmethod 7488 0x000002315da74f10 code [0x000002315da750a0, 0x000002315da75168]
Event: 358.956 Thread 0x0000023169be81e0 7489       1       org.gradle.api.internal.artifacts.ivyservice.resolveengine.artifact.ArtifactBackedResolvedVariant::getCapabilities (5 bytes)
Event: 358.956 Thread 0x0000023169be81e0 nmethod 7489 0x000002315da74c10 code [0x000002315da74da0, 0x000002315da74e68]
Event: 358.986 Thread 0x0000023169be81e0 7491       3       jdk.internal.reflect.ClassFileAssembler::emitByte (11 bytes)
Event: 358.987 Thread 0x0000023169be81e0 nmethod 7491 0x00000231564a7910 code [0x00000231564a7ac0, 0x00000231564a7c58]
Event: 358.987 Thread 0x0000023169be81e0 7492       3       jdk.internal.reflect.ByteVectorImpl::add (38 bytes)
Event: 358.987 Thread 0x0000023169be81e0 nmethod 7492 0x000002315657f610 code [0x000002315657f7c0, 0x000002315657f990]
Event: 359.026 Thread 0x0000023169be81e0 7497       3       java.lang.invoke.MethodTypeForm::findForm (24 bytes)
Event: 359.026 Thread 0x0000023169be81e0 nmethod 7497 0x0000023156597310 code [0x00000231565974e0, 0x0000023156597728]
Event: 359.026 Thread 0x0000023169be81e0 7498       3       jdk.internal.util.ReferencedKeySet::intern (9 bytes)
Event: 359.027 Thread 0x0000023169be81e0 nmethod 7498 0x000002315696a710 code [0x000002315696a8e0, 0x000002315696aaf8]

GC Heap History (20 events):
Event: 34.011 GC heap before
{Heap before GC invocations=6 (full 0):
 garbage-first heap   total 86016K, used 68603K [0x00000000a0000000, 0x0000000100000000)
  region size 1024K, 45 young (46080K), 3 survivors (3072K)
 Metaspace       used 32611K, committed 33600K, reserved 1114112K
  class space    used 4708K, committed 5184K, reserved 1048576K
}
Event: 34.018 GC heap after
{Heap after GC invocations=7 (full 0):
 garbage-first heap   total 86016K, used 31192K [0x00000000a0000000, 0x0000000100000000)
  region size 1024K, 6 young (6144K), 6 survivors (6144K)
 Metaspace       used 32611K, committed 33600K, reserved 1114112K
  class space    used 4708K, committed 5184K, reserved 1048576K
}
Event: 35.225 GC heap before
{Heap before GC invocations=7 (full 0):
 garbage-first heap   total 86016K, used 70104K [0x00000000a0000000, 0x0000000100000000)
  region size 1024K, 40 young (40960K), 6 survivors (6144K)
 Metaspace       used 34867K, committed 35968K, reserved 1114112K
  class space    used 4945K, committed 5504K, reserved 1048576K
}
Event: 35.235 GC heap after
{Heap after GC invocations=8 (full 0):
 garbage-first heap   total 86016K, used 33734K [0x00000000a0000000, 0x0000000100000000)
  region size 1024K, 3 young (3072K), 3 survivors (3072K)
 Metaspace       used 34867K, committed 35968K, reserved 1114112K
  class space    used 4945K, committed 5504K, reserved 1048576K
}
Event: 42.155 GC heap before
{Heap before GC invocations=9 (full 0):
 garbage-first heap   total 86016K, used 72646K [0x00000000a0000000, 0x0000000100000000)
  region size 1024K, 41 young (41984K), 3 survivors (3072K)
 Metaspace       used 38895K, committed 40256K, reserved 1114112K
  class space    used 5608K, committed 6272K, reserved 1048576K
}
Event: 42.162 GC heap after
{Heap after GC invocations=10 (full 0):
 garbage-first heap   total 86016K, used 36659K [0x00000000a0000000, 0x0000000100000000)
  region size 1024K, 6 young (6144K), 6 survivors (6144K)
 Metaspace       used 38895K, committed 40256K, reserved 1114112K
  class space    used 5608K, committed 6272K, reserved 1048576K
}
Event: 46.122 GC heap before
{Heap before GC invocations=10 (full 0):
 garbage-first heap   total 86016K, used 72499K [0x00000000a0000000, 0x0000000100000000)
  region size 1024K, 42 young (43008K), 6 survivors (6144K)
 Metaspace       used 43205K, committed 44736K, reserved 1114112K
  class space    used 6285K, committed 7040K, reserved 1048576K
}
Event: 46.131 GC heap after
{Heap after GC invocations=11 (full 0):
 garbage-first heap   total 86016K, used 38432K [0x00000000a0000000, 0x0000000100000000)
  region size 1024K, 6 young (6144K), 6 survivors (6144K)
 Metaspace       used 43205K, committed 44736K, reserved 1114112K
  class space    used 6285K, committed 7040K, reserved 1048576K
}
Event: 50.409 GC heap before
{Heap before GC invocations=11 (full 0):
 garbage-first heap   total 86016K, used 76320K [0x00000000a0000000, 0x0000000100000000)
  region size 1024K, 41 young (41984K), 6 survivors (6144K)
 Metaspace       used 46460K, committed 48192K, reserved 1114112K
  class space    used 6734K, committed 7552K, reserved 1048576K
}
Event: 50.418 GC heap after
{Heap after GC invocations=12 (full 0):
 garbage-first heap   total 86016K, used 41045K [0x00000000a0000000, 0x0000000100000000)
  region size 1024K, 6 young (6144K), 6 survivors (6144K)
 Metaspace       used 46460K, committed 48192K, reserved 1114112K
  class space    used 6734K, committed 7552K, reserved 1048576K
}
Event: 81.366 GC heap before
{Heap before GC invocations=12 (full 0):
 garbage-first heap   total 86016K, used 74837K [0x00000000a0000000, 0x0000000100000000)
  region size 1024K, 39 young (39936K), 6 survivors (6144K)
 Metaspace       used 48804K, committed 50560K, reserved 1114112K
  class space    used 7069K, committed 7936K, reserved 1048576K
}
Event: 81.372 GC heap after
{Heap after GC invocations=13 (full 0):
 garbage-first heap   total 86016K, used 42478K [0x00000000a0000000, 0x0000000100000000)
  region size 1024K, 2 young (2048K), 2 survivors (2048K)
 Metaspace       used 48804K, committed 50560K, reserved 1114112K
  class space    used 7069K, committed 7936K, reserved 1048576K
}
Event: 138.711 GC heap before
{Heap before GC invocations=13 (full 0):
 garbage-first heap   total 86016K, used 76270K [0x00000000a0000000, 0x0000000100000000)
  region size 1024K, 35 young (35840K), 2 survivors (2048K)
 Metaspace       used 48923K, committed 50624K, reserved 1114112K
  class space    used 7071K, committed 7936K, reserved 1048576K
}
Event: 138.715 GC heap after
{Heap after GC invocations=14 (full 0):
 garbage-first heap   total 86016K, used 42719K [0x00000000a0000000, 0x0000000100000000)
  region size 1024K, 2 young (2048K), 2 survivors (2048K)
 Metaspace       used 48923K, committed 50624K, reserved 1114112K
  class space    used 7071K, committed 7936K, reserved 1048576K
}
Event: 188.314 GC heap before
{Heap before GC invocations=15 (full 0):
 garbage-first heap   total 86016K, used 77535K [0x00000000a0000000, 0x0000000100000000)
  region size 1024K, 36 young (36864K), 2 survivors (2048K)
 Metaspace       used 49055K, committed 50752K, reserved 1114112K
  class space    used 7082K, committed 7936K, reserved 1048576K
}
Event: 188.319 GC heap after
{Heap after GC invocations=16 (full 0):
 garbage-first heap   total 86016K, used 43733K [0x00000000a0000000, 0x0000000100000000)
  region size 1024K, 3 young (3072K), 3 survivors (3072K)
 Metaspace       used 49055K, committed 50752K, reserved 1114112K
  class space    used 7082K, committed 7936K, reserved 1048576K
}
Event: 237.720 GC heap before
{Heap before GC invocations=16 (full 0):
 garbage-first heap   total 86016K, used 78549K [0x00000000a0000000, 0x0000000100000000)
  region size 1024K, 37 young (37888K), 3 survivors (3072K)
 Metaspace       used 49177K, committed 50880K, reserved 1114112K
  class space    used 7089K, committed 7936K, reserved 1048576K
}
Event: 237.727 GC heap after
{Heap after GC invocations=17 (full 0):
 garbage-first heap   total 86016K, used 43759K [0x00000000a0000000, 0x0000000100000000)
  region size 1024K, 4 young (4096K), 4 survivors (4096K)
 Metaspace       used 49177K, committed 50880K, reserved 1114112K
  class space    used 7089K, committed 7936K, reserved 1048576K
}
Event: 300.099 GC heap before
{Heap before GC invocations=17 (full 0):
 garbage-first heap   total 86016K, used 77551K [0x00000000a0000000, 0x0000000100000000)
  region size 1024K, 38 young (38912K), 4 survivors (4096K)
 Metaspace       used 49704K, committed 51392K, reserved 1114112K
  class space    used 7162K, committed 8000K, reserved 1048576K
}
Event: 300.107 GC heap after
{Heap after GC invocations=18 (full 0):
 garbage-first heap   total 86016K, used 44256K [0x00000000a0000000, 0x0000000100000000)
  region size 1024K, 3 young (3072K), 3 survivors (3072K)
 Metaspace       used 49704K, committed 51392K, reserved 1114112K
  class space    used 7162K, committed 8000K, reserved 1048576K
}

Dll operation events (20 events):
Event: 0.770 Attempting to load shared library C:\Users\Khaing\.vscode\extensions\redhat.java-1.56.0-win32-x64\jre\21.0.12.1-win32-x86_64\bin\nio.dll
Event: 0.777 Loaded shared library C:\Users\Khaing\.vscode\extensions\redhat.java-1.56.0-win32-x64\jre\21.0.12.1-win32-x86_64\bin\nio.dll
Event: 0.798 Attempting to load shared library C:\Users\Khaing\.vscode\extensions\redhat.java-1.56.0-win32-x64\jre\21.0.12.1-win32-x86_64\bin\zip.dll
Event: 0.798 Loaded shared library C:\Users\Khaing\.vscode\extensions\redhat.java-1.56.0-win32-x64\jre\21.0.12.1-win32-x86_64\bin\zip.dll
Event: 3.081 Attempting to load shared library C:\Users\Khaing\.vscode\extensions\redhat.java-1.56.0-win32-x64\jre\21.0.12.1-win32-x86_64\bin\jimage.dll
Event: 3.081 Loaded shared library C:\Users\Khaing\.vscode\extensions\redhat.java-1.56.0-win32-x64\jre\21.0.12.1-win32-x86_64\bin\jimage.dll
Event: 4.475 Attempting to load shared library C:\Users\Khaing\.vscode\extensions\redhat.java-1.56.0-win32-x64\jre\21.0.12.1-win32-x86_64\bin\verify.dll
Event: 4.483 Loaded shared library C:\Users\Khaing\.vscode\extensions\redhat.java-1.56.0-win32-x64\jre\21.0.12.1-win32-x86_64\bin\verify.dll
Event: 4.882 Attempting to load shared library C:\Users\Khaing\.gradle\native\1def1411415f61bf3af743bc5b6707747c0891f09f0c88961ee8f79bc544acac\windows-amd64\native-platform.dll
Event: 4.902 Loaded shared library C:\Users\Khaing\.gradle\native\1def1411415f61bf3af743bc5b6707747c0891f09f0c88961ee8f79bc544acac\windows-amd64\native-platform.dll
Event: 4.944 Attempting to load shared library C:\Users\Khaing\.gradle\native\0.2.7\x86_64-windows-gnu\gradle-fileevents.dll
Event: 4.959 Loaded shared library C:\Users\Khaing\.gradle\native\0.2.7\x86_64-windows-gnu\gradle-fileevents.dll
Event: 14.826 Attempting to load shared library C:\Users\Khaing\.vscode\extensions\redhat.java-1.56.0-win32-x64\jre\21.0.12.1-win32-x86_64\bin\management.dll
Event: 14.856 Loaded shared library C:\Users\Khaing\.vscode\extensions\redhat.java-1.56.0-win32-x64\jre\21.0.12.1-win32-x86_64\bin\management.dll
Event: 14.883 Attempting to load shared library C:\Users\Khaing\.vscode\extensions\redhat.java-1.56.0-win32-x64\jre\21.0.12.1-win32-x86_64\bin\management_ext.dll
Event: 14.897 Loaded shared library C:\Users\Khaing\.vscode\extensions\redhat.java-1.56.0-win32-x64\jre\21.0.12.1-win32-x86_64\bin\management_ext.dll
Event: 16.190 Attempting to load shared library C:\Users\Khaing\.vscode\extensions\redhat.java-1.56.0-win32-x64\jre\21.0.12.1-win32-x86_64\bin\extnet.dll
Event: 16.211 Loaded shared library C:\Users\Khaing\.vscode\extensions\redhat.java-1.56.0-win32-x64\jre\21.0.12.1-win32-x86_64\bin\extnet.dll
Event: 17.277 Attempting to load shared library C:\Users\Khaing\.vscode\extensions\redhat.java-1.56.0-win32-x64\jre\21.0.12.1-win32-x86_64\bin\sunmscapi.dll
Event: 17.373 Loaded shared library C:\Users\Khaing\.vscode\extensions\redhat.java-1.56.0-win32-x64\jre\21.0.12.1-win32-x86_64\bin\sunmscapi.dll

Deoptimization events (20 events):
Event: 267.365 Thread 0x0000023171b210a0 Uncommon trap: trap_request=0xffffff45 fr.pc=0x000002315dda3b2c relative=0x000000000000008c
Event: 267.365 Thread 0x0000023171b210a0 Uncommon trap: reason=unstable_if action=reinterpret pc=0x000002315dda3b2c method=jdk.internal.misc.Unsafe.getAndBitwiseAndInt(Ljava/lang/Object;JI)I @ 21 c2
Event: 267.365 Thread 0x0000023171b210a0 DEOPT PACKING pc=0x000002315dda3b2c sp=0x000000a68effdd40
Event: 267.365 Thread 0x0000023171b210a0 DEOPT UNPACKING pc=0x000002315d4f4422 sp=0x000000a68effdc48 mode 2
Event: 358.872 Thread 0x000002316f82be20 Uncommon trap: trap_request=0xffffffc6 fr.pc=0x000002315de08f64 relative=0x0000000000000424
Event: 358.872 Thread 0x000002316f82be20 Uncommon trap: reason=bimorphic_or_optimized_type_check action=maybe_recompile pc=0x000002315de08f64 method=com.google.common.collect.ImmutableSet.copyOf(Ljava/util/Collection;)Lcom/google/common/collect/ImmutableSet; @ 47 c2
Event: 358.872 Thread 0x000002316f82be20 DEOPT PACKING pc=0x000002315de08f64 sp=0x000000a68d6f8930
Event: 358.873 Thread 0x000002316f82be20 DEOPT UNPACKING pc=0x000002315d4f4422 sp=0x000000a68d6f88c0 mode 2
Event: 358.924 Thread 0x000002316f82be20 Uncommon trap: trap_request=0xffffffc6 fr.pc=0x000002315de08f64 relative=0x0000000000000424
Event: 358.924 Thread 0x000002316f82be20 Uncommon trap: reason=bimorphic_or_optimized_type_check action=maybe_recompile pc=0x000002315de08f64 method=com.google.common.collect.ImmutableSet.copyOf(Ljava/util/Collection;)Lcom/google/common/collect/ImmutableSet; @ 47 c2
Event: 358.924 Thread 0x000002316f82be20 DEOPT PACKING pc=0x000002315de08f64 sp=0x000000a68d6f8930
Event: 358.924 Thread 0x000002316f82be20 DEOPT UNPACKING pc=0x000002315d4f4422 sp=0x000000a68d6f88c0 mode 2
Event: 358.926 Thread 0x000002316f82be20 Uncommon trap: trap_request=0xffffffc6 fr.pc=0x000002315de08f64 relative=0x0000000000000424
Event: 358.926 Thread 0x000002316f82be20 Uncommon trap: reason=bimorphic_or_optimized_type_check action=maybe_recompile pc=0x000002315de08f64 method=com.google.common.collect.ImmutableSet.copyOf(Ljava/util/Collection;)Lcom/google/common/collect/ImmutableSet; @ 47 c2
Event: 358.926 Thread 0x000002316f82be20 DEOPT PACKING pc=0x000002315de08f64 sp=0x000000a68d6f8930
Event: 358.926 Thread 0x000002316f82be20 DEOPT UNPACKING pc=0x000002315d4f4422 sp=0x000000a68d6f88c0 mode 2
Event: 358.931 Thread 0x000002316f82be20 Uncommon trap: trap_request=0xffffffc6 fr.pc=0x000002315de08f64 relative=0x0000000000000424
Event: 358.931 Thread 0x000002316f82be20 Uncommon trap: reason=bimorphic_or_optimized_type_check action=maybe_recompile pc=0x000002315de08f64 method=com.google.common.collect.ImmutableSet.copyOf(Ljava/util/Collection;)Lcom/google/common/collect/ImmutableSet; @ 47 c2
Event: 358.931 Thread 0x000002316f82be20 DEOPT PACKING pc=0x000002315de08f64 sp=0x000000a68d6f8930
Event: 358.931 Thread 0x000002316f82be20 DEOPT UNPACKING pc=0x000002315d4f4422 sp=0x000000a68d6f88c0 mode 2

Classes loaded (20 events):
Event: 358.984 Loading class jdk/internal/reflect/ByteVectorImpl
Event: 358.985 Loading class jdk/internal/reflect/ByteVector
Event: 358.985 Loading class jdk/internal/reflect/ByteVector done
Event: 358.985 Loading class jdk/internal/reflect/ByteVectorImpl done
Event: 358.985 Loading class jdk/internal/reflect/ClassFileAssembler
Event: 358.985 Loading class jdk/internal/reflect/ClassFileAssembler done
Event: 358.986 Loading class jdk/internal/reflect/UTF8
Event: 358.986 Loading class jdk/internal/reflect/UTF8 done
Event: 358.988 Loading class jdk/internal/reflect/Label
Event: 358.988 Loading class jdk/internal/reflect/Label done
Event: 358.988 Loading class jdk/internal/reflect/Label$PatchInfo
Event: 358.989 Loading class jdk/internal/reflect/Label$PatchInfo done
Event: 358.989 Loading class jdk/internal/reflect/MethodAccessorGenerator$1
Event: 358.989 Loading class jdk/internal/reflect/MethodAccessorGenerator$1 done
Event: 358.989 Loading class jdk/internal/reflect/ClassDefiner
Event: 358.989 Loading class jdk/internal/reflect/ClassDefiner done
Event: 358.990 Loading class jdk/internal/reflect/ClassDefiner$1
Event: 358.990 Loading class jdk/internal/reflect/ClassDefiner$1 done
Event: 358.991 Loading class jdk/internal/reflect/SerializationConstructorAccessorImpl
Event: 358.991 Loading class jdk/internal/reflect/SerializationConstructorAccessorImpl done

Classes unloaded (0 events):
No events

Classes redefined (0 events):
No events

Internal exceptions (20 events):
Event: 50.139 Thread 0x000002316f82be20 Exception <a 'java/lang/NoSuchMethodError'{0x00000000a3781728}: 'java.lang.Object java.lang.invoke.DirectMethodHandle$Holder.invokeSpecial(java.lang.Object, java.lang.Object, java.lang.Object, java.lang.Object, java.lang.Object, java.lang.Object, java.lang.Object, java.lang.Object, java.lang.Object, java.lang.Object, java.lang.Object, java.lang.Object, java.lang.Object, java.lang.Object, java.lang.Object, java.lang.Object, java.lang.Object, java.lang.Object, java.lang.Object, java.lang.Object, java.lang.Ob
Event: 50.140 Thread 0x000002316f82be20 Exception <a 'java/lang/NoSuchMethodError'{0x00000000a3787d60}: 'java.lang.Object java.lang.invoke.DelegatingMethodHandle$Holder.reinvoke_L(java.lang.Object, java.lang.Object, java.lang.Object, java.lang.Object, java.lang.Object, java.lang.Object, java.lang.Object, java.lang.Object, java.lang.Object, java.lang.Object, java.lang.Object, java.lang.Object, java.lang.Object, java.lang.Object, java.lang.Object, java.lang.Object, java.lang.Object, java.lang.Object, java.lang.Object, java.lang.Object, java.lang.O
Event: 50.277 Thread 0x000002316f82be20 Exception <a 'java/lang/ClassNotFoundException'{0x00000000a34b19f8}: org/gradle/api/internal/artifacts/dsl/dependencies/DefaultDependencyHandler_DecoratedBeanInfo> (0x00000000a34b19f8) 
thrown [s\src\hotspot\share\classfile\systemDictionary.cpp, line 313]
Event: 50.279 Thread 0x000002316f82be20 Exception <a 'java/lang/ClassNotFoundException'{0x00000000a34c5a48}: org/gradle/api/internal/artifacts/dsl/dependencies/DefaultDependencyHandlerBeanInfo> (0x00000000a34c5a48) 
thrown [s\src\hotspot\share\classfile\systemDictionary.cpp, line 313]
Event: 50.281 Thread 0x000002316f82be20 Exception <a 'java/lang/ClassNotFoundException'{0x00000000a34d9a58}: org/gradle/api/internal/artifacts/dsl/dependencies/DefaultDependencyHandlerCustomizer> (0x00000000a34d9a58) 
thrown [s\src\hotspot\share\classfile\systemDictionary.cpp, line 313]
Event: 50.290 Thread 0x000002316f82be20 Exception <a 'java/lang/ClassNotFoundException'{0x00000000a33311a0}: org/gradle/api/internal/artifacts/dsl/dependencies/DefaultDependencyHandler_DecoratedCustomizer> (0x00000000a33311a0) 
thrown [s\src\hotspot\share\classfile\systemDictionary.cpp, line 313]
Event: 50.389 Thread 0x000002316f82be20 Exception <a 'java/lang/NoSuchMethodError'{0x00000000a314f950}: 'java.lang.Object java.lang.invoke.DirectMethodHandle$Holder.newInvokeSpecial(java.lang.Object, int, java.lang.Object)'> (0x00000000a314f950) 
thrown [s\src\hotspot\share\interpreter\linkResolver.cpp, line 773]
Event: 50.724 Thread 0x000002316f82be20 Exception <a 'java/lang/NoSuchMethodError'{0x00000000b21ad9d0}: 'java.lang.Object java.lang.invoke.DirectMethodHandle$Holder.newInvokeSpecial(java.lang.Object, java.lang.Object, java.lang.Object, int)'> (0x00000000b21ad9d0) 
thrown [s\src\hotspot\share\interpreter\linkResolver.cpp, line 773]
Event: 50.724 Thread 0x000002316f82be20 Exception <a 'java/lang/NoSuchMethodError'{0x00000000b21b2050}: 'java.lang.Object java.lang.invoke.Invokers$Holder.linkToTargetMethod(java.lang.Object, java.lang.Object, int, java.lang.Object)'> (0x00000000b21b2050) 
thrown [s\src\hotspot\share\interpreter\linkResolver.cpp, line 773]
Event: 50.935 Thread 0x000002316f82be20 Exception <a 'java/lang/NoSuchMethodError'{0x00000000b1e87f50}: 'java.lang.Object java.lang.invoke.DirectMethodHandle$Holder.invokeSpecial(java.lang.Object, java.lang.Object, long, java.lang.Object, java.lang.Object)'> (0x00000000b1e87f50) 
thrown [s\src\hotspot\share\interpreter\linkResolver.cpp, line 773]
Event: 51.010 Thread 0x000002316f82be20 Exception <a 'java/lang/NoSuchMethodError'{0x00000000b1d5eca8}: 'java.lang.Object java.lang.invoke.DirectMethodHandle$Holder.newInvokeSpecial(java.lang.Object, java.lang.Object, java.lang.Object, int, java.lang.Object)'> (0x00000000b1d5eca8) 
thrown [s\src\hotspot\share\interpreter\linkResolver.cpp, line 773]
Event: 51.010 Thread 0x000002316f82be20 Exception <a 'java/lang/NoSuchMethodError'{0x00000000b1d63418}: 'java.lang.Object java.lang.invoke.Invokers$Holder.linkToTargetMethod(java.lang.Object, java.lang.Object, int, java.lang.Object, java.lang.Object)'> (0x00000000b1d63418) 
thrown [s\src\hotspot\share\interpreter\linkResolver.cpp, line 773]
Event: 51.547 Thread 0x000002316f82be20 Exception <a 'java/lang/NoSuchMethodError'{0x00000000b1858be0}: 'int java.lang.invoke.DirectMethodHandle$Holder.invokeSpecialIFC(java.lang.Object, java.lang.Object, java.lang.Object)'> (0x00000000b1858be0) 
thrown [s\src\hotspot\share\interpreter\linkResolver.cpp, line 773]
Event: 244.299 Thread 0x000002316f82be20 Exception <a 'java/lang/NoSuchMethodError'{0x00000000b1f4dd00}: 'java.lang.Object java.lang.invoke.DirectMethodHandle$Holder.newInvokeSpecial(java.lang.Object, java.lang.Object, long, java.lang.Object)'> (0x00000000b1f4dd00) 
thrown [s\src\hotspot\share\interpreter\linkResolver.cpp, line 773]
Event: 244.300 Thread 0x000002316f82be20 Exception <a 'java/lang/NoSuchMethodError'{0x00000000b1f52a58}: 'java.lang.Object java.lang.invoke.DirectMethodHandle$Holder.invokeSpecial(java.lang.Object, java.lang.Object, java.lang.Object, long, java.lang.Object)'> (0x00000000b1f52a58) 
thrown [s\src\hotspot\share\interpreter\linkResolver.cpp, line 773]
Event: 244.301 Thread 0x000002316f82be20 Exception <a 'java/lang/NoSuchMethodError'{0x00000000b1f57130}: 'java.lang.Object java.lang.invoke.Invokers$Holder.linkToTargetMethod(java.lang.Object, long, java.lang.Object, java.lang.Object)'> (0x00000000b1f57130) 
thrown [s\src\hotspot\share\interpreter\linkResolver.cpp, line 773]
Event: 244.344 Thread 0x000002316f82be20 Exception <a 'java/lang/NoSuchMethodError'{0x00000000b1f7e6d8}: 'void java.lang.invoke.DirectMethodHandle$Holder.invokeStatic(java.lang.Object, java.lang.Object, java.lang.Object, int, java.lang.Object)'> (0x00000000b1f7e6d8) 
thrown [s\src\hotspot\share\interpreter\linkResolver.cpp, line 773]
Event: 244.661 Thread 0x000002316f82be20 Exception <a 'java/lang/NoSuchMethodError'{0x00000000b1eb7fa0}: 'int java.lang.invoke.DirectMethodHandle$Holder.invokeInterface(java.lang.Object, java.lang.Object, java.lang.Object, java.lang.Object, java.lang.Object)'> (0x00000000b1eb7fa0) 
thrown [s\src\hotspot\share\interpreter\linkResolver.cpp, line 773]
Event: 359.006 Thread 0x000002316f82be20 Exception <a 'java/lang/NoSuchMethodError'{0x00000000a41d1a48}: 'java.lang.Object java.lang.invoke.DirectMethodHandle$Holder.newInvokeSpecial(java.lang.Object, java.lang.Object, java.lang.Object, java.lang.Object, int, java.lang.Object)'> (0x00000000a41d1a48) 
thrown [s\src\hotspot\share\interpreter\linkResolver.cpp, line 773]
Event: 359.007 Thread 0x000002316f82be20 Exception <a 'java/lang/NoSuchMethodError'{0x00000000a41da0a8}: 'java.lang.Object java.lang.invoke.Invokers$Holder.linkToTargetMethod(java.lang.Object, java.lang.Object, java.lang.Object, int, java.lang.Object, java.lang.Object)'> (0x00000000a41da0a8) 
thrown [s\src\hotspot\share\interpreter\linkResolver.cpp, line 773]

ZGC Phase Switch (0 events):
No events

VM Operations (20 events):
Event: 300.189 Executing safepoint VM operation: G1PauseRemark
Event: 300.199 Executing safepoint VM operation: G1PauseRemark done
Event: 300.228 Executing safepoint VM operation: G1PauseCleanup
Event: 300.228 Executing safepoint VM operation: G1PauseCleanup done
Event: 300.802 Executing non-safepoint VM operation: HandshakeAllThreads (HandshakeForDeflation)
Event: 300.802 Executing non-safepoint VM operation: HandshakeAllThreads (HandshakeForDeflation) done
Event: 300.802 Executing non-safepoint VM operation: RendezvousGCThreads
Event: 300.802 Executing non-safepoint VM operation: RendezvousGCThreads done
Event: 315.892 Executing safepoint VM operation: Cleanup
Event: 315.892 Executing safepoint VM operation: Cleanup done
Event: 327.959 Executing safepoint VM operation: Cleanup
Event: 327.959 Executing safepoint VM operation: Cleanup done
Event: 329.977 Executing safepoint VM operation: Cleanup
Event: 329.977 Executing safepoint VM operation: Cleanup done
Event: 358.859 Executing non-safepoint VM operation: HandshakeAllThreads (Deoptimize)
Event: 358.859 Executing non-safepoint VM operation: HandshakeAllThreads (Deoptimize) done
Event: 358.859 Executing safepoint VM operation: Cleanup
Event: 358.859 Executing safepoint VM operation: Cleanup done
Event: 358.995 Executing non-safepoint VM operation: HandshakeAllThreads (Deoptimize)
Event: 358.996 Executing non-safepoint VM operation: HandshakeAllThreads (Deoptimize) done

Memory protections (0 events):
No events

Nmethod flushes (20 events):
Event: 300.197 Thread 0x0000023169b26760 flushing  nmethod 0x0000023156482610
Event: 300.197 Thread 0x0000023169b26760 flushing  nmethod 0x0000023156488d10
Event: 300.197 Thread 0x0000023169b26760 flushing  nmethod 0x0000023156511f90
Event: 300.197 Thread 0x0000023169b26760 flushing  nmethod 0x0000023156562c10
Event: 300.197 Thread 0x0000023169b26760 flushing  nmethod 0x000002315658f510
Event: 300.197 Thread 0x0000023169b26760 flushing  nmethod 0x0000023156593890
Event: 300.197 Thread 0x0000023169b26760 flushing  nmethod 0x0000023156597310
Event: 300.197 Thread 0x0000023169b26760 flushing  nmethod 0x00000231565aeb10
Event: 300.197 Thread 0x0000023169b26760 flushing  nmethod 0x0000023156609d10
Event: 300.197 Thread 0x0000023169b26760 flushing  nmethod 0x000002315660b790
Event: 300.197 Thread 0x0000023169b26760 flushing  nmethod 0x0000023156686010
Event: 300.197 Thread 0x0000023169b26760 flushing  nmethod 0x000002315668a090
Event: 300.197 Thread 0x0000023169b26760 flushing  nmethod 0x000002315668aa10
Event: 300.197 Thread 0x0000023169b26760 flushing  nmethod 0x000002315668ad10
Event: 300.197 Thread 0x0000023169b26760 flushing  nmethod 0x000002315668b490
Event: 300.197 Thread 0x0000023169b26760 flushing  nmethod 0x000002315668b810
Event: 300.197 Thread 0x0000023169b26760 flushing  nmethod 0x0000023156747f90
Event: 300.197 Thread 0x0000023169b26760 flushing  nmethod 0x0000023156748390
Event: 300.197 Thread 0x0000023169b26760 flushing  nmethod 0x0000023156748b10
Event: 300.197 Thread 0x0000023169b26760 flushing  nmethod 0x00000231567abf90

Events (20 events):
Event: 25.590 Thread 0x000002316f82be20 Thread added: 0x000002317023e100
Event: 25.652 Thread 0x000002316f82be20 Thread added: 0x000002317023ee20
Event: 27.162 Thread 0x000002316f82be20 Thread added: 0x000002317023f4b0
Event: 29.305 Thread 0x000002316f82be20 Thread added: 0x000002317023fb40
Event: 34.486 Thread 0x000002316f82be20 Thread added: 0x0000023170240860
Event: 34.593 Thread 0x000002316f82be20 Thread added: 0x000002317023d3e0
Event: 37.082 Thread 0x000002316f82be20 Thread added: 0x0000023170242fc0
Event: 37.682 Thread 0x000002316f82be20 Thread added: 0x0000023170243650
Event: 40.153 Thread 0x000002316f82be20 Thread added: 0x0000023170241c10
Event: 40.262 Thread 0x000002316f82be20 Thread added: 0x00000231702422a0
Event: 41.671 Thread 0x000002316f82be20 Thread added: 0x0000023170242930
Event: 41.956 Thread 0x000002316f82be20 Thread added: 0x0000023170243ce0
Event: 46.507 Thread 0x000002316f82be20 Thread added: 0x0000023170240ef0
Event: 244.802 Thread 0x000002316f82be20 Thread added: 0x0000023171b1cf00
Event: 244.803 Thread 0x000002316f82be20 Thread added: 0x0000023171b1e2b0
Event: 244.805 Thread 0x000002316f82be20 Thread added: 0x0000023171b1dc20
Event: 244.805 Thread 0x000002316f82be20 Thread added: 0x0000023171b1d590
Event: 244.808 Thread 0x000002316f82be20 Thread added: 0x0000023171b210a0
Event: 244.809 Thread 0x000002316f82be20 Thread added: 0x0000023171b20a10
Event: 244.810 Thread 0x000002316f82be20 Thread added: 0x0000023171b1f660


Dynamic libraries:
0x00007ff73f560000 - 0x00007ff73f56e000 	C:\Users\Khaing\.vscode\extensions\redhat.java-1.56.0-win32-x64\jre\21.0.12.1-win32-x86_64\bin\java.exe
0x00007ffc138e0000 - 0x00007ffc13b47000 	C:\WINDOWS\SYSTEM32\ntdll.dll
0x00007ffc13060000 - 0x00007ffc1312b000 	C:\WINDOWS\System32\KERNEL32.DLL
0x00007ffc10ca0000 - 0x00007ffc110a2000 	C:\WINDOWS\System32\KERNELBASE.dll
0x00007ffc111e0000 - 0x00007ffc1132c000 	C:\WINDOWS\System32\ucrtbase.dll
0x00007ffbfe620000 - 0x00007ffbfe63e000 	C:\Users\Khaing\.vscode\extensions\redhat.java-1.56.0-win32-x64\jre\21.0.12.1-win32-x86_64\bin\VCRUNTIME140.dll
0x00007ffc07af0000 - 0x00007ffc07b08000 	C:\Users\Khaing\.vscode\extensions\redhat.java-1.56.0-win32-x64\jre\21.0.12.1-win32-x86_64\bin\jli.dll
0x00007ffc12230000 - 0x00007ffc123ff000 	C:\WINDOWS\System32\USER32.dll
0x00007ffc10bc0000 - 0x00007ffc10be7000 	C:\WINDOWS\System32\win32u.dll
0x00007ffc13030000 - 0x00007ffc1305b000 	C:\WINDOWS\System32\GDI32.dll
0x00007ffc110b0000 - 0x00007ffc111d9000 	C:\WINDOWS\System32\gdi32full.dll
0x00007ffc10bf0000 - 0x00007ffc10c93000 	C:\WINDOWS\System32\msvcp_win.dll
0x00007ffbf8a40000 - 0x00007ffbf8cd0000 	C:\WINDOWS\WinSxS\amd64_microsoft.windows.common-controls_6595b64144ccf1df_6.0.26100.9278_none_3e0d1ba8e3303201\COMCTL32.dll
0x00007ffc13430000 - 0x00007ffc134d9000 	C:\WINDOWS\System32\msvcrt.dll
0x00007ffc12dd0000 - 0x00007ffc12e01000 	C:\WINDOWS\System32\IMM32.DLL
0x00007ffc0b3e0000 - 0x00007ffc0b3ec000 	C:\Users\Khaing\.vscode\extensions\redhat.java-1.56.0-win32-x64\jre\21.0.12.1-win32-x86_64\bin\vcruntime140_1.dll
0x00007ffbfe590000 - 0x00007ffbfe61d000 	C:\Users\Khaing\.vscode\extensions\redhat.java-1.56.0-win32-x64\jre\21.0.12.1-win32-x86_64\bin\msvcp140.dll
0x00007ffb90bd0000 - 0x00007ffb91972000 	C:\Users\Khaing\.vscode\extensions\redhat.java-1.56.0-win32-x64\jre\21.0.12.1-win32-x86_64\bin\server\jvm.dll
0x00007ffc134e0000 - 0x00007ffc1359c000 	C:\WINDOWS\System32\ADVAPI32.dll
0x00007ffc11950000 - 0x00007ffc119f9000 	C:\WINDOWS\System32\sechost.dll
0x00007ffc11630000 - 0x00007ffc11748000 	C:\WINDOWS\System32\RPCRT4.dll
0x00007ffc11a00000 - 0x00007ffc11a80000 	C:\WINDOWS\System32\WS2_32.dll
0x00007ffc10990000 - 0x00007ffc109ee000 	C:\WINDOWS\SYSTEM32\POWRPROF.dll
0x00007ffbfe9c0000 - 0x00007ffbfe9f6000 	C:\WINDOWS\SYSTEM32\WINMM.dll
0x00007ffc075a0000 - 0x00007ffc075ab000 	C:\WINDOWS\SYSTEM32\VERSION.dll
0x00007ffc10970000 - 0x00007ffc10985000 	C:\WINDOWS\SYSTEM32\UMPDC.dll
0x00007ffc0f6c0000 - 0x00007ffc0f6db000 	C:\WINDOWS\SYSTEM32\kernel.appcore.dll
0x00007ffc07fc0000 - 0x00007ffc07fca000 	C:\Users\Khaing\.vscode\extensions\redhat.java-1.56.0-win32-x64\jre\21.0.12.1-win32-x86_64\bin\jimage.dll
0x00007ffc0df00000 - 0x00007ffc0e14c000 	C:\WINDOWS\SYSTEM32\DBGHELP.DLL
0x00007ffc125b0000 - 0x00007ffc12935000 	C:\WINDOWS\System32\combase.dll
0x00007ffc13160000 - 0x00007ffc13239000 	C:\WINDOWS\System32\OLEAUT32.dll
0x00007ffbfed90000 - 0x00007ffbfedcb000 	C:\WINDOWS\SYSTEM32\dbgcore.DLL
0x00007ffc113f0000 - 0x00007ffc1149c000 	C:\WINDOWS\System32\bcryptPrimitives.dll
0x00007ffc04680000 - 0x00007ffc0468f000 	C:\Users\Khaing\.vscode\extensions\redhat.java-1.56.0-win32-x64\jre\21.0.12.1-win32-x86_64\bin\instrument.dll
0x00007ffbfe540000 - 0x00007ffbfe560000 	C:\Users\Khaing\.vscode\extensions\redhat.java-1.56.0-win32-x64\jre\21.0.12.1-win32-x86_64\bin\java.dll
0x00007ffc11a90000 - 0x00007ffc12228000 	C:\WINDOWS\System32\SHELL32.dll
0x00007ffc0e260000 - 0x00007ffc0eb0e000 	C:\WINDOWS\SYSTEM32\windows.storage.dll
0x00007ffc135b0000 - 0x00007ffc136ab000 	C:\WINDOWS\System32\SHCORE.dll
0x00007ffc13830000 - 0x00007ffc13896000 	C:\WINDOWS\System32\shlwapi.dll
0x00007ffc10a50000 - 0x00007ffc10a79000 	C:\WINDOWS\SYSTEM32\profapi.dll
0x00007ffbfe350000 - 0x00007ffbfe368000 	C:\Users\Khaing\.vscode\extensions\redhat.java-1.56.0-win32-x64\jre\21.0.12.1-win32-x86_64\bin\zip.dll
0x00007ffc01a10000 - 0x00007ffc01a20000 	C:\Users\Khaing\.vscode\extensions\redhat.java-1.56.0-win32-x64\jre\21.0.12.1-win32-x86_64\bin\net.dll
0x00007ffc0f6e0000 - 0x00007ffc0f80a000 	C:\WINDOWS\SYSTEM32\WINHTTP.dll
0x00007ffc0fd60000 - 0x00007ffc0fdcc000 	C:\WINDOWS\system32\mswsock.dll
0x00007ffbfe330000 - 0x00007ffbfe346000 	C:\Users\Khaing\.vscode\extensions\redhat.java-1.56.0-win32-x64\jre\21.0.12.1-win32-x86_64\bin\nio.dll
0x00007ffbfe4f0000 - 0x00007ffbfe500000 	C:\Users\Khaing\.vscode\extensions\redhat.java-1.56.0-win32-x64\jre\21.0.12.1-win32-x86_64\bin\verify.dll
0x00007ffbe2300000 - 0x00007ffbe2327000 	C:\Users\Khaing\.gradle\native\1def1411415f61bf3af743bc5b6707747c0891f09f0c88961ee8f79bc544acac\windows-amd64\native-platform.dll
0x00007ffbea480000 - 0x00007ffbea4f8000 	C:\Users\Khaing\.gradle\native\0.2.7\x86_64-windows-gnu\gradle-fileevents.dll
0x00007ffc04720000 - 0x00007ffc0472a000 	C:\Users\Khaing\.vscode\extensions\redhat.java-1.56.0-win32-x64\jre\21.0.12.1-win32-x86_64\bin\management.dll
0x00007ffc046a0000 - 0x00007ffc046ac000 	C:\Users\Khaing\.vscode\extensions\redhat.java-1.56.0-win32-x64\jre\21.0.12.1-win32-x86_64\bin\management_ext.dll
0x00007ffc13810000 - 0x00007ffc13818000 	C:\WINDOWS\System32\PSAPI.DLL
0x00007ffc0ee70000 - 0x00007ffc0eea3000 	C:\WINDOWS\SYSTEM32\IPHLPAPI.DLL
0x00007ffc135a0000 - 0x00007ffc135aa000 	C:\WINDOWS\System32\NSI.dll
0x00007ffc0b420000 - 0x00007ffc0b429000 	C:\Users\Khaing\.vscode\extensions\redhat.java-1.56.0-win32-x64\jre\21.0.12.1-win32-x86_64\bin\extnet.dll
0x00007ffc10150000 - 0x00007ffc1016b000 	C:\WINDOWS\SYSTEM32\CRYPTSP.dll
0x00007ffc0f620000 - 0x00007ffc0f659000 	C:\WINDOWS\system32\rsaenh.dll
0x00007ffc0fe00000 - 0x00007ffc0fe34000 	C:\WINDOWS\SYSTEM32\USERENV.dll
0x00007ffc10a20000 - 0x00007ffc10a4a000 	C:\WINDOWS\SYSTEM32\bcrypt.dll
0x00007ffc0ffb0000 - 0x00007ffc0ffbc000 	C:\WINDOWS\SYSTEM32\CRYPTBASE.dll
0x00007ffc012c0000 - 0x00007ffc012ce000 	C:\Users\Khaing\.vscode\extensions\redhat.java-1.56.0-win32-x64\jre\21.0.12.1-win32-x86_64\bin\sunmscapi.dll
0x00007ffc114a0000 - 0x00007ffc1161e000 	C:\WINDOWS\System32\CRYPT32.dll
0x00007ffc102f0000 - 0x00007ffc10320000 	C:\WINDOWS\SYSTEM32\ncrypt.dll
0x00007ffc102a0000 - 0x00007ffc102df000 	C:\WINDOWS\SYSTEM32\NTASN1.dll
0x00007ffbec0f0000 - 0x00007ffbec0f8000 	C:\WINDOWS\system32\wshunix.dll

JVMTI agents:
C:\Users\Khaing\.gradle\wrapper\dists\gradle-8.14.3-all\10utluxaxniiv4wxiphsi49nj\gradle-8.14.3\lib\agents\gradle-instrumentation-agent-8.14.3.jar path:C:\Users\Khaing\.vscode\extensions\redhat.java-1.56.0-win32-x64\jre\21.0.12.1-win32-x86_64\bin\instrument.dll, loaded, initialized, instrumentlib options:none

dbghelp: loaded successfully - version: 4.0.5 - missing functions: none
symbol engine: initialized successfully - sym options: 0x614 - pdb path: .;C:\Users\Khaing\.vscode\extensions\redhat.java-1.56.0-win32-x64\jre\21.0.12.1-win32-x86_64\bin;C:\WINDOWS\SYSTEM32;C:\WINDOWS\WinSxS\amd64_microsoft.windows.common-controls_6595b64144ccf1df_6.0.26100.9278_none_3e0d1ba8e3303201;C:\Users\Khaing\.vscode\extensions\redhat.java-1.56.0-win32-x64\jre\21.0.12.1-win32-x86_64\bin\server;C:\Users\Khaing\.gradle\native\1def1411415f61bf3af743bc5b6707747c0891f09f0c88961ee8f79bc544acac\windows-amd64;C:\Users\Khaing\.gradle\native\0.2.7\x86_64-windows-gnu

VM Arguments:
jvm_args: --add-opens=java.base/java.lang=ALL-UNNAMED --add-opens=java.base/java.lang.invoke=ALL-UNNAMED --add-opens=java.base/java.util=ALL-UNNAMED --add-opens=java.prefs/java.util.prefs=ALL-UNNAMED --add-exports=jdk.compiler/com.sun.tools.javac.api=ALL-UNNAMED --add-exports=jdk.compiler/com.sun.tools.javac.util=ALL-UNNAMED --add-opens=java.base/java.util=ALL-UNNAMED --add-opens=java.prefs/java.util.prefs=ALL-UNNAMED --add-opens=java.base/java.nio.charset=ALL-UNNAMED --add-opens=java.base/java.net=ALL-UNNAMED --add-opens=java.base/java.util.concurrent.atomic=ALL-UNNAMED --add-opens=java.xml/javax.xml.namespace=ALL-UNNAMED -Xmx1536m -Dfile.encoding=UTF-8 -Duser.country=US -Duser.language=en -Duser.variant -javaagent:C:\Users\Khaing\.gradle\wrapper\dists\gradle-8.14.3-all\10utluxaxniiv4wxiphsi49nj\gradle-8.14.3\lib\agents\gradle-instrumentation-agent-8.14.3.jar 
java_command: org.gradle.launcher.daemon.bootstrap.GradleDaemon 8.14.3
java_class_path (initial): C:\Users\Khaing\.gradle\wrapper\dists\gradle-8.14.3-all\10utluxaxniiv4wxiphsi49nj\gradle-8.14.3\lib\gradle-daemon-main-8.14.3.jar
Launcher Type: SUN_STANDARD

[Global flags]
     intx CICompilerCount                          = 4                                         {product} {ergonomic}
     uint ConcGCThreads                            = 2                                         {product} {ergonomic}
     uint G1ConcRefinementThreads                  = 8                                         {product} {ergonomic}
   size_t G1HeapRegionSize                         = 1048576                                   {product} {ergonomic}
    uintx GCDrainStackTargetSize                   = 64                                        {product} {ergonomic}
   size_t InitialHeapSize                          = 402653184                                 {product} {ergonomic}
   size_t MarkStackSize                            = 4194304                                   {product} {ergonomic}
   size_t MaxHeapSize                              = 1610612736                                {product} {command line}
   size_t MaxNewSize                               = 965738496                                 {product} {ergonomic}
   size_t MinHeapDeltaBytes                        = 1048576                                   {product} {ergonomic}
   size_t MinHeapSize                              = 8388608                                   {product} {ergonomic}
    uintx NonNMethodCodeHeapSize                   = 5839372                                {pd product} {ergonomic}
    uintx NonProfiledCodeHeapSize                  = 122909434                              {pd product} {ergonomic}
    uintx ProfiledCodeHeapSize                     = 122909434                              {pd product} {ergonomic}
    uintx ReservedCodeCacheSize                    = 251658240                              {pd product} {ergonomic}
     bool SegmentedCodeCache                       = true                                      {product} {ergonomic}
   size_t SoftMaxHeapSize                          = 1610612736                             {manageable} {ergonomic}
     bool UseCompressedOops                        = true                           {product lp64_product} {ergonomic}
     bool UseG1GC                                  = true                                      {product} {ergonomic}
     bool UseLargePagesIndividualAllocation        = false                                  {pd product} {ergonomic}

Logging:
Log output configuration:
 #0: stdout all=warning uptime,level,tags foldmultilines=false
 #1: stderr all=off uptime,level,tags foldmultilines=false

Release file:
JAVA_VERSION="21.0.12.1" 
MODULES="java.base java.compiler java.datatransfer java.xml java.prefs java.desktop java.instrument java.logging java.management java.security.sasl java.naming java.rmi java.management.rmi java.net.http java.scripting java.security.jgss java.transaction.xa java.sql java.sql.rowset java.xml.crypto java.se java.smartcardio jdk.accessibility jdk.internal.jvmstat jdk.attach jdk.charsets jdk.internal.opt jdk.zipfs jdk.compiler jdk.crypto.ec jdk.crypto.cryptoki jdk.crypto.mscapi jdk.dynalink jdk.internal.ed jdk.editpad jdk.hotspot.agent jdk.httpserver jdk.internal.le jdk.internal.vm.ci jdk.internal.vm.compiler jdk.internal.vm.compiler.management jdk.jartool jdk.javadoc jdk.jcmd jdk.management jdk.management.agent jdk.jconsole jdk.jdeps jdk.jdwp.agent jdk.jdi jdk.jfr jdk.jshell jdk.jsobject jdk.jstatd jdk.localedata jdk.management.jfr jdk.naming.dns jdk.naming.rmi jdk.net jdk.nio.mapmode jdk.random jdk.sctp jdk.security.auth jdk.security.jgss jdk.unsupported jdk.unsupported.desktop jdk.xml.dom" 

Environment Variables:
JAVA_HOME=C:\Program Files\Java\jdk-21.0.10
PATH=C:\Python314\Scripts\;C:\Python314\;C:\Program Files\Common Files\Oracle\Java\javapath;C:\WINDOWS\system32;C:\WINDOWS;C:\WINDOWS\System32\Wbem;C:\WINDOWS\System32\WindowsPowerShell\v1.0\;C:\WINDOWS\System32\OpenSSH\;C:\Program Files\nodejs\;C:\ProgramData\chocolatey\bin;C:\Users\Khaing\Downloads\maven-mvnd-1.0.3-windows-amd64\maven-mvnd-1.0.3-windows-amd64\bin;C:\Program Files\Git\cmd;C:\Users\Khaing\Downloads\gradle-9.3.0-all\gradle-9.3.0\bin;;C:\ProgramData\chocolatey\lib\maven\apache-maven-3.9.15\bin;C:\Program Files\Cloudflare\Cloudflare WARP\;C:\Program Files\GitHub CLI\;C:\WINDOWS\system32;C:\WINDOWS;C:\WINDOWS\System32\Wbem;C:\WINDOWS\System32\WindowsPowerShell\v1.0\;C:\WINDOWS\System32\OpenSSH\;C:\Program Files\Docker\Docker\resources\bin;C:\Users\Khaing\AppData\Local\Microsoft\WindowsApps;C:\Users\Khaing\AppData\Roaming\npm;C:\Users\Khaing\AppData\Local\Programs\Microsoft VS Code\bin;C:\Android\Sdk\platform-tools;C:\Android\Sdk\cmdline-tools\latest\bin;C:\Users\Khaing\AppData\Local\Pandoc\;%USERPROFILE%\AppData\Local\Microsoft\WindowsApps;
USERNAME=Khaing
OS=Windows_NT
PROCESSOR_IDENTIFIER=Intel64 Family 6 Model 142 Stepping 12, GenuineIntel
TMP=C:\Users\Khaing\AppData\Local\Temp
TEMP=C:\Users\Khaing\AppData\Local\Temp




Periodic native trim disabled

---------------  S Y S T E M  ---------------

OS:
 Windows 11 , 64 bit Build 26100 (10.0.26100.9444)
OS uptime: 0 days 3:59 hours
Hyper-V role detected

CPU: total 8 (initial active 8) (4 cores per cpu, 2 threads per core) family 6 model 142 stepping 12 microcode 0xde, cx8, cmov, fxsr, ht, mmx, 3dnowpref, sse, sse2, sse3, ssse3, sse4.1, sse4.2, popcnt, lzcnt, tsc, tscinvbit, avx, avx2, aes, erms, clmul, bmi1, bmi2, adx, fma, vzeroupper, clflush, clflushopt, hv, rdtscp, f16c
Processor Information for the first 8 processors :
  Max Mhz: 1800, Current Mhz: 1600, Mhz Limit: 1584

Memory: 4k page, system-wide physical 24467M (181M free)
TotalPageFile size 51716M (AvailPageFile size 5M)
current process WorkingSet (physical memory assigned to process): 177M, peak: 261M
current process commit charge ("private bytes"): 292M, peak: 550M

vm_info: OpenJDK 64-Bit Server VM (21.0.12.1+1-LTS) for windows-amd64 JRE (21.0.12.1+1-LTS), built on 2026-08-18T00:00:00Z by "admin" with MS VC++ 17.12 (VS2022)

END.
